06-07 03:16:01.701   874  1504 I BufferQueueProducer: [com.example.dogglers/androidx.test.core.app.InstrumentationActivityInvoker$EmptyActivity#0](id:36a00001f6c,api:1,p:5326,c:874) disconnect(): api=1
06-07 03:16:01.704   874   874 D DispPerfService: Skip Bind Core, mCoreForSFBind:0
06-07 03:16:01.709  1650  3081 D Theia.NoFocusWindow: FocusWindowErrorScene CheckFreezeScreen
06-07 03:16:01.710  1650  1663 D OppoDisplayPolicy: com.android.systemui, change system app cutoutMode: color always
06-07 03:16:01.714   874   874 D OppoExLayer: ~Layer() sequence=41109, name=Surface(name=613b6a7 InputMethod)/@0x18076fd - animation-leash#1@0xb400007bf38a0000
06-07 03:16:01.715  1650  1663 I InputDispatcher: Focus left window: Window{be3b374 u0 com.example.dogglers/androidx.test.core.app.InstrumentationActivityInvoker$EmptyActivity} in display 0
06-07 03:16:01.715  1650  1663 I InputDispatcher: Window went away: Window{be3b374 u0 com.example.dogglers/androidx.test.core.app.InstrumentationActivityInvoker$EmptyActivity}
06-07 03:16:01.717  5326  5326 D LifecycleMonitor: Lifecycle status change: androidx.test.core.app.InstrumentationActivityInvoker$EmptyActivity@66d85bc in: PAUSED
06-07 03:16:01.718  5326  5326 V ActivityScenario: Activity lifecycle changed event received but ignored because the intent does not match. startActivityIntent=Intent { act=android.intent.action.MAIN cat=[android.intent.category.LAUNCHER] cmp=com.example.dogglers/.MainActivity }, activity.getIntent()=Intent { act=android.intent.action.MAIN cat=[android.intent.category.LAUNCHER] flg=0x10000000 cmp=com.example.dogglers/androidx.test.core.app.InstrumentationActivityInvoker$EmptyActivity mCallingUid=10209 }, activity=androidx.test.core.app.InstrumentationActivityInvoker$EmptyActivity@66d85bc
06-07 03:16:01.720  1650  3143 I InputDispatcher: setFocusedApplication displayId=0 ActivityRecord{c8f8cc8 u0 com.example.dogglers/.HorizontalListActivity t2895}
06-07 03:16:01.720   838   854 I mtkpower@impl: [notifyAppState] act androidx.test.core.app.InstrumentationActivityInvoker$EmptyActivity => com.example.dogglers.HorizontalListActivity
06-07 03:16:01.728  3894  3894 V PhoneWindow: DecorView setVisiblity: visibility = 8, Parent = android.view.ViewRootImpl@fc11c41, this = DecorView@71b05e6[InputMethod]
06-07 03:16:01.729  5326  5326 D LifecycleMonitor: Lifecycle status change: com.example.dogglers.HorizontalListActivity@87c92d2 in: RESTARTED
06-07 03:16:01.729  5326  5326 V ActivityScenario: Activity lifecycle changed event received but ignored because the intent does not match. startActivityIntent=Intent { act=android.intent.action.MAIN cat=[android.intent.category.LAUNCHER] cmp=com.example.dogglers/.MainActivity }, activity.getIntent()=Intent { cmp=com.example.dogglers/.HorizontalListActivity mCallingUid=10209 }, activity=com.example.dogglers.HorizontalListActivity@87c92d2
06-07 03:16:01.730  5326  5326 D LifecycleMonitor: Lifecycle status change: com.example.dogglers.HorizontalListActivity@87c92d2 in: STARTED
06-07 03:16:01.730  5326  5326 V ActivityScenario: Activity lifecycle changed event received but ignored because the intent does not match. startActivityIntent=Intent { act=android.intent.action.MAIN cat=[android.intent.category.LAUNCHER] cmp=com.example.dogglers/.MainActivity }, activity.getIntent()=Intent { cmp=com.example.dogglers/.HorizontalListActivity mCallingUid=10209 }, activity=com.example.dogglers.HorizontalListActivity@87c92d2
06-07 03:16:01.731  5326  5326 V PhoneWindow: DecorView setVisiblity: visibility = 0, Parent = android.view.ViewRootImpl@c0d6f94, this = DecorView@28f3f01[HorizontalListActivity]
06-07 03:16:01.731  5326  5326 D LifecycleMonitor: Lifecycle status change: com.example.dogglers.HorizontalListActivity@87c92d2 in: RESUMED
06-07 03:16:01.731  5326  5326 V ActivityScenario: Activity lifecycle changed event received but ignored because the intent does not match. startActivityIntent=Intent { act=android.intent.action.MAIN cat=[android.intent.category.LAUNCHER] cmp=com.example.dogglers/.MainActivity }, activity.getIntent()=Intent { cmp=com.example.dogglers/.HorizontalListActivity mCallingUid=10209 }, activity=com.example.dogglers.HorizontalListActivity@87c92d2
06-07 03:16:01.732  1650  1918 I mtkpower_client: perf_lock_rel, hdl:94129, tid:1918
06-07 03:16:01.732  1650  1918 I mtkpower_client: perf_lock_acq, hdl:94129, dur:0, num:6, tid:1918
06-07 03:16:01.732  5326  5326 V PhoneWindow: DecorView setVisiblity: visibility = 0, Parent = android.view.ViewRootImpl@c0d6f94, this = DecorView@28f3f01[HorizontalListActivity]
06-07 03:16:01.732   838   904 I libPowerHal: [perfLockRel] hdl:94129, idx:1
06-07 03:16:01.732   838   904 I libPowerHal: [PD] scn:1 hdl:94129 lock_user:system_server pid:1650 tid:1918 dur:0
06-07 03:16:01.733  1650  1918 I mtkpower_client: ret_hdl:94130
06-07 03:16:01.733   838   904 I libPowerHal: [perfLockAcq] idx:1 hdl:94130 hint:-1 pid:1650 duration:0 => ret_hdl:94130
06-07 03:16:01.733   838   904 I libPowerHal: [PE] scn:1 hdl:94130 lock_user:system_server pid:1650 tid:1918 dur:0
06-07 03:16:01.739  1650  2822 D OppoDisplayPolicy: com.example.dogglers, no change cutoutMode: 0
06-07 03:16:01.741   874  3098 D DispPerfService: get hint proc=com.example.dogglers, idx=0 none
06-07 03:16:01.741   874  3098 I BufferQueueConsumer: [](id:36a00001f6e,api:0,p:-1,c:874) connect(): controlledByApp=false
06-07 03:16:01.741   874  3098 I BufferQueue: [unnamed-874-8046](this:0xb400007bda142858,id:8046,api:0,p:-1,c:-1) BufferQueue core=(874:/system/bin/surfaceflinger)
06-07 03:16:01.743   874  3098 D DispPerfService: get hint proc=Surface(name=7b5d0e3 StatusBar), idx=0 none
06-07 03:16:01.744   874  1504 D DispPerfService: get hint proc=Surface(name=669131f NavigationBar0), idx=0 none
06-07 03:16:01.746  1650  2822 D Theia.NoFocusWindow: FocusWindowErrorScene cancelCheckFreezeScreen
06-07 03:16:01.747  1650  1663 D OppoDisplayPolicy: com.android.systemui, change system app cutoutMode: color always
06-07 03:16:01.749   874   955 I BufferQueueProducer: [com.example.dogglers/com.example.dogglers.HorizontalListActivity#0](id:36a00001f6e,api:1,p:5326,c:874) connect(): api=1 producerControlledByApp=false
06-07 03:16:01.758   874  3098 D DispPerfService: onframeavailable pid=5326, slot=0, seq=41115, name=com.example.dogglers:com.example.dogglers/com.example.dogglers.HorizontalListActivity#0
06-07 03:16:01.761  1650  3143 I InputDispatcher: Window went away: com.example.dogglers/com.example.dogglers.HorizontalListActivity#0
06-07 03:16:01.761  3894  3894 V PhoneWindow: DecorView setVisiblity: visibility = 8, Parent = android.view.ViewRootImpl@fc11c41, this = DecorView@71b05e6[InputMethod]
06-07 03:16:01.765   874   874 D DispPerfService: Skip Bind Core, mCoreForSFBind:0
06-07 03:16:01.771 26397 27330 I System.out: [socket]:check permission begin!
06-07 03:16:01.771   874   874 D OppoExLayer: ~Layer() sequence=41113, name=Surface(name=669131f NavigationBar0)/@0xe54d8f7 - animation-leash#0@0xb400007bd9fc0000
06-07 03:16:01.771   874   874 D OppoExLayer: ~Layer() sequence=41112, name=Surface(name=7b5d0e3 StatusBar)/@0x39afcf6 - animation-leash#0@0xb400007be40f9000
06-07 03:16:01.773  1650  3081 I InputDispatcher: Focus entered window: Window{a27e35b u0 com.example.dogglers/com.example.dogglers.HorizontalListActivity} in display 0
06-07 03:16:01.774   874   955 I BufferQueueProducer: [com.example.dogglers/androidx.test.core.app.InstrumentationActivityInvoker$EmptyActivity#1](id:36a00001f6d,api:1,p:5326,c:874) disconnect(): api=1
06-07 03:16:01.779  3894  3894 V PhoneWindow: DecorView setVisiblity: visibility = 8, Parent = android.view.ViewRootImpl@fc11c41, this = DecorView@71b05e6[InputMethod]
06-07 03:16:01.782  1650  3081 D InputMethodManagerService: isSecurity: attribute.packageName=com.example.dogglers
06-07 03:16:01.782  1650  3081 D InputMethodManagerService: isSecurity= false (  enable=false needShow=false inBlackList=false  isExist=true )
06-07 03:16:01.783  1650  3081 D OplusVerificationCodeController: notifyImeAttributeChanged: 64false
06-07 03:16:01.785   874  1507 D DispPerfService: get hint proc=Surface(name=613b6a7 InputMethod), idx=0 none
06-07 03:16:01.785  5326  5356 I TestRunner: finished: clicking_horizontal_list_button_displays_horizontal_list(com.example.dogglers.ButtonTests)
