06-07 03:16:12.015   838   904 I libPowerHal: [perfLockRel] hdl:94442, idx:1
06-07 03:16:12.016   838   904 I libPowerHal: [PD] scn:1 hdl:94442 lock_user:system_server pid:1650 tid:1918 dur:0
06-07 03:16:12.016   838   904 I libPowerHal: [PD] system_server update cmd:1410000 param:0
06-07 03:16:12.016  1650  1918 I mtkpower_client: ret_hdl:94445
06-07 03:16:12.016   838   904 I libPowerHal: cmdSetting - unknown cmd:1c3c000, scmd:(null) ,param_1:0
06-07 03:16:12.016   838   904 I libPowerHal: [perfLockAcq] idx:1 hdl:94445 hint:-1 pid:1650 duration:0 => ret_hdl:94445
06-07 03:16:12.016   838   904 I libPowerHal: [PE] scn:1 hdl:94445 lock_user:system_server pid:1650 tid:1918 dur:0
06-07 03:16:12.016   838   904 I libPowerHal: [PE] system_server update cmd:1410000, param:1
06-07 03:16:12.017  5326  5326 D LifecycleMonitor: Lifecycle status change: androidx.test.core.app.InstrumentationActivityInvoker$EmptyActivity@79ca141 in: PRE_ON_CREATE
06-07 03:16:12.017  5326  5326 V ActivityScenario: Activity lifecycle changed event received but ignored because the intent does not match. startActivityIntent=Intent { act=android.intent.action.MAIN cat=[android.intent.category.LAUNCHER] cmp=com.example.dogglers/.HorizontalListActivity }, activity.getIntent()=Intent { act=android.intent.action.MAIN cat=[android.intent.category.LAUNCHER] flg=0x10000000 cmp=com.example.dogglers/androidx.test.core.app.InstrumentationActivityInvoker$EmptyActivity mCallingUid=10209 }, activity=androidx.test.core.app.InstrumentationActivityInvoker$EmptyActivity@79ca141
06-07 03:16:12.026  5326  5326 D LifecycleMonitor: Lifecycle status change: androidx.test.core.app.InstrumentationActivityInvoker$EmptyActivity@79ca141 in: CREATED
06-07 03:16:12.026  5326  5326 V ActivityScenario: Activity lifecycle changed event received but ignored because the intent does not match. startActivityIntent=Intent { act=android.intent.action.MAIN cat=[android.intent.category.LAUNCHER] cmp=com.example.dogglers/.HorizontalListActivity }, activity.getIntent()=Intent { act=android.intent.action.MAIN cat=[android.intent.category.LAUNCHER] flg=0x10000000 cmp=com.example.dogglers/androidx.test.core.app.InstrumentationActivityInvoker$EmptyActivity mCallingUid=10209 }, activity=androidx.test.core.app.InstrumentationActivityInvoker$EmptyActivity@79ca141
06-07 03:16:12.027  5326  5326 D LifecycleMonitor: Lifecycle status change: androidx.test.core.app.InstrumentationActivityInvoker$EmptyActivity@79ca141 in: STARTED
06-07 03:16:12.027  5326  5326 V ActivityScenario: Activity lifecycle changed event received but ignored because the intent does not match. startActivityIntent=Intent { act=android.intent.action.MAIN cat=[android.intent.category.LAUNCHER] cmp=com.example.dogglers/.HorizontalListActivity }, activity.getIntent()=Intent { act=android.intent.action.MAIN cat=[android.intent.category.LAUNCHER] flg=0x10000000 cmp=com.example.dogglers/androidx.test.core.app.InstrumentationActivityInvoker$EmptyActivity mCallingUid=10209 }, activity=androidx.test.core.app.InstrumentationActivityInvoker$EmptyActivity@79ca141
06-07 03:16:12.029  1650  1918 I mtkpower_client: perf_lock_rel, hdl:94445, tid:1918
06-07 03:16:12.029  1650  5021 I InputDispatcher: Focus left window: Window{3e2894c u0 com.example.dogglers/com.example.dogglers.HorizontalListActivity} in display 0
06-07 03:16:12.029  1650  1918 I mtkpower_client: perf_lock_acq, hdl:94445, dur:0, num:10, tid:1918
06-07 03:16:12.029  1650  5021 I InputDispatcher: Window went away: Window{3e2894c u0 com.example.dogglers/com.example.dogglers.HorizontalListActivity}
06-07 03:16:12.030   838   854 I mtkpower@impl: [check_work_req] i:0, msg:1 hdl:94445, wait
06-07 03:16:12.030  5326  5326 D LifecycleMonitor: Lifecycle status change: androidx.test.core.app.InstrumentationActivityInvoker$EmptyActivity@79ca141 in: RESUMED
06-07 03:16:12.030  5326  5326 V ActivityScenario: Activity lifecycle changed event received but ignored because the intent does not match. startActivityIntent=Intent { act=android.intent.action.MAIN cat=[android.intent.category.LAUNCHER] cmp=com.example.dogglers/.HorizontalListActivity }, activity.getIntent()=Intent { act=android.intent.action.MAIN cat=[android.intent.category.LAUNCHER] flg=0x10000000 cmp=com.example.dogglers/androidx.test.core.app.InstrumentationActivityInvoker$EmptyActivity mCallingUid=10209 }, activity=androidx.test.core.app.InstrumentationActivityInvoker$EmptyActivity@79ca141
06-07 03:16:12.030  5326  5326 V PhoneWindow: DecorView setVisiblity: visibility = 4, Parent = null, this = DecorView@e778ece[]
06-07 03:16:12.031   838   904 I libPowerHal: [perfLockRel] hdl:94445, idx:1
06-07 03:16:12.031   838   904 I libPowerHal: [PD] scn:1 hdl:94445 lock_user:system_server pid:1650 tid:1918 dur:0
06-07 03:16:12.031   874   955 I SurfaceFlinger: [SF client] NEW(0xb400007bfe799680) for (5326:com.example.dogglers)
06-07 03:16:12.031   838   904 I libPowerHal: [PD] system_server update cmd:1410000 param:0
06-07 03:16:12.032  1650  1918 I mtkpower_client: ret_hdl:94446
06-07 03:16:12.032   838   904 I libPowerHal: cmdSetting - unknown cmd:1c3c000, scmd:(null) ,param_1:0
06-07 03:16:12.032   838   904 I libPowerHal: [perfLockAcq] idx:1 hdl:94446 hint:-1 pid:1650 duration:0 => ret_hdl:94446
06-07 03:16:12.032   838   904 I libPowerHal: [PE] scn:1 hdl:94446 lock_user:system_server pid:1650 tid:1918 dur:0
06-07 03:16:12.032   838   904 I libPowerHal: [PE] system_server update cmd:1410000, param:1
06-07 03:16:12.035  5326  5326 D ViewRootImpl[InstrumentationActivityInvoker$EmptyActivity]: hardware acceleration = true , fakeHwAccelerated = false, sRendererDisabled = false, forceHwAccelerated = false, sSystemRendererDisabled = false
06-07 03:16:12.036  1650  2822 D OppoDisplayPolicy: com.example.dogglers, no change cutoutMode: 0
06-07 03:16:12.036   874  3098 D DispPerfService: get hint proc=f70a7e0 com.example.dogglers, idx=0 none
06-07 03:16:12.037  5326  5326 E libEGL  : Invalid file path for libcolorx-loader.so
06-07 03:16:12.038  5326  5326 I chatty  : uid=10209(com.example.dogglers) identical 4 lines
06-07 03:16:12.038  5326  5326 E libEGL  : Invalid file path for libcolorx-loader.so
06-07 03:16:12.038  5326  5326 I InputTransport: Create ARC handle: 0xb400007865928d00
06-07 03:16:12.038  5326  5326 V PhoneWindow: DecorView setVisiblity: visibility = 0, Parent = android.view.ViewRootImpl@9016785, this = DecorView@e778ece[InstrumentationActivityInvoker$EmptyActivity]
06-07 03:16:12.043  1650  2822 D OppoDisplayPolicy: com.example.dogglers, no change cutoutMode: 0
06-07 03:16:12.044   874  3098 D DispPerfService: get hint proc=com.example.dogglers, idx=0 none
06-07 03:16:12.044   874  3098 I BufferQueueConsumer: [](id:36a00001fa4,api:0,p:-1,c:874) connect(): controlledByApp=false
06-07 03:16:12.044   874  3098 I BufferQueue: [unnamed-874-8100](this:0xb400007bfe74ba58,id:8100,api:0,p:-1,c:-1) BufferQueue core=(874:/system/bin/surfaceflinger)
06-07 03:16:12.046   874  1504 D DispPerfService: get hint proc=Surface(name=7b5d0e3 StatusBar), idx=0 none
06-07 03:16:12.047   874  1504 D DispPerfService: get hint proc=Surface(name=669131f NavigationBar0), idx=0 none
06-07 03:16:12.048  1650  2822 D Theia.NoFocusWindow: FocusWindowErrorScene cancelCheckFreezeScreen
06-07 03:16:12.051   874  3098 I BufferQueueProducer: [com.example.dogglers/androidx.test.core.app.InstrumentationActivityInvoker$EmptyActivity#0](id:36a00001fa4,api:1,p:5326,c:874) connect(): api=1 producerControlledByApp=false
06-07 03:16:12.064  1650  2822 I InputDispatcher: Window went away: com.example.dogglers/androidx.test.core.app.InstrumentationActivityInvoker$EmptyActivity#0
06-07 03:16:12.074   874  1507 D DispPerfService: onframeavailable pid=5326, slot=0, seq=41510, name=com.example.dogglers:com.example.dogglers/androidx.test.core.app.InstrumentationActivityInvoker$EmptyActivity#0
06-07 03:16:12.083  3894  3894 V PhoneWindow: DecorView setVisiblity: visibility = 8, Parent = android.view.ViewRootImpl@fc11c41, this = DecorView@71b05e6[InputMethod]
06-07 03:16:12.083  1650  1687 I ActivityTaskManager: Displayed com.example.dogglers/androidx.test.core.app.InstrumentationActivityInvoker$EmptyActivity: +88ms
06-07 03:16:12.085   874   874 D OppoExLayer: ~Layer() sequence=41504, name=Surface(name=7b5d0e3 StatusBar)/@0x39afcf6 - animation-leash#0@0xb400007bd9e41000
06-07 03:16:12.086   874   874 D OppoExLayer: ~Layer() sequence=41505, name=Surface(name=669131f NavigationBar0)/@0xe54d8f7 - animation-leash#0@0xb400007bd9ea3000
06-07 03:16:12.086   874   874 D OppoExLayer: ~Layer() sequence=41499, name=Surface(name=Task=2)/@0x70c721c - animation-leash#0@0xb400007bda187000
06-07 03:16:12.088  1650  5021 I InputDispatcher: Focus entered window: Window{f70a7e0 u0 com.example.dogglers/androidx.test.core.app.InstrumentationActivityInvoker$EmptyActivity} in display 0
06-07 03:16:12.089   874   955 I BufferQueueProducer: [com.example.dogglers/com.example.dogglers.HorizontalListActivity#0](id:36a00001fa3,api:1,p:5326,c:874) disconnect(): api=1
06-07 03:16:12.090   874   955 I BufferQueueProducer: [com.oppo.launcher/com.oppo.launcher.Launcher#1](id:36a00001f99,api:1,p:2605,c:874) disconnect(): api=1
06-07 03:16:12.093   874   874 D DispPerfService: Skip Bind Core, mCoreForSFBind:0
06-07 03:16:12.094  3894  3894 V PhoneWindow: DecorView setVisiblity: visibility = 8, Parent = android.view.ViewRootImpl@fc11c41, this = DecorView@71b05e6[InputMethod]
06-07 03:16:12.095  5326  5326 D LifecycleMonitor: Lifecycle status change: com.example.dogglers.HorizontalListActivity@2c2f908 in: STOPPED
06-07 03:16:12.096  5326  5326 V ActivityScenario: Update currentActivityStage to STOPPED, currentActivity=com.example.dogglers.HorizontalListActivity@2c2f908
06-07 03:16:12.096  5326  5326 V PhoneWindow: DecorView setVisiblity: visibility = 4, Parent = android.view.ViewRootImpl@d4bc37c, this = DecorView@1451c49[HorizontalListActivity]
06-07 03:16:12.097  5326  5326 D LifecycleMonitor: Lifecycle status change: com.example.dogglers.HorizontalListActivity@2c2f908 in: DESTROYED
06-07 03:16:12.097  5326  5326 V ActivityScenario: Update currentActivityStage to DESTROYED, currentActivity=null
06-07 03:16:12.099  5326  5326 D View    : [Warning] assignParent to null: this = DecorView@1451c49[HorizontalListActivity]
06-07 03:16:12.105   874  1507 D DispPerfService: get hint proc=Surface(name=613b6a7 InputMethod), idx=0 none
06-07 03:16:12.108   874   874 I BufferQueueConsumer: [com.example.dogglers/com.example.dogglers.HorizontalListActivity#0](id:36a00001fa3,api:0,p:-1,c:874) disconnect()
06-07 03:16:12.108   874   874 I BufferQueue: [com.example.dogglers/com.example.dogglers.HorizontalListActivity#0](this:0xb400007bfe74ac58,id:8099,api:1,p:-1,c:-1) onDestructor()
06-07 03:16:12.110   874   874 D OppoExLayer: ~Layer() sequence=41503, name=com.example.dogglers/com.example.dogglers.HorizontalListActivity#0@0xb400007bd9e32000
06-07 03:16:12.111  1650  2105 I InputDispatcher: Window went away: com.example.dogglers/com.example.dogglers.HorizontalListActivity#0
06-07 03:16:12.111  5326  5326 I InputTransport: Destroy ARC handle: 0xb400007851b41000
06-07 03:16:12.113  3894  3894 V PhoneWindow: DecorView setVisiblity: visibility = 8, Parent = android.view.ViewRootImpl@fc11c41, this = DecorView@71b05e6[InputMethod]
06-07 03:16:12.116  5326  5356 E Parcel  : Reading a NULL string not supported here.
06-07 03:16:12.118  1650  1918 I mtkpower_client: perf_lock_rel, hdl:94446, tid:1918
06-07 03:16:12.118  1650  1918 I mtkpower_client: perf_lock_acq, hdl:94446, dur:0, num:10, tid:1918
06-07 03:16:12.118   838   854 I mtkpower@impl: [check_work_req] i:0, msg:1 hdl:94446, wait
06-07 03:16:12.119   838   904 I libPowerHal: [perfLockRel] hdl:94446, idx:1
06-07 03:16:12.119   838   904 I libPowerHal: [PD] scn:1 hdl:94446 lock_user:system_server pid:1650 tid:1918 dur:0
06-07 03:16:12.119   838   904 I libPowerHal: [PD] system_server update cmd:1410000 param:0
06-07 03:16:12.119   874   874 D OppoExLayer: ~Layer() sequence=41502, name=3e2894c com.example.dogglers/com.example.dogglers.HorizontalListActivity#0@0xb400007bda1fb000
06-07 03:16:12.119  1650  1769 D InputMethodManagerService: isSecurity: attribute.packageName=com.example.dogglers
06-07 03:16:12.119  1650  1769 D InputMethodManagerService: isSecurity= false (  enable=false needShow=false inBlackList=false  isExist=true )
06-07 03:16:12.120   874  1507 D DispPerfService: get hint proc=ActivityRecord{c52804b u0 com.example.dogglers, idx=0 none
06-07 03:16:12.121  1650  1918 I mtkpower_client: ret_hdl:94447
06-07 03:16:12.121   838   904 I libPowerHal: cmdSetting - unknown cmd:1c3c000, scmd:(null) ,param_1:0
06-07 03:16:12.121   838   904 I libPowerHal: [perfLockAcq] idx:1 hdl:94447 hint:-1 pid:1650 duration:0 => ret_hdl:94447
06-07 03:16:12.121   838   904 I libPowerHal: [PE] scn:1 hdl:94447 lock_user:system_server pid:1650 tid:1918 dur:0
06-07 03:16:12.121   838   904 I libPowerHal: [PE] system_server update cmd:1410000, param:1
06-07 03:16:12.122   838   855 I mtkpower@impl: [setMode] type:5, enabled:1
06-07 03:16:12.122   838   904 I libPowerHal: [perfLockAcq] idx:4 hdl:94448 hint:11 pid:838 duration:30000 => ret_hdl:94448
06-07 03:16:12.122   838   904 I libPowerHal: [PE] scn:4 hdl:94448 hint:11 comm:mtkpower@1.0-se pid:838
06-07 03:16:12.122   838   904 I libPowerHal: [perfLockRel] hdl:94443, idx:2
06-07 03:16:12.122   838   904 I libPowerHal: [PD] scn:2 hdl:94443 hint:11 comm:mtkpower@1.0-se pid:838
06-07 03:16:12.125   874  1507 I BufferQueueProducer: [NavigationBar0#0](this:0xb400007c946c5258,id:5,api:1,p:2080,c:874) queueBuffer: fps=9.16 dur=1310.49 max=348.34 min=9.05
06-07 03:16:12.127  1650  1769 D OplusVerificationCodeController: notifyImeAttributeChanged: 64false
06-07 03:16:12.130   874  3098 D DispPerfService: get hint proc=Surface(name=613b6a7 InputMethod), idx=0 none
06-07 03:16:12.130  3894  3894 I GoogleInputMethodService: GoogleInputMethodService.onFinishInput():3204
06-07 03:16:12.131   874   874 D OppoExLayer: ~Layer() sequence=41498, name=ActivityRecord{189c3d5 u0 com.example.dogglers/.HorizontalListActivity#0@0xb400007bda148000
06-07 03:16:12.131  3894  3894 I GoogleInputMethodService: GoogleInputMethodService.updateDeviceLockedStatus():2100 checkRepeatedly = false, unlocked = true
06-07 03:16:12.132  3894  3894 I GoogleInputMethodService: GoogleInputMethodService.onStartInput():1903 onStartInput(EditorInfo{inputType=0x0(NULL) imeOptions=0x0 privateImeOptions=null actionName=UNSPECIFIED actionLabel=null actionId=0 initialSelStart=-1 initialSelEnd=-1 initialCapsMode=0x0 hintText=null label=null packageName=com.example.dogglers fieldId=-1 fieldName=null extras=null}, false)
06-07 03:16:12.132  1650  5021 D OppoDisplayPolicy: com.android.systemui, change system app cutoutMode: color always
06-07 03:16:12.133  3894  3894 I GoogleInputMethodService: GoogleInputMethodService.updateDeviceLockedStatus():2100 checkRepeatedly = true, unlocked = true
06-07 03:16:12.136  5326  5326 D LifecycleMonitor: Lifecycle status change: androidx.test.core.app.InstrumentationActivityInvoker$BootstrapActivity@8b4b569 in: DESTROYED
06-07 03:16:12.136  5326  5326 V ActivityScenario: Activity lifecycle changed event received but ignored because the intent does not match. startActivityIntent=Intent { act=android.intent.action.MAIN cat=[android.intent.category.LAUNCHER] cmp=com.example.dogglers/.HorizontalListActivity }, activity.getIntent()=Intent { act=android.intent.action.MAIN cat=[android.intent.category.LAUNCHER] flg=0x10008000 cmp=com.example.dogglers/androidx.test.core.app.InstrumentationActivityInvoker$BootstrapActivity (has extras) mCallingUid=10209 }, activity=androidx.test.core.app.InstrumentationActivityInvoker$BootstrapActivity@8b4b569
06-07 03:16:12.139  5326  5326 D LifecycleMonitor: Lifecycle status change: androidx.test.core.app.InstrumentationActivityInvoker$EmptyActivity@79ca141 in: PAUSED
06-07 03:16:12.139  5326  5326 V ActivityScenario: Activity lifecycle changed event received but ignored because the intent does not match. startActivityIntent=Intent { act=android.intent.action.MAIN cat=[android.intent.category.LAUNCHER] cmp=com.example.dogglers/.HorizontalListActivity }, activity.getIntent()=Intent { act=android.intent.action.MAIN cat=[android.intent.category.LAUNCHER] flg=0x10000000 cmp=com.example.dogglers/androidx.test.core.app.InstrumentationActivityInvoker$EmptyActivity mCallingUid=10209 }, activity=androidx.test.core.app.InstrumentationActivityInvoker$EmptyActivity@79ca141
06-07 03:16:12.142  1650  1663 I InputDispatcher: setFocusedApplication displayId=0 <invalid>
06-07 03:16:12.144  1650  1663 D Theia.NoFocusWindow: FocusWindowErrorScene CheckFreezeScreen
06-07 03:16:12.148  1650  1918 I mtkpower_client: perf_lock_rel, hdl:94447, tid:1918
06-07 03:16:12.148  1650  1918 I mtkpower_client: perf_lock_acq, hdl:94447, dur:0, num:6, tid:1918
06-07 03:16:12.148   838   904 I libPowerHal: [perfLockRel] hdl:94447, idx:1
06-07 03:16:12.148   838   904 I libPowerHal: [PD] scn:1 hdl:94447 lock_user:system_server pid:1650 tid:1918 dur:0
06-07 03:16:12.148   838   904 I libPowerHal: [PD] system_server update cmd:1410000 param:0
06-07 03:16:12.149  1650  1918 I mtkpower_client: ret_hdl:94449
06-07 03:16:12.149   838   904 I libPowerHal: [perfLockAcq] idx:1 hdl:94449 hint:-1 pid:1650 duration:0 => ret_hdl:94449
06-07 03:16:12.149   838   904 I libPowerHal: [PE] scn:1 hdl:94449 lock_user:system_server pid:1650 tid:1918 dur:0
06-07 03:16:12.149   874   874 D DispPerfService: Skip Bind Core, mCoreForSFBind:0
06-07 03:16:12.151  3894  3894 V PhoneWindow: DecorView setVisiblity: visibility = 8, Parent = android.view.ViewRootImpl@fc11c41, this = DecorView@71b05e6[InputMethod]
06-07 03:16:12.152  5326  5548 E libEGL  : Invalid file path for libcolorx-loader.so
06-07 03:16:12.152  2605  2605 E Parcel  : Reading a NULL string not supported here.
06-07 03:16:12.152  1650  1918 I mtkpower_client: perf_lock_rel, hdl:94449, tid:1918
06-07 03:16:12.152  1650  1918 I mtkpower_client: perf_lock_acq, hdl:94449, dur:0, num:6, tid:1918
06-07 03:16:12.153   838   904 I libPowerHal: [perfLockRel] hdl:94449, idx:1
06-07 03:16:12.153   838   904 I libPowerHal: [PD] scn:1 hdl:94449 lock_user:system_server pid:1650 tid:1918 dur:0
06-07 03:16:12.153  1650  1918 I mtkpower_client: ret_hdl:94450
06-07 03:16:12.153   874   874 D OppoExLayer: ~Layer() sequence=41495, name=ActivityRecord{94e52e7 u0 com.example.dogglers/androidx.test.core.app.InstrumentationActivityInvoker$BootstrapActivity#0@0xb400007bf39c8000
06-07 03:16:12.154   838   904 I libPowerHal: [perfLockAcq] idx:1 hdl:94450 hint:-1 pid:1650 duration:0 => ret_hdl:94450
06-07 03:16:12.154   838   904 I libPowerHal: [PE] scn:1 hdl:94450 lock_user:system_server pid:1650 tid:1918 dur:0
06-07 03:16:12.154  5326  5326 D LifecycleMonitor: Lifecycle status change: androidx.test.core.app.InstrumentationActivityInvoker$EmptyActivity@3f6ffe7 in: PRE_ON_CREATE
06-07 03:16:12.155  5326  5326 V ActivityScenario: Activity lifecycle changed event received but ignored because the intent does not match. startActivityIntent=Intent { act=android.intent.action.MAIN cat=[android.intent.category.LAUNCHER] cmp=com.example.dogglers/.HorizontalListActivity }, activity.getIntent()=Intent { act=android.intent.action.MAIN cat=[android.intent.category.LAUNCHER] flg=0x10000000 cmp=com.example.dogglers/androidx.test.core.app.InstrumentationActivityInvoker$EmptyActivity mCallingUid=10209 }, activity=androidx.test.core.app.InstrumentationActivityInvoker$EmptyActivity@3f6ffe7
06-07 03:16:12.155  2605  2605 V PhoneWindow: DecorView setVisiblity: visibility = 4, Parent = android.view.ViewRootImpl@e89527c, this = DecorView@844cf49[Launcher]
06-07 03:16:12.157  1650  1663 D OppoDisplayPolicy: com.android.systemui, change system app cutoutMode: color always
06-07 03:16:12.163  5326  5326 D LifecycleMonitor: Lifecycle status change: androidx.test.core.app.InstrumentationActivityInvoker$EmptyActivity@3f6ffe7 in: CREATED
06-07 03:16:12.163  5326  5326 V ActivityScenario: Activity lifecycle changed event received but ignored because the intent does not match. startActivityIntent=Intent { act=android.intent.action.MAIN cat=[android.intent.category.LAUNCHER] cmp=com.example.dogglers/.HorizontalListActivity }, activity.getIntent()=Intent { act=android.intent.action.MAIN cat=[android.intent.category.LAUNCHER] flg=0x10000000 cmp=com.example.dogglers/androidx.test.core.app.InstrumentationActivityInvoker$EmptyActivity mCallingUid=10209 }, activity=androidx.test.core.app.InstrumentationActivityInvoker$EmptyActivity@3f6ffe7
06-07 03:16:12.165  1650  4224 I InputDispatcher: Focus left window: Window{f70a7e0 u0 com.example.dogglers/androidx.test.core.app.InstrumentationActivityInvoker$EmptyActivity} in display 0
06-07 03:16:12.166  1650  4224 I InputDispatcher: Window went away: Window{f70a7e0 u0 com.example.dogglers/androidx.test.core.app.InstrumentationActivityInvoker$EmptyActivity}
06-07 03:16:12.166  5326  5326 D LifecycleMonitor: Lifecycle status change: androidx.test.core.app.InstrumentationActivityInvoker$EmptyActivity@3f6ffe7 in: STARTED
06-07 03:16:12.166  5326  5326 V ActivityScenario: Activity lifecycle changed event received but ignored because the intent does not match. startActivityIntent=Intent { act=android.intent.action.MAIN cat=[android.intent.category.LAUNCHER] cmp=com.example.dogglers/.HorizontalListActivity }, activity.getIntent()=Intent { act=android.intent.action.MAIN cat=[android.intent.category.LAUNCHER] flg=0x10000000 cmp=com.example.dogglers/androidx.test.core.app.InstrumentationActivityInvoker$EmptyActivity mCallingUid=10209 }, activity=androidx.test.core.app.InstrumentationActivityInvoker$EmptyActivity@3f6ffe7
06-07 03:16:12.168  1650  1918 I mtkpower_client: perf_lock_rel, hdl:94450, tid:1918
06-07 03:16:12.168  1650  1918 I mtkpower_client: perf_lock_acq, hdl:94450, dur:0, num:6, tid:1918
06-07 03:16:12.168  5326  5326 D LifecycleMonitor: Lifecycle status change: androidx.test.core.app.InstrumentationActivityInvoker$EmptyActivity@3f6ffe7 in: RESUMED
06-07 03:16:12.169   838   854 I mtkpower@impl: [check_work_req] i:0, msg:1 hdl:94450, wait
06-07 03:16:12.169  5326  5326 V ActivityScenario: Activity lifecycle changed event received but ignored because the intent does not match. startActivityIntent=Intent { act=android.intent.action.MAIN cat=[android.intent.category.LAUNCHER] cmp=com.example.dogglers/.HorizontalListActivity }, activity.getIntent()=Intent { act=android.intent.action.MAIN cat=[android.intent.category.LAUNCHER] flg=0x10000000 cmp=com.example.dogglers/androidx.test.core.app.InstrumentationActivityInvoker$EmptyActivity mCallingUid=10209 }, activity=androidx.test.core.app.InstrumentationActivityInvoker$EmptyActivity@3f6ffe7
06-07 03:16:12.169  5326  5326 V PhoneWindow: DecorView setVisiblity: visibility = 4, Parent = null, this = DecorView@4c58900[]
06-07 03:16:12.169   838   904 I libPowerHal: [perfLockRel] hdl:94450, idx:1
06-07 03:16:12.169   838   904 I libPowerHal: [PD] scn:1 hdl:94450 lock_user:system_server pid:1650 tid:1918 dur:0
06-07 03:16:12.169   874  3098 I SurfaceFlinger: [SF client] NEW(0xb400007c11e76680) for (5326:com.example.dogglers)
06-07 03:16:12.235  1151  1151 W Binder:1151_3: type=1400 audit(0.0:576426): avc: denied { search } for name="1650" dev="proc" ino=25387508 scontext=u:r:atlasservice:s0 tcontext=u:r:system_server:s0 tclass=dir permissive=0
06-07 03:16:12.171  1650  1918 I mtkpower_client: ret_hdl:94451
06-07 03:16:12.171   838   904 I libPowerHal: [perfLockAcq] idx:1 hdl:94451 hint:-1 pid:1650 duration:0 => ret_hdl:94451
06-07 03:16:12.171   838   904 I libPowerHal: [PE] scn:1 hdl:94451 lock_user:system_server pid:1650 tid:1918 dur:0
06-07 03:16:12.173  5326  5326 D ViewRootImpl[InstrumentationActivityInvoker$EmptyActivity]: hardware acceleration = true , fakeHwAccelerated = false, sRendererDisabled = false, forceHwAccelerated = false, sSystemRendererDisabled = false
06-07 03:16:12.174  1650  1769 D OppoDisplayPolicy: com.example.dogglers, no change cutoutMode: 0
06-07 03:16:12.174   874  3098 D DispPerfService: get hint proc=6d6cb6e com.example.dogglers, idx=0 none
06-07 03:16:12.175  5326  5326 E libEGL  : Invalid file path for libcolorx-loader.so
06-07 03:16:12.176  5326  5326 I chatty  : uid=10209(com.example.dogglers) identical 4 lines
06-07 03:16:12.176  5326  5326 E libEGL  : Invalid file path for libcolorx-loader.so
06-07 03:16:12.287  1151  1151 W Binder:1151_3: type=1400 audit(0.0:576427): avc: denied { search } for name="1650" dev="proc" ino=25387508 scontext=u:r:atlasservice:s0 tcontext=u:r:system_server:s0 tclass=dir permissive=0
06-07 03:16:12.176  5326  5326 I InputTransport: Create ARC handle: 0xb4000078659b65e0
06-07 03:16:12.176  5326  5326 V PhoneWindow: DecorView setVisiblity: visibility = 0, Parent = android.view.ViewRootImpl@c4a04df, this = DecorView@4c58900[InstrumentationActivityInvoker$EmptyActivity]
06-07 03:16:12.176   874   874 I BufferQueueConsumer: [com.oppo.launcher/com.oppo.launcher.Launcher#1](id:36a00001f99,api:0,p:-1,c:874) disconnect()
06-07 03:16:12.176   874   874 I BufferQueue: [com.oppo.launcher/com.oppo.launcher.Launcher#1](this:0xb400007bda141a58,id:8089,api:1,p:-1,c:-1) onDestructor()
06-07 03:16:12.176   874   874 D OppoExLayer: ~Layer() sequence=41418, name=com.oppo.launcher/com.oppo.launcher.Launcher#1@0xb400007bd9e7a000
06-07 03:16:12.177  1650  2105 I InputDispatcher: Window went away: com.oppo.launcher/com.oppo.launcher.Launcher#1
06-07 03:16:12.181  1650  1769 D OppoDisplayPolicy: com.example.dogglers, no change cutoutMode: 0
06-07 03:16:12.183   874  3098 D DispPerfService: get hint proc=com.example.dogglers, idx=0 none
06-07 03:16:12.183   874  3098 I BufferQueueConsumer: [](id:36a00001fa5,api:0,p:-1,c:874) connect(): controlledByApp=false
06-07 03:16:12.183   874  3098 I BufferQueue: [unnamed-874-8101](this:0xb400007bfe74d658,id:8101,api:0,p:-1,c:-1) BufferQueue core=(874:/system/bin/surfaceflinger)
06-07 03:16:12.185   874  3098 D DispPerfService: get hint proc=Surface(name=7b5d0e3 StatusBar), idx=0 none
06-07 03:16:12.185   874  1507 D DispPerfService: get hint proc=Surface(name=669131f NavigationBar0), idx=0 none
06-07 03:16:12.187  1650  1769 D Theia.NoFocusWindow: FocusWindowErrorScene cancelCheckFreezeScreen
06-07 03:16:12.190   874  1507 I BufferQueueProducer: [com.example.dogglers/androidx.test.core.app.InstrumentationActivityInvoker$EmptyActivity#1](id:36a00001fa5,api:1,p:5326,c:874) connect(): api=1 producerControlledByApp=false
06-07 03:16:12.197   874  3098 D DispPerfService: onframeavailable pid=5326, slot=0, seq=41517, name=com.example.dogglers:com.example.dogglers/androidx.test.core.app.InstrumentationActivityInvoker$EmptyActivity#1
06-07 03:16:12.200  1650  2822 I InputDispatcher: Window went away: com.example.dogglers/androidx.test.core.app.InstrumentationActivityInvoker$EmptyActivity#1
06-07 03:16:12.200  1650  1687 I ActivityTaskManager: Displayed com.example.dogglers/androidx.test.core.app.InstrumentationActivityInvoker$EmptyActivity: +83ms
06-07 03:16:12.203   874   874 D DispPerfService: Skip Bind Core, mCoreForSFBind:0
06-07 03:16:12.204  3894  3894 V PhoneWindow: DecorView setVisiblity: visibility = 8, Parent = android.view.ViewRootImpl@fc11c41, this = DecorView@71b05e6[InputMethod]
06-07 03:16:12.210   874   874 D OppoExLayer: ~Layer() sequence=41511, name=Surface(name=7b5d0e3 StatusBar)/@0x39afcf6 - animation-leash#1@0xb400007bf3953000
06-07 03:16:12.210   874   874 D OppoExLayer: ~Layer() sequence=41512, name=Surface(name=669131f NavigationBar0)/@0xe54d8f7 - animation-leash#1@0xb400007bf399c000
06-07 03:16:12.212   874  1507 I BufferQueueProducer: [com.example.dogglers/androidx.test.core.app.InstrumentationActivityInvoker$EmptyActivity#0](id:36a00001fa4,api:1,p:5326,c:874) disconnect(): api=1
06-07 03:16:12.212  1650  1769 I InputDispatcher: Focus entered window: Window{6d6cb6e u0 com.example.dogglers/androidx.test.core.app.InstrumentationActivityInvoker$EmptyActivity} in display 0
06-07 03:16:12.212  1650  1977 I GED     : ged_boost_gpu_freq, level 100, eOrigin 2, final_idx 27, oppidx_max 27, oppidx_min 0
06-07 03:16:12.217  3894  3894 V PhoneWindow: DecorView setVisiblity: visibility = 8, Parent = android.view.ViewRootImpl@fc11c41, this = DecorView@71b05e6[InputMethod]
06-07 03:16:12.222   874   874 D DispPerfService: Skip Bind Core, mCoreForSFBind:0
06-07 03:16:12.224  1650  2822 D Theia.NoFocusWindow: FocusWindowErrorScene CheckFreezeScreen
06-07 03:16:12.224  1650  2822 I InputDispatcher: setFocusedApplication displayId=0 ActivityRecord{197d975 u0 com.oppo.launcher/.Launcher t2}
06-07 03:16:12.225  1650  1918 I mtkpower_client: perf_lock_rel, hdl:94451, tid:1918
06-07 03:16:12.225  1650  1918 I mtkpower_client: perf_lock_acq, hdl:94451, dur:0, num:10, tid:1918
06-07 03:16:12.225   838   904 I libPowerHal: [perfLockRel] hdl:94451, idx:1
06-07 03:16:12.225   838   904 I libPowerHal: [PD] scn:1 hdl:94451 lock_user:system_server pid:1650 tid:1918 dur:0
06-07 03:16:12.226  1650  1918 I mtkpower_client: ret_hdl:94452
06-07 03:16:12.226   838   904 I libPowerHal: cmdSetting - unknown cmd:1c3c000, scmd:(null) ,param_1:0
06-07 03:16:12.226   838   904 I libPowerHal: [perfLockAcq] idx:1 hdl:94452 hint:-1 pid:1650 duration:0 => ret_hdl:94452
06-07 03:16:12.226   838   904 I libPowerHal: [PE] scn:1 hdl:94452 lock_user:system_server pid:1650 tid:1918 dur:0
06-07 03:16:12.226   838   904 I libPowerHal: [PE] system_server update cmd:1410000, param:1
06-07 03:16:12.234  1650  1769 I InputDispatcher: Focus left window: Window{6d6cb6e u0 com.example.dogglers/androidx.test.core.app.InstrumentationActivityInvoker$EmptyActivity} in display 0
06-07 03:16:12.234  1650  1769 I InputDispatcher: Window went away: Window{6d6cb6e u0 com.example.dogglers/androidx.test.core.app.InstrumentationActivityInvoker$EmptyActivity}
06-07 03:16:12.237  5326  5326 D LifecycleMonitor: Lifecycle status change: androidx.test.core.app.InstrumentationActivityInvoker$EmptyActivity@3f6ffe7 in: PAUSED
06-07 03:16:12.238  5326  5326 V ActivityScenario: Activity lifecycle changed event received but ignored because the intent does not match. startActivityIntent=Intent { act=android.intent.action.MAIN cat=[android.intent.category.LAUNCHER] cmp=com.example.dogglers/.HorizontalListActivity }, activity.getIntent()=Intent { act=android.intent.action.MAIN cat=[android.intent.category.LAUNCHER] flg=0x10000000 cmp=com.example.dogglers/androidx.test.core.app.InstrumentationActivityInvoker$EmptyActivity mCallingUid=10209 }, activity=androidx.test.core.app.InstrumentationActivityInvoker$EmptyActivity@3f6ffe7
06-07 03:16:12.238  1650  1971 D IAtlas  : IAtlas::init CallingPid 1650
06-07 03:16:12.239  1650  1971 D IAtlas  : IAtlas::init this 0xb4000077064a2a00
06-07 03:16:12.239  1151 15690 E MMListParser: open file /proc/1650/cmdline err 13
06-07 03:16:12.239  1650  1971 D OplusSkImageProcessing: INFO:(null),quality 95
06-07 03:16:12.239  1650  1971 E OplusSkImageProcessing: not in image processing list
06-07 03:16:12.239  1650  1971 D OplusSkImageProcessing: support_flag: 0,new_quality: 95
06-07 03:16:12.239  1650  1971 I BpBinder: onLastStrongRef automatically unlinking death recipients: <uncached descriptor>
06-07 03:16:12.239  1650  1971 D system_server: ##Make: options.fQuality:95,quality:95,encoderMgr->imageprocessing_flag:0
06-07 03:16:12.239  1650  1971 D system_server: Resolution: 1080 x 2400; FLAG:0
06-07 03:16:12.239  1650  1971 D system_server: Resolution: 1080 x 2400;
06-07 03:16:12.239  1650  1971 D system_server: support: 0
06-07 03:16:12.239  1650  1769 V SensorManager: setScreenShotDisableImpl
06-07 03:16:12.239  1650  1769 D SensorService: debug_oplusGeminiProximity setScreenShotDisable in SensorService
06-07 03:16:12.239  1650  1769 I ColorHansManager : ColorHansManager : resume pkg: com.oppo.launcher, uid:10074, prev pkg: com.example.dogglers, prev uid: 10209
06-07 03:16:12.240  1650  1918 I mtkpower_client: perf_lock_rel, hdl:94452, tid:1918
06-07 03:16:12.240  1650  1918 I mtkpower_client: perf_lock_acq, hdl:94452, dur:0, num:10, tid:1918
06-07 03:16:12.240   838   904 I libPowerHal: [perfLockRel] hdl:94452, idx:1
06-07 03:16:12.240   838   904 I libPowerHal: [PD] scn:1 hdl:94452 lock_user:system_server pid:1650 tid:1918 dur:0
06-07 03:16:12.240  1650  2567 I ColorHansManager : enter fastfreezer
06-07 03:16:12.240   838   904 I libPowerHal: [PD] system_server update cmd:1410000 param:0
06-07 03:16:12.240  1650  1918 I mtkpower_client: ret_hdl:94453
06-07 03:16:12.241   838   904 I libPowerHal: cmdSetting - unknown cmd:1c3c000, scmd:(null) ,param_1:0
06-07 03:16:12.241   838   904 I libPowerHal: [perfLockAcq] idx:1 hdl:94453 hint:-1 pid:1650 duration:0 => ret_hdl:94453
06-07 03:16:12.241   838   904 I libPowerHal: [PE] scn:1 hdl:94453 lock_user:system_server pid:1650 tid:1918 dur:0
06-07 03:16:12.241   838   904 I libPowerHal: [PE] system_server update cmd:1410000, param:1
06-07 03:16:12.241  1650  2567 W OplusLocationManagerService: NavigateMode doesn't match LocationMode
06-07 03:16:12.242  2850  2868 W OppoGuardElf: ThermalControlUtils: mForegroundPkg=com.oppo.launcher
06-07 03:16:12.242  1650  2567 I ColorHansManager : freeze uid: 10115 package: com.nearme.gamecenter reason: fastfreezer|10074 scene: FastFreezerScene
06-07 03:16:12.242   838   904 I libPowerHal: [perfNotifyAppState] foreground:com.oppo.launcher, pid:2605, uid:10074
06-07 03:16:12.242   838   904 E UxUtility: notifyAppState error = NULL
06-07 03:16:12.242   838   904 I TouchUtility: notifyAppState error = NULL
06-07 03:16:12.242   838   904 I libPowerHal: [perfNotifyAppState] packName:com.oppo.launcher !!!
06-07 03:16:12.242   838   904 I libPowerHal: [PE] scn:360 pack:com.oppo.launcher
06-07 03:16:12.242   838   904 I libPowerHal: [PE] com.oppo.launcher update cmd:3408000, param:0
06-07 03:16:12.242   838   904 I libPowerHal: [PE] (less) /proc/perfmgr/tchbst/user/usrtch set +prefix:touch_opp 0;
06-07 03:16:12.242   838   904 I libPowerHal: [PE] com.oppo.launcher update cmd:3408100, param:1000000000
06-07 03:16:12.242   838   904 I libPowerHal: [PE] (more) /proc/perfmgr/tchbst/user/usrtch set +prefix:duration 1000000000;
06-07 03:16:12.242   838   904 I libPowerHal: [PE] com.oppo.launcher update cmd:3408200, param:0
06-07 03:16:12.242   838   904 I libPowerHal: [PE] (more) /proc/perfmgr/tchbst/user/usrtch set +prefix:active_time 0;
06-07 03:16:12.242   838   854 I mtkpower@impl: [notifyAppState] pc:0, com.example.dogglers => com.oppo.launcher
06-07 03:16:12.243  1650  2713 I ColorResourcePreloadManager: resume pkg: com.oppo.launcher, uid:10074, prev pkg: com.example.dogglers, prev uid: 10209
06-07 03:16:12.243 21977 22042 I [0]DCS-BackgroundAppData: sendAppBgEvent: has no pkgName=com.oppo.launcher
06-07 03:16:12.244  3146 29309 D ZoomAppController: ignore onAppEnter: Invalid cvActionFlag = 0
06-07 03:16:12.247  1650  2567 I ColorHansManager : freeze uid: 10505 package: com.facebook.katana reason: fastfreezer|10074 scene: FastFreezerScene
06-07 03:16:12.248  1650  2567 I ColorHansManager : freeze uid: 10124 package: com.realme.link reason: fastfreezer|10074 scene: FastFreezerScene
06-07 03:16:12.250  5326  5356 I TestRunner: finished: horizontal_scrolling(com.example.dogglers.HorizontalListTests)
