06-07 03:16:00.969   838   855 I mtkpower@impl: [setMode] type:5, enabled:1
06-07 03:16:00.969   838   904 I libPowerHal: [perfLockAcq] idx:2 hdl:94114 hint:11 pid:838 duration:30000 => ret_hdl:94114
06-07 03:16:00.969   838   904 I libPowerHal: [PE] scn:2 hdl:94114 hint:11 comm:mtkpower@1.0-se pid:838
06-07 03:16:00.969   838   904 I libPowerHal: [PE] LAUNCH update cmd:1000000, param:0
06-07 03:16:00.969   838   904 I libPowerHal: [PE] LAUNCH update cmd:1408300, param:100
06-07 03:16:00.969   838   904 I libPowerHal: [PE] LAUNCH update cmd:1000000 param:0
06-07 03:16:00.970   838   904 I libPowerHal: [perfLockRel] hdl:94111, idx:-1
06-07 03:16:00.970   838   904 I libPowerHal: [perfLockAcq] idx:3 hdl:94115 hint:23 pid:838 duration:10000 => ret_hdl:94115
06-07 03:16:00.970   838   904 I libPowerHal: [PE] scn:3 hdl:94115 hint:23 comm:mtkpower@1.0-se pid:838
06-07 03:16:00.978  5326  5326 D LifecycleMonitor: Lifecycle status change: com.example.dogglers.MainActivity@7239702 in: PAUSED
06-07 03:16:00.978  5326  5326 V ActivityScenario: Update currentActivityStage to PAUSED, currentActivity=com.example.dogglers.MainActivity@7239702
06-07 03:16:00.981  1650  3081 I InputDispatcher: setFocusedApplication displayId=0 <invalid>
06-07 03:16:00.982   838   854 I mtkpower@impl: [notifyAppState] act com.example.dogglers.MainActivity => com.example.dogglers.HorizontalListActivity
06-07 03:16:00.983  1650  3081 D Theia.NoFocusWindow: FocusWindowErrorScene CheckFreezeScreen
06-07 03:16:00.990  5326  5434 E libEGL  : Invalid file path for libcolorx-loader.so
06-07 03:16:00.991  1650  1918 I mtkpower_client: perf_lock_rel, hdl:94113, tid:1918
06-07 03:16:00.991  1650  1918 I mtkpower_client: perf_lock_acq, hdl:94113, dur:0, num:10, tid:1918
06-07 03:16:00.991   838   904 I libPowerHal: [perfLockRel] hdl:94113, idx:1
06-07 03:16:00.991   838   904 I libPowerHal: [PD] scn:1 hdl:94113 lock_user:system_server pid:1650 tid:1918 dur:0
06-07 03:16:00.992   838   904 I libPowerHal: [PD] system_server update cmd:1410000 param:0
06-07 03:16:00.992  1650  1918 I mtkpower_client: ret_hdl:94116
06-07 03:16:00.992   838   904 I libPowerHal: cmdSetting - unknown cmd:1c3c000, scmd:(null) ,param_1:0
06-07 03:16:00.992   838   904 I libPowerHal: [perfLockAcq] idx:1 hdl:94116 hint:-1 pid:1650 duration:0 => ret_hdl:94116
06-07 03:16:00.992   838   904 I libPowerHal: [PE] scn:1 hdl:94116 lock_user:system_server pid:1650 tid:1918 dur:0
06-07 03:16:00.992   838   904 I libPowerHal: [PE] system_server update cmd:1410000, param:1
06-07 03:16:00.997  5326  5326 D LifecycleMonitor: Lifecycle status change: com.example.dogglers.HorizontalListActivity@87c92d2 in: PRE_ON_CREATE
06-07 03:16:00.997  5326  5326 V ActivityScenario: Activity lifecycle changed event received but ignored because the intent does not match. startActivityIntent=Intent { act=android.intent.action.MAIN cat=[android.intent.category.LAUNCHER] cmp=com.example.dogglers/.MainActivity }, activity.getIntent()=Intent { cmp=com.example.dogglers/.HorizontalListActivity mCallingUid=10209 }, activity=com.example.dogglers.HorizontalListActivity@87c92d2
06-07 03:16:01.000  1650  3081 I InputDispatcher: Focus left window: Window{847ef49 u0 com.example.dogglers/com.example.dogglers.MainActivity} in display 0
06-07 03:16:01.000  1650  3081 I InputDispatcher: Window went away: Window{847ef49 u0 com.example.dogglers/com.example.dogglers.MainActivity}
06-07 03:16:01.048  5326  5326 D LifecycleMonitor: Lifecycle status change: com.example.dogglers.HorizontalListActivity@87c92d2 in: CREATED
06-07 03:16:01.049  5326  5326 V ActivityScenario: Activity lifecycle changed event received but ignored because the intent does not match. startActivityIntent=Intent { act=android.intent.action.MAIN cat=[android.intent.category.LAUNCHER] cmp=com.example.dogglers/.MainActivity }, activity.getIntent()=Intent { cmp=com.example.dogglers/.HorizontalListActivity mCallingUid=10209 }, activity=com.example.dogglers.HorizontalListActivity@87c92d2
06-07 03:16:01.051  5326  5326 D LifecycleMonitor: Lifecycle status change: com.example.dogglers.HorizontalListActivity@87c92d2 in: STARTED
06-07 03:16:01.051  5326  5326 V ActivityScenario: Activity lifecycle changed event received but ignored because the intent does not match. startActivityIntent=Intent { act=android.intent.action.MAIN cat=[android.intent.category.LAUNCHER] cmp=com.example.dogglers/.MainActivity }, activity.getIntent()=Intent { cmp=com.example.dogglers/.HorizontalListActivity mCallingUid=10209 }, activity=com.example.dogglers.HorizontalListActivity@87c92d2
06-07 03:16:01.053  5326  5326 D LifecycleMonitor: Lifecycle status change: com.example.dogglers.HorizontalListActivity@87c92d2 in: RESUMED
06-07 03:16:01.053  5326  5326 V ActivityScenario: Activity lifecycle changed event received but ignored because the intent does not match. startActivityIntent=Intent { act=android.intent.action.MAIN cat=[android.intent.category.LAUNCHER] cmp=com.example.dogglers/.MainActivity }, activity.getIntent()=Intent { cmp=com.example.dogglers/.HorizontalListActivity mCallingUid=10209 }, activity=com.example.dogglers.HorizontalListActivity@87c92d2
06-07 03:16:01.054  1650  1918 I mtkpower_client: perf_lock_rel, hdl:94116, tid:1918
06-07 03:16:01.054  1650  1918 I mtkpower_client: perf_lock_acq, hdl:94116, dur:0, num:10, tid:1918
06-07 03:16:01.054  5326  5326 V PhoneWindow: DecorView setVisiblity: visibility = 4, Parent = null, this = DecorView@28f3f01[]
06-07 03:16:01.054   838   904 I libPowerHal: [perfLockRel] hdl:94116, idx:1
06-07 03:16:01.054   838   904 I libPowerHal: [PD] scn:1 hdl:94116 lock_user:system_server pid:1650 tid:1918 dur:0
06-07 03:16:01.054   838   904 I libPowerHal: [PD] system_server update cmd:1410000 param:0
06-07 03:16:01.054   874  3098 I SurfaceFlinger: [SF client] NEW(0xb400007c11e76680) for (5326:com.example.dogglers)
06-07 03:16:01.055  1650  1918 I mtkpower_client: ret_hdl:94117
06-07 03:16:01.055   838   904 I libPowerHal: cmdSetting - unknown cmd:1c3c000, scmd:(null) ,param_1:0
06-07 03:16:01.055   838   904 I libPowerHal: [perfLockAcq] idx:1 hdl:94117 hint:-1 pid:1650 duration:0 => ret_hdl:94117
06-07 03:16:01.055   838   904 I libPowerHal: [PE] scn:1 hdl:94117 lock_user:system_server pid:1650 tid:1918 dur:0
06-07 03:16:01.055   838   904 I libPowerHal: [PE] system_server update cmd:1410000, param:1
06-07 03:16:01.060  5326  5326 D ViewRootImpl[HorizontalListActivity]: hardware acceleration = true , fakeHwAccelerated = false, sRendererDisabled = false, forceHwAccelerated = false, sSystemRendererDisabled = false
06-07 03:16:01.061  1650  1663 D OppoDisplayPolicy: com.example.dogglers, no change cutoutMode: 0
06-07 03:16:01.062   874  3098 D DispPerfService: get hint proc=a27e35b com.example.dogglers, idx=0 none
06-07 03:16:01.064  5326  5326 E libEGL  : Invalid file path for libcolorx-loader.so
06-07 03:16:01.064  5326  5326 I chatty  : uid=10209(com.example.dogglers) identical 4 lines
06-07 03:16:01.064  5326  5326 E libEGL  : Invalid file path for libcolorx-loader.so
06-07 03:16:01.064  5326  5326 I InputTransport: Create ARC handle: 0xb4000078659f81e0
06-07 03:16:01.064  5326  5326 V PhoneWindow: DecorView setVisiblity: visibility = 0, Parent = android.view.ViewRootImpl@c0d6f94, this = DecorView@28f3f01[HorizontalListActivity]
06-07 03:16:01.104  5326  5326 D skia    : SkJpegCodec::onGetPixels +
06-07 03:16:01.109  5326  5326 D skia    : SkJpegCodec::onGetPixels -
06-07 03:16:01.121  1650  3081 D OppoDisplayPolicy: com.example.dogglers, no change cutoutMode: 0
06-07 03:16:01.123   874  3098 D DispPerfService: get hint proc=com.example.dogglers, idx=0 none
06-07 03:16:01.123   874  3098 I BufferQueueConsumer: [](id:36a00001f6b,api:0,p:-1,c:874) connect(): controlledByApp=false
06-07 03:16:01.123   874  3098 I BufferQueue: [unnamed-874-8043](this:0xb400007bda141a58,id:8043,api:0,p:-1,c:-1) BufferQueue core=(874:/system/bin/surfaceflinger)
06-07 03:16:01.126   874  1507 D DispPerfService: get hint proc=Surface(name=7b5d0e3 StatusBar), idx=0 none
06-07 03:16:01.127   874  3098 D DispPerfService: get hint proc=Surface(name=669131f NavigationBar0), idx=0 none
06-07 03:16:01.128  1650  3081 D Theia.NoFocusWindow: FocusWindowErrorScene cancelCheckFreezeScreen
06-07 03:16:01.133   874   955 I BufferQueueProducer: [com.example.dogglers/com.example.dogglers.HorizontalListActivity#0](id:36a00001f6b,api:1,p:5326,c:874) connect(): api=1 producerControlledByApp=false
06-07 03:16:01.148  1650  3081 I InputDispatcher: Window went away: com.example.dogglers/com.example.dogglers.HorizontalListActivity#0
06-07 03:16:01.191 21564 23949 E Parcel  : Reading a NULL string not supported here.
06-07 03:16:01.194 21564 23949 E Parcel  : Reading a NULL string not supported here.
06-07 03:16:01.195   874  3098 D DispPerfService: onframeavailable pid=5326, slot=0, seq=41095, name=com.example.dogglers:com.example.dogglers/com.example.dogglers.HorizontalListActivity#0
06-07 03:16:01.199 21564 23949 E Parcel  : Reading a NULL string not supported here.
06-07 03:16:01.200   874  3098 D DispPerfService: get hint proc=Surface(name=ActivityRecord{c8f8cc8 u0 com.example.dogglers, idx=0 none
06-07 03:16:01.201   874  3098 D DispPerfService: get hint proc=Surface(name=ActivityRecord{c8f8cc8 u0 com.example.dogglers, idx=0 none
06-07 03:16:01.202 21564 23949 E Parcel  : Reading a NULL string not supported here.
06-07 03:16:01.203   874  3098 D DispPerfService: get hint proc=Surface(name=ActivityRecord{27cce1f u0 com.example.dogglers, idx=0 none
06-07 03:16:01.204   874   874 D OppoExLayer: ~Layer() sequence=41084, name=Surface(name=Task=2)/@0x70c721c - animation-leash#0@0xb400007bf394b000
06-07 03:16:01.204   874  3098 D DispPerfService: get hint proc=Surface(name=ActivityRecord{27cce1f u0 com.example.dogglers, idx=0 none
06-07 03:16:01.206  1650  1687 I ActivityTaskManager: Displayed com.example.dogglers/.HorizontalListActivity: +240ms
06-07 03:16:01.206 21564 23949 E Parcel  : Reading a NULL string not supported here.
06-07 03:16:01.209   874  3098 I BufferQueueProducer: [com.oppo.launcher/com.oppo.launcher.Launcher#0](id:36a00001f68,api:1,p:2605,c:874) disconnect(): api=1
06-07 03:16:01.209 21564 23949 E Parcel  : Reading a NULL string not supported here.
06-07 03:16:01.214 21564 23949 E Parcel  : Reading a NULL string not supported here.
06-07 03:16:01.216  1650  1663 I InputDispatcher: Focus entered window: Window{a27e35b u0 com.example.dogglers/com.example.dogglers.HorizontalListActivity} in display 0
06-07 03:16:01.219 21564 23949 E Parcel  : Reading a NULL string not supported here.
06-07 03:16:01.221  3894  3894 V PhoneWindow: DecorView setVisiblity: visibility = 8, Parent = android.view.ViewRootImpl@fc11c41, this = DecorView@71b05e6[InputMethod]
06-07 03:16:01.222 21564 23949 E Parcel  : Reading a NULL string not supported here.
06-07 03:16:01.223   838   855 I mtkpower@impl: [setMode] type:5, enabled:0
06-07 03:16:01.224   838   904 I libPowerHal: [perfLockRel] hdl:94114, idx:2
06-07 03:16:01.224   838   904 I libPowerHal: [PD] scn:2 hdl:94114 hint:11 comm:mtkpower@1.0-se pid:838
06-07 03:16:01.225   838   854 I mtkpower@impl: [mtkPowerHint] hint:23, hold:0, ext:30, ext_hold:5
06-07 03:16:01.225   838   904 I libPowerHal: [perfLockRel] hdl:94115, idx:3
06-07 03:16:01.225   838   904 I libPowerHal: [PD] scn:3 hdl:94115 hint:23 comm:mtkpower@1.0-se pid:838
06-07 03:16:01.225  2605  2605 E Parcel  : Reading a NULL string not supported here.
06-07 03:16:01.226  1650  3081 D InputMethodManagerService: isSecurity: attribute.packageName=com.example.dogglers
06-07 03:16:01.226  1650  3081 D InputMethodManagerService: isSecurity= false (  enable=false needShow=false inBlackList=false  isExist=true )
06-07 03:16:01.226  1650  3081 D OplusVerificationCodeController: notifyImeAttributeChanged: 64false
06-07 03:16:01.226   874   874 D OppoExLayer: ~Layer() sequence=41090, name=Surface(name=669131f NavigationBar0)/@0xe54d8f7 - animation-leash#1@0xb400007bf38a0000
06-07 03:16:01.226   874   874 D OppoExLayer: ~Layer() sequence=41089, name=Surface(name=7b5d0e3 StatusBar)/@0x39afcf6 - animation-leash#1@0xb400007bf38d8000
06-07 03:16:01.227 21564 23949 E Parcel  : Reading a NULL string not supported here.
06-07 03:16:01.228  2605  2605 V PhoneWindow: DecorView setVisiblity: visibility = 4, Parent = android.view.ViewRootImpl@e89527c, this = DecorView@844cf49[Launcher]
06-07 03:16:01.225   838   904 I libPowerHal: [PD] MTKPOWER_HINT_ACT_SWITCH update cmd:1000000, param:-1
06-07 03:16:01.228   838   904 I libPowerHal: [PD] MTKPOWER_HINT_ACT_SWITCH update cmd:1408300 param:0
06-07 03:16:01.228   838   904 I libPowerHal: [PD] MTKPOWER_HINT_ACT_SWITCH update cmd:1000000 param:-1
06-07 03:16:01.228   838   904 I libPowerHal: [perfLockAcq] idx:2 hdl:94118 hint:30 pid:838 duration:5 => ret_hdl:94118
06-07 03:16:01.228   838   904 I libPowerHal: [PE] scn:2 hdl:94118 hint:30 comm:mtkpower@1.0-se pid:838
06-07 03:16:01.228   838   904 I libPowerHal: [PE] MTKPOWER_HINT_EXT_LAUNCH update cmd:1000000, param:1
06-07 03:16:01.229   838   904 I libPowerHal: [PE] MTKPOWER_HINT_EXT_LAUNCH update cmd:2020000, param:15
06-07 03:16:01.229   838   904 I libPowerHal: [PE] MTKPOWER_HINT_EXT_LAUNCH update cmd:1408300, param:40
06-07 03:16:01.229   838   904 I libPowerHal: [PE] MTKPOWER_HINT_EXT_LAUNCH update cmd:1000000 param:1
06-07 03:16:01.230 21564 23949 E Parcel  : Reading a NULL string not supported here.
06-07 03:16:01.231   874  3098 D DispPerfService: get hint proc=Surface(name=613b6a7 InputMethod), idx=0 none
06-07 03:16:01.231 21564 23949 E Parcel  : Reading a NULL string not supported here.
06-07 03:16:01.233  3894  3894 I GoogleInputMethodService: GoogleInputMethodService.onFinishInput():3204
06-07 03:16:01.233  3894  3894 I GoogleInputMethodService: GoogleInputMethodService.updateDeviceLockedStatus():2100 checkRepeatedly = false, unlocked = true
06-07 03:16:01.234  3894  3894 I GoogleInputMethodService: GoogleInputMethodService.onStartInput():1903 onStartInput(EditorInfo{inputType=0x0(NULL) imeOptions=0x0 privateImeOptions=null actionName=UNSPECIFIED actionLabel=null actionId=0 initialSelStart=-1 initialSelEnd=-1 initialCapsMode=0x0 hintText=null label=null packageName=com.example.dogglers fieldId=-1 fieldName=null extras=null}, false)
06-07 03:16:01.234   838   904 I mtkpower@impl: [powerd_req] TIMER_MSG_PERF_LOCK_TIMEOUT hdl:94118
06-07 03:16:01.234   838   904 I libPowerHal: [perfLockRel] hdl:94118, idx:2
06-07 03:16:01.234   838   904 I libPowerHal: [PD] scn:2 hdl:94118 hint:30 comm:mtkpower@1.0-se pid:838
06-07 03:16:01.234   838   904 I libPowerHal: [PD] MTKPOWER_HINT_EXT_LAUNCH update cmd:1000000, param:-1
06-07 03:16:01.234   838   904 I libPowerHal: [PD] MTKPOWER_HINT_EXT_LAUNCH update cmd:2020000 param:1
06-07 03:16:01.234   838   904 I libPowerHal: [PD] MTKPOWER_HINT_EXT_LAUNCH update cmd:1408300 param:0
06-07 03:16:01.234  3894  3894 I GoogleInputMethodService: GoogleInputMethodService.updateDeviceLockedStatus():2100 checkRepeatedly = true, unlocked = true
06-07 03:16:01.234   838   904 I libPowerHal: [PD] MTKPOWER_HINT_EXT_LAUNCH update cmd:1000000 param:-1
06-07 03:16:01.241  1650  2822 D OppoDisplayPolicy: com.android.systemui, change system app cutoutMode: color always
06-07 03:16:01.241  3894  3894 V PhoneWindow: DecorView setVisiblity: visibility = 8, Parent = android.view.ViewRootImpl@fc11c41, this = DecorView@71b05e6[InputMethod]
06-07 03:16:01.249   874   874 I BufferQueueConsumer: [com.oppo.launcher/com.oppo.launcher.Launcher#0](id:36a00001f68,api:0,p:-1,c:874) disconnect()
06-07 03:16:01.249   874   874 I BufferQueue: [com.oppo.launcher/com.oppo.launcher.Launcher#0](this:0xb400007bda140c58,id:8040,api:1,p:-1,c:-1) onDestructor()
06-07 03:16:01.249   874   874 D OppoExLayer: ~Layer() sequence=41071, name=com.oppo.launcher/com.oppo.launcher.Launcher#0@0xb400007be40f9000
06-07 03:16:01.249  1172 24788 W MtkOmxVdecExV4L2: ## [WARNING, 110] GetCmd() line: 407 No command in 5 seconds ...
06-07 03:16:01.250   874   874 D OppoExLayer: ~Layer() sequence=41092, name=Surface(name=613b6a7 InputMethod)/@0x18076fd - animation-leash#1@0xb400007bcfd06000
06-07 03:16:01.251  1650  2822 I InputDispatcher: Window went away: com.oppo.launcher/com.oppo.launcher.Launcher#0
06-07 03:16:01.252  1650  3081 D OppoDisplayPolicy: com.android.systemui, change system app cutoutMode: color always
06-07 03:16:01.258  1650  1918 I mtkpower_client: perf_lock_rel, hdl:94117, tid:1918
06-07 03:16:01.258  1650  1918 I mtkpower_client: perf_lock_acq, hdl:94117, dur:0, num:6, tid:1918
06-07 03:16:01.258   838   904 I libPowerHal: [perfLockRel] hdl:94117, idx:1
06-07 03:16:01.258   838   904 I libPowerHal: [PD] scn:1 hdl:94117 lock_user:system_server pid:1650 tid:1918 dur:0
06-07 03:16:01.259   838   904 I libPowerHal: system_server: cpu_ctrl set cpu freq: -1 -1 -1 -1
06-07 03:16:01.259   838   904 I libPowerHal: [PD] system_server update cmd:1410000 param:0
06-07 03:16:01.259  1650  1918 I mtkpower_client: ret_hdl:94119
06-07 03:16:01.259   838   904 I libPowerHal: [perfLockAcq] idx:1 hdl:94119 hint:-1 pid:1650 duration:0 => ret_hdl:94119
06-07 03:16:01.259   838   904 I libPowerHal: [PE] scn:1 hdl:94119 lock_user:system_server pid:1650 tid:1918 dur:0
06-07 03:16:01.259   838   904 I libPowerHal: system_server: cpu_ctrl set cpu freq: 2000000 -1 1419000 -1
06-07 03:16:01.294 21564 23949 E Parcel  : Reading a NULL string not supported here.
06-07 03:16:01.440  5326  5326 I ViewInteraction: Checking 'MatchesViewAssertion{viewMatcher=(view has effective visibility <VISIBLE> and view.getGlobalVisibleRect() to return non-empty rectangle)}' assertion on view view.getId() is <2131230945/com.example.dogglers:id/horizontal_recycler_view>
06-07 03:16:01.448  5326  5356 E Parcel  : Reading a NULL string not supported here.
06-07 03:16:01.450  1650  1918 I mtkpower_client: perf_lock_rel, hdl:94119, tid:1918
06-07 03:16:01.450  1650  1918 I mtkpower_client: perf_lock_acq, hdl:94119, dur:0, num:6, tid:1918
06-07 03:16:01.450   838   904 I libPowerHal: [perfLockRel] hdl:94119, idx:1
06-07 03:16:01.450   838   904 I libPowerHal: [PD] scn:1 hdl:94119 lock_user:system_server pid:1650 tid:1918 dur:0
06-07 03:16:01.451   838   904 I libPowerHal: system_server: cpu_ctrl set cpu freq: -1 -1 -1 -1
06-07 03:16:01.451  1650  1918 I mtkpower_client: ret_hdl:94120
06-07 03:16:01.452   838   904 I libPowerHal: [perfLockAcq] idx:1 hdl:94120 hint:-1 pid:1650 duration:0 => ret_hdl:94120
06-07 03:16:01.452   874  3098 D DispPerfService: get hint proc=ActivityRecord{26157c6 u0 com.example.dogglers, idx=0 none
06-07 03:16:01.452   838   904 I libPowerHal: [PE] scn:1 hdl:94120 lock_user:system_server pid:1650 tid:1918 dur:0
06-07 03:16:01.452   838   904 I libPowerHal: system_server: cpu_ctrl set cpu freq: 2000000 -1 1419000 -1
06-07 03:16:01.454   838   855 I mtkpower@impl: [setMode] type:5, enabled:1
06-07 03:16:01.454   838   904 I libPowerHal: [perfLockAcq] idx:2 hdl:94121 hint:11 pid:838 duration:30000 => ret_hdl:94121
06-07 03:16:01.454   838   904 I libPowerHal: [PE] scn:2 hdl:94121 hint:11 comm:mtkpower@1.0-se pid:838
06-07 03:16:01.455   838   904 I libPowerHal: LAUNCH: cpu_ctrl set cpu freq: 2000000 -1 2050000 -1
06-07 03:16:01.455   838   904 I libPowerHal: [PE] LAUNCH update cmd:1000000, param:0
06-07 03:16:01.455   838   904 I libPowerHal: [PE] LAUNCH update cmd:1408300, param:100
06-07 03:16:01.455   838   904 I libPowerHal: [PE] LAUNCH update cmd:1000000 param:0
06-07 03:16:01.456   838   904 I libPowerHal: [perfLockRel] hdl:94118, idx:-1
06-07 03:16:01.457   838   904 I libPowerHal: [perfLockAcq] idx:3 hdl:94122 hint:23 pid:838 duration:10000 => ret_hdl:94122
06-07 03:16:01.457   838   904 I libPowerHal: [PE] scn:3 hdl:94122 hint:23 comm:mtkpower@1.0-se pid:838
06-07 03:16:01.461  5326  5326 D LifecycleMonitor: Lifecycle status change: com.example.dogglers.HorizontalListActivity@87c92d2 in: PAUSED
06-07 03:16:01.461  5326  5326 V ActivityScenario: Activity lifecycle changed event received but ignored because the intent does not match. startActivityIntent=Intent { act=android.intent.action.MAIN cat=[android.intent.category.LAUNCHER] cmp=com.example.dogglers/.MainActivity }, activity.getIntent()=Intent { cmp=com.example.dogglers/.HorizontalListActivity mCallingUid=10209 }, activity=com.example.dogglers.HorizontalListActivity@87c92d2
06-07 03:16:01.464  1650  2821 I InputDispatcher: setFocusedApplication displayId=0 <invalid>
06-07 03:16:01.465   838   854 I mtkpower@impl: [notifyAppState] act com.example.dogglers.HorizontalListActivity => androidx.test.core.app.InstrumentationActivityInvoker$EmptyActivity
06-07 03:16:01.467  1650  2821 D Theia.NoFocusWindow: FocusWindowErrorScene CheckFreezeScreen
06-07 03:16:01.473  1650  1918 I mtkpower_client: perf_lock_rel, hdl:94120, tid:1918
06-07 03:16:01.473  1650  1918 I mtkpower_client: perf_lock_acq, hdl:94120, dur:0, num:6, tid:1918
06-07 03:16:01.473  5326  5435 E libEGL  : Invalid file path for libcolorx-loader.so
06-07 03:16:01.474   838   904 I libPowerHal: [perfLockRel] hdl:94120, idx:1
06-07 03:16:01.474   838   904 I libPowerHal: [PD] scn:1 hdl:94120 lock_user:system_server pid:1650 tid:1918 dur:0
06-07 03:16:01.474  1650  1918 I mtkpower_client: ret_hdl:94123
06-07 03:16:01.474   838   904 I libPowerHal: [perfLockAcq] idx:1 hdl:94123 hint:-1 pid:1650 duration:0 => ret_hdl:94123
06-07 03:16:01.474   838   904 I libPowerHal: [PE] scn:1 hdl:94123 lock_user:system_server pid:1650 tid:1918 dur:0
06-07 03:16:01.476  5326  5326 D LifecycleMonitor: Lifecycle status change: androidx.test.core.app.InstrumentationActivityInvoker$EmptyActivity@5144a78 in: PRE_ON_CREATE
06-07 03:16:01.476  5326  5326 V ActivityScenario: Activity lifecycle changed event received but ignored because the intent does not match. startActivityIntent=Intent { act=android.intent.action.MAIN cat=[android.intent.category.LAUNCHER] cmp=com.example.dogglers/.MainActivity }, activity.getIntent()=Intent { act=android.intent.action.MAIN cat=[android.intent.category.LAUNCHER] flg=0x10000000 cmp=com.example.dogglers/androidx.test.core.app.InstrumentationActivityInvoker$EmptyActivity mCallingUid=10209 }, activity=androidx.test.core.app.InstrumentationActivityInvoker$EmptyActivity@5144a78
06-07 03:16:01.481   874   874 I BufferQueueProducer: [FramebufferSurface](this:0xb400007bfe42eed0,id:-1,api:1,p:874,c:874) queueBuffer: fps=45.60 dur=1008.69 max=503.86 min=9.59
06-07 03:16:01.482   819   884 I hwcomposer: [HWCDisplay] [Display_0 (type:1)] fps:86.249809,dur:1008.70,max:23.49,min:8.45
06-07 03:16:01.488  5326  5326 D LifecycleMonitor: Lifecycle status change: androidx.test.core.app.InstrumentationActivityInvoker$EmptyActivity@5144a78 in: CREATED
06-07 03:16:01.488  5326  5326 V ActivityScenario: Activity lifecycle changed event received but ignored because the intent does not match. startActivityIntent=Intent { act=android.intent.action.MAIN cat=[android.intent.category.LAUNCHER] cmp=com.example.dogglers/.MainActivity }, activity.getIntent()=Intent { act=android.intent.action.MAIN cat=[android.intent.category.LAUNCHER] flg=0x10000000 cmp=com.example.dogglers/androidx.test.core.app.InstrumentationActivityInvoker$EmptyActivity mCallingUid=10209 }, activity=androidx.test.core.app.InstrumentationActivityInvoker$EmptyActivity@5144a78
06-07 03:16:01.488  1650  1663 I InputDispatcher: Focus left window: Window{a27e35b u0 com.example.dogglers/com.example.dogglers.HorizontalListActivity} in display 0
06-07 03:16:01.488  1650  1663 I InputDispatcher: Window went away: Window{a27e35b u0 com.example.dogglers/com.example.dogglers.HorizontalListActivity}
06-07 03:16:01.491  5326  5326 D LifecycleMonitor: Lifecycle status change: androidx.test.core.app.InstrumentationActivityInvoker$EmptyActivity@5144a78 in: STARTED
06-07 03:16:01.491  5326  5326 V ActivityScenario: Activity lifecycle changed event received but ignored because the intent does not match. startActivityIntent=Intent { act=android.intent.action.MAIN cat=[android.intent.category.LAUNCHER] cmp=com.example.dogglers/.MainActivity }, activity.getIntent()=Intent { act=android.intent.action.MAIN cat=[android.intent.category.LAUNCHER] flg=0x10000000 cmp=com.example.dogglers/androidx.test.core.app.InstrumentationActivityInvoker$EmptyActivity mCallingUid=10209 }, activity=androidx.test.core.app.InstrumentationActivityInvoker$EmptyActivity@5144a78
06-07 03:16:01.494  1650  1918 I mtkpower_client: perf_lock_rel, hdl:94123, tid:1918
06-07 03:16:01.494  1650  1918 I mtkpower_client: perf_lock_acq, hdl:94123, dur:0, num:6, tid:1918
06-07 03:16:01.494   838   904 I libPowerHal: [perfLockRel] hdl:94123, idx:1
06-07 03:16:01.494   838   904 I libPowerHal: [PD] scn:1 hdl:94123 lock_user:system_server pid:1650 tid:1918 dur:0
06-07 03:16:01.495  1650  1918 I mtkpower_client: ret_hdl:94124
06-07 03:16:01.495  5326  5326 D LifecycleMonitor: Lifecycle status change: androidx.test.core.app.InstrumentationActivityInvoker$EmptyActivity@5144a78 in: RESUMED
06-07 03:16:01.495   838   904 I libPowerHal: [perfLockAcq] idx:1 hdl:94124 hint:-1 pid:1650 duration:0 => ret_hdl:94124
06-07 03:16:01.495   838   904 I libPowerHal: [PE] scn:1 hdl:94124 lock_user:system_server pid:1650 tid:1918 dur:0
06-07 03:16:01.495  5326  5326 V ActivityScenario: Activity lifecycle changed event received but ignored because the intent does not match. startActivityIntent=Intent { act=android.intent.action.MAIN cat=[android.intent.category.LAUNCHER] cmp=com.example.dogglers/.MainActivity }, activity.getIntent()=Intent { act=android.intent.action.MAIN cat=[android.intent.category.LAUNCHER] flg=0x10000000 cmp=com.example.dogglers/androidx.test.core.app.InstrumentationActivityInvoker$EmptyActivity mCallingUid=10209 }, activity=androidx.test.core.app.InstrumentationActivityInvoker$EmptyActivity@5144a78
06-07 03:16:01.495  5326  5326 V PhoneWindow: DecorView setVisiblity: visibility = 4, Parent = null, this = DecorView@1a4eeb7[]
06-07 03:16:01.496   874  1504 I SurfaceFlinger: [SF client] NEW(0xb400007bf384f340) for (5326:com.example.dogglers)
06-07 03:16:01.499   874   874 D OppoExLayer: ~Layer() sequence=41101, name=Surface(name=ActivityRecord{27cce1f u0 com.example.dogglers/.MainActivity)/@0x9774df0 - animation-bounds#0@0xb400007be40fc000
06-07 03:16:01.499   874   874 D OppoExLayer: ~Layer() sequence=41100, name=Surface(name=ActivityRecord{27cce1f u0 com.example.dogglers/.MainActivity)/@0x9774df0 - animation-leash#0@0xb400007bd9e41000
06-07 03:16:01.499   874   874 D OppoExLayer: ~Layer() sequence=41099, name=Surface(name=ActivityRecord{c8f8cc8 u0 com.example.dogglers/.HorizontalListActivity)/@0x54229bf - animation-bounds#0@0xb400007bd9e3e000
06-07 03:16:01.499   874   874 D OppoExLayer: ~Layer() sequence=41098, name=Surface(name=ActivityRecord{c8f8cc8 u0 com.example.dogglers/.HorizontalListActivity)/@0x54229bf - animation-leash#0@0xb400007bda183000
06-07 03:16:01.501  5326  5326 D ViewRootImpl[InstrumentationActivityInvoker$EmptyActivity]: hardware acceleration = true , fakeHwAccelerated = false, sRendererDisabled = false, forceHwAccelerated = false, sSystemRendererDisabled = false
06-07 03:16:01.503  1650  2821 D OppoDisplayPolicy: com.example.dogglers, no change cutoutMode: 0
06-07 03:16:01.504   874  1504 D DispPerfService: get hint proc=c6af750 com.example.dogglers, idx=0 none
06-07 03:16:01.506  5326  5326 E libEGL  : Invalid file path for libcolorx-loader.so
06-07 03:16:01.506  5326  5326 I chatty  : uid=10209(com.example.dogglers) identical 4 lines
06-07 03:16:01.506  5326  5326 E libEGL  : Invalid file path for libcolorx-loader.so
06-07 03:16:01.506  5326  5326 I InputTransport: Create ARC handle: 0xb40000784f832cc0
06-07 03:16:01.507  5326  5326 V PhoneWindow: DecorView setVisiblity: visibility = 0, Parent = android.view.ViewRootImpl@f4a5342, this = DecorView@1a4eeb7[InstrumentationActivityInvoker$EmptyActivity]
06-07 03:16:01.515  1650  2821 D OppoDisplayPolicy: com.example.dogglers, no change cutoutMode: 0
06-07 03:16:01.517   874   951 D DispPerfService: get hint proc=com.example.dogglers, idx=0 none
06-07 03:16:01.517   874   951 I BufferQueueConsumer: [](id:36a00001f6c,api:0,p:-1,c:874) connect(): controlledByApp=false
06-07 03:16:01.517   874   951 I BufferQueue: [unnamed-874-8044](this:0xb400007bf391e258,id:8044,api:0,p:-1,c:-1) BufferQueue core=(874:/system/bin/surfaceflinger)
06-07 03:16:01.519   874   951 D DispPerfService: get hint proc=Surface(name=7b5d0e3 StatusBar), idx=0 none
06-07 03:16:01.520   874   951 D DispPerfService: get hint proc=Surface(name=669131f NavigationBar0), idx=0 none
06-07 03:16:01.522  1650  2821 D Theia.NoFocusWindow: FocusWindowErrorScene cancelCheckFreezeScreen
06-07 03:16:01.527   874   951 I BufferQueueProducer: [com.example.dogglers/androidx.test.core.app.InstrumentationActivityInvoker$EmptyActivity#0](id:36a00001f6c,api:1,p:5326,c:874) connect(): api=1 producerControlledByApp=false
06-07 03:16:01.534   874  1504 D DispPerfService: onframeavailable pid=5326, slot=0, seq=41105, name=com.example.dogglers:com.example.dogglers/androidx.test.core.app.InstrumentationActivityInvoker$EmptyActivity#0
06-07 03:16:01.535  1650  1663 I InputDispatcher: Window went away: com.example.dogglers/androidx.test.core.app.InstrumentationActivityInvoker$EmptyActivity#0
06-07 03:16:01.537   874  1504 I BufferQueueProducer: [com.example.dogglers/com.example.dogglers.MainActivity#0](id:36a00001f6a,api:1,p:5326,c:874) disconnect(): api=1
06-07 03:16:01.546  1650  1687 I ActivityTaskManager: Displayed com.example.dogglers/androidx.test.core.app.InstrumentationActivityInvoker$EmptyActivity: +97ms
06-07 03:16:01.551   874   874 D DispPerfService: Skip Bind Core, mCoreForSFBind:0
06-07 03:16:01.552  3894  3894 V PhoneWindow: DecorView setVisiblity: visibility = 8, Parent = android.view.ViewRootImpl@fc11c41, this = DecorView@71b05e6[InputMethod]
06-07 03:16:01.553  5326  5326 D LifecycleMonitor: Lifecycle status change: com.example.dogglers.MainActivity@7239702 in: STOPPED
06-07 03:16:01.553  5326  5326 V ActivityScenario: Update currentActivityStage to STOPPED, currentActivity=com.example.dogglers.MainActivity@7239702
06-07 03:16:01.554  5326  5326 V PhoneWindow: DecorView setVisiblity: visibility = 4, Parent = android.view.ViewRootImpl@a6813c3, this = DecorView@402ced4[MainActivity]
06-07 03:16:01.555  5326  5326 D LifecycleMonitor: Lifecycle status change: com.example.dogglers.MainActivity@7239702 in: DESTROYED
06-07 03:16:01.555  5326  5326 V ActivityScenario: Update currentActivityStage to DESTROYED, currentActivity=null
06-07 03:16:01.555   874   874 D OppoExLayer: ~Layer() sequence=41097, name=Surface(name=669131f NavigationBar0)/@0xe54d8f7 - animation-leash#0@0xb400007bda180000
06-07 03:16:01.555   874   874 D OppoExLayer: ~Layer() sequence=41096, name=Surface(name=7b5d0e3 StatusBar)/@0x39afcf6 - animation-leash#0@0xb400007bda187000
06-07 03:16:01.557  1650  2821 I InputDispatcher: Focus entered window: Window{c6af750 u0 com.example.dogglers/androidx.test.core.app.InstrumentationActivityInvoker$EmptyActivity} in display 0
06-07 03:16:01.557  5326  5326 D View    : [Warning] assignParent to null: this = DecorView@402ced4[MainActivity]
06-07 03:16:01.559  5326  5356 E Parcel  : Reading a NULL string not supported here.
06-07 03:16:01.559  5326  5326 I InputTransport: Destroy ARC handle: 0xb4000078659b67a0
06-07 03:16:01.561  1650  1918 I mtkpower_client: perf_lock_rel, hdl:94124, tid:1918
06-07 03:16:01.561  1650  1918 I mtkpower_client: perf_lock_acq, hdl:94124, dur:0, num:6, tid:1918
06-07 03:16:01.562   838   904 I libPowerHal: [perfLockRel] hdl:94124, idx:1
06-07 03:16:01.562   838   904 I libPowerHal: [PD] scn:1 hdl:94124 lock_user:system_server pid:1650 tid:1918 dur:0
06-07 03:16:01.562  1650  1918 I mtkpower_client: ret_hdl:94125
06-07 03:16:01.563   838   904 I libPowerHal: [perfLockAcq] idx:1 hdl:94125 hint:-1 pid:1650 duration:0 => ret_hdl:94125
06-07 03:16:01.563   838   904 I libPowerHal: [PE] scn:1 hdl:94125 lock_user:system_server pid:1650 tid:1918 dur:0
06-07 03:16:01.563   874   955 I BufferQueueProducer: [com.example.dogglers/com.example.dogglers.HorizontalListActivity#0](id:36a00001f6b,api:1,p:5326,c:874) disconnect(): api=1
06-07 03:16:01.565   874  1504 D DispPerfService: get hint proc=ActivityRecord{e2665f u0 com.example.dogglers, idx=0 none
06-07 03:16:01.567   874   874 D OppoExLayer: ~Layer() sequence=41087, name=847ef49 com.example.dogglers/com.example.dogglers.MainActivity#0@0xb400007bda0c8000
06-07 03:16:01.567   838   855 I mtkpower@impl: [setMode] type:5, enabled:1
06-07 03:16:01.567   874   874 I BufferQueueConsumer: [com.example.dogglers/com.example.dogglers.MainActivity#0](id:36a00001f6a,api:0,p:-1,c:874) disconnect()
06-07 03:16:01.567   874   874 I BufferQueue: [com.example.dogglers/com.example.dogglers.MainActivity#0](this:0xb400007bf391d458,id:8042,api:1,p:-1,c:-1) onDestructor()
06-07 03:16:01.567   874   874 D OppoExLayer: ~Layer() sequence=41088, name=com.example.dogglers/com.example.dogglers.MainActivity#0@0xb400007bf38eb000
06-07 03:16:01.567   838   904 I libPowerHal: [perfLockAcq] idx:4 hdl:94126 hint:11 pid:838 duration:30000 => ret_hdl:94126
06-07 03:16:01.567   838   904 I libPowerHal: [PE] scn:4 hdl:94126 hint:11 comm:mtkpower@1.0-se pid:838
06-07 03:16:01.568   838   904 I libPowerHal: [perfLockRel] hdl:94121, idx:2
06-07 03:16:01.568   838   904 I libPowerHal: [PD] scn:2 hdl:94121 hint:11 comm:mtkpower@1.0-se pid:838
06-07 03:16:01.568 23829 24786 I OplusFeedbackInfo: [sendFPSInfo:L314] mInputBufCnt = 0 fps, mOutputBufCnt = 0 fps, mRenderFrameCnt = 0 fps
06-07 03:16:01.568  1650  2821 I InputDispatcher: Window went away: com.example.dogglers/com.example.dogglers.MainActivity#0
06-07 03:16:01.569  1151  1176 D AtlasService: clientsCount 1
06-07 03:16:01.569  1151  1176 D AtlasService: notify 1025 to client
06-07 03:16:01.577  3894  3894 V PhoneWindow: DecorView setVisiblity: visibility = 8, Parent = android.view.ViewRootImpl@fc11c41, this = DecorView@71b05e6[InputMethod]
06-07 03:16:01.583  1650  2822 D InputMethodManagerService: isSecurity: attribute.packageName=com.example.dogglers
06-07 03:16:01.583  1650  2822 D InputMethodManagerService: isSecurity= false (  enable=false needShow=false inBlackList=false  isExist=true )
06-07 03:16:01.584  1650  2822 D OplusVerificationCodeController: notifyImeAttributeChanged: 64false
06-07 03:16:01.586   874  1504 D DispPerfService: get hint proc=Surface(name=613b6a7 InputMethod), idx=0 none
06-07 03:16:01.587  3894  3894 I GoogleInputMethodService: GoogleInputMethodService.onFinishInput():3204
06-07 03:16:01.587  5326  5326 D LifecycleMonitor: Lifecycle status change: androidx.test.core.app.InstrumentationActivityInvoker$EmptyActivity@5144a78 in: PAUSED
06-07 03:16:01.588  5326  5326 V ActivityScenario: Activity lifecycle changed event received but ignored because the intent does not match. startActivityIntent=Intent { act=android.intent.action.MAIN cat=[android.intent.category.LAUNCHER] cmp=com.example.dogglers/.MainActivity }, activity.getIntent()=Intent { act=android.intent.action.MAIN cat=[android.intent.category.LAUNCHER] flg=0x10000000 cmp=com.example.dogglers/androidx.test.core.app.InstrumentationActivityInvoker$EmptyActivity mCallingUid=10209 }, activity=androidx.test.core.app.InstrumentationActivityInvoker$EmptyActivity@5144a78
06-07 03:16:01.588  3894  3894 I GoogleInputMethodService: GoogleInputMethodService.updateDeviceLockedStatus():2100 checkRepeatedly = false, unlocked = true
06-07 03:16:01.588  3894  3894 I GoogleInputMethodService: GoogleInputMethodService.onStartInput():1903 onStartInput(EditorInfo{inputType=0x0(NULL) imeOptions=0x0 privateImeOptions=null actionName=UNSPECIFIED actionLabel=null actionId=0 initialSelStart=-1 initialSelEnd=-1 initialCapsMode=0x0 hintText=null label=null packageName=com.example.dogglers fieldId=-1 fieldName=null extras=null}, false)
06-07 03:16:01.589  3894  3894 I GoogleInputMethodService: GoogleInputMethodService.updateDeviceLockedStatus():2100 checkRepeatedly = true, unlocked = true
06-07 03:16:01.589   874   874 D OppoExLayer: ~Layer() sequence=41083, name=ActivityRecord{27cce1f u0 com.example.dogglers/.MainActivity#0@0xb400007bf39cb000
06-07 03:16:01.590  1650  3081 I InputDispatcher: setFocusedApplication displayId=0 <invalid>
06-07 03:16:01.592  1650  3081 D Theia.NoFocusWindow: FocusWindowErrorScene CheckFreezeScreen
06-07 03:16:01.593  1650  1918 I mtkpower_client: perf_lock_rel, hdl:94125, tid:1918
06-07 03:16:01.594  1650  1918 I mtkpower_client: perf_lock_acq, hdl:94125, dur:0, num:6, tid:1918
06-07 03:16:01.594   838   904 I libPowerHal: [perfLockRel] hdl:94125, idx:1
06-07 03:16:01.594   838   904 I libPowerHal: [PD] scn:1 hdl:94125 lock_user:system_server pid:1650 tid:1918 dur:0
06-07 03:16:01.594  1650  1918 I mtkpower_client: ret_hdl:94127
06-07 03:16:01.594   838   904 I libPowerHal: [perfLockAcq] idx:1 hdl:94127 hint:-1 pid:1650 duration:0 => ret_hdl:94127
06-07 03:16:01.594   838   904 I libPowerHal: [PE] scn:1 hdl:94127 lock_user:system_server pid:1650 tid:1918 dur:0
06-07 03:16:01.597  1650  2822 D OppoDisplayPolicy: com.android.systemui, change system app cutoutMode: color always
06-07 03:16:01.599  5326  5326 D LifecycleMonitor: Lifecycle status change: androidx.test.core.app.InstrumentationActivityInvoker$BootstrapActivity@bec309b in: DESTROYED
06-07 03:16:01.599  5326  5326 V ActivityScenario: Activity lifecycle changed event received but ignored because the intent does not match. startActivityIntent=Intent { act=android.intent.action.MAIN cat=[android.intent.category.LAUNCHER] cmp=com.example.dogglers/.MainActivity }, activity.getIntent()=Intent { act=android.intent.action.MAIN cat=[android.intent.category.LAUNCHER] flg=0x10008000 cmp=com.example.dogglers/androidx.test.core.app.InstrumentationActivityInvoker$BootstrapActivity (has extras) mCallingUid=10209 }, activity=androidx.test.core.app.InstrumentationActivityInvoker$BootstrapActivity@bec309b
06-07 03:16:01.602   874   874 D DispPerfService: Skip Bind Core, mCoreForSFBind:0
06-07 03:16:01.602  1650  1918 I mtkpower_client: perf_lock_rel, hdl:94127, tid:1918
06-07 03:16:01.602  1650  1918 I mtkpower_client: perf_lock_acq, hdl:94127, dur:0, num:6, tid:1918
06-07 03:16:01.602  5326  5436 E libEGL  : Invalid file path for libcolorx-loader.so
06-07 03:16:01.602   838   904 I libPowerHal: [perfLockRel] hdl:94127, idx:1
06-07 03:16:01.602   838   904 I libPowerHal: [PD] scn:1 hdl:94127 lock_user:system_server pid:1650 tid:1918 dur:0
06-07 03:16:01.603  1650  1918 I mtkpower_client: ret_hdl:94128
06-07 03:16:01.604   838   904 I libPowerHal: [perfLockAcq] idx:1 hdl:94128 hint:-1 pid:1650 duration:0 => ret_hdl:94128
06-07 03:16:01.604   838   904 I libPowerHal: [PE] scn:1 hdl:94128 lock_user:system_server pid:1650 tid:1918 dur:0
06-07 03:16:01.605  5326  5326 D LifecycleMonitor: Lifecycle status change: androidx.test.core.app.InstrumentationActivityInvoker$EmptyActivity@66d85bc in: PRE_ON_CREATE
06-07 03:16:01.606  5326  5326 V ActivityScenario: Activity lifecycle changed event received but ignored because the intent does not match. startActivityIntent=Intent { act=android.intent.action.MAIN cat=[android.intent.category.LAUNCHER] cmp=com.example.dogglers/.MainActivity }, activity.getIntent()=Intent { act=android.intent.action.MAIN cat=[android.intent.category.LAUNCHER] flg=0x10000000 cmp=com.example.dogglers/androidx.test.core.app.InstrumentationActivityInvoker$EmptyActivity mCallingUid=10209 }, activity=androidx.test.core.app.InstrumentationActivityInvoker$EmptyActivity@66d85bc
06-07 03:16:01.612   874   874 D OppoExLayer: ~Layer() sequence=41080, name=ActivityRecord{844d071 u0 com.example.dogglers/androidx.test.core.app.InstrumentationActivityInvoker$BootstrapActivity#0@0xb400007bf38db000
06-07 03:16:01.613  1650  2822 I InputDispatcher: Focus left window: Window{c6af750 u0 com.example.dogglers/androidx.test.core.app.InstrumentationActivityInvoker$EmptyActivity} in display 0
06-07 03:16:01.614  1650  2822 I InputDispatcher: Window went away: Window{c6af750 u0 com.example.dogglers/androidx.test.core.app.InstrumentationActivityInvoker$EmptyActivity}
06-07 03:16:01.617  5326  5326 D LifecycleMonitor: Lifecycle status change: androidx.test.core.app.InstrumentationActivityInvoker$EmptyActivity@66d85bc in: CREATED
06-07 03:16:01.618  5326  5326 V ActivityScenario: Activity lifecycle changed event received but ignored because the intent does not match. startActivityIntent=Intent { act=android.intent.action.MAIN cat=[android.intent.category.LAUNCHER] cmp=com.example.dogglers/.MainActivity }, activity.getIntent()=Intent { act=android.intent.action.MAIN cat=[android.intent.category.LAUNCHER] flg=0x10000000 cmp=com.example.dogglers/androidx.test.core.app.InstrumentationActivityInvoker$EmptyActivity mCallingUid=10209 }, activity=androidx.test.core.app.InstrumentationActivityInvoker$EmptyActivity@66d85bc
06-07 03:16:01.619  5326  5326 D LifecycleMonitor: Lifecycle status change: androidx.test.core.app.InstrumentationActivityInvoker$EmptyActivity@66d85bc in: STARTED
06-07 03:16:01.620  5326  5326 V ActivityScenario: Activity lifecycle changed event received but ignored because the intent does not match. startActivityIntent=Intent { act=android.intent.action.MAIN cat=[android.intent.category.LAUNCHER] cmp=com.example.dogglers/.MainActivity }, activity.getIntent()=Intent { act=android.intent.action.MAIN cat=[android.intent.category.LAUNCHER] flg=0x10000000 cmp=com.example.dogglers/androidx.test.core.app.InstrumentationActivityInvoker$EmptyActivity mCallingUid=10209 }, activity=androidx.test.core.app.InstrumentationActivityInvoker$EmptyActivity@66d85bc
06-07 03:16:01.622  1650  1918 I mtkpower_client: perf_lock_rel, hdl:94128, tid:1918
06-07 03:16:01.622  1650  1918 I mtkpower_client: perf_lock_acq, hdl:94128, dur:0, num:6, tid:1918
06-07 03:16:01.622   838   904 I libPowerHal: [perfLockRel] hdl:94128, idx:1
06-07 03:16:01.622   838   904 I libPowerHal: [PD] scn:1 hdl:94128 lock_user:system_server pid:1650 tid:1918 dur:0
06-07 03:16:01.623  1650  1918 I mtkpower_client: ret_hdl:94129
06-07 03:16:01.623  5326  5326 D LifecycleMonitor: Lifecycle status change: androidx.test.core.app.InstrumentationActivityInvoker$EmptyActivity@66d85bc in: RESUMED
06-07 03:16:01.623   838   904 I libPowerHal: [perfLockAcq] idx:1 hdl:94129 hint:-1 pid:1650 duration:0 => ret_hdl:94129
06-07 03:16:01.623   838   904 I libPowerHal: [PE] scn:1 hdl:94129 lock_user:system_server pid:1650 tid:1918 dur:0
06-07 03:16:01.623  5326  5326 V ActivityScenario: Activity lifecycle changed event received but ignored because the intent does not match. startActivityIntent=Intent { act=android.intent.action.MAIN cat=[android.intent.category.LAUNCHER] cmp=com.example.dogglers/.MainActivity }, activity.getIntent()=Intent { act=android.intent.action.MAIN cat=[android.intent.category.LAUNCHER] flg=0x10000000 cmp=com.example.dogglers/androidx.test.core.app.InstrumentationActivityInvoker$EmptyActivity mCallingUid=10209 }, activity=androidx.test.core.app.InstrumentationActivityInvoker$EmptyActivity@66d85bc
06-07 03:16:01.624  5326  5326 V PhoneWindow: DecorView setVisiblity: visibility = 4, Parent = null, this = DecorView@d75c5cb[]
06-07 03:16:01.624   874  1504 I SurfaceFlinger: [SF client] NEW(0xb400007bf38500c0) for (5326:com.example.dogglers)
06-07 03:16:01.629  5326  5326 D ViewRootImpl[InstrumentationActivityInvoker$EmptyActivity]: hardware acceleration = true , fakeHwAccelerated = false, sRendererDisabled = false, forceHwAccelerated = false, sSystemRendererDisabled = false
06-07 03:16:01.630  1650  1663 D OppoDisplayPolicy: com.example.dogglers, no change cutoutMode: 0
06-07 03:16:01.631   874   955 D DispPerfService: get hint proc=be3b374 com.example.dogglers, idx=0 none
06-07 03:16:01.633  5326  5326 E libEGL  : Invalid file path for libcolorx-loader.so
06-07 03:16:01.633  5326  5326 I chatty  : uid=10209(com.example.dogglers) identical 4 lines
06-07 03:16:01.633  5326  5326 E libEGL  : Invalid file path for libcolorx-loader.so
06-07 03:16:01.633  5326  5326 I InputTransport: Create ARC handle: 0xb40000784f84c200
06-07 03:16:01.633  5326  5326 V PhoneWindow: DecorView setVisiblity: visibility = 0, Parent = android.view.ViewRootImpl@ca91466, this = DecorView@d75c5cb[InstrumentationActivityInvoker$EmptyActivity]
06-07 03:16:01.637  3894  3894 V PhoneWindow: DecorView setVisiblity: visibility = 8, Parent = android.view.ViewRootImpl@fc11c41, this = DecorView@71b05e6[InputMethod]
06-07 03:16:01.638  5326  5326 D LifecycleMonitor: Lifecycle status change: com.example.dogglers.HorizontalListActivity@87c92d2 in: STOPPED
06-07 03:16:01.638  5326  5326 V ActivityScenario: Activity lifecycle changed event received but ignored because the intent does not match. startActivityIntent=Intent { act=android.intent.action.MAIN cat=[android.intent.category.LAUNCHER] cmp=com.example.dogglers/.MainActivity }, activity.getIntent()=Intent { cmp=com.example.dogglers/.HorizontalListActivity mCallingUid=10209 }, activity=com.example.dogglers.HorizontalListActivity@87c92d2
06-07 03:16:01.640  5326  5326 V PhoneWindow: DecorView setVisiblity: visibility = 4, Parent = android.view.ViewRootImpl@c0d6f94, this = DecorView@28f3f01[HorizontalListActivity]
06-07 03:16:01.645  1650  2822 D OppoDisplayPolicy: com.example.dogglers, no change cutoutMode: 0
06-07 03:16:01.647   874   955 D DispPerfService: get hint proc=com.example.dogglers, idx=0 none
06-07 03:16:01.647   874   955 I BufferQueueConsumer: [](id:36a00001f6d,api:0,p:-1,c:874) connect(): controlledByApp=false
06-07 03:16:01.647   874   955 I BufferQueue: [unnamed-874-8045](this:0xb400007c946c0c58,id:8045,api:0,p:-1,c:-1) BufferQueue core=(874:/system/bin/surfaceflinger)
06-07 03:16:01.651   874   955 D DispPerfService: get hint proc=Surface(name=7b5d0e3 StatusBar), idx=0 none
06-07 03:16:01.652   874   955 D DispPerfService: get hint proc=Surface(name=669131f NavigationBar0), idx=0 none
06-07 03:16:01.654  1650  2822 D Theia.NoFocusWindow: FocusWindowErrorScene cancelCheckFreezeScreen
06-07 03:16:01.655  1650  1663 D OppoDisplayPolicy: com.android.systemui, change system app cutoutMode: color always
06-07 03:16:01.658   874  1504 I BufferQueueProducer: [com.example.dogglers/androidx.test.core.app.InstrumentationActivityInvoker$EmptyActivity#1](id:36a00001f6d,api:1,p:5326,c:874) connect(): api=1 producerControlledByApp=false
06-07 03:16:01.666   874   955 D DispPerfService: onframeavailable pid=5326, slot=0, seq=41111, name=com.example.dogglers:com.example.dogglers/androidx.test.core.app.InstrumentationActivityInvoker$EmptyActivity#1
06-07 03:16:01.667  1650  1663 D OppoDisplayPolicy: com.example.dogglers, no change cutoutMode: 0
06-07 03:16:01.670  1650  2822 I InputDispatcher: Window went away: com.example.dogglers/androidx.test.core.app.InstrumentationActivityInvoker$EmptyActivity#1
06-07 03:16:01.677  1650  1687 I ActivityTaskManager: Displayed com.example.dogglers/androidx.test.core.app.InstrumentationActivityInvoker$EmptyActivity: +117ms
06-07 03:16:01.681  1650  1663 I InputDispatcher: Focus entered window: Window{be3b374 u0 com.example.dogglers/androidx.test.core.app.InstrumentationActivityInvoker$EmptyActivity} in display 0
06-07 03:16:01.681  1650  1663 I InputDispatcher: Window went away: com.example.dogglers/com.example.dogglers.HorizontalListActivity#0
06-07 03:16:01.685   874   874 D DispPerfService: Skip Bind Core, mCoreForSFBind:0
06-07 03:16:01.687  3894  3894 V PhoneWindow: DecorView setVisiblity: visibility = 8, Parent = android.view.ViewRootImpl@fc11c41, this = DecorView@71b05e6[InputMethod]
06-07 03:16:01.690  1650  2821 D InputMethodManagerService: isSecurity: attribute.packageName=com.example.dogglers
06-07 03:16:01.690  1650  2821 D InputMethodManagerService: isSecurity= false (  enable=false needShow=false inBlackList=false  isExist=true )
06-07 03:16:01.691  1650  2821 D OplusVerificationCodeController: notifyImeAttributeChanged: 64false
06-07 03:16:01.691   874   874 D OppoExLayer: ~Layer() sequence=41107, name=Surface(name=669131f NavigationBar0)/@0xe54d8f7 - animation-leash#1@0xb400007bd9819000
06-07 03:16:01.692   874   874 I BufferQueueConsumer: [com.example.dogglers/com.example.dogglers.HorizontalListActivity#0](id:36a00001f6b,api:0,p:-1,c:874) disconnect()
06-07 03:16:01.692   874   874 I BufferQueue: [com.example.dogglers/com.example.dogglers.HorizontalListActivity#0](this:0xb400007bda141a58,id:8043,api:1,p:-1,c:-1) onDestructor()
06-07 03:16:01.692   874   874 D OppoExLayer: ~Layer() sequence=41095, name=com.example.dogglers/com.example.dogglers.HorizontalListActivity#0@0xb400007be4120000
06-07 03:16:01.692   874   874 D OppoExLayer: ~Layer() sequence=41106, name=Surface(name=7b5d0e3 StatusBar)/@0x39afcf6 - animation-leash#1@0xb400007bf39a7000
06-07 03:16:01.693   874  1504 D DispPerfService: get hint proc=Surface(name=613b6a7 InputMethod), idx=0 none
06-07 03:16:01.695  3894  3894 I GoogleInputMethodService: GoogleInputMethodService.onFinishInput():3204
06-07 03:16:01.697  3894  3894 I GoogleInputMethodService: GoogleInputMethodService.updateDeviceLockedStatus():2100 checkRepeatedly = false, unlocked = true
06-07 03:16:01.697  3894  3894 I GoogleInputMethodService: GoogleInputMethodService.onStartInput():1903 onStartInput(EditorInfo{inputType=0x0(NULL) imeOptions=0x0 privateImeOptions=null actionName=UNSPECIFIED actionLabel=null actionId=0 initialSelStart=-1 initialSelEnd=-1 initialCapsMode=0x0 hintText=null label=null packageName=com.example.dogglers fieldId=-1 fieldName=null extras=null}, false)
06-07 03:16:01.698  3894  3894 I GoogleInputMethodService: GoogleInputMethodService.updateDeviceLockedStatus():2100 checkRepeatedly = true, unlocked = true
