06-07 03:16:00.021   838   904 I libPowerHal: [PE] LAUNCH update cmd:1000000, param:0
06-07 03:16:00.021   838   904 I libPowerHal: [PE] LAUNCH update cmd:1408300, param:100
06-07 03:16:00.022   838   904 I libPowerHal: [PE] LAUNCH update cmd:1000000 param:0
06-07 03:16:00.022   838   904 I libPowerHal: [perfLockRel] hdl:94084, idx:-1
06-07 03:16:00.023   838   904 I libPowerHal: [perfLockAcq] idx:3 hdl:94087 hint:23 pid:838 duration:10000 => ret_hdl:94087
06-07 03:16:00.023   838   904 I libPowerHal: [PE] scn:3 hdl:94087 hint:23 comm:mtkpower@1.0-se pid:838
06-07 03:16:00.027  5326  5326 D LifecycleMonitor: Lifecycle status change: com.example.dogglers.MainActivity@938999 in: PAUSED
06-07 03:16:00.028  5326  5326 V ActivityScenario: Update currentActivityStage to PAUSED, currentActivity=com.example.dogglers.MainActivity@938999
06-07 03:16:00.031  1650  5021 I InputDispatcher: setFocusedApplication displayId=0 <invalid>
06-07 03:16:00.031   838   854 I mtkpower@impl: [notifyAppState] act com.example.dogglers.MainActivity => androidx.test.core.app.InstrumentationActivityInvoker$EmptyActivity
06-07 03:16:00.034  1650  5021 D Theia.NoFocusWindow: FocusWindowErrorScene CheckFreezeScreen
06-07 03:16:00.040   874   874 D DispPerfService: Skip Bind Core, mCoreForSFBind:0
06-07 03:16:00.041  1650  1918 I mtkpower_client: perf_lock_rel, hdl:94085, tid:1918
06-07 03:16:00.041  1650  1918 I mtkpower_client: perf_lock_acq, hdl:94085, dur:0, num:10, tid:1918
06-07 03:16:00.041   838   904 I libPowerHal: [perfLockRel] hdl:94085, idx:1
06-07 03:16:00.041   838   904 I libPowerHal: [PD] scn:1 hdl:94085 lock_user:system_server pid:1650 tid:1918 dur:0
06-07 03:16:00.041   838   904 I libPowerHal: [PD] system_server update cmd:1410000 param:0
06-07 03:16:00.042  5326  5419 E libEGL  : Invalid file path for libcolorx-loader.so
06-07 03:16:00.042  1650  1918 I mtkpower_client: ret_hdl:94088
06-07 03:16:00.042   838   904 I libPowerHal: cmdSetting - unknown cmd:1c3c000, scmd:(null) ,param_1:0
06-07 03:16:00.042   838   904 I libPowerHal: [perfLockAcq] idx:1 hdl:94088 hint:-1 pid:1650 duration:0 => ret_hdl:94088
06-07 03:16:00.042   838   904 I libPowerHal: [PE] scn:1 hdl:94088 lock_user:system_server pid:1650 tid:1918 dur:0
06-07 03:16:00.042   838   904 I libPowerHal: [PE] system_server update cmd:1410000, param:1
06-07 03:16:00.045  5326  5326 D LifecycleMonitor: Lifecycle status change: androidx.test.core.app.InstrumentationActivityInvoker$EmptyActivity@2f5c4a7 in: PRE_ON_CREATE
06-07 03:16:00.045  5326  5326 V ActivityScenario: Activity lifecycle changed event received but ignored because the intent does not match. startActivityIntent=Intent { act=android.intent.action.MAIN cat=[android.intent.category.LAUNCHER] cmp=com.example.dogglers/.MainActivity }, activity.getIntent()=Intent { act=android.intent.action.MAIN cat=[android.intent.category.LAUNCHER] flg=0x10000000 cmp=com.example.dogglers/androidx.test.core.app.InstrumentationActivityInvoker$EmptyActivity mCallingUid=10209 }, activity=androidx.test.core.app.InstrumentationActivityInvoker$EmptyActivity@2f5c4a7
06-07 03:16:00.047  1650  3143 I InputDispatcher: Focus left window: Window{2c6dcf4 u0 com.example.dogglers/com.example.dogglers.MainActivity} in display 0
06-07 03:16:00.047  1650  3143 I InputDispatcher: Window went away: Window{2c6dcf4 u0 com.example.dogglers/com.example.dogglers.MainActivity}
06-07 03:16:00.051   874   951 I BufferQueueProducer: [StatusBar#0](this:0xb400007c946c6058,id:7,api:1,p:2080,c:874) queueBuffer: fps=0.48 dur=2087.71 max=2087.71 min=2087.71
06-07 03:16:00.052  1650  3143 D OppoDisplayPolicy: com.android.systemui, change system app cutoutMode: color always
06-07 03:16:00.065  5326  5326 D LifecycleMonitor: Lifecycle status change: androidx.test.core.app.InstrumentationActivityInvoker$EmptyActivity@2f5c4a7 in: CREATED
06-07 03:16:00.066  5326  5326 V ActivityScenario: Activity lifecycle changed event received but ignored because the intent does not match. startActivityIntent=Intent { act=android.intent.action.MAIN cat=[android.intent.category.LAUNCHER] cmp=com.example.dogglers/.MainActivity }, activity.getIntent()=Intent { act=android.intent.action.MAIN cat=[android.intent.category.LAUNCHER] flg=0x10000000 cmp=com.example.dogglers/androidx.test.core.app.InstrumentationActivityInvoker$EmptyActivity mCallingUid=10209 }, activity=androidx.test.core.app.InstrumentationActivityInvoker$EmptyActivity@2f5c4a7
06-07 03:16:00.068  5326  5326 D LifecycleMonitor: Lifecycle status change: androidx.test.core.app.InstrumentationActivityInvoker$EmptyActivity@2f5c4a7 in: STARTED
06-07 03:16:00.069  5326  5326 V ActivityScenario: Activity lifecycle changed event received but ignored because the intent does not match. startActivityIntent=Intent { act=android.intent.action.MAIN cat=[android.intent.category.LAUNCHER] cmp=com.example.dogglers/.MainActivity }, activity.getIntent()=Intent { act=android.intent.action.MAIN cat=[android.intent.category.LAUNCHER] flg=0x10000000 cmp=com.example.dogglers/androidx.test.core.app.InstrumentationActivityInvoker$EmptyActivity mCallingUid=10209 }, activity=androidx.test.core.app.InstrumentationActivityInvoker$EmptyActivity@2f5c4a7
06-07 03:16:00.071  1650  1918 I mtkpower_client: perf_lock_rel, hdl:94088, tid:1918
06-07 03:16:00.071  1650  1918 I mtkpower_client: perf_lock_acq, hdl:94088, dur:0, num:6, tid:1918
06-07 03:16:00.072  5326  5326 D LifecycleMonitor: Lifecycle status change: androidx.test.core.app.InstrumentationActivityInvoker$EmptyActivity@2f5c4a7 in: RESUMED
06-07 03:16:00.072   838   904 I libPowerHal: [perfLockRel] hdl:94088, idx:1
06-07 03:16:00.072   838   904 I libPowerHal: [PD] scn:1 hdl:94088 lock_user:system_server pid:1650 tid:1918 dur:0
06-07 03:16:00.072   838   904 I libPowerHal: [PD] system_server update cmd:1410000 param:0
06-07 03:16:00.072  5326  5326 V ActivityScenario: Activity lifecycle changed event received but ignored because the intent does not match. startActivityIntent=Intent { act=android.intent.action.MAIN cat=[android.intent.category.LAUNCHER] cmp=com.example.dogglers/.MainActivity }, activity.getIntent()=Intent { act=android.intent.action.MAIN cat=[android.intent.category.LAUNCHER] flg=0x10000000 cmp=com.example.dogglers/androidx.test.core.app.InstrumentationActivityInvoker$EmptyActivity mCallingUid=10209 }, activity=androidx.test.core.app.InstrumentationActivityInvoker$EmptyActivity@2f5c4a7
06-07 03:16:00.073  1650  1918 I mtkpower_client: ret_hdl:94089
06-07 03:16:00.073  5326  5326 V PhoneWindow: DecorView setVisiblity: visibility = 4, Parent = null, this = DecorView@b715931[]
06-07 03:16:00.073   838   904 I libPowerHal: [perfLockAcq] idx:1 hdl:94089 hint:-1 pid:1650 duration:0 => ret_hdl:94089
06-07 03:16:00.073   838   904 I libPowerHal: [PE] scn:1 hdl:94089 lock_user:system_server pid:1650 tid:1918 dur:0
06-07 03:16:00.073   874  1504 I SurfaceFlinger: [SF client] NEW(0xb400007bfe7a0580) for (5326:com.example.dogglers)
06-07 03:16:00.078  5326  5326 D ViewRootImpl[InstrumentationActivityInvoker$EmptyActivity]: hardware acceleration = true , fakeHwAccelerated = false, sRendererDisabled = false, forceHwAccelerated = false, sSystemRendererDisabled = false
06-07 03:16:00.078 21564 23383 E Parcel  : Reading a NULL string not supported here.
06-07 03:16:00.080  1650  1663 D OppoDisplayPolicy: com.example.dogglers, no change cutoutMode: 0
06-07 03:16:00.080   874  1504 D DispPerfService: get hint proc=c30a9ff com.example.dogglers, idx=0 none
06-07 03:16:00.082  5326  5326 E libEGL  : Invalid file path for libcolorx-loader.so
06-07 03:16:00.083  5326  5326 I chatty  : uid=10209(com.example.dogglers) identical 4 lines
06-07 03:16:00.083  5326  5326 E libEGL  : Invalid file path for libcolorx-loader.so
06-07 03:16:00.083  5326  5326 I InputTransport: Create ARC handle: 0xb400007865925ce0
06-07 03:16:00.083  5326  5326 V PhoneWindow: DecorView setVisiblity: visibility = 0, Parent = android.view.ViewRootImpl@8953384, this = DecorView@b715931[InstrumentationActivityInvoker$EmptyActivity]
06-07 03:16:00.091  1650  1663 D OppoDisplayPolicy: com.example.dogglers, no change cutoutMode: 0
06-07 03:16:00.094   874   951 D DispPerfService: get hint proc=com.example.dogglers, idx=0 none
06-07 03:16:00.094   874   951 I BufferQueueConsumer: [](id:36a00001f66,api:0,p:-1,c:874) connect(): controlledByApp=false
06-07 03:16:00.094   874   951 I BufferQueue: [unnamed-874-8038](this:0xb400007bf391c658,id:8038,api:0,p:-1,c:-1) BufferQueue core=(874:/system/bin/surfaceflinger)
06-07 03:16:00.097   874   951 D DispPerfService: get hint proc=Surface(name=7b5d0e3 StatusBar), idx=0 none
06-07 03:16:00.098   874   951 D DispPerfService: get hint proc=Surface(name=669131f NavigationBar0), idx=0 none
06-07 03:16:00.099  1650  1663 D Theia.NoFocusWindow: FocusWindowErrorScene cancelCheckFreezeScreen
06-07 03:16:00.103   874   951 I BufferQueueProducer: [com.example.dogglers/androidx.test.core.app.InstrumentationActivityInvoker$EmptyActivity#0](id:36a00001f66,api:1,p:5326,c:874) connect(): api=1 producerControlledByApp=false
06-07 03:16:00.105  5326  5421 E Parcel  : Reading a NULL string not supported here.
06-07 03:16:00.106 25480 25500 I FontLog : Received query Noto Color Emoji Compat, URI content://com.google.android.gms.fonts [CONTEXT service_id=132 ]
06-07 03:16:00.106 25480 25500 I FontLog : Query [emojicompat-emoji-font] resolved to {Noto Color Emoji Compat, wdth 100.0, wght 400, ital 0.0, bestEffort false} [CONTEXT service_id=132 ]
06-07 03:16:00.108 25480 25500 I FontLog : Fetch {Noto Color Emoji Compat, wdth 100.0, wght 400, ital 0.0, bestEffort false} end status Status{statusCode=SUCCESS, resolution=null} [CONTEXT service_id=132 ]
06-07 03:16:00.114 25480 27097 I FontLog : Pulling font file for id = 304, cache size = 6 [CONTEXT service_id=132 ]
06-07 03:16:00.115  1650  1663 I InputDispatcher: Window went away: com.example.dogglers/androidx.test.core.app.InstrumentationActivityInvoker$EmptyActivity#0
06-07 03:16:00.119 25480 27097 I FontLog : Pulling font file for id = 304, cache size = 6 [CONTEXT service_id=132 ]
06-07 03:16:00.153   874   951 D DispPerfService: onframeavailable pid=5326, slot=0, seq=41060, name=com.example.dogglers:com.example.dogglers/androidx.test.core.app.InstrumentationActivityInvoker$EmptyActivity#0
06-07 03:16:00.157  1650  1687 I ActivityTaskManager: Displayed com.example.dogglers/androidx.test.core.app.InstrumentationActivityInvoker$EmptyActivity: +139ms
06-07 03:16:00.161  1650  3143 I InputDispatcher: Focus entered window: Window{c30a9ff u0 com.example.dogglers/androidx.test.core.app.InstrumentationActivityInvoker$EmptyActivity} in display 0
06-07 03:16:00.163  3894  3894 V PhoneWindow: DecorView setVisiblity: visibility = 8, Parent = android.view.ViewRootImpl@fc11c41, this = DecorView@71b05e6[InputMethod]
06-07 03:16:00.166   874   874 D DispPerfService: Skip Bind Core, mCoreForSFBind:0
06-07 03:16:00.170  5326  5356 E Parcel  : Reading a NULL string not supported here.
06-07 03:16:00.171   874   874 D OppoExLayer: ~Layer() sequence=41055, name=Surface(name=669131f NavigationBar0)/@0xe54d8f7 - animation-leash#0@0xb400007bf3855000
06-07 03:16:00.171   874   874 D OppoExLayer: ~Layer() sequence=41054, name=Surface(name=7b5d0e3 StatusBar)/@0x39afcf6 - animation-leash#0@0xb400007bf3931000
06-07 03:16:00.171  5326  5326 D LifecycleMonitor: Lifecycle status change: com.example.dogglers.MainActivity@938999 in: STOPPED
06-07 03:16:00.172  5326  5326 V ActivityScenario: Update currentActivityStage to STOPPED, currentActivity=com.example.dogglers.MainActivity@938999
06-07 03:16:00.173  5326  5326 V PhoneWindow: DecorView setVisiblity: visibility = 4, Parent = android.view.ViewRootImpl@fe22519, this = DecorView@4ed99de[MainActivity]
06-07 03:16:00.174  1650  1918 I mtkpower_client: perf_lock_rel, hdl:94089, tid:1918
06-07 03:16:00.174  5326  5326 D LifecycleMonitor: Lifecycle status change: com.example.dogglers.MainActivity@938999 in: DESTROYED
06-07 03:16:00.175  1650  1918 I mtkpower_client: perf_lock_acq, hdl:94089, dur:0, num:6, tid:1918
06-07 03:16:00.175  5326  5326 V ActivityScenario: Update currentActivityStage to DESTROYED, currentActivity=null
06-07 03:16:00.175   838   904 I libPowerHal: [perfLockRel] hdl:94089, idx:1
06-07 03:16:00.175   838   904 I libPowerHal: [PD] scn:1 hdl:94089 lock_user:system_server pid:1650 tid:1918 dur:0
06-07 03:16:00.176  1650  1918 I mtkpower_client: ret_hdl:94090
06-07 03:16:00.176   838   904 I libPowerHal: [perfLockAcq] idx:1 hdl:94090 hint:-1 pid:1650 duration:0 => ret_hdl:94090
06-07 03:16:00.176   838   904 I libPowerHal: [PE] scn:1 hdl:94090 lock_user:system_server pid:1650 tid:1918 dur:0
06-07 03:16:00.176   874  3098 D DispPerfService: get hint proc=ActivityRecord{358a4da u0 com.example.dogglers, idx=0 none
06-07 03:16:00.178   838   855 I mtkpower@impl: [setMode] type:5, enabled:1
06-07 03:16:00.179   838   904 I libPowerHal: [perfLockAcq] idx:4 hdl:94091 hint:11 pid:838 duration:30000 => ret_hdl:94091
06-07 03:16:00.179   838   904 I libPowerHal: [PE] scn:4 hdl:94091 hint:11 comm:mtkpower@1.0-se pid:838
06-07 03:16:00.180   874  1504 I BufferQueueProducer: [com.example.dogglers/com.example.dogglers.MainActivity#0](id:36a00001f65,api:1,p:5326,c:874) disconnect(): api=1
06-07 03:16:00.181  5326  5326 D View    : [Warning] assignParent to null: this = DecorView@4ed99de[MainActivity]
06-07 03:16:00.181   838   904 I libPowerHal: [perfLockRel] hdl:94086, idx:2
06-07 03:16:00.181   838   904 I libPowerHal: [PD] scn:2 hdl:94086 hint:11 comm:mtkpower@1.0-se pid:838
06-07 03:16:00.183   874  1504 D DispPerfService: get hint proc=Surface(name=613b6a7 InputMethod), idx=0 none
06-07 03:16:00.188  5326  5326 I InputTransport: Destroy ARC handle: 0xb400007803654400
06-07 03:16:00.188  3894  3894 V PhoneWindow: DecorView setVisiblity: visibility = 8, Parent = android.view.ViewRootImpl@fc11c41, this = DecorView@71b05e6[InputMethod]
06-07 03:16:00.192  1650  5021 D InputMethodManagerService: isSecurity: attribute.packageName=com.example.dogglers
06-07 03:16:00.192  1650  5021 D InputMethodManagerService: isSecurity= false (  enable=false needShow=false inBlackList=false  isExist=true )
06-07 03:16:00.192  1650  5021 D OplusVerificationCodeController: notifyImeAttributeChanged: 64false
06-07 03:16:00.194   874   874 D OppoExLayer: ~Layer() sequence=41052, name=2c6dcf4 com.example.dogglers/com.example.dogglers.MainActivity#0@0xb400007bda129000
06-07 03:16:00.194   874   874 I BufferQueueConsumer: [com.example.dogglers/com.example.dogglers.MainActivity#0](id:36a00001f65,api:0,p:-1,c:874) disconnect()
06-07 03:16:00.194   874   874 I BufferQueue: [com.example.dogglers/com.example.dogglers.MainActivity#0](this:0xb400007c11e8c658,id:8037,api:1,p:-1,c:-1) onDestructor()
06-07 03:16:00.195   874   874 D OppoExLayer: ~Layer() sequence=41053, name=com.example.dogglers/com.example.dogglers.MainActivity#0@0xb400007bf3913000
06-07 03:16:00.197  1650  2822 I InputDispatcher: Window went away: com.example.dogglers/com.example.dogglers.MainActivity#0
06-07 03:16:00.197   874   951 D DispPerfService: get hint proc=Surface(name=613b6a7 InputMethod), idx=0 none
06-07 03:16:00.197  1195  1195 D AALLightSensor: oldLux=8 [SA:8 LA:6] newLux=8 (oriLux: 9)
06-07 03:16:00.198  3894  3894 I GoogleInputMethodService: GoogleInputMethodService.onFinishInput():3204
06-07 03:16:00.200  3894  3894 I GoogleInputMethodService: GoogleInputMethodService.updateDeviceLockedStatus():2100 checkRepeatedly = false, unlocked = true
06-07 03:16:00.201  3894  3894 I GoogleInputMethodService: GoogleInputMethodService.onStartInput():1903 onStartInput(EditorInfo{inputType=0x0(NULL) imeOptions=0x0 privateImeOptions=null actionName=UNSPECIFIED actionLabel=null actionId=0 initialSelStart=-1 initialSelEnd=-1 initialCapsMode=0x0 hintText=null label=null packageName=com.example.dogglers fieldId=-1 fieldName=null extras=null}, false)
06-07 03:16:00.201  3894  3894 I GoogleInputMethodService: GoogleInputMethodService.updateDeviceLockedStatus():2100 checkRepeatedly = true, unlocked = true
06-07 03:16:00.204  5326  5326 D LifecycleMonitor: Lifecycle status change: androidx.test.core.app.InstrumentationActivityInvoker$EmptyActivity@2f5c4a7 in: PAUSED
06-07 03:16:00.204  5326  5326 V ActivityScenario: Activity lifecycle changed event received but ignored because the intent does not match. startActivityIntent=Intent { act=android.intent.action.MAIN cat=[android.intent.category.LAUNCHER] cmp=com.example.dogglers/.MainActivity }, activity.getIntent()=Intent { act=android.intent.action.MAIN cat=[android.intent.category.LAUNCHER] flg=0x10000000 cmp=com.example.dogglers/androidx.test.core.app.InstrumentationActivityInvoker$EmptyActivity mCallingUid=10209 }, activity=androidx.test.core.app.InstrumentationActivityInvoker$EmptyActivity@2f5c4a7
06-07 03:16:00.204  1650  1663 D OppoDisplayPolicy: com.android.systemui, change system app cutoutMode: color always
06-07 03:16:00.205   874   874 D OppoExLayer: ~Layer() sequence=41051, name=ActivityRecord{a9b5c7e u0 com.example.dogglers/.MainActivity#0@0xb400007bda148000
06-07 03:16:00.210  1650  2822 I InputDispatcher: setFocusedApplication displayId=0 <invalid>
06-07 03:16:00.213  1650  2822 D Theia.NoFocusWindow: FocusWindowErrorScene CheckFreezeScreen
06-07 03:16:00.218  3894  3894 V PhoneWindow: DecorView setVisiblity: visibility = 8, Parent = android.view.ViewRootImpl@fc11c41, this = DecorView@71b05e6[InputMethod]
06-07 03:16:00.220   874   874 D DispPerfService: Skip Bind Core, mCoreForSFBind:0
06-07 03:16:00.222  5326  5326 D LifecycleMonitor: Lifecycle status change: androidx.test.core.app.InstrumentationActivityInvoker$BootstrapActivity@ebb2db0 in: DESTROYED
06-07 03:16:00.222  5326  5326 V ActivityScenario: Activity lifecycle changed event received but ignored because the intent does not match. startActivityIntent=Intent { act=android.intent.action.MAIN cat=[android.intent.category.LAUNCHER] cmp=com.example.dogglers/.MainActivity }, activity.getIntent()=Intent { act=android.intent.action.MAIN cat=[android.intent.category.LAUNCHER] flg=0x10008000 cmp=com.example.dogglers/androidx.test.core.app.InstrumentationActivityInvoker$BootstrapActivity (has extras) mCallingUid=10209 }, activity=androidx.test.core.app.InstrumentationActivityInvoker$BootstrapActivity@ebb2db0
06-07 03:16:00.225  5326  5423 E libEGL  : Invalid file path for libcolorx-loader.so
06-07 03:16:00.226  1650  1918 I mtkpower_client: perf_lock_rel, hdl:94090, tid:1918
06-07 03:16:00.226  1650  1918 I mtkpower_client: perf_lock_acq, hdl:94090, dur:0, num:6, tid:1918
06-07 03:16:00.226   838   904 I libPowerHal: [perfLockRel] hdl:94090, idx:1
06-07 03:16:00.226   838   904 I libPowerHal: [PD] scn:1 hdl:94090 lock_user:system_server pid:1650 tid:1918 dur:0
06-07 03:16:00.227  1650  1918 I mtkpower_client: ret_hdl:94092
06-07 03:16:00.227   838   904 I libPowerHal: [perfLockAcq] idx:1 hdl:94092 hint:-1 pid:1650 duration:0 => ret_hdl:94092
06-07 03:16:00.227   838   904 I libPowerHal: [PE] scn:1 hdl:94092 lock_user:system_server pid:1650 tid:1918 dur:0
06-07 03:16:00.228   874   874 D OppoExLayer: ~Layer() sequence=41046, name=ActivityRecord{ab957bc u0 com.example.dogglers/androidx.test.core.app.InstrumentationActivityInvoker$BootstrapActivity#0@0xb400007be4185000
06-07 03:16:00.229  1650  2822 I InputDispatcher: Focus left window: Window{c30a9ff u0 com.example.dogglers/androidx.test.core.app.InstrumentationActivityInvoker$EmptyActivity} in display 0
06-07 03:16:00.229  1650  2822 I InputDispatcher: Window went away: Window{c30a9ff u0 com.example.dogglers/androidx.test.core.app.InstrumentationActivityInvoker$EmptyActivity}
06-07 03:16:00.229  1650  2822 D OppoDisplayPolicy: com.android.systemui, change system app cutoutMode: color always
06-07 03:16:00.229  5326  5326 D LifecycleMonitor: Lifecycle status change: androidx.test.core.app.InstrumentationActivityInvoker$EmptyActivity@d80fa in: PRE_ON_CREATE
06-07 03:16:00.230  5326  5326 V ActivityScenario: Activity lifecycle changed event received but ignored because the intent does not match. startActivityIntent=Intent { act=android.intent.action.MAIN cat=[android.intent.category.LAUNCHER] cmp=com.example.dogglers/.MainActivity }, activity.getIntent()=Intent { act=android.intent.action.MAIN cat=[android.intent.category.LAUNCHER] flg=0x10000000 cmp=com.example.dogglers/androidx.test.core.app.InstrumentationActivityInvoker$EmptyActivity mCallingUid=10209 }, activity=androidx.test.core.app.InstrumentationActivityInvoker$EmptyActivity@d80fa
06-07 03:16:00.243  5326  5326 D LifecycleMonitor: Lifecycle status change: androidx.test.core.app.InstrumentationActivityInvoker$EmptyActivity@d80fa in: CREATED
06-07 03:16:00.243  5326  5326 V ActivityScenario: Activity lifecycle changed event received but ignored because the intent does not match. startActivityIntent=Intent { act=android.intent.action.MAIN cat=[android.intent.category.LAUNCHER] cmp=com.example.dogglers/.MainActivity }, activity.getIntent()=Intent { act=android.intent.action.MAIN cat=[android.intent.category.LAUNCHER] flg=0x10000000 cmp=com.example.dogglers/androidx.test.core.app.InstrumentationActivityInvoker$EmptyActivity mCallingUid=10209 }, activity=androidx.test.core.app.InstrumentationActivityInvoker$EmptyActivity@d80fa
06-07 03:16:00.245  5326  5326 D LifecycleMonitor: Lifecycle status change: androidx.test.core.app.InstrumentationActivityInvoker$EmptyActivity@d80fa in: STARTED
06-07 03:16:00.246  5326  5326 V ActivityScenario: Activity lifecycle changed event received but ignored because the intent does not match. startActivityIntent=Intent { act=android.intent.action.MAIN cat=[android.intent.category.LAUNCHER] cmp=com.example.dogglers/.MainActivity }, activity.getIntent()=Intent { act=android.intent.action.MAIN cat=[android.intent.category.LAUNCHER] flg=0x10000000 cmp=com.example.dogglers/androidx.test.core.app.InstrumentationActivityInvoker$EmptyActivity mCallingUid=10209 }, activity=androidx.test.core.app.InstrumentationActivityInvoker$EmptyActivity@d80fa
06-07 03:16:00.248  1650  1918 I mtkpower_client: perf_lock_rel, hdl:94092, tid:1918
06-07 03:16:00.248  1650  1918 I mtkpower_client: perf_lock_acq, hdl:94092, dur:0, num:6, tid:1918
06-07 03:16:00.248   838   904 I libPowerHal: [perfLockRel] hdl:94092, idx:1
06-07 03:16:00.248   838   904 I libPowerHal: [PD] scn:1 hdl:94092 lock_user:system_server pid:1650 tid:1918 dur:0
06-07 03:16:00.248  5326  5326 D LifecycleMonitor: Lifecycle status change: androidx.test.core.app.InstrumentationActivityInvoker$EmptyActivity@d80fa in: RESUMED
06-07 03:16:00.248  1650  1918 I mtkpower_client: ret_hdl:94093
06-07 03:16:00.249   838   904 I libPowerHal: [perfLockAcq] idx:1 hdl:94093 hint:-1 pid:1650 duration:0 => ret_hdl:94093
06-07 03:16:00.249   838   904 I libPowerHal: [PE] scn:1 hdl:94093 lock_user:system_server pid:1650 tid:1918 dur:0
06-07 03:16:00.249  5326  5326 V ActivityScenario: Activity lifecycle changed event received but ignored because the intent does not match. startActivityIntent=Intent { act=android.intent.action.MAIN cat=[android.intent.category.LAUNCHER] cmp=com.example.dogglers/.MainActivity }, activity.getIntent()=Intent { act=android.intent.action.MAIN cat=[android.intent.category.LAUNCHER] flg=0x10000000 cmp=com.example.dogglers/androidx.test.core.app.InstrumentationActivityInvoker$EmptyActivity mCallingUid=10209 }, activity=androidx.test.core.app.InstrumentationActivityInvoker$EmptyActivity@d80fa
06-07 03:16:00.249  5326  5326 V PhoneWindow: DecorView setVisiblity: visibility = 4, Parent = null, this = DecorView@862a287[]
06-07 03:16:00.250   874  1507 I SurfaceFlinger: [SF client] NEW(0xb400007bfe79fd40) for (5326:com.example.dogglers)
06-07 03:16:00.254  5326  5326 D ViewRootImpl[InstrumentationActivityInvoker$EmptyActivity]: hardware acceleration = true , fakeHwAccelerated = false, sRendererDisabled = false, forceHwAccelerated = false, sSystemRendererDisabled = false
06-07 03:16:00.255  1650  3143 D OppoDisplayPolicy: com.example.dogglers, no change cutoutMode: 0
06-07 03:16:00.256   874  1507 D DispPerfService: get hint proc=e05a5a9 com.example.dogglers, idx=0 none
06-07 03:16:00.258  5326  5326 E libEGL  : Invalid file path for libcolorx-loader.so
06-07 03:16:00.258  5326  5326 I chatty  : uid=10209(com.example.dogglers) identical 4 lines
06-07 03:16:00.258  5326  5326 E libEGL  : Invalid file path for libcolorx-loader.so
06-07 03:16:00.258  5326  5326 I InputTransport: Create ARC handle: 0xb400007865928aa0
06-07 03:16:00.259  5326  5326 V PhoneWindow: DecorView setVisiblity: visibility = 0, Parent = android.view.ViewRootImpl@73552, this = DecorView@862a287[InstrumentationActivityInvoker$EmptyActivity]
06-07 03:16:00.267  1650  3143 D OppoDisplayPolicy: com.example.dogglers, no change cutoutMode: 0
06-07 03:16:00.268   874  1507 D DispPerfService: get hint proc=com.example.dogglers, idx=0 none
06-07 03:16:00.268   874  1507 I BufferQueueConsumer: [](id:36a00001f67,api:0,p:-1,c:874) connect(): controlledByApp=false
06-07 03:16:00.269   874  1507 I BufferQueue: [unnamed-874-8039](this:0xb400007c946c0c58,id:8039,api:0,p:-1,c:-1) BufferQueue core=(874:/system/bin/surfaceflinger)
06-07 03:16:00.271   874   951 D DispPerfService: get hint proc=Surface(name=7b5d0e3 StatusBar), idx=0 none
06-07 03:16:00.272   874  1507 D DispPerfService: get hint proc=Surface(name=669131f NavigationBar0), idx=0 none
06-07 03:16:00.273  1650  3143 D Theia.NoFocusWindow: FocusWindowErrorScene cancelCheckFreezeScreen
06-07 03:16:00.278   874   951 I BufferQueueProducer: [com.example.dogglers/androidx.test.core.app.InstrumentationActivityInvoker$EmptyActivity#1](id:36a00001f67,api:1,p:5326,c:874) connect(): api=1 producerControlledByApp=false
06-07 03:16:00.284   874  1507 D DispPerfService: onframeavailable pid=5326, slot=0, seq=41067, name=com.example.dogglers:com.example.dogglers/androidx.test.core.app.InstrumentationActivityInvoker$EmptyActivity#1
06-07 03:16:00.286  1650  2822 I InputDispatcher: Window went away: com.example.dogglers/androidx.test.core.app.InstrumentationActivityInvoker$EmptyActivity#1
06-07 03:16:00.288  1650  1687 I ActivityTaskManager: Displayed com.example.dogglers/androidx.test.core.app.InstrumentationActivityInvoker$EmptyActivity: +114ms
06-07 03:16:00.291  3894  3894 V PhoneWindow: DecorView setVisiblity: visibility = 8, Parent = android.view.ViewRootImpl@fc11c41, this = DecorView@71b05e6[InputMethod]
06-07 03:16:00.296   874   874 D OppoExLayer: ~Layer() sequence=41061, name=Surface(name=7b5d0e3 StatusBar)/@0x39afcf6 - animation-leash#1@0xb400007bf3953000
06-07 03:16:00.296   874   874 D OppoExLayer: ~Layer() sequence=41062, name=Surface(name=669131f NavigationBar0)/@0xe54d8f7 - animation-leash#1@0xb400007bf399c000
06-07 03:16:00.297   874   874 D DispPerfService: Skip Bind Core, mCoreForSFBind:0
06-07 03:16:00.297  1650  1663 I InputDispatcher: Focus entered window: Window{e05a5a9 u0 com.example.dogglers/androidx.test.core.app.InstrumentationActivityInvoker$EmptyActivity} in display 0
06-07 03:16:00.299   874  3098 I BufferQueueProducer: [com.example.dogglers/androidx.test.core.app.InstrumentationActivityInvoker$EmptyActivity#0](id:36a00001f66,api:1,p:5326,c:874) disconnect(): api=1
06-07 03:16:00.310  1650  2822 D Theia.NoFocusWindow: FocusWindowErrorScene CheckFreezeScreen
06-07 03:16:00.310  3894  3894 V PhoneWindow: DecorView setVisiblity: visibility = 8, Parent = android.view.ViewRootImpl@fc11c41, this = DecorView@71b05e6[InputMethod]
06-07 03:16:00.311  1650  2822 I InputDispatcher: setFocusedApplication displayId=0 ActivityRecord{197d975 u0 com.oppo.launcher/.Launcher t2}
06-07 03:16:00.311  1650  1918 I mtkpower_client: perf_lock_rel, hdl:94093, tid:1918
06-07 03:16:00.311  1650  1918 I mtkpower_client: perf_lock_acq, hdl:94093, dur:0, num:10, tid:1918
06-07 03:16:00.312   838   904 I libPowerHal: [perfLockRel] hdl:94093, idx:1
06-07 03:16:00.312   838   904 I libPowerHal: [PD] scn:1 hdl:94093 lock_user:system_server pid:1650 tid:1918 dur:0
06-07 03:16:00.312  1650  1918 I mtkpower_client: ret_hdl:94094
06-07 03:16:00.312   838   904 I libPowerHal: cmdSetting - unknown cmd:1c3c000, scmd:(null) ,param_1:0
06-07 03:16:00.312   838   904 I libPowerHal: [perfLockAcq] idx:1 hdl:94094 hint:-1 pid:1650 duration:0 => ret_hdl:94094
06-07 03:16:00.312   838   904 I libPowerHal: [PE] scn:1 hdl:94094 lock_user:system_server pid:1650 tid:1918 dur:0
06-07 03:16:00.312   838   904 I libPowerHal: [PE] system_server update cmd:1410000, param:1
06-07 03:16:00.322   874   874 D DispPerfService: Skip Bind Core, mCoreForSFBind:0
06-07 03:16:00.326  1650  3143 D InputMethodManagerService: isSecurity: attribute.packageName=com.example.dogglers
06-07 03:16:00.326  1650  3143 D InputMethodManagerService: isSecurity= false (  enable=false needShow=false inBlackList=false  isExist=true )
06-07 03:16:00.326  1650  3143 D OplusVerificationCodeController: notifyImeAttributeChanged: 64false
06-07 03:16:00.327   874   951 D DispPerfService: get hint proc=Surface(name=613b6a7 InputMethod), idx=0 none
06-07 03:16:00.328  3894  3894 I GoogleInputMethodService: GoogleInputMethodService.onFinishInput():3204
06-07 03:16:00.329  3894  3894 I GoogleInputMethodService: GoogleInputMethodService.updateDeviceLockedStatus():2100 checkRepeatedly = false, unlocked = true
06-07 03:16:00.329  3894  3894 I GoogleInputMethodService: GoogleInputMethodService.onStartInput():1903 onStartInput(EditorInfo{inputType=0x0(NULL) imeOptions=0x0 privateImeOptions=null actionName=UNSPECIFIED actionLabel=null actionId=0 initialSelStart=-1 initialSelEnd=-1 initialCapsMode=0x0 hintText=null label=null packageName=com.example.dogglers fieldId=-1 fieldName=null extras=null}, false)
06-07 03:16:00.330  5326  5326 D LifecycleMonitor: Lifecycle status change: androidx.test.core.app.InstrumentationActivityInvoker$EmptyActivity@d80fa in: PAUSED
06-07 03:16:00.330  3894  3894 I GoogleInputMethodService: GoogleInputMethodService.updateDeviceLockedStatus():2100 checkRepeatedly = true, unlocked = true
06-07 03:16:00.330  1650  1663 I InputDispatcher: Focus left window: Window{e05a5a9 u0 com.example.dogglers/androidx.test.core.app.InstrumentationActivityInvoker$EmptyActivity} in display 0
06-07 03:16:00.330  1650  1663 I InputDispatcher: Window went away: Window{e05a5a9 u0 com.example.dogglers/androidx.test.core.app.InstrumentationActivityInvoker$EmptyActivity}
06-07 03:16:00.330  5326  5326 V ActivityScenario: Activity lifecycle changed event received but ignored because the intent does not match. startActivityIntent=Intent { act=android.intent.action.MAIN cat=[android.intent.category.LAUNCHER] cmp=com.example.dogglers/.MainActivity }, activity.getIntent()=Intent { act=android.intent.action.MAIN cat=[android.intent.category.LAUNCHER] flg=0x10000000 cmp=com.example.dogglers/androidx.test.core.app.InstrumentationActivityInvoker$EmptyActivity mCallingUid=10209 }, activity=androidx.test.core.app.InstrumentationActivityInvoker$EmptyActivity@d80fa
06-07 03:16:00.333  1650  1663 V SensorManager: setScreenShotDisableImpl
06-07 03:16:00.333  1650  1663 D SensorService: debug_oplusGeminiProximity setScreenShotDisable in SensorService
06-07 03:16:00.333  1650  1663 I ColorHansManager : ColorHansManager : resume pkg: com.oppo.launcher, uid:10074, prev pkg: com.example.dogglers, prev uid: 10209
06-07 03:16:00.334  1650  1918 I mtkpower_client: perf_lock_rel, hdl:94094, tid:1918
06-07 03:16:00.334  1650  2567 I ColorHansManager : enter fastfreezer
06-07 03:16:00.334  1650  1918 I mtkpower_client: perf_lock_acq, hdl:94094, dur:0, num:10, tid:1918
06-07 03:16:00.334   838   904 I libPowerHal: [perfLockRel] hdl:94094, idx:1
06-07 03:16:00.334   838   904 I libPowerHal: [PD] scn:1 hdl:94094 lock_user:system_server pid:1650 tid:1918 dur:0
06-07 03:16:00.334   838   904 I libPowerHal: [PD] system_server update cmd:1410000 param:0
06-07 03:16:00.334  1650  2567 W OplusLocationManagerService: NavigateMode doesn't match LocationMode
06-07 03:16:00.335   838   904 I libPowerHal: cmdSetting - unknown cmd:1c3c000, scmd:(null) ,param_1:0
06-07 03:16:00.335   838   904 I libPowerHal: [perfLockAcq] idx:1 hdl:94095 hint:-1 pid:1650 duration:0 => ret_hdl:94095
06-07 03:16:00.335   838   904 I libPowerHal: [PE] scn:1 hdl:94095 lock_user:system_server pid:1650 tid:1918 dur:0
06-07 03:16:00.335   838   904 I libPowerHal: [PE] system_server update cmd:1410000, param:1
06-07 03:16:00.335  1650  1918 I mtkpower_client: ret_hdl:94095
06-07 03:16:00.335  1650  2567 I ColorHansManager : freeze uid: 10115 package: com.nearme.gamecenter reason: fastfreezer|10074 scene: FastFreezerScene
06-07 03:16:00.335   838   904 I libPowerHal: [perfNotifyAppState] foreground:com.oppo.launcher, pid:2605, uid:10074
06-07 03:16:00.335 21977 22042 I [0]DCS-BackgroundAppData: sendAppBgEvent: has no pkgName=com.oppo.launcher
06-07 03:16:00.336   838   904 E UxUtility: notifyAppState error = NULL
06-07 03:16:00.336   838   904 I TouchUtility: notifyAppState error = NULL
06-07 03:16:00.336   838   904 I libPowerHal: [perfNotifyAppState] packName:com.oppo.launcher !!!
06-07 03:16:00.336   838   904 I libPowerHal: [PE] scn:360 pack:com.oppo.launcher
06-07 03:16:00.336   838   904 I libPowerHal: [PE] com.oppo.launcher update cmd:3408000, param:0
06-07 03:16:00.336  1650  2567 I ColorHansManager : freeze uid: 10505 package: com.facebook.katana reason: fastfreezer|10074 scene: FastFreezerScene
06-07 03:16:00.336   838   904 I libPowerHal: [PE] (less) /proc/perfmgr/tchbst/user/usrtch set +prefix:touch_opp 0;
06-07 03:16:00.336   838   904 I libPowerHal: [PE] com.oppo.launcher update cmd:3408100, param:1000000000
06-07 03:16:00.336   838   904 I libPowerHal: [PE] (more) /proc/perfmgr/tchbst/user/usrtch set +prefix:duration 1000000000;
06-07 03:16:00.336   838   904 I libPowerHal: [PE] com.oppo.launcher update cmd:3408200, param:0
06-07 03:16:00.336   838   904 I libPowerHal: [PE] (more) /proc/perfmgr/tchbst/user/usrtch set +prefix:active_time 0;
06-07 03:16:00.336  1650  2713 I ColorResourcePreloadManager: resume pkg: com.oppo.launcher, uid:10074, prev pkg: com.example.dogglers, prev uid: 10209
06-07 03:16:00.336  1650  2567 I ColorHansManager : freeze uid: 10124 package: com.realme.link reason: fastfreezer|10074 scene: FastFreezerScene
06-07 03:16:00.336  2850  3782 W OppoGuardElf: ThermalControlUtils: mForegroundPkg=com.oppo.launcher
06-07 03:16:00.336   838   854 I mtkpower@impl: [notifyAppState] pc:0, com.example.dogglers => com.oppo.launcher
06-07 03:16:00.337  3146  3164 D ZoomAppController: ignore onAppEnter: Invalid cvActionFlag = 0
06-07 03:16:00.337  1650  2567 I ColorHansManager : freeze uid: 10265 package: com.ss.android.ugc.trill reason: fastfreezer|10074 scene: FastFreezerScene
06-07 03:16:00.338  1650  2567 I ColorHansManager : freeze uid: 10538 package: com.discord reason: fastfreezer|10074 scene: FastFreezerScene
06-07 03:16:00.339  1650  2567 I ColorHansManager : freeze uid: 10544 package: com.simejikeyboard reason: fastfreezer|10074 scene: FastFreezerScene
06-07 03:16:00.340  1650  2567 I ColorHansManager : freeze uid: 10545 package: com.kiloo.subwaysurf reason: fastfreezer|10074 scene: FastFreezerScene
06-07 03:16:00.340  1650  2567 I ColorHansManager : freeze uid: 10186 package: com.google.android.apps.docs reason: fastfreezer|10074 scene: FastFreezerScene
06-07 03:16:00.341  1650  2567 I ColorHansManager : freeze uid: 10200 package: com.snapchat.android reason: fastfreezer|10074 scene: FastFreezerScene
06-07 03:16:00.341  1650  2567 I ColorHansManager : freeze uid: 10341 package: com.google.android.apps.classroom reason: fastfreezer|10074 scene: FastFreezerScene
06-07 03:16:00.342  1650  2822 D OppoDisplayPolicy: com.android.systemui, change system app cutoutMode: color always
06-07 03:16:00.344  1650  1918 I mtkpower_client: perf_lock_rel, hdl:94095, tid:1918
06-07 03:16:00.344  1650  1918 I mtkpower_client: perf_lock_acq, hdl:94095, dur:0, num:6, tid:1918
06-07 03:16:00.344   838   904 I libPowerHal: [perfLockRel] hdl:94095, idx:1
06-07 03:16:00.344   838   904 I libPowerHal: [PD] scn:1 hdl:94095 lock_user:system_server pid:1650 tid:1918 dur:0
06-07 03:16:00.345  1650  1918 I mtkpower_client: ret_hdl:94096
06-07 03:16:00.346   838   904 I libPowerHal: [perfLockAcq] idx:1 hdl:94096 hint:-1 pid:1650 duration:0 => ret_hdl:94096
06-07 03:16:00.346   838   904 I libPowerHal: [PE] scn:1 hdl:94096 lock_user:system_server pid:1650 tid:1918 dur:0
06-07 03:16:00.347  1650  2567 W System.err: java.io.FileNotFoundException: /acct/uid_10214/pid_10758/cgroup.procs: open failed: EACCES (Permission denied)
06-07 03:16:00.347  3894  3894 V PhoneWindow: DecorView setVisiblity: visibility = 8, Parent = android.view.ViewRootImpl@fc11c41, this = DecorView@71b05e6[InputMethod]
06-07 03:16:00.347  1650  2567 W System.err: 	at libcore.io.IoBridge.open(IoBridge.java:492)
06-07 03:16:00.347  1650  2567 W System.err: 	at java.io.FileInputStream.<init>(FileInputStream.java:160)
06-07 03:16:00.347  1650  2567 W System.err: 	at java.io.FileInputStream.<init>(FileInputStream.java:115)
06-07 03:16:00.347  1650  2567 W System.err: 	at java.io.FileReader.<init>(FileReader.java:58)
06-07 03:16:00.347  1650  2567 W System.err: 	at com.android.server.am.HansSceneBase.getRunningPidsByUid(ColorHansManager.java:4329)
06-07 03:16:00.347  1650  2567 W System.err: 	at com.android.server.am.HansSceneBase.writeDevFile(ColorHansManager.java:4256)
06-07 03:16:00.347  1650  2567 W System.err: 	at com.android.server.am.HansSceneBase.sendHansSignal(ColorHansManager.java:4230)
06-07 03:16:00.347  1650  2567 W System.err: 	at com.android.server.am.HansSceneBase.freeze(ColorHansManager.java:4763)
06-07 03:16:00.347  1650  2567 W System.err: 	at com.android.server.am.HansFastFreezerScene.hansFreeze(ColorHansManager.java:6395)
06-07 03:16:00.347  1650  2567 W System.err: 	at com.android.server.am.HansFastFreezerScene.enterFastFreezer(ColorHansManager.java:6567)
06-07 03:16:00.347  1650  2567 W System.err: 	at com.android.server.am.ColorHansManager.lambda$updateResumedActivity$1$ColorHansManager(ColorHansManager.java:2272)
06-07 03:16:00.347  1650  2567 W System.err: 	at com.android.server.am.-$$Lambda$ColorHansManager$pwv3sXW31w1P1qWx_eWEC7oZsCs.run(Unknown Source:6)
06-07 03:16:00.347  1650  2567 W System.err: 	at android.os.Handler.handleCallback(Handler.java:938)
06-07 03:16:00.347  1650  2567 W System.err: 	at android.os.Handler.dispatchMessage(Handler.java:99)
06-07 03:16:00.347  1650  2567 W System.err: 	at android.os.Looper.loop(Looper.java:255)
06-07 03:16:00.347  1650  2567 W System.err: 	at android.os.HandlerThread.run(HandlerThread.java:67)
06-07 03:16:00.347  1650  2567 W System.err: Caused by: android.system.ErrnoException: open failed: EACCES (Permission denied)
06-07 03:16:00.347  1650  2567 W System.err: 	at libcore.io.Linux.open(Native Method)
06-07 03:16:00.347  1650  2567 W System.err: 	at libcore.io.ForwardingOs.open(ForwardingOs.java:166)
06-07 03:16:00.347  1650  2567 W System.err: 	at libcore.io.BlockGuardOs.open(BlockGuardOs.java:254)
06-07 03:16:00.347  1650  2567 W System.err: 	at libcore.io.IoBridge.open(IoBridge.java:478)
06-07 03:16:00.347  1650  2567 W System.err: 	... 15 more
06-07 03:16:00.350  1650  2567 I ColorHansManager : freeze uid: 10214 package: com.lenovo.anyshare.gps reason: fastfreezer|10074 scene: FastFreezerScene
06-07 03:16:00.350  5326  5356 I TestRunner: finished: grid_list_button_is_displayed(com.example.dogglers.ButtonTests)
