06-07 03:16:16.235  1650  2821 D InputMethodManagerService: isSecurity= false (  enable=false needShow=false inBlackList=false  isExist=true )
06-07 03:16:16.237  2605  2830 E Parcel  : Reading a NULL string not supported here.
06-07 03:16:16.238  1650  2821 D OplusVerificationCodeController: notifyImeAttributeChanged: 64false
06-07 03:16:16.239  2605  2605 D ColorLauncherAppTransitionManagerImpl: getClosingWindowAnimators: transPoint： PointF(541.1278, 654.06946), currentWindowRect = [541.1278,654.06946][1025.3907,1639.1941]
06-07 03:16:16.243   874   951 D DispPerfService: get hint proc=Surface(name=613b6a7 InputMethod), idx=0 none
06-07 03:16:16.245  3894  3894 I GoogleInputMethodService: GoogleInputMethodService.onFinishInput():3204
06-07 03:16:16.246  3894  3894 I GoogleInputMethodService: GoogleInputMethodService.updateDeviceLockedStatus():2100 checkRepeatedly = false, unlocked = true
06-07 03:16:16.246  3894  3894 I GoogleInputMethodService: GoogleInputMethodService.onStartInput():1903 onStartInput(EditorInfo{inputType=0x0(NULL) imeOptions=0x0 privateImeOptions=null actionName=UNSPECIFIED actionLabel=null actionId=0 initialSelStart=-1 initialSelEnd=-1 initialCapsMode=0x0 hintText=null label=null packageName=com.oppo.launcher fieldId=-1 fieldName=null extras=null}, false)
06-07 03:16:16.247  1650  1659 I system_server: Background young concurrent copying GC freed 173915(13MB) AllocSpace objects, 505(10100KB) LOS objects, 24% free, 67MB/88MB, paused 398us total 106.594ms
06-07 03:16:16.248  3894  3894 I GoogleInputMethodService: GoogleInputMethodService.updateDeviceLockedStatus():2100 checkRepeatedly = true, unlocked = true
06-07 03:16:16.250  2605  2605 D ColorLauncherAppTransitionManagerImpl: getClosingWindowAnimators: transPoint： PointF(661.0509, 799.0226), currentWindowRect = [661.0509,799.0226][1013.28845,1470.5867]
06-07 03:16:16.251  1172 24788 W MtkOmxVdecExV4L2: ## [WARNING, 110] GetCmd() line: 407 No command in 5 seconds ...
06-07 03:16:16.253  1650  1661 W System  : A resource failed to call release.
06-07 03:16:16.253  3894  3894 V PhoneWindow: DecorView setVisiblity: visibility = 8, Parent = android.view.ViewRootImpl@fc11c41, this = DecorView@71b05e6[InputMethod]
06-07 03:16:16.254  1650  1661 W System  : A resource failed to call release.
06-07 03:16:16.254  1650  2105 D OppoDisplayPolicy: com.android.systemui, change system app cutoutMode: color always
06-07 03:16:16.255  1650  1661 W System  : A resource failed to call release.
06-07 03:16:16.256  1650  1661 I chatty  : uid=1000(system) FinalizerDaemon identical 1 line
06-07 03:16:16.256  1650  1661 W System  : A resource failed to call release.
06-07 03:16:16.257   874   874 I BufferQueueProducer: [FramebufferSurface](this:0xb400007bfe42eed0,id:-1,api:1,p:874,c:874) queueBuffer: fps=24.62 dur=1055.89 max=775.12 min=8.80
06-07 03:16:16.257  1650  1661 W System  : A resource failed to call release.
06-07 03:16:16.258  1650  1661 W System  : A resource failed to call release.
06-07 03:16:16.261   874   874 D OppoExLayer: ~Layer() sequence=41645, name=Surface(name=613b6a7 InputMethod)/@0x18076fd - animation-leash#0@0xb400007bd9819000
06-07 03:16:16.261   874   874 D OppoExLayer: ~Layer() sequence=41607, name=Surface(name=613b6a7 InputMethod)/@0x18076fd - animation-leash#1@0xb400007bd9ea9000
06-07 03:16:16.261   874   874 D OppoExLayer: ~Layer() sequence=41639, name=Surface(name=613b6a7 InputMethod)/@0x18076fd - animation-leash#1@0xb400007bd9ebb000
06-07 03:16:16.261   874   874 D OppoExLayer: ~Layer() sequence=41613, name=Surface(name=613b6a7 InputMethod)/@0x18076fd - animation-leash#0@0xb400007bd9f99000
06-07 03:16:16.261   874   874 D OppoExLayer: ~Layer() sequence=41672, name=Surface(name=613b6a7 InputMethod)/@0x18076fd - animation-leash#0@0xb400007bf3911000
06-07 03:16:16.261   874   874 D OppoExLayer: ~Layer() sequence=41679, name=Surface(name=613b6a7 InputMethod)/@0x18076fd - animation-leash#1@0xb400007bf39c8000
06-07 03:16:16.261   874   874 D OppoExLayer: ~Layer() sequence=41684, name=Surface(name=613b6a7 InputMethod)/@0x18076fd - animation-leash#0@0xb400007bda1d1000
06-07 03:16:16.261  2605  2605 D ColorLauncherAppTransitionManagerImpl: getClosingWindowAnimators: transPoint： PointF(729.95447, 882.30725), currentWindowRect = [729.95447,882.30725][1006.33484,1373.7108]
06-07 03:16:16.263  1650  3143 D OppoDisplayPolicy: com.android.systemui, change system app cutoutMode: color always
06-07 03:16:16.273  2605  2605 D ColorLauncherAppTransitionManagerImpl: getClosingWindowAnimators: transPoint： PointF(775.9497, 937.90247), currentWindowRect = [775.9497,937.90247][1001.6931,1309.0432]
06-07 03:16:16.278  5326  5356 I MonitoringInstr: Unstopped activity count: 2
06-07 03:16:16.284  2605  2605 D ColorLauncherAppTransitionManagerImpl: getClosingWindowAnimators: transPoint： PointF(811.05884, 980.3395), currentWindowRect = [811.05884,980.3395][998.15,1259.681]
06-07 03:16:16.294  2605  2621 W System  : A resource failed to call release.
06-07 03:16:16.296  2605  2605 D ColorLauncherAppTransitionManagerImpl: getClosingWindowAnimators: transPoint： PointF(834.30664, 1008.43933), currentWindowRect = [834.30664,1008.43933][995.80396,1226.9955]
06-07 03:16:16.296  2605  2621 W System  : A resource failed to call release.
06-07 03:16:16.296  2605  2621 W System  : A resource failed to call release.
06-07 03:16:16.306   874   874 D OppoExLayer: ~Layer() sequence=41652, name=Surface(name=Task=2910)/@0x4d8366 - animation-leash#0@0xb400007bd9e92000
06-07 03:16:16.306   874   874 D OppoExLayer: ~Layer() sequence=41631, name=Surface(name=Task=2)/@0x70c721c - animation-leash#0@0xb400007bd9eb8000
06-07 03:16:16.307  2605  2605 D ColorLauncherAppTransitionManagerImpl: getClosingWindowAnimators: transPoint： PointF(850.1672, 1027.6102), currentWindowRect = [850.1672,1027.6102][994.2033,1204.6962]
06-07 03:16:16.318  2605  2605 D ColorLauncherAppTransitionManagerImpl: getClosingWindowAnimators: transPoint： PointF(861.76184, 1041.625), currentWindowRect = [861.76184,1041.625][993.0332,1188.3945]
06-07 03:16:16.328  5326  5356 I MonitoringInstr: Unstopped activity count: 2
06-07 03:16:16.330  2605  2605 D ColorLauncherAppTransitionManagerImpl: getClosingWindowAnimators: transPoint： PointF(868.17737, 1049.3794), currentWindowRect = [868.17737,1049.3794][992.38574,1179.3745]
06-07 03:16:16.330  2605  2605 E Launcher.ColorBubbleTextView: mForceHideDot is false
06-07 03:16:16.330  2605  2605 E Launcher.ColorBubbleTextView: mForceHideDot is false
06-07 03:16:16.341  2605  2605 D ColorLauncherAppTransitionManagerImpl: getClosingWindowAnimators: transPoint： PointF(871.1908, 1053.022), currentWindowRect = [871.1908,1053.022][992.08167,1175.1377]
06-07 03:16:16.352  2605  2605 D ColorLauncherAppTransitionManagerImpl: getClosingWindowAnimators: transPoint： PointF(872.0, 1054.0), currentWindowRect = [872.0,1054.0][992.0,1174.0]
06-07 03:16:16.355  1650  2567 I ColorHansManager : unfreeze uid: 10115 package: com.nearme.gamecenter reason: F-direct scene: FastFreezerScene
06-07 03:16:16.356  1650  2567 I ColorHansManager : unfreeze uid: 10124 package: com.realme.link reason: F-direct scene: FastFreezerScene
06-07 03:16:16.356  1650  2567 I ColorHansManager : unfreeze uid: 10200 package: com.snapchat.android reason: F-direct scene: FastFreezerScene
06-07 03:16:16.357  1650  2567 I ColorHansManager : unfreeze uid: 10225 package: com.instagram.android reason: F-direct scene: FastFreezerScene
06-07 03:16:16.357  1650  2567 I ColorHansManager : unfreeze uid: 10231 package: com.pinterest reason: F-direct scene: FastFreezerScene
06-07 03:16:16.358  1650  2567 I ColorHansManager : unfreeze uid: 10505 package: com.facebook.katana reason: F-direct scene: FastFreezerScene
06-07 03:16:16.358  1650  2567 I ColorHansManager : unfreeze uid: 10538 package: com.discord reason: F-direct scene: FastFreezerScene
06-07 03:16:16.359  1650  2567 I ColorHansManager : unfreeze uid: 10545 package: com.kiloo.subwaysurf reason: F-direct scene: FastFreezerScene
06-07 03:16:16.359 23829 24786 I OplusFeedbackInfo: [sendFPSInfo:L314] mInputBufCnt = 0 fps, mOutputBufCnt = 0 fps, mRenderFrameCnt = 0 fps
06-07 03:16:16.359  1650  2567 I ColorHansManager : unfreeze uid: 10544 package: com.simejikeyboard reason: F-direct scene: FastFreezerScene
06-07 03:16:16.359  1151  1176 D AtlasService: clientsCount 1
06-07 03:16:16.359  1151  1176 D AtlasService: notify 1025 to client
06-07 03:16:16.360  1650  2567 I ColorHansManager : unfreeze uid: 10480 package: com.lazada.android reason: F-direct scene: FastFreezerScene
06-07 03:16:16.360  1650  2567 I ColorHansManager : unfreeze uid: 10341 package: com.google.android.apps.classroom reason: F-direct scene: FastFreezerScene
06-07 03:16:16.361  1650  2567 I ColorHansManager : unfreeze uid: 10265 package: com.ss.android.ugc.trill reason: F-direct scene: FastFreezerScene
06-07 03:16:16.362  1650  2567 I ColorHansManager : unfreeze uid: 10236 package: com.appsinnova.android.keepclean reason: F-direct scene: FastFreezerScene
06-07 03:16:16.363  1650  2567 I ColorHansManager : unfreeze uid: 10214 package: com.lenovo.anyshare.gps reason: F-direct scene: FastFreezerScene
06-07 03:16:16.363   874   874 D OppoExLayer: ~Layer() sequence=41690, name=Surface(name=WallpaperWindowToken{b5cc2ec token=android.os.Binder@38b319f})/@0x45af277 - animation-leash#0@0xb400007bd9ff1000
06-07 03:16:16.363   874   874 E Layer   : [Surface(name=Task=2)/@0x70c721c - animation-leash#0] No local sync point found
06-07 03:16:16.363   874   874 E Layer   : [Surface(name=Task=2911)/@0xb459411 - animation-leash#0] No local sync point found
06-07 03:16:16.364  1650  2567 I ColorHansManager : unfreeze uid: 10186 package: com.google.android.apps.docs reason: F-direct scene: FastFreezerScene
06-07 03:16:16.364  1650  2567 I ColorHansManager : exit fastfreezer, reason:F-direct
06-07 03:16:16.365  1650  2568 W OplusLocationManagerService: NavigateMode doesn't match LocationMode
06-07 03:16:16.365  1650  2568 I ColorHansManager : stateRToFFreeze--imporant case: pkgName: com.ss.android.ugc.trill, reason: lastResumeProtect
06-07 03:16:16.366  1650  2568 W OplusLocationManagerService: NavigateMode doesn't match LocationMode
06-07 03:16:16.366  1650  2568 I ColorHansManager : stateRToFFreeze--imporant case: pkgName: com.simejikeyboard, reason: lastResumeProtect
06-07 03:16:16.366  1650  2568 W OplusLocationManagerService: NavigateMode doesn't match LocationMode
06-07 03:16:16.366  1650  2568 I ColorHansManager : stateRToFFreeze--imporant case: pkgName: com.kiloo.subwaysurf, reason: lastResumeProtect
06-07 03:16:16.366  1650  2568 W OplusLocationManagerService: NavigateMode doesn't match LocationMode
06-07 03:16:16.366   874  1504 I BufferQueueProducer: [com.example.dogglers/androidx.test.core.app.InstrumentationActivityInvoker$EmptyActivity#1](id:36a00001fba,api:1,p:5326,c:874) disconnect(): api=1
06-07 03:16:16.366  1650  2568 I ColorHansManager : stateRToFFreeze--imporant case: pkgName: com.google.android.apps.docs, reason: lastResumeProtect
06-07 03:16:16.367  1650  2568 W OplusLocationManagerService: NavigateMode doesn't match LocationMode
06-07 03:16:16.367  1650  2568 I ColorHansManager : stateRToFFreeze--imporant case: pkgName: com.google.android.apps.classroom, reason: lastResumeProtect
06-07 03:16:16.367  1650  2568 W OplusLocationManagerService: NavigateMode doesn't match LocationMode
06-07 03:16:16.367  1650  2568 I ColorHansManager : stateRToFFreeze--imporant case: pkgName: com.lenovo.anyshare.gps, reason: lastResumeProtect
06-07 03:16:16.368   874   874 D DispPerfService: Skip Bind Core, mCoreForSFBind:0
06-07 03:16:16.368  1650  2568 W OplusLocationManagerService: NavigateMode doesn't match LocationMode
06-07 03:16:16.368  1650  2568 I ColorHansManager : stateRToFFreeze--imporant case: pkgName: com.lazada.android, reason: lastResumeProtect
06-07 03:16:16.368  1650  2568 W OplusLocationManagerService: NavigateMode doesn't match LocationMode
06-07 03:16:16.368  1650  2568 I ColorHansManager : stateRToFFreeze--imporant case: pkgName: com.appsinnova.android.keepclean, reason: lastResumeProtect
06-07 03:16:16.378  5326  5356 I MonitoringInstr: Unstopped activity count: 2
06-07 03:16:16.380  5326  5326 D LifecycleMonitor: Lifecycle status change: androidx.test.core.app.InstrumentationActivityInvoker$EmptyActivity@4a9fa55 in: STOPPED
06-07 03:16:16.381  5326  5326 V PhoneWindow: DecorView setVisiblity: visibility = 4, Parent = android.view.ViewRootImpl@f927c37, this = DecorView@28991f8[InstrumentationActivityInvoker$EmptyActivity]
06-07 03:16:16.382  5326  5326 D LifecycleMonitor: Lifecycle status change: androidx.test.core.app.InstrumentationActivityInvoker$EmptyActivity@4a9fa55 in: DESTROYED
06-07 03:16:16.386  5326  5326 D View    : [Warning] assignParent to null: this = DecorView@28991f8[InstrumentationActivityInvoker$EmptyActivity]
06-07 03:16:16.392  5326  5326 I InputTransport: Destroy ARC handle: 0xb400007851b41be0
06-07 03:16:16.394  5326  5326 D LifecycleMonitor: Lifecycle status change: androidx.test.core.app.InstrumentationActivityInvoker$EmptyActivity@52ba774 in: STOPPED
06-07 03:16:16.395  5326  5326 V PhoneWindow: DecorView setVisiblity: visibility = 4, Parent = android.view.ViewRootImpl@32d685e, this = DecorView@17ebce3[InstrumentationActivityInvoker$EmptyActivity]
06-07 03:16:16.396  5326  5326 D LifecycleMonitor: Lifecycle status change: androidx.test.core.app.InstrumentationActivityInvoker$EmptyActivity@52ba774 in: DESTROYED
06-07 03:16:16.397   874   874 D OppoExLayer: ~Layer() sequence=41680, name=4381858 com.example.dogglers/androidx.test.core.app.InstrumentationActivityInvoker$EmptyActivity#0@0xb400007bf39fc000
06-07 03:16:16.397   874   874 I BufferQueueConsumer: [com.example.dogglers/androidx.test.core.app.InstrumentationActivityInvoker$EmptyActivity#1](id:36a00001fba,api:0,p:-1,c:874) disconnect()
06-07 03:16:16.397   874   874 I BufferQueue: [com.example.dogglers/androidx.test.core.app.InstrumentationActivityInvoker$EmptyActivity#1](this:0xb400007bf391fe58,id:8122,api:1,p:-1,c:-1) onDestructor()
06-07 03:16:16.397   874   874 D OppoExLayer: ~Layer() sequence=41681, name=com.example.dogglers/androidx.test.core.app.InstrumentationActivityInvoker$EmptyActivity#1@0xb400007bf39c0000
06-07 03:16:16.398  1195  1195 D AALLightSensor: oldLux=8 [SA:8 LA:6] newLux=8 (oriLux: 9)
06-07 03:16:16.398  5326  5326 D View    : [Warning] assignParent to null: this = DecorView@17ebce3[InstrumentationActivityInvoker$EmptyActivity]
06-07 03:16:16.398  1650  2824 I InputDispatcher: Window went away: com.example.dogglers/androidx.test.core.app.InstrumentationActivityInvoker$EmptyActivity#1
06-07 03:16:16.402  5326  5326 I InputTransport: Destroy ARC handle: 0xb4000078533c1d60
06-07 03:16:16.408   874   874 D OppoExLayer: ~Layer() sequence=41674, name=973d912 com.example.dogglers/androidx.test.core.app.InstrumentationActivityInvoker$EmptyActivity#0@0xb400007bda187000
06-07 03:16:16.409   874   874 I BufferQueueConsumer: [com.example.dogglers/androidx.test.core.app.InstrumentationActivityInvoker$EmptyActivity#0](id:36a00001fb9,api:0,p:-1,c:874) disconnect()
06-07 03:16:16.409   874   874 I BufferQueue: [com.example.dogglers/androidx.test.core.app.InstrumentationActivityInvoker$EmptyActivity#0](this:0xb400007bfe750e58,id:8121,api:1,p:-1,c:-1) onDestructor()
06-07 03:16:16.409   874   874 D OppoExLayer: ~Layer() sequence=41675, name=com.example.dogglers/androidx.test.core.app.InstrumentationActivityInvoker$EmptyActivity#0@0xb400007be40fc000
06-07 03:16:16.409   874   874 D OppoExLayer: ~Layer() sequence=41678, name=ActivityRecord{a7ed410 u0 com.example.dogglers/androidx.test.core.app.InstrumentationActivityInvoker$EmptyActivity#0@0xb400007bd9ffc000
06-07 03:16:16.410  1650  3143 I InputDispatcher: Window went away: com.example.dogglers/androidx.test.core.app.InstrumentationActivityInvoker$EmptyActivity#0
06-07 03:16:16.420   874   874 D OppoExLayer: ~Layer() sequence=41659, name=Task=2911#0@0xb400007bd9e32000
06-07 03:16:16.420   874   874 D OppoExLayer: ~Layer() sequence=41673, name=ActivityRecord{e37d144 u0 com.example.dogglers/androidx.test.core.app.InstrumentationActivityInvoker$EmptyActivity#0@0xb400007bd9ed8000
