06-07 03:16:04.048  5326  5326 D LifecycleMonitor: Lifecycle status change: com.example.dogglers.VerticalListActivity@549c0ff in: STARTED
06-07 03:16:04.049  5326  5326 V ActivityScenario: Activity lifecycle changed event received but ignored because the intent does not match. startActivityIntent=Intent { act=android.intent.action.MAIN cat=[android.intent.category.LAUNCHER] cmp=com.example.dogglers/.MainActivity }, activity.getIntent()=Intent { cmp=com.example.dogglers/.VerticalListActivity mCallingUid=10209 }, activity=com.example.dogglers.VerticalListActivity@549c0ff
06-07 03:16:04.051  5326  5326 D LifecycleMonitor: Lifecycle status change: com.example.dogglers.VerticalListActivity@549c0ff in: RESUMED
06-07 03:16:04.051  5326  5326 V ActivityScenario: Activity lifecycle changed event received but ignored because the intent does not match. startActivityIntent=Intent { act=android.intent.action.MAIN cat=[android.intent.category.LAUNCHER] cmp=com.example.dogglers/.MainActivity }, activity.getIntent()=Intent { cmp=com.example.dogglers/.VerticalListActivity mCallingUid=10209 }, activity=com.example.dogglers.VerticalListActivity@549c0ff
06-07 03:16:04.051  1650  1918 I mtkpower_client: perf_lock_rel, hdl:94191, tid:1918
06-07 03:16:04.051  1650  1918 I mtkpower_client: perf_lock_acq, hdl:94191, dur:0, num:10, tid:1918
06-07 03:16:04.051  5326  5326 V PhoneWindow: DecorView setVisiblity: visibility = 4, Parent = null, this = DecorView@8f57594[]
06-07 03:16:04.052   838   904 I libPowerHal: [perfLockRel] hdl:94191, idx:1
06-07 03:16:04.052   838   904 I libPowerHal: [PD] scn:1 hdl:94191 lock_user:system_server pid:1650 tid:1918 dur:0
06-07 03:16:04.052   838   904 I libPowerHal: [PD] system_server update cmd:1410000 param:0
06-07 03:16:04.052   874   955 I SurfaceFlinger: [SF client] NEW(0xb400007bfe7a0400) for (5326:com.example.dogglers)
06-07 03:16:04.052  1650  1918 I mtkpower_client: ret_hdl:94192
06-07 03:16:04.052   838   904 I libPowerHal: cmdSetting - unknown cmd:1c3c000, scmd:(null) ,param_1:0
06-07 03:16:04.052   838   904 I libPowerHal: [perfLockAcq] idx:1 hdl:94192 hint:-1 pid:1650 duration:0 => ret_hdl:94192
06-07 03:16:04.052   838   904 I libPowerHal: [PE] scn:1 hdl:94192 lock_user:system_server pid:1650 tid:1918 dur:0
06-07 03:16:04.052   838   904 I libPowerHal: [PE] system_server update cmd:1410000, param:1
06-07 03:16:04.060  5326  5326 D ViewRootImpl[VerticalListActivity]: hardware acceleration = true , fakeHwAccelerated = false, sRendererDisabled = false, forceHwAccelerated = false, sSystemRendererDisabled = false
06-07 03:16:04.061  1650  2821 D OppoDisplayPolicy: com.example.dogglers, no change cutoutMode: 0
06-07 03:16:04.062   874  1504 D DispPerfService: get hint proc=aef70a7 com.example.dogglers, idx=0 none
06-07 03:16:04.064  5326  5326 E libEGL  : Invalid file path for libcolorx-loader.so
06-07 03:16:04.064  5326  5326 I chatty  : uid=10209(com.example.dogglers) identical 4 lines
06-07 03:16:04.064  5326  5326 E libEGL  : Invalid file path for libcolorx-loader.so
06-07 03:16:04.064  5326  5326 I InputTransport: Create ARC handle: 0xb40000784f8fe940
06-07 03:16:04.065  5326  5326 V PhoneWindow: DecorView setVisiblity: visibility = 0, Parent = android.view.ViewRootImpl@82cf983, this = DecorView@8f57594[VerticalListActivity]
06-07 03:16:04.073  1650  3143 D OppoDisplayPolicy: com.example.dogglers, no change cutoutMode: 0
06-07 03:16:04.075   874   955 D DispPerfService: get hint proc=com.example.dogglers, idx=0 none
06-07 03:16:04.075   874   955 I BufferQueueConsumer: [](id:36a00001f79,api:0,p:-1,c:874) connect(): controlledByApp=false
06-07 03:16:04.075   874   955 I BufferQueue: [unnamed-874-8057](this:0xb400007bfe74ac58,id:8057,api:0,p:-1,c:-1) BufferQueue core=(874:/system/bin/surfaceflinger)
06-07 03:16:04.077   874   951 D DispPerfService: get hint proc=Surface(name=7b5d0e3 StatusBar), idx=0 none
06-07 03:16:04.078   874   955 D DispPerfService: get hint proc=Surface(name=669131f NavigationBar0), idx=0 none
06-07 03:16:04.079  1650  3143 D Theia.NoFocusWindow: FocusWindowErrorScene cancelCheckFreezeScreen
06-07 03:16:04.083   874   951 I BufferQueueProducer: [com.example.dogglers/com.example.dogglers.VerticalListActivity#0](id:36a00001f79,api:1,p:5326,c:874) connect(): api=1 producerControlledByApp=false
06-07 03:16:04.099  1650  3143 I InputDispatcher: Window went away: com.example.dogglers/com.example.dogglers.VerticalListActivity#0
06-07 03:16:04.123  1650  2568 W OplusLocationManagerService: NavigateMode doesn't match LocationMode
06-07 03:16:04.123  1650  2568 I ColorHansManager : stateRToFFreeze--imporant case: pkgName: com.ss.android.ugc.trill, reason: lastResumeProtect
06-07 03:16:04.124  1650  2568 W OplusLocationManagerService: NavigateMode doesn't match LocationMode
06-07 03:16:04.124  1650  2568 I ColorHansManager : stateRToFFreeze--imporant case: pkgName: com.simejikeyboard, reason: lastResumeProtect
06-07 03:16:04.126  1650  2568 W OplusLocationManagerService: NavigateMode doesn't match LocationMode
06-07 03:16:04.126  1650  2568 I ColorHansManager : stateRToFFreeze--imporant case: pkgName: com.kiloo.subwaysurf, reason: lastResumeProtect
06-07 03:16:04.127  1650  2568 W OplusLocationManagerService: NavigateMode doesn't match LocationMode
06-07 03:16:04.127  1650  2568 I ColorHansManager : stateRToFFreeze--imporant case: pkgName: com.google.android.apps.docs, reason: lastResumeProtect
06-07 03:16:04.128  1650  2568 W OplusLocationManagerService: NavigateMode doesn't match LocationMode
06-07 03:16:04.128  1650  2568 I ColorHansManager : stateRToFFreeze--imporant case: pkgName: com.google.android.apps.classroom, reason: lastResumeProtect
06-07 03:16:04.128  1650  2568 W OplusLocationManagerService: NavigateMode doesn't match LocationMode
06-07 03:16:04.129  1650  2568 I ColorHansManager : stateRToFFreeze--imporant case: pkgName: com.lenovo.anyshare.gps, reason: lastResumeProtect
06-07 03:16:04.129  1650  2568 W OplusLocationManagerService: NavigateMode doesn't match LocationMode
06-07 03:16:04.130  1650  2568 I ColorHansManager : stateRToFFreeze--imporant case: pkgName: com.lazada.android, reason: lastResumeProtect
06-07 03:16:04.130  1650  2568 W OplusLocationManagerService: NavigateMode doesn't match LocationMode
06-07 03:16:04.130  1650  2568 I ColorHansManager : stateRToFFreeze--imporant case: pkgName: com.appsinnova.android.keepclean, reason: lastResumeProtect
06-07 03:16:04.160   874   955 D DispPerfService: onframeavailable pid=5326, slot=4, seq=41192, name=com.example.dogglers:com.example.dogglers/com.example.dogglers.VerticalListActivity#0
06-07 03:16:04.164   874  1507 D DispPerfService: get hint proc=Surface(name=ActivityRecord{e5e2a51 u0 com.example.dogglers, idx=0 none
06-07 03:16:04.165   874  1507 D DispPerfService: get hint proc=Surface(name=ActivityRecord{e5e2a51 u0 com.example.dogglers, idx=0 none
06-07 03:16:04.166   874  1507 D DispPerfService: get hint proc=Surface(name=ActivityRecord{c0bda17 u0 com.example.dogglers, idx=0 none
06-07 03:16:04.167   874   955 D DispPerfService: get hint proc=Surface(name=ActivityRecord{c0bda17 u0 com.example.dogglers, idx=0 none
06-07 03:16:04.169  1650  1687 I ActivityTaskManager: Displayed com.example.dogglers/.VerticalListActivity: +190ms
06-07 03:16:04.178  1650  3143 I InputDispatcher: Focus entered window: Window{aef70a7 u0 com.example.dogglers/com.example.dogglers.VerticalListActivity} in display 0
06-07 03:16:04.182  3894  3894 V PhoneWindow: DecorView setVisiblity: visibility = 8, Parent = android.view.ViewRootImpl@fc11c41, this = DecorView@71b05e6[InputMethod]
06-07 03:16:04.182  1650  3143 D InputMethodManagerService: isSecurity: attribute.packageName=com.example.dogglers
06-07 03:16:04.182  1650  3143 D InputMethodManagerService: isSecurity= false (  enable=false needShow=false inBlackList=false  isExist=true )
06-07 03:16:04.183  1650  3143 D OplusVerificationCodeController: notifyImeAttributeChanged: 64false
06-07 03:16:04.184   874   955 D DispPerfService: get hint proc=Surface(name=613b6a7 InputMethod), idx=0 none
06-07 03:16:04.185  3894  3894 I GoogleInputMethodService: GoogleInputMethodService.onFinishInput():3204
06-07 03:16:04.185   838   855 I mtkpower@impl: [setMode] type:5, enabled:0
06-07 03:16:04.185   838   904 I libPowerHal: [perfLockRel] hdl:94189, idx:2
06-07 03:16:04.185   838   904 I libPowerHal: [PD] scn:2 hdl:94189 hint:11 comm:mtkpower@1.0-se pid:838
06-07 03:16:04.185  3894  3894 I GoogleInputMethodService: GoogleInputMethodService.updateDeviceLockedStatus():2100 checkRepeatedly = false, unlocked = true
06-07 03:16:04.186  3894  3894 I GoogleInputMethodService: GoogleInputMethodService.onStartInput():1903 onStartInput(EditorInfo{inputType=0x0(NULL) imeOptions=0x0 privateImeOptions=null actionName=UNSPECIFIED actionLabel=null actionId=0 initialSelStart=-1 initialSelEnd=-1 initialCapsMode=0x0 hintText=null label=null packageName=com.example.dogglers fieldId=-1 fieldName=null extras=null}, false)
06-07 03:16:04.186   838   854 I mtkpower@impl: [mtkPowerHint] hint:23, hold:0, ext:30, ext_hold:5
06-07 03:16:04.186  3894  3894 I GoogleInputMethodService: GoogleInputMethodService.updateDeviceLockedStatus():2100 checkRepeatedly = true, unlocked = true
06-07 03:16:04.186   838   904 I libPowerHal: [perfLockRel] hdl:94190, idx:3
06-07 03:16:04.186   838   904 I libPowerHal: [PD] scn:3 hdl:94190 hint:23 comm:mtkpower@1.0-se pid:838
06-07 03:16:04.186   838   904 I libPowerHal: [PD] MTKPOWER_HINT_ACT_SWITCH update cmd:1000000, param:-1
06-07 03:16:04.187   838   904 I libPowerHal: [PD] MTKPOWER_HINT_ACT_SWITCH update cmd:1408300 param:0
06-07 03:16:04.187   838   904 I libPowerHal: [PD] MTKPOWER_HINT_ACT_SWITCH update cmd:1000000 param:-1
06-07 03:16:04.187   838   904 I libPowerHal: [perfLockAcq] idx:2 hdl:94193 hint:30 pid:838 duration:5 => ret_hdl:94193
06-07 03:16:04.187   838   904 I libPowerHal: [PE] scn:2 hdl:94193 hint:30 comm:mtkpower@1.0-se pid:838
06-07 03:16:04.187   838   904 I libPowerHal: [PE] MTKPOWER_HINT_EXT_LAUNCH update cmd:1000000, param:1
06-07 03:16:04.187   838   904 I libPowerHal: [PE] MTKPOWER_HINT_EXT_LAUNCH update cmd:2020000, param:15
06-07 03:16:04.188   838   904 I libPowerHal: [PE] MTKPOWER_HINT_EXT_LAUNCH update cmd:1408300, param:40
06-07 03:16:04.188   874   874 D OppoExLayer: ~Layer() sequence=41186, name=Surface(name=7b5d0e3 StatusBar)/@0x39afcf6 - animation-leash#1@0xb400007bf39a7000
06-07 03:16:04.188   838   904 I libPowerHal: [PE] MTKPOWER_HINT_EXT_LAUNCH update cmd:1000000 param:1
06-07 03:16:04.188   874   874 D OppoExLayer: ~Layer() sequence=41187, name=Surface(name=669131f NavigationBar0)/@0xe54d8f7 - animation-leash#1@0xb400007bf39d2000
06-07 03:16:04.190  1650  2822 D OppoDisplayPolicy: com.android.systemui, change system app cutoutMode: color always
06-07 03:16:04.192  3894  3894 V PhoneWindow: DecorView setVisiblity: visibility = 8, Parent = android.view.ViewRootImpl@fc11c41, this = DecorView@71b05e6[InputMethod]
06-07 03:16:04.194   838   904 I mtkpower@impl: [powerd_req] TIMER_MSG_PERF_LOCK_TIMEOUT hdl:94193
06-07 03:16:04.194   838   904 I libPowerHal: [perfLockRel] hdl:94193, idx:2
06-07 03:16:04.194   838   904 I libPowerHal: [PD] scn:2 hdl:94193 hint:30 comm:mtkpower@1.0-se pid:838
06-07 03:16:04.194   838   904 I libPowerHal: [PD] MTKPOWER_HINT_EXT_LAUNCH update cmd:1000000, param:-1
06-07 03:16:04.194   838   904 I libPowerHal: [PD] MTKPOWER_HINT_EXT_LAUNCH update cmd:2020000 param:1
06-07 03:16:04.194   838   904 I libPowerHal: [PD] MTKPOWER_HINT_EXT_LAUNCH update cmd:1408300 param:0
06-07 03:16:04.194   838   904 I libPowerHal: [PD] MTKPOWER_HINT_EXT_LAUNCH update cmd:1000000 param:-1
06-07 03:16:04.199   874   874 D OppoExLayer: ~Layer() sequence=41189, name=Surface(name=613b6a7 InputMethod)/@0x18076fd - animation-leash#0@0xb400007bd980d000
06-07 03:16:04.202  1650  3143 D OppoDisplayPolicy: com.android.systemui, change system app cutoutMode: color always
06-07 03:16:04.209   874   874 I BufferQueueProducer: [FramebufferSurface](this:0xb400007bfe42eed0,id:-1,api:1,p:874,c:874) queueBuffer: fps=33.26 dur=1352.91 max=432.28 min=9.55
06-07 03:16:04.258   874   951 I BufferQueueProducer: [com.oppo.launcher/com.oppo.launcher.Launcher#0](id:36a00001f76,api:1,p:2605,c:874) disconnect(): api=1
06-07 03:16:04.266  2605  2605 E Parcel  : Reading a NULL string not supported here.
06-07 03:16:04.267   874   874 D OppoExLayer: ~Layer() sequence=41181, name=Surface(name=Task=2)/@0x70c721c - animation-leash#0@0xb400007be418d000
06-07 03:16:04.269  2605  2605 V PhoneWindow: DecorView setVisiblity: visibility = 4, Parent = android.view.ViewRootImpl@e89527c, this = DecorView@844cf49[Launcher]
06-07 03:16:04.290   874   874 I BufferQueueConsumer: [com.oppo.launcher/com.oppo.launcher.Launcher#0](id:36a00001f76,api:0,p:-1,c:874) disconnect()
06-07 03:16:04.290   874   874 I BufferQueue: [com.oppo.launcher/com.oppo.launcher.Launcher#0](this:0xb400007c946c0c58,id:8054,api:1,p:-1,c:-1) onDestructor()
06-07 03:16:04.290   874   874 D OppoExLayer: ~Layer() sequence=41169, name=com.oppo.launcher/com.oppo.launcher.Launcher#0@0xb400007be40fc000
06-07 03:16:04.291  1650  3143 I InputDispatcher: Window went away: com.oppo.launcher/com.oppo.launcher.Launcher#0
06-07 03:16:04.305   874   955 I BufferQueueProducer: [NavigationBar0#0](this:0xb400007c946c5258,id:5,api:1,p:2080,c:874) queueBuffer: fps=11.23 dur=1068.55 max=384.59 min=13.46
06-07 03:16:04.316  1650  1918 I mtkpower_client: perf_lock_rel, hdl:94192, tid:1918
06-07 03:16:04.317  1650  1918 I mtkpower_client: perf_lock_acq, hdl:94192, dur:0, num:6, tid:1918
06-07 03:16:04.317   838   904 I libPowerHal: [perfLockRel] hdl:94192, idx:1
06-07 03:16:04.317   838   904 I libPowerHal: [PD] scn:1 hdl:94192 lock_user:system_server pid:1650 tid:1918 dur:0
06-07 03:16:04.317   838   904 I libPowerHal: system_server: cpu_ctrl set cpu freq: -1 -1 -1 -1
06-07 03:16:04.317   838   904 I libPowerHal: [PD] system_server update cmd:1410000 param:0
06-07 03:16:04.318  1650  1918 I mtkpower_client: ret_hdl:94194
06-07 03:16:04.318   838   904 I libPowerHal: [perfLockAcq] idx:1 hdl:94194 hint:-1 pid:1650 duration:0 => ret_hdl:94194
06-07 03:16:04.318   838   904 I libPowerHal: [PE] scn:1 hdl:94194 lock_user:system_server pid:1650 tid:1918 dur:0
06-07 03:16:04.318   838   904 I libPowerHal: system_server: cpu_ctrl set cpu freq: 2000000 -1 1419000 -1
06-07 03:16:04.396  1195  1195 D AALLightSensor: oldLux=8 [SA:8 LA:6] newLux=8 (oriLux: 9)
06-07 03:16:04.403  5326  5326 I ViewInteraction: Checking 'MatchesViewAssertion{viewMatcher=(view has effective visibility <VISIBLE> and view.getGlobalVisibleRect() to return non-empty rectangle)}' assertion on view view.getId() is <2131231206/com.example.dogglers:id/vertical_recycler_view>
06-07 03:16:04.407  5326  5356 E Parcel  : Reading a NULL string not supported here.
06-07 03:16:04.409  1650  1918 I mtkpower_client: perf_lock_rel, hdl:94194, tid:1918
06-07 03:16:04.409  1650  1918 I mtkpower_client: perf_lock_acq, hdl:94194, dur:0, num:6, tid:1918
06-07 03:16:04.409   838   904 I libPowerHal: [perfLockRel] hdl:94194, idx:1
06-07 03:16:04.409   838   904 I libPowerHal: [PD] scn:1 hdl:94194 lock_user:system_server pid:1650 tid:1918 dur:0
06-07 03:16:04.410   838   904 I libPowerHal: system_server: cpu_ctrl set cpu freq: -1 -1 -1 -1
06-07 03:16:04.410   874  1504 D DispPerfService: get hint proc=ActivityRecord{fb15ed9 u0 com.example.dogglers, idx=0 none
06-07 03:16:04.410  1650  1918 I mtkpower_client: ret_hdl:94195
06-07 03:16:04.410   838   904 I libPowerHal: [perfLockAcq] idx:1 hdl:94195 hint:-1 pid:1650 duration:0 => ret_hdl:94195
06-07 03:16:04.410   838   904 I libPowerHal: [PE] scn:1 hdl:94195 lock_user:system_server pid:1650 tid:1918 dur:0
06-07 03:16:04.410   838   904 I libPowerHal: system_server: cpu_ctrl set cpu freq: 2000000 -1 1419000 -1
06-07 03:16:04.411   838   855 I mtkpower@impl: [setMode] type:5, enabled:1
06-07 03:16:04.411   838   904 I libPowerHal: [perfLockAcq] idx:2 hdl:94196 hint:11 pid:838 duration:30000 => ret_hdl:94196
06-07 03:16:04.411   838   904 I libPowerHal: [PE] scn:2 hdl:94196 hint:11 comm:mtkpower@1.0-se pid:838
06-07 03:16:04.411   838   904 I libPowerHal: LAUNCH: cpu_ctrl set cpu freq: 2000000 -1 2050000 -1
06-07 03:16:04.411   838   904 I libPowerHal: [PE] LAUNCH update cmd:1000000, param:0
06-07 03:16:04.411   838   904 I libPowerHal: [PE] LAUNCH update cmd:1408300, param:100
06-07 03:16:04.412   838   904 I libPowerHal: [PE] LAUNCH update cmd:1000000 param:0
06-07 03:16:04.412   838   904 I libPowerHal: [perfLockRel] hdl:94193, idx:-1
06-07 03:16:04.412   838   904 I libPowerHal: [perfLockAcq] idx:3 hdl:94197 hint:23 pid:838 duration:10000 => ret_hdl:94197
06-07 03:16:04.412   838   904 I libPowerHal: [PE] scn:3 hdl:94197 hint:23 comm:mtkpower@1.0-se pid:838
06-07 03:16:04.415  5326  5326 D LifecycleMonitor: Lifecycle status change: com.example.dogglers.VerticalListActivity@549c0ff in: PAUSED
06-07 03:16:04.416  5326  5326 V ActivityScenario: Activity lifecycle changed event received but ignored because the intent does not match. startActivityIntent=Intent { act=android.intent.action.MAIN cat=[android.intent.category.LAUNCHER] cmp=com.example.dogglers/.MainActivity }, activity.getIntent()=Intent { cmp=com.example.dogglers/.VerticalListActivity mCallingUid=10209 }, activity=com.example.dogglers.VerticalListActivity@549c0ff
06-07 03:16:04.419  1650  3143 I InputDispatcher: setFocusedApplication displayId=0 <invalid>
06-07 03:16:04.419   838   854 I mtkpower@impl: [notifyAppState] act com.example.dogglers.VerticalListActivity => androidx.test.core.app.InstrumentationActivityInvoker$EmptyActivity
06-07 03:16:04.422  1650  3143 D Theia.NoFocusWindow: FocusWindowErrorScene CheckFreezeScreen
06-07 03:16:04.429  5326  5458 E libEGL  : Invalid file path for libcolorx-loader.so
06-07 03:16:04.429  1650  1918 I mtkpower_client: perf_lock_rel, hdl:94195, tid:1918
06-07 03:16:04.430  1650  1918 I mtkpower_client: perf_lock_acq, hdl:94195, dur:0, num:6, tid:1918
06-07 03:16:04.430   838   904 I libPowerHal: [perfLockRel] hdl:94195, idx:1
06-07 03:16:04.430   838   904 I libPowerHal: [PD] scn:1 hdl:94195 lock_user:system_server pid:1650 tid:1918 dur:0
06-07 03:16:04.430  1650  1918 I mtkpower_client: ret_hdl:94198
06-07 03:16:04.431   838   904 I libPowerHal: [perfLockAcq] idx:1 hdl:94198 hint:-1 pid:1650 duration:0 => ret_hdl:94198
06-07 03:16:04.431   838   904 I libPowerHal: [PE] scn:1 hdl:94198 lock_user:system_server pid:1650 tid:1918 dur:0
06-07 03:16:04.432  5326  5326 D LifecycleMonitor: Lifecycle status change: androidx.test.core.app.InstrumentationActivityInvoker$EmptyActivity@764d654 in: PRE_ON_CREATE
06-07 03:16:04.432  5326  5326 V ActivityScenario: Activity lifecycle changed event received but ignored because the intent does not match. startActivityIntent=Intent { act=android.intent.action.MAIN cat=[android.intent.category.LAUNCHER] cmp=com.example.dogglers/.MainActivity }, activity.getIntent()=Intent { act=android.intent.action.MAIN cat=[android.intent.category.LAUNCHER] flg=0x10000000 cmp=com.example.dogglers/androidx.test.core.app.InstrumentationActivityInvoker$EmptyActivity mCallingUid=10209 }, activity=androidx.test.core.app.InstrumentationActivityInvoker$EmptyActivity@764d654
06-07 03:16:04.438  1650  3143 I InputDispatcher: Focus left window: Window{aef70a7 u0 com.example.dogglers/com.example.dogglers.VerticalListActivity} in display 0
06-07 03:16:04.439  1650  3143 I InputDispatcher: Window went away: Window{aef70a7 u0 com.example.dogglers/com.example.dogglers.VerticalListActivity}
06-07 03:16:04.442  5326  5326 D LifecycleMonitor: Lifecycle status change: androidx.test.core.app.InstrumentationActivityInvoker$EmptyActivity@764d654 in: CREATED
06-07 03:16:04.442  5326  5326 V ActivityScenario: Activity lifecycle changed event received but ignored because the intent does not match. startActivityIntent=Intent { act=android.intent.action.MAIN cat=[android.intent.category.LAUNCHER] cmp=com.example.dogglers/.MainActivity }, activity.getIntent()=Intent { act=android.intent.action.MAIN cat=[android.intent.category.LAUNCHER] flg=0x10000000 cmp=com.example.dogglers/androidx.test.core.app.InstrumentationActivityInvoker$EmptyActivity mCallingUid=10209 }, activity=androidx.test.core.app.InstrumentationActivityInvoker$EmptyActivity@764d654
06-07 03:16:04.444  5326  5326 D LifecycleMonitor: Lifecycle status change: androidx.test.core.app.InstrumentationActivityInvoker$EmptyActivity@764d654 in: STARTED
06-07 03:16:04.444  5326  5326 V ActivityScenario: Activity lifecycle changed event received but ignored because the intent does not match. startActivityIntent=Intent { act=android.intent.action.MAIN cat=[android.intent.category.LAUNCHER] cmp=com.example.dogglers/.MainActivity }, activity.getIntent()=Intent { act=android.intent.action.MAIN cat=[android.intent.category.LAUNCHER] flg=0x10000000 cmp=com.example.dogglers/androidx.test.core.app.InstrumentationActivityInvoker$EmptyActivity mCallingUid=10209 }, activity=androidx.test.core.app.InstrumentationActivityInvoker$EmptyActivity@764d654
06-07 03:16:04.447  1650  1918 I mtkpower_client: perf_lock_rel, hdl:94198, tid:1918
06-07 03:16:04.447  1650  1918 I mtkpower_client: perf_lock_acq, hdl:94198, dur:0, num:6, tid:1918
06-07 03:16:04.447  5326  5326 D LifecycleMonitor: Lifecycle status change: androidx.test.core.app.InstrumentationActivityInvoker$EmptyActivity@764d654 in: RESUMED
06-07 03:16:04.447  5326  5326 V ActivityScenario: Activity lifecycle changed event received but ignored because the intent does not match. startActivityIntent=Intent { act=android.intent.action.MAIN cat=[android.intent.category.LAUNCHER] cmp=com.example.dogglers/.MainActivity }, activity.getIntent()=Intent { act=android.intent.action.MAIN cat=[android.intent.category.LAUNCHER] flg=0x10000000 cmp=com.example.dogglers/androidx.test.core.app.InstrumentationActivityInvoker$EmptyActivity mCallingUid=10209 }, activity=androidx.test.core.app.InstrumentationActivityInvoker$EmptyActivity@764d654
06-07 03:16:04.448  5326  5326 V PhoneWindow: DecorView setVisiblity: visibility = 4, Parent = null, this = DecorView@5b96143[]
06-07 03:16:04.448   874  1507 I SurfaceFlinger: [SF client] NEW(0xb400007bf3b3dd80) for (5326:com.example.dogglers)
06-07 03:16:04.449   838   854 I mtkpower@impl: [check_work_req] i:0, msg:1 hdl:94198, wait
06-07 03:16:04.450   838   904 I libPowerHal: [perfLockRel] hdl:94198, idx:1
06-07 03:16:04.450   838   904 I libPowerHal: [PD] scn:1 hdl:94198 lock_user:system_server pid:1650 tid:1918 dur:0
06-07 03:16:04.452  1650  1918 I mtkpower_client: ret_hdl:94199
06-07 03:16:04.453   838   904 I libPowerHal: [perfLockAcq] idx:1 hdl:94199 hint:-1 pid:1650 duration:0 => ret_hdl:94199
06-07 03:16:04.453   838   904 I libPowerHal: [PE] scn:1 hdl:94199 lock_user:system_server pid:1650 tid:1918 dur:0
06-07 03:16:04.453  5326  5326 D ViewRootImpl[InstrumentationActivityInvoker$EmptyActivity]: hardware acceleration = true , fakeHwAccelerated = false, sRendererDisabled = false, forceHwAccelerated = false, sSystemRendererDisabled = false
06-07 03:16:04.454  1650  2822 D OppoDisplayPolicy: com.example.dogglers, no change cutoutMode: 0
06-07 03:16:04.455   874  1507 D DispPerfService: get hint proc=839628b com.example.dogglers, idx=0 none
06-07 03:16:04.457  5326  5326 E libEGL  : Invalid file path for libcolorx-loader.so
06-07 03:16:04.457  5326  5326 I chatty  : uid=10209(com.example.dogglers) identical 4 lines
06-07 03:16:04.457  5326  5326 E libEGL  : Invalid file path for libcolorx-loader.so
06-07 03:16:04.457  5326  5326 I InputTransport: Create ARC handle: 0xb40000784f8fefa0
06-07 03:16:04.457  5326  5326 V PhoneWindow: DecorView setVisiblity: visibility = 0, Parent = android.view.ViewRootImpl@43a203e, this = DecorView@5b96143[InstrumentationActivityInvoker$EmptyActivity]
06-07 03:16:04.460   874   874 D OppoExLayer: ~Layer() sequence=41198, name=Surface(name=ActivityRecord{c0bda17 u0 com.example.dogglers/.MainActivity)/@0x27b2531 - animation-bounds#0@0xb400007bd9fee000
06-07 03:16:04.460   874   874 D OppoExLayer: ~Layer() sequence=41196, name=Surface(name=ActivityRecord{e5e2a51 u0 com.example.dogglers/.VerticalListActivity)/@0x1332eec - animation-bounds#0@0xb400007bd9fb5000
06-07 03:16:04.465  1650  5021 D OppoDisplayPolicy: com.example.dogglers, no change cutoutMode: 0
06-07 03:16:04.466   874   955 D DispPerfService: get hint proc=com.example.dogglers, idx=0 none
06-07 03:16:04.466   874   955 I BufferQueueConsumer: [](id:36a00001f7a,api:0,p:-1,c:874) connect(): controlledByApp=false
06-07 03:16:04.467   874   955 I BufferQueue: [unnamed-874-8058](this:0xb400007bd9e22a58,id:8058,api:0,p:-1,c:-1) BufferQueue core=(874:/system/bin/surfaceflinger)
06-07 03:16:04.468   874  1504 D DispPerfService: get hint proc=Surface(name=7b5d0e3 StatusBar), idx=0 none
06-07 03:16:04.469   874  1504 D DispPerfService: get hint proc=Surface(name=669131f NavigationBar0), idx=0 none
06-07 03:16:04.470  1650  5021 D Theia.NoFocusWindow: FocusWindowErrorScene cancelCheckFreezeScreen
06-07 03:16:04.471   874   874 D OppoExLayer: ~Layer() sequence=41195, name=Surface(name=ActivityRecord{e5e2a51 u0 com.example.dogglers/.VerticalListActivity)/@0x1332eec - animation-leash#0@0xb400007bd9e7f000
06-07 03:16:04.472   874   874 D OppoExLayer: ~Layer() sequence=41197, name=Surface(name=ActivityRecord{c0bda17 u0 com.example.dogglers/.MainActivity)/@0x27b2531 - animation-leash#0@0xb400007bd9fc9000
06-07 03:16:04.474   874  1504 I BufferQueueProducer: [com.example.dogglers/androidx.test.core.app.InstrumentationActivityInvoker$EmptyActivity#0](id:36a00001f7a,api:1,p:5326,c:874) connect(): api=1 producerControlledByApp=false
06-07 03:16:04.479   874   955 D DispPerfService: onframeavailable pid=5326, slot=0, seq=41202, name=com.example.dogglers:com.example.dogglers/androidx.test.core.app.InstrumentationActivityInvoker$EmptyActivity#0
06-07 03:16:04.481   874   955 I BufferQueueProducer: [com.example.dogglers/com.example.dogglers.MainActivity#0](id:36a00001f78,api:1,p:5326,c:874) disconnect(): api=1
06-07 03:16:04.485  1650  5021 I InputDispatcher: Window went away: com.example.dogglers/androidx.test.core.app.InstrumentationActivityInvoker$EmptyActivity#0
06-07 03:16:04.493  1650  1687 I ActivityTaskManager: Displayed com.example.dogglers/androidx.test.core.app.InstrumentationActivityInvoker$EmptyActivity: +84ms
06-07 03:16:04.497   874   874 D DispPerfService: Skip Bind Core, mCoreForSFBind:0
06-07 03:16:04.498  3894  3894 V PhoneWindow: DecorView setVisiblity: visibility = 8, Parent = android.view.ViewRootImpl@fc11c41, this = DecorView@71b05e6[InputMethod]
06-07 03:16:04.499  5326  5326 D LifecycleMonitor: Lifecycle status change: com.example.dogglers.MainActivity@eb8a968 in: STOPPED
06-07 03:16:04.499  5326  5326 V ActivityScenario: Update currentActivityStage to STOPPED, currentActivity=com.example.dogglers.MainActivity@eb8a968
06-07 03:16:04.500  5326  5326 V PhoneWindow: DecorView setVisiblity: visibility = 4, Parent = android.view.ViewRootImpl@cc9e835, this = DecorView@6462abe[MainActivity]
06-07 03:16:04.501  5326  5326 D LifecycleMonitor: Lifecycle status change: com.example.dogglers.MainActivity@eb8a968 in: DESTROYED
06-07 03:16:04.501  5326  5326 V ActivityScenario: Update currentActivityStage to DESTROYED, currentActivity=null
06-07 03:16:04.503  5326  5326 D View    : [Warning] assignParent to null: this = DecorView@6462abe[MainActivity]
06-07 03:16:04.504  5326  5356 E Parcel  : Reading a NULL string not supported here.
06-07 03:16:04.506   874   874 D OppoExLayer: ~Layer() sequence=41193, name=Surface(name=7b5d0e3 StatusBar)/@0x39afcf6 - animation-leash#0@0xb400007bd9819000
06-07 03:16:04.506   874   874 D OppoExLayer: ~Layer() sequence=41194, name=Surface(name=669131f NavigationBar0)/@0xe54d8f7 - animation-leash#0@0xb400007bd9feb000
06-07 03:16:04.507  1650  2822 I InputDispatcher: Focus entered window: Window{839628b u0 com.example.dogglers/androidx.test.core.app.InstrumentationActivityInvoker$EmptyActivity} in display 0
06-07 03:16:04.507  1650  2822 I InputDispatcher: Window went away: com.example.dogglers/com.example.dogglers.MainActivity#0
06-07 03:16:04.507  5326  5326 I InputTransport: Destroy ARC handle: 0xb40000784f8f2a60
06-07 03:16:04.509  1650  1918 I mtkpower_client: perf_lock_rel, hdl:94199, tid:1918
06-07 03:16:04.509  1650  1918 I mtkpower_client: perf_lock_acq, hdl:94199, dur:0, num:6, tid:1918
06-07 03:16:04.509   838   904 I libPowerHal: [perfLockRel] hdl:94199, idx:1
06-07 03:16:04.509   838   904 I libPowerHal: [PD] scn:1 hdl:94199 lock_user:system_server pid:1650 tid:1918 dur:0
06-07 03:16:04.510  1650  1918 I mtkpower_client: ret_hdl:94200
06-07 03:16:04.510   838   904 I libPowerHal: [perfLockAcq] idx:1 hdl:94200 hint:-1 pid:1650 duration:0 => ret_hdl:94200
06-07 03:16:04.510   838   904 I libPowerHal: [PE] scn:1 hdl:94200 lock_user:system_server pid:1650 tid:1918 dur:0
06-07 03:16:04.510   819   884 I hwcomposer: [HWCDisplay] [Display_0 (type:1)] fps:86.979958,dur:1011.73,max:22.88,min:8.83
06-07 03:16:04.511   874   955 I BufferQueueProducer: [com.example.dogglers/com.example.dogglers.VerticalListActivity#0](id:36a00001f79,api:1,p:5326,c:874) disconnect(): api=1
06-07 03:16:04.511   874  1504 D DispPerfService: get hint proc=ActivityRecord{afca6d6 u0 com.example.dogglers, idx=0 none
06-07 03:16:04.512   838   855 I mtkpower@impl: [setMode] type:5, enabled:1
06-07 03:16:04.513   838   904 I libPowerHal: [perfLockAcq] idx:4 hdl:94201 hint:11 pid:838 duration:30000 => ret_hdl:94201
06-07 03:16:04.513   838   904 I libPowerHal: [PE] scn:4 hdl:94201 hint:11 comm:mtkpower@1.0-se pid:838
06-07 03:16:04.513   838   904 I libPowerHal: [perfLockRel] hdl:94196, idx:2
06-07 03:16:04.513   838   904 I libPowerHal: [PD] scn:2 hdl:94196 hint:11 comm:mtkpower@1.0-se pid:838
06-07 03:16:04.517   874   874 I BufferQueueConsumer: [com.example.dogglers/com.example.dogglers.MainActivity#0](id:36a00001f78,api:0,p:-1,c:874) disconnect()
06-07 03:16:04.517   874   874 I BufferQueue: [com.example.dogglers/com.example.dogglers.MainActivity#0](this:0xb400007bf39f8858,id:8056,api:1,p:-1,c:-1) onDestructor()
06-07 03:16:04.517   874   874 D OppoExLayer: ~Layer() sequence=41185, name=com.example.dogglers/com.example.dogglers.MainActivity#0@0xb400007bf39e1000
06-07 03:16:04.517   874   874 D OppoExLayer: ~Layer() sequence=41184, name=7aa607e com.example.dogglers/com.example.dogglers.MainActivity#0@0xb400007bf39de000
06-07 03:16:04.521  3894  3894 V PhoneWindow: DecorView setVisiblity: visibility = 8, Parent = android.view.ViewRootImpl@fc11c41, this = DecorView@71b05e6[InputMethod]
06-07 03:16:04.527  5326  5326 D LifecycleMonitor: Lifecycle status change: androidx.test.core.app.InstrumentationActivityInvoker$EmptyActivity@764d654 in: PAUSED
06-07 03:16:04.527  5326  5326 V ActivityScenario: Activity lifecycle changed event received but ignored because the intent does not match. startActivityIntent=Intent { act=android.intent.action.MAIN cat=[android.intent.category.LAUNCHER] cmp=com.example.dogglers/.MainActivity }, activity.getIntent()=Intent { act=android.intent.action.MAIN cat=[android.intent.category.LAUNCHER] flg=0x10000000 cmp=com.example.dogglers/androidx.test.core.app.InstrumentationActivityInvoker$EmptyActivity mCallingUid=10209 }, activity=androidx.test.core.app.InstrumentationActivityInvoker$EmptyActivity@764d654
06-07 03:16:04.528   874   874 D OppoExLayer: ~Layer() sequence=41180, name=ActivityRecord{c0bda17 u0 com.example.dogglers/.MainActivity#0@0xb400007bd9e32000
06-07 03:16:04.530  1650  5021 I InputDispatcher: setFocusedApplication displayId=0 <invalid>
06-07 03:16:04.533  1650  5021 D Theia.NoFocusWindow: FocusWindowErrorScene CheckFreezeScreen
06-07 03:16:04.538   874   874 D DispPerfService: Skip Bind Core, mCoreForSFBind:0
06-07 03:16:04.539  1650  5021 D InputMethodManagerService: isSecurity: attribute.packageName=com.example.dogglers
06-07 03:16:04.539  1650  5021 D InputMethodManagerService: isSecurity= false (  enable=false needShow=false inBlackList=false  isExist=true )
06-07 03:16:04.540  1650  5021 D OplusVerificationCodeController: notifyImeAttributeChanged: 64false
06-07 03:16:04.541   874  1504 D DispPerfService: get hint proc=Surface(name=613b6a7 InputMethod), idx=0 none
06-07 03:16:04.542  1650  3143 D OppoDisplayPolicy: com.android.systemui, change system app cutoutMode: color always
06-07 03:16:04.542  3894  3894 I GoogleInputMethodService: GoogleInputMethodService.onFinishInput():3204
06-07 03:16:04.543  3894  3894 I GoogleInputMethodService: GoogleInputMethodService.updateDeviceLockedStatus():2100 checkRepeatedly = false, unlocked = true
06-07 03:16:04.543  3894  3894 I GoogleInputMethodService: GoogleInputMethodService.onStartInput():1903 onStartInput(EditorInfo{inputType=0x0(NULL) imeOptions=0x0 privateImeOptions=null actionName=UNSPECIFIED actionLabel=null actionId=0 initialSelStart=-1 initialSelEnd=-1 initialCapsMode=0x0 hintText=null label=null packageName=com.example.dogglers fieldId=-1 fieldName=null extras=null}, false)
06-07 03:16:04.544  3894  3894 I GoogleInputMethodService: GoogleInputMethodService.updateDeviceLockedStatus():2100 checkRepeatedly = true, unlocked = true
06-07 03:16:04.547  5326  5326 D LifecycleMonitor: Lifecycle status change: androidx.test.core.app.InstrumentationActivityInvoker$BootstrapActivity@6735249 in: DESTROYED
06-07 03:16:04.547  5326  5326 V ActivityScenario: Activity lifecycle changed event received but ignored because the intent does not match. startActivityIntent=Intent { act=android.intent.action.MAIN cat=[android.intent.category.LAUNCHER] cmp=com.example.dogglers/.MainActivity }, activity.getIntent()=Intent { act=android.intent.action.MAIN cat=[android.intent.category.LAUNCHER] flg=0x10008000 cmp=com.example.dogglers/androidx.test.core.app.InstrumentationActivityInvoker$BootstrapActivity (has extras) mCallingUid=10209 }, activity=androidx.test.core.app.InstrumentationActivityInvoker$BootstrapActivity@6735249
06-07 03:16:04.550  5326  5459 E libEGL  : Invalid file path for libcolorx-loader.so
06-07 03:16:04.550  1650  1918 I mtkpower_client: perf_lock_rel, hdl:94200, tid:1918
06-07 03:16:04.550  1650  1918 I mtkpower_client: perf_lock_acq, hdl:94200, dur:0, num:6, tid:1918
06-07 03:16:04.550   838   904 I libPowerHal: [perfLockRel] hdl:94200, idx:1
06-07 03:16:04.550   838   904 I libPowerHal: [PD] scn:1 hdl:94200 lock_user:system_server pid:1650 tid:1918 dur:0
06-07 03:16:04.551  1650  1918 I mtkpower_client: ret_hdl:94202
06-07 03:16:04.551   838   904 I libPowerHal: [perfLockAcq] idx:1 hdl:94202 hint:-1 pid:1650 duration:0 => ret_hdl:94202
06-07 03:16:04.551   838   904 I libPowerHal: [PE] scn:1 hdl:94202 lock_user:system_server pid:1650 tid:1918 dur:0
06-07 03:16:04.552  1650  2822 I InputDispatcher: Focus left window: Window{839628b u0 com.example.dogglers/androidx.test.core.app.InstrumentationActivityInvoker$EmptyActivity} in display 0
06-07 03:16:04.552  1650  2822 I InputDispatcher: Window went away: Window{839628b u0 com.example.dogglers/androidx.test.core.app.InstrumentationActivityInvoker$EmptyActivity}
06-07 03:16:04.553  5326  5326 D LifecycleMonitor: Lifecycle status change: androidx.test.core.app.InstrumentationActivityInvoker$EmptyActivity@ee58ad8 in: PRE_ON_CREATE
06-07 03:16:04.553  5326  5326 V ActivityScenario: Activity lifecycle changed event received but ignored because the intent does not match. startActivityIntent=Intent { act=android.intent.action.MAIN cat=[android.intent.category.LAUNCHER] cmp=com.example.dogglers/.MainActivity }, activity.getIntent()=Intent { act=android.intent.action.MAIN cat=[android.intent.category.LAUNCHER] flg=0x10000000 cmp=com.example.dogglers/androidx.test.core.app.InstrumentationActivityInvoker$EmptyActivity mCallingUid=10209 }, activity=androidx.test.core.app.InstrumentationActivityInvoker$EmptyActivity@ee58ad8
06-07 03:16:04.562   874   874 D OppoExLayer: ~Layer() sequence=41177, name=ActivityRecord{1ba76ea u0 com.example.dogglers/androidx.test.core.app.InstrumentationActivityInvoker$BootstrapActivity#0@0xb400007bda0c8000
06-07 03:16:04.562  5326  5326 D LifecycleMonitor: Lifecycle status change: androidx.test.core.app.InstrumentationActivityInvoker$EmptyActivity@ee58ad8 in: CREATED
06-07 03:16:04.563  5326  5326 V ActivityScenario: Activity lifecycle changed event received but ignored because the intent does not match. startActivityIntent=Intent { act=android.intent.action.MAIN cat=[android.intent.category.LAUNCHER] cmp=com.example.dogglers/.MainActivity }, activity.getIntent()=Intent { act=android.intent.action.MAIN cat=[android.intent.category.LAUNCHER] flg=0x10000000 cmp=com.example.dogglers/androidx.test.core.app.InstrumentationActivityInvoker$EmptyActivity mCallingUid=10209 }, activity=androidx.test.core.app.InstrumentationActivityInvoker$EmptyActivity@ee58ad8
06-07 03:16:04.564  5326  5326 D LifecycleMonitor: Lifecycle status change: androidx.test.core.app.InstrumentationActivityInvoker$EmptyActivity@ee58ad8 in: STARTED
06-07 03:16:04.564  5326  5326 V ActivityScenario: Activity lifecycle changed event received but ignored because the intent does not match. startActivityIntent=Intent { act=android.intent.action.MAIN cat=[android.intent.category.LAUNCHER] cmp=com.example.dogglers/.MainActivity }, activity.getIntent()=Intent { act=android.intent.action.MAIN cat=[android.intent.category.LAUNCHER] flg=0x10000000 cmp=com.example.dogglers/androidx.test.core.app.InstrumentationActivityInvoker$EmptyActivity mCallingUid=10209 }, activity=androidx.test.core.app.InstrumentationActivityInvoker$EmptyActivity@ee58ad8
06-07 03:16:04.566  1650  1918 I mtkpower_client: perf_lock_rel, hdl:94202, tid:1918
06-07 03:16:04.566  1650  1918 I mtkpower_client: perf_lock_acq, hdl:94202, dur:0, num:6, tid:1918
06-07 03:16:04.567   838   904 I libPowerHal: [perfLockRel] hdl:94202, idx:1
06-07 03:16:04.567   838   904 I libPowerHal: [PD] scn:1 hdl:94202 lock_user:system_server pid:1650 tid:1918 dur:0
06-07 03:16:04.567  5326  5326 D LifecycleMonitor: Lifecycle status change: androidx.test.core.app.InstrumentationActivityInvoker$EmptyActivity@ee58ad8 in: RESUMED
06-07 03:16:04.567  1650  1918 I mtkpower_client: ret_hdl:94203
06-07 03:16:04.567   838   904 I libPowerHal: [perfLockAcq] idx:1 hdl:94203 hint:-1 pid:1650 duration:0 => ret_hdl:94203
06-07 03:16:04.567   838   904 I libPowerHal: [PE] scn:1 hdl:94203 lock_user:system_server pid:1650 tid:1918 dur:0
06-07 03:16:04.567  5326  5326 V ActivityScenario: Activity lifecycle changed event received but ignored because the intent does not match. startActivityIntent=Intent { act=android.intent.action.MAIN cat=[android.intent.category.LAUNCHER] cmp=com.example.dogglers/.MainActivity }, activity.getIntent()=Intent { act=android.intent.action.MAIN cat=[android.intent.category.LAUNCHER] flg=0x10000000 cmp=com.example.dogglers/androidx.test.core.app.InstrumentationActivityInvoker$EmptyActivity mCallingUid=10209 }, activity=androidx.test.core.app.InstrumentationActivityInvoker$EmptyActivity@ee58ad8
06-07 03:16:04.568  5326  5326 V PhoneWindow: DecorView setVisiblity: visibility = 4, Parent = null, this = DecorView@cbdf297[]
06-07 03:16:04.568   874  1504 I SurfaceFlinger: [SF client] NEW(0xb400007bf3b3dc00) for (5326:com.example.dogglers)
06-07 03:16:04.572  5326  5326 D ViewRootImpl[InstrumentationActivityInvoker$EmptyActivity]: hardware acceleration = true , fakeHwAccelerated = false, sRendererDisabled = false, forceHwAccelerated = false, sSystemRendererDisabled = false
06-07 03:16:04.573  1650  5021 D OppoDisplayPolicy: com.example.dogglers, no change cutoutMode: 0
06-07 03:16:04.574   874   955 D DispPerfService: get hint proc=1e411e0 com.example.dogglers, idx=0 none
06-07 03:16:04.575  5326  5326 E libEGL  : Invalid file path for libcolorx-loader.so
06-07 03:16:04.576  5326  5326 I chatty  : uid=10209(com.example.dogglers) identical 4 lines
06-07 03:16:04.576  5326  5326 E libEGL  : Invalid file path for libcolorx-loader.so
06-07 03:16:04.576  5326  5326 I InputTransport: Create ARC handle: 0xb40000784f904a00
06-07 03:16:04.576  5326  5326 V PhoneWindow: DecorView setVisiblity: visibility = 0, Parent = android.view.ViewRootImpl@b3290a2, this = DecorView@cbdf297[InstrumentationActivityInvoker$EmptyActivity]
06-07 03:16:04.578  5326  5326 D LifecycleMonitor: Lifecycle status change: com.example.dogglers.VerticalListActivity@549c0ff in: STOPPED
06-07 03:16:04.578  5326  5326 V ActivityScenario: Activity lifecycle changed event received but ignored because the intent does not match. startActivityIntent=Intent { act=android.intent.action.MAIN cat=[android.intent.category.LAUNCHER] cmp=com.example.dogglers/.MainActivity }, activity.getIntent()=Intent { cmp=com.example.dogglers/.VerticalListActivity mCallingUid=10209 }, activity=com.example.dogglers.VerticalListActivity@549c0ff
06-07 03:16:04.579  5326  5326 V PhoneWindow: DecorView setVisiblity: visibility = 4, Parent = android.view.ViewRootImpl@82cf983, this = DecorView@8f57594[VerticalListActivity]
06-07 03:16:04.581  3894  3894 V PhoneWindow: DecorView setVisiblity: visibility = 8, Parent = android.view.ViewRootImpl@fc11c41, this = DecorView@71b05e6[InputMethod]
06-07 03:16:04.586  1650  2822 D OppoDisplayPolicy: com.example.dogglers, no change cutoutMode: 0
06-07 03:16:04.589   874   955 D DispPerfService: get hint proc=com.example.dogglers, idx=0 none
06-07 03:16:04.589   874   955 I BufferQueueConsumer: [](id:36a00001f7b,api:0,p:-1,c:874) connect(): controlledByApp=false
06-07 03:16:04.589   874   955 I BufferQueue: [unnamed-874-8059](this:0xb400007bd9e23858,id:8059,api:0,p:-1,c:-1) BufferQueue core=(874:/system/bin/surfaceflinger)
06-07 03:16:04.591   874   955 D DispPerfService: get hint proc=Surface(name=7b5d0e3 StatusBar), idx=0 none
06-07 03:16:04.592   874   955 D DispPerfService: get hint proc=Surface(name=669131f NavigationBar0), idx=0 none
06-07 03:16:04.593  1650  2822 D Theia.NoFocusWindow: FocusWindowErrorScene cancelCheckFreezeScreen
06-07 03:16:04.593  1650  5021 D OppoDisplayPolicy: com.android.systemui, change system app cutoutMode: color always
06-07 03:16:04.597   874   955 I BufferQueueProducer: [com.example.dogglers/androidx.test.core.app.InstrumentationActivityInvoker$EmptyActivity#1](id:36a00001f7b,api:1,p:5326,c:874) connect(): api=1 producerControlledByApp=false
06-07 03:16:04.603   874   955 D DispPerfService: onframeavailable pid=5326, slot=0, seq=41208, name=com.example.dogglers:com.example.dogglers/androidx.test.core.app.InstrumentationActivityInvoker$EmptyActivity#1
06-07 03:16:04.603  1650  2568 W OplusLocationManagerService: NavigateMode doesn't match LocationMode
06-07 03:16:04.604  1650  2568 I ColorHansManager : stateRToFFreeze--imporant case: pkgName: com.ss.android.ugc.trill, reason: lastResumeProtect
06-07 03:16:04.604  1650  5021 D OppoDisplayPolicy: com.example.dogglers, no change cutoutMode: 0
06-07 03:16:04.604  1650  2568 W OplusLocationManagerService: NavigateMode doesn't match LocationMode
06-07 03:16:04.604  1650  2568 I ColorHansManager : stateRToFFreeze--imporant case: pkgName: com.simejikeyboard, reason: lastResumeProtect
06-07 03:16:04.605  1650  2568 W OplusLocationManagerService: NavigateMode doesn't match LocationMode
06-07 03:16:04.605  1650  2568 I ColorHansManager : stateRToFFreeze--imporant case: pkgName: com.kiloo.subwaysurf, reason: lastResumeProtect
06-07 03:16:04.605  1650  2568 W OplusLocationManagerService: NavigateMode doesn't match LocationMode
06-07 03:16:04.605  1650  2568 I ColorHansManager : stateRToFFreeze--imporant case: pkgName: com.google.android.apps.docs, reason: lastResumeProtect
06-07 03:16:04.606  1650  2568 W OplusLocationManagerService: NavigateMode doesn't match LocationMode
06-07 03:16:04.606  1650  2568 I ColorHansManager : stateRToFFreeze--imporant case: pkgName: com.lenovo.anyshare.gps, reason: lastResumeProtect
06-07 03:16:04.606  1650  2568 W OplusLocationManagerService: NavigateMode doesn't match LocationMode
06-07 03:16:04.606  1650  2568 I ColorHansManager : stateRToFFreeze--imporant case: pkgName: com.lazada.android, reason: lastResumeProtect
06-07 03:16:04.607  1650  2568 W OplusLocationManagerService: NavigateMode doesn't match LocationMode
06-07 03:16:04.607  1650  2568 I ColorHansManager : stateRToFFreeze--imporant case: pkgName: com.appsinnova.android.keepclean, reason: lastResumeProtect
06-07 03:16:04.609  1650  2822 I InputDispatcher: Window went away: com.example.dogglers/androidx.test.core.app.InstrumentationActivityInvoker$EmptyActivity#1
06-07 03:16:04.610  1650  1687 I ActivityTaskManager: Displayed com.example.dogglers/androidx.test.core.app.InstrumentationActivityInvoker$EmptyActivity: +102ms
06-07 03:16:04.613   874   874 D DispPerfService: Skip Bind Core, mCoreForSFBind:0
06-07 03:16:04.619   874   874 I BufferQueueConsumer: [com.example.dogglers/com.example.dogglers.VerticalListActivity#0](id:36a00001f79,api:0,p:-1,c:874) disconnect()
06-07 03:16:04.619   874   874 I BufferQueue: [com.example.dogglers/com.example.dogglers.VerticalListActivity#0](this:0xb400007bfe74ac58,id:8057,api:1,p:-1,c:-1) onDestructor()
06-07 03:16:04.619   874   874 D OppoExLayer: ~Layer() sequence=41192, name=com.example.dogglers/com.example.dogglers.VerticalListActivity#0@0xb400007bd9fe8000
06-07 03:16:04.621  1650  3143 I InputDispatcher: Focus entered window: Window{1e411e0 u0 com.example.dogglers/androidx.test.core.app.InstrumentationActivityInvoker$EmptyActivity} in display 0
06-07 03:16:04.621  1650  3143 I InputDispatcher: Window went away: com.example.dogglers/com.example.dogglers.VerticalListActivity#0
06-07 03:16:04.621  3894  3894 V PhoneWindow: DecorView setVisiblity: visibility = 8, Parent = android.view.ViewRootImpl@fc11c41, this = DecorView@71b05e6[InputMethod]
06-07 03:16:04.626  1650  2822 D InputMethodManagerService: isSecurity: attribute.packageName=com.example.dogglers
06-07 03:16:04.626  1650  2822 D InputMethodManagerService: isSecurity= false (  enable=false needShow=false inBlackList=false  isExist=true )
06-07 03:16:04.627  1650  2822 D OplusVerificationCodeController: notifyImeAttributeChanged: 64false
06-07 03:16:04.628   874   955 D DispPerfService: get hint proc=Surface(name=613b6a7 InputMethod), idx=0 none
06-07 03:16:04.629  3894  3894 I GoogleInputMethodService: GoogleInputMethodService.onFinishInput():3204
06-07 03:16:04.630  3894  3894 I GoogleInputMethodService: GoogleInputMethodService.updateDeviceLockedStatus():2100 checkRepeatedly = false, unlocked = true
06-07 03:16:04.630   874   874 D OppoExLayer: ~Layer() sequence=41203, name=Surface(name=7b5d0e3 StatusBar)/@0x39afcf6 - animation-leash#1@0xb400007bf38d8000
06-07 03:16:04.630   874   874 D OppoExLayer: ~Layer() sequence=41204, name=Surface(name=669131f NavigationBar0)/@0xe54d8f7 - animation-leash#1@0xb400007bf38db000
06-07 03:16:04.630  3894  3894 I GoogleInputMethodService: GoogleInputMethodService.onStartInput():1903 onStartInput(EditorInfo{inputType=0x0(NULL) imeOptions=0x0 privateImeOptions=null actionName=UNSPECIFIED actionLabel=null actionId=0 initialSelStart=-1 initialSelEnd=-1 initialCapsMode=0x0 hintText=null label=null packageName=com.example.dogglers fieldId=-1 fieldName=null extras=null}, false)
06-07 03:16:04.631  3894  3894 I GoogleInputMethodService: GoogleInputMethodService.updateDeviceLockedStatus():2100 checkRepeatedly = true, unlocked = true
06-07 03:16:04.631   874   874 D DispPerfService: Skip Bind Core, mCoreForSFBind:0
06-07 03:16:04.632  1650  5021 D OppoDisplayPolicy: com.android.systemui, change system app cutoutMode: color always
06-07 03:16:04.633   874   955 I BufferQueueProducer: [com.example.dogglers/androidx.test.core.app.InstrumentationActivityInvoker$EmptyActivity#0](id:36a00001f7a,api:1,p:5326,c:874) disconnect(): api=1
06-07 03:16:04.641  1650  2821 D Theia.NoFocusWindow: FocusWindowErrorScene CheckFreezeScreen
06-07 03:16:04.643  1650  5021 I InputDispatcher: Focus left window: Window{1e411e0 u0 com.example.dogglers/androidx.test.core.app.InstrumentationActivityInvoker$EmptyActivity} in display 0
06-07 03:16:04.643  1650  5021 I InputDispatcher: Window went away: Window{1e411e0 u0 com.example.dogglers/androidx.test.core.app.InstrumentationActivityInvoker$EmptyActivity}
06-07 03:16:04.644 23829 24786 I OplusFeedbackInfo: [sendFPSInfo:L314] mInputBufCnt = 0 fps, mOutputBufCnt = 0 fps, mRenderFrameCnt = 0 fps
06-07 03:16:04.644  1151  1176 D AtlasService: clientsCount 1
06-07 03:16:04.644  1151  1176 D AtlasService: notify 1025 to client
06-07 03:16:04.646  5326  5326 D LifecycleMonitor: Lifecycle status change: androidx.test.core.app.InstrumentationActivityInvoker$EmptyActivity@ee58ad8 in: PAUSED
06-07 03:16:04.646  5326  5326 V ActivityScenario: Activity lifecycle changed event received but ignored because the intent does not match. startActivityIntent=Intent { act=android.intent.action.MAIN cat=[android.intent.category.LAUNCHER] cmp=com.example.dogglers/.MainActivity }, activity.getIntent()=Intent { act=android.intent.action.MAIN cat=[android.intent.category.LAUNCHER] flg=0x10000000 cmp=com.example.dogglers/androidx.test.core.app.InstrumentationActivityInvoker$EmptyActivity mCallingUid=10209 }, activity=androidx.test.core.app.InstrumentationActivityInvoker$EmptyActivity@ee58ad8
06-07 03:16:04.648  1650  2821 I InputDispatcher: setFocusedApplication displayId=0 ActivityRecord{e5e2a51 u0 com.example.dogglers/.VerticalListActivity t2897}
06-07 03:16:04.649   838   854 I mtkpower@impl: [notifyAppState] act androidx.test.core.app.InstrumentationActivityInvoker$EmptyActivity => com.example.dogglers.VerticalListActivity
06-07 03:16:04.653   874   874 D OppoExLayer: ~Layer() sequence=41206, name=Surface(name=613b6a7 InputMethod)/@0x18076fd - animation-leash#0@0xb400007bf39db000
