06-07 03:16:02.543  1650  2821 I InputDispatcher: Window went away: Window{ce49a81 u0 com.example.dogglers/com.example.dogglers.MainActivity}
06-07 03:16:02.572 23829 24786 I OplusFeedbackInfo: [sendFPSInfo:L314] mInputBufCnt = 0 fps, mOutputBufCnt = 0 fps, mRenderFrameCnt = 0 fps
06-07 03:16:02.572  1151  1176 D AtlasService: clientsCount 1
06-07 03:16:02.572  1151  1176 D AtlasService: notify 1025 to client
06-07 03:16:02.573  5326  5326 D LifecycleMonitor: Lifecycle status change: com.example.dogglers.GridListActivity@360ae72 in: CREATED
06-07 03:16:02.573  5326  5326 V ActivityScenario: Activity lifecycle changed event received but ignored because the intent does not match. startActivityIntent=Intent { act=android.intent.action.MAIN cat=[android.intent.category.LAUNCHER] cmp=com.example.dogglers/.MainActivity }, activity.getIntent()=Intent { cmp=com.example.dogglers/.GridListActivity mCallingUid=10209 }, activity=com.example.dogglers.GridListActivity@360ae72
06-07 03:16:02.575  5326  5326 D LifecycleMonitor: Lifecycle status change: com.example.dogglers.GridListActivity@360ae72 in: STARTED
06-07 03:16:02.575  5326  5326 V ActivityScenario: Activity lifecycle changed event received but ignored because the intent does not match. startActivityIntent=Intent { act=android.intent.action.MAIN cat=[android.intent.category.LAUNCHER] cmp=com.example.dogglers/.MainActivity }, activity.getIntent()=Intent { cmp=com.example.dogglers/.GridListActivity mCallingUid=10209 }, activity=com.example.dogglers.GridListActivity@360ae72
06-07 03:16:02.577  5326  5326 D LifecycleMonitor: Lifecycle status change: com.example.dogglers.GridListActivity@360ae72 in: RESUMED
06-07 03:16:02.577  5326  5326 V ActivityScenario: Activity lifecycle changed event received but ignored because the intent does not match. startActivityIntent=Intent { act=android.intent.action.MAIN cat=[android.intent.category.LAUNCHER] cmp=com.example.dogglers/.MainActivity }, activity.getIntent()=Intent { cmp=com.example.dogglers/.GridListActivity mCallingUid=10209 }, activity=com.example.dogglers.GridListActivity@360ae72
06-07 03:16:02.578  1650  1918 I mtkpower_client: perf_lock_rel, hdl:94153, tid:1918
06-07 03:16:02.578  1650  1918 I mtkpower_client: perf_lock_acq, hdl:94153, dur:0, num:10, tid:1918
06-07 03:16:02.578  5326  5326 V PhoneWindow: DecorView setVisiblity: visibility = 4, Parent = null, this = DecorView@fb9652b[]
06-07 03:16:02.578   838   854 I mtkpower@impl: [check_work_req] i:0, msg:1 hdl:94153, wait
06-07 03:16:02.578   874   955 I SurfaceFlinger: [SF client] NEW(0xb400007c946fb780) for (5326:com.example.dogglers)
06-07 03:16:02.578   838   904 I libPowerHal: [perfLockRel] hdl:94153, idx:1
06-07 03:16:02.578   838   904 I libPowerHal: [PD] scn:1 hdl:94153 lock_user:system_server pid:1650 tid:1918 dur:0
06-07 03:16:02.578   838   904 I libPowerHal: [PD] system_server update cmd:1410000 param:0
06-07 03:16:02.580  1650  1918 I mtkpower_client: ret_hdl:94154
06-07 03:16:02.581   838   904 I libPowerHal: cmdSetting - unknown cmd:1c3c000, scmd:(null) ,param_1:0
06-07 03:16:02.581   838   904 I libPowerHal: [perfLockAcq] idx:1 hdl:94154 hint:-1 pid:1650 duration:0 => ret_hdl:94154
06-07 03:16:02.581   838   904 I libPowerHal: [PE] scn:1 hdl:94154 lock_user:system_server pid:1650 tid:1918 dur:0
06-07 03:16:02.581   838   904 I libPowerHal: [PE] system_server update cmd:1410000, param:1
06-07 03:16:02.585  5326  5326 D ViewRootImpl[GridListActivity]: hardware acceleration = true , fakeHwAccelerated = false, sRendererDisabled = false, forceHwAccelerated = false, sSystemRendererDisabled = false
06-07 03:16:02.586  1650  2824 D OppoDisplayPolicy: com.example.dogglers, no change cutoutMode: 0
06-07 03:16:02.587   874  1504 D DispPerfService: get hint proc=f3f5a10 com.example.dogglers, idx=0 none
06-07 03:16:02.588  5326  5326 E libEGL  : Invalid file path for libcolorx-loader.so
06-07 03:16:02.588  5326  5326 I chatty  : uid=10209(com.example.dogglers) identical 4 lines
06-07 03:16:02.588  5326  5326 E libEGL  : Invalid file path for libcolorx-loader.so
06-07 03:16:02.588  5326  5326 I InputTransport: Create ARC handle: 0xb40000784f8df980
06-07 03:16:02.589  5326  5326 V PhoneWindow: DecorView setVisiblity: visibility = 0, Parent = android.view.ViewRootImpl@1634346, this = DecorView@fb9652b[GridListActivity]
06-07 03:16:02.591  1174  1305 D ULogGuard: Monitoring: 10 threads, 0 requests, 0 time-bombs; 1 guards. ResetFlags = 0x7
06-07 03:16:02.596  1650  5021 D OppoDisplayPolicy: com.example.dogglers, no change cutoutMode: 0
06-07 03:16:02.598   874  1504 D DispPerfService: get hint proc=com.example.dogglers, idx=0 none
06-07 03:16:02.598   874  1504 I BufferQueueConsumer: [](id:36a00001f72,api:0,p:-1,c:874) connect(): controlledByApp=false
06-07 03:16:02.599   874  1504 I BufferQueue: [unnamed-874-8050](this:0xb400007bf39f6c58,id:8050,api:0,p:-1,c:-1) BufferQueue core=(874:/system/bin/surfaceflinger)
06-07 03:16:02.600   874  1507 D DispPerfService: get hint proc=Surface(name=7b5d0e3 StatusBar), idx=0 none
06-07 03:16:02.601   874  1507 D DispPerfService: get hint proc=Surface(name=669131f NavigationBar0), idx=0 none
06-07 03:16:02.602  1650  5021 D Theia.NoFocusWindow: FocusWindowErrorScene cancelCheckFreezeScreen
06-07 03:16:02.607   874  1507 I BufferQueueProducer: [com.example.dogglers/com.example.dogglers.GridListActivity#0](id:36a00001f72,api:1,p:5326,c:874) connect(): api=1 producerControlledByApp=false
06-07 03:16:02.612  1650  2824 I InputDispatcher: Window went away: com.example.dogglers/com.example.dogglers.GridListActivity#0
06-07 03:16:02.638  5326  5326 D skia    : SkJpegCodec::onGetPixels +
06-07 03:16:02.645  5326  5326 D skia    : SkJpegCodec::onGetPixels -
06-07 03:16:02.672  5326  5326 D skia    : SkJpegCodec::onGetPixels +
06-07 03:16:02.679  5326  5326 D skia    : SkJpegCodec::onGetPixels -
06-07 03:16:02.693  5326  5326 D skia    : SkJpegCodec::onGetPixels +
06-07 03:16:02.695  5326  5326 D skia    : SkJpegCodec::onGetPixels -
06-07 03:16:02.717   874  3098 I BufferQueueProducer: [com.oppo.launcher/com.oppo.launcher.Launcher#0](id:36a00001f6f,api:1,p:2605,c:874) disconnect(): api=1
06-07 03:16:02.720  5326  5326 D skia    : SkJpegCodec::onGetPixels +
06-07 03:16:02.724   874   874 D OppoExLayer: ~Layer() sequence=41132, name=Surface(name=Task=2)/@0x70c721c - animation-leash#0@0xb400007bf39bb000
06-07 03:16:02.725  5326  5326 D skia    : SkJpegCodec::onGetPixels -
06-07 03:16:02.738  5326  5326 D skia    : SkJpegCodec::onGetPixels +
06-07 03:16:02.741  5326  5326 D skia    : SkJpegCodec::onGetPixels -
06-07 03:16:02.763  1650  1918 I mtkpower_client: perf_lock_rel, hdl:94154, tid:1918
06-07 03:16:02.763  1650  1918 I mtkpower_client: perf_lock_acq, hdl:94154, dur:0, num:6, tid:1918
06-07 03:16:02.763   838   904 I libPowerHal: [perfLockRel] hdl:94154, idx:1
06-07 03:16:02.763   838   904 I libPowerHal: [PD] scn:1 hdl:94154 lock_user:system_server pid:1650 tid:1918 dur:0
06-07 03:16:02.763   838   904 I libPowerHal: [PD] system_server update cmd:1410000 param:0
06-07 03:16:02.764  1650  1918 I mtkpower_client: ret_hdl:94155
06-07 03:16:02.764   838   904 I libPowerHal: [perfLockAcq] idx:1 hdl:94155 hint:-1 pid:1650 duration:0 => ret_hdl:94155
06-07 03:16:02.764   838   904 I libPowerHal: [PE] scn:1 hdl:94155 lock_user:system_server pid:1650 tid:1918 dur:0
06-07 03:16:02.820   874  3098 D DispPerfService: onframeavailable pid=5326, slot=4, seq=41143, name=com.example.dogglers:com.example.dogglers/com.example.dogglers.GridListActivity#0
06-07 03:16:02.824   874  3098 D DispPerfService: get hint proc=Surface(name=ActivityRecord{c6d6799 u0 com.example.dogglers, idx=0 none
06-07 03:16:02.825   874  1504 D DispPerfService: get hint proc=Surface(name=ActivityRecord{c6d6799 u0 com.example.dogglers, idx=0 none
06-07 03:16:02.826   874  3098 D DispPerfService: get hint proc=Surface(name=ActivityRecord{f710497 u0 com.example.dogglers, idx=0 none
06-07 03:16:02.827   874  3098 D DispPerfService: get hint proc=Surface(name=ActivityRecord{f710497 u0 com.example.dogglers, idx=0 none
06-07 03:16:02.828  1650  1687 I ActivityTaskManager: Displayed com.example.dogglers/.GridListActivity: +319ms
06-07 03:16:02.839  1650  2824 I InputDispatcher: Focus entered window: Window{f3f5a10 u0 com.example.dogglers/com.example.dogglers.GridListActivity} in display 0
06-07 03:16:02.841  3894  3894 V PhoneWindow: DecorView setVisiblity: visibility = 8, Parent = android.view.ViewRootImpl@fc11c41, this = DecorView@71b05e6[InputMethod]
06-07 03:16:02.842   838   855 I mtkpower@impl: [setMode] type:5, enabled:0
06-07 03:16:02.842   838   904 I libPowerHal: [perfLockRel] hdl:94151, idx:2
06-07 03:16:02.842   838   904 I libPowerHal: [PD] scn:2 hdl:94151 hint:11 comm:mtkpower@1.0-se pid:838
06-07 03:16:02.844  1650  2821 D InputMethodManagerService: isSecurity: attribute.packageName=com.example.dogglers
06-07 03:16:02.844  1650  2821 D InputMethodManagerService: isSecurity= false (  enable=false needShow=false inBlackList=false  isExist=true )
06-07 03:16:02.844   838   854 I mtkpower@impl: [mtkPowerHint] hint:23, hold:0, ext:30, ext_hold:5
06-07 03:16:02.844  1650  2821 D OplusVerificationCodeController: notifyImeAttributeChanged: 64false
06-07 03:16:02.844   838   904 I libPowerHal: [perfLockRel] hdl:94152, idx:3
06-07 03:16:02.844   838   904 I libPowerHal: [PD] scn:3 hdl:94152 hint:23 comm:mtkpower@1.0-se pid:838
06-07 03:16:02.845   838   904 I libPowerHal: MTKPOWER_HINT_ACT_SWITCH: cpu_ctrl set cpu freq: 2000000 -1 1419000 -1
06-07 03:16:02.845   838   904 I libPowerHal: [PD] MTKPOWER_HINT_ACT_SWITCH update cmd:1000000, param:-1
06-07 03:16:02.845  2605  2605 E Parcel  : Reading a NULL string not supported here.
06-07 03:16:02.845   838   904 I libPowerHal: [PD] MTKPOWER_HINT_ACT_SWITCH update cmd:1408300 param:0
06-07 03:16:02.845   838   904 I libPowerHal: [PD] MTKPOWER_HINT_ACT_SWITCH update cmd:1000000 param:-1
06-07 03:16:02.846   838   904 I libPowerHal: [perfLockAcq] idx:2 hdl:94156 hint:30 pid:838 duration:5 => ret_hdl:94156
06-07 03:16:02.846   838   904 I libPowerHal: [PE] scn:2 hdl:94156 hint:30 comm:mtkpower@1.0-se pid:838
06-07 03:16:02.846   838   904 I libPowerHal: [PE] MTKPOWER_HINT_EXT_LAUNCH update cmd:1000000, param:1
06-07 03:16:02.846   838   904 I libPowerHal: [PE] MTKPOWER_HINT_EXT_LAUNCH update cmd:2020000, param:15
06-07 03:16:02.846   838   904 I libPowerHal: [PE] MTKPOWER_HINT_EXT_LAUNCH update cmd:1408300, param:40
06-07 03:16:02.846   838   904 I libPowerHal: [PE] MTKPOWER_HINT_EXT_LAUNCH update cmd:1000000 param:1
06-07 03:16:02.849  2605  2605 V PhoneWindow: DecorView setVisiblity: visibility = 4, Parent = android.view.ViewRootImpl@e89527c, this = DecorView@844cf49[Launcher]
06-07 03:16:02.849   874   874 D OppoExLayer: ~Layer() sequence=41138, name=Surface(name=669131f NavigationBar0)/@0xe54d8f7 - animation-leash#0@0xb400007bd9e3e000
06-07 03:16:02.849   874   874 D OppoExLayer: ~Layer() sequence=41137, name=Surface(name=7b5d0e3 StatusBar)/@0x39afcf6 - animation-leash#0@0xb400007bd9fc9000
06-07 03:16:02.851   874  3098 D DispPerfService: get hint proc=Surface(name=613b6a7 InputMethod), idx=0 none
06-07 03:16:02.851  1650  1918 I mtkpower_client: perf_lock_rel, hdl:94155, tid:1918
06-07 03:16:02.851  1650  1918 I mtkpower_client: perf_lock_acq, hdl:94155, dur:0, num:6, tid:1918
06-07 03:16:02.852   838   904 I mtkpower@impl: [powerd_req] TIMER_MSG_PERF_LOCK_TIMEOUT hdl:94156
06-07 03:16:02.852   838   904 I libPowerHal: [perfLockRel] hdl:94156, idx:2
06-07 03:16:02.852   838   904 I libPowerHal: [PD] scn:2 hdl:94156 hint:30 comm:mtkpower@1.0-se pid:838
06-07 03:16:02.852   838   904 I libPowerHal: [PD] MTKPOWER_HINT_EXT_LAUNCH update cmd:1000000, param:-1
06-07 03:16:02.852  3894  3894 I GoogleInputMethodService: GoogleInputMethodService.onFinishInput():3204
06-07 03:16:02.852   838   904 I libPowerHal: [PD] MTKPOWER_HINT_EXT_LAUNCH update cmd:2020000 param:1
06-07 03:16:02.852   838   904 I libPowerHal: [PD] MTKPOWER_HINT_EXT_LAUNCH update cmd:1408300 param:0
06-07 03:16:02.852   838   904 I libPowerHal: [PD] MTKPOWER_HINT_EXT_LAUNCH update cmd:1000000 param:-1
06-07 03:16:02.852   838   904 I libPowerHal: [perfLockRel] hdl:94155, idx:1
06-07 03:16:02.852   838   904 I libPowerHal: [PD] scn:1 hdl:94155 lock_user:system_server pid:1650 tid:1918 dur:0
06-07 03:16:02.852   838   904 I libPowerHal: system_server: cpu_ctrl set cpu freq: -1 -1 -1 -1
06-07 03:16:02.852   838   904 I libPowerHal: [perfLockAcq] idx:1 hdl:94157 hint:-1 pid:1650 duration:0 => ret_hdl:94157
06-07 03:16:02.852   838   904 I libPowerHal: [PE] scn:1 hdl:94157 lock_user:system_server pid:1650 tid:1918 dur:0
06-07 03:16:02.852  1650  1918 I mtkpower_client: ret_hdl:94157
06-07 03:16:02.853   838   904 I libPowerHal: system_server: cpu_ctrl set cpu freq: 2000000 -1 1419000 -1
06-07 03:16:02.853  3894  3894 I GoogleInputMethodService: GoogleInputMethodService.updateDeviceLockedStatus():2100 checkRepeatedly = false, unlocked = true
06-07 03:16:02.853  3894  3894 I GoogleInputMethodService: GoogleInputMethodService.onStartInput():1903 onStartInput(EditorInfo{inputType=0x0(NULL) imeOptions=0x0 privateImeOptions=null actionName=UNSPECIFIED actionLabel=null actionId=0 initialSelStart=-1 initialSelEnd=-1 initialCapsMode=0x0 hintText=null label=null packageName=com.example.dogglers fieldId=-1 fieldName=null extras=null}, false)
06-07 03:16:02.853  1650  2821 D OppoDisplayPolicy: com.android.systemui, change system app cutoutMode: color always
06-07 03:16:02.856   874   874 I BufferQueueProducer: [FramebufferSurface](this:0xb400007bfe42eed0,id:-1,api:1,p:874,c:874) queueBuffer: fps=18.92 dur=1374.35 max=616.97 min=9.25
06-07 03:16:02.856  3894  3894 I GoogleInputMethodService: GoogleInputMethodService.updateDeviceLockedStatus():2100 checkRepeatedly = true, unlocked = true
06-07 03:16:02.859  3894  3894 V PhoneWindow: DecorView setVisiblity: visibility = 8, Parent = android.view.ViewRootImpl@fc11c41, this = DecorView@71b05e6[InputMethod]
06-07 03:16:02.860   874   874 I BufferQueueConsumer: [com.oppo.launcher/com.oppo.launcher.Launcher#0](id:36a00001f6f,api:0,p:-1,c:874) disconnect()
06-07 03:16:02.860   874   874 I BufferQueue: [com.oppo.launcher/com.oppo.launcher.Launcher#0](this:0xb400007bda143658,id:8047,api:1,p:-1,c:-1) onDestructor()
06-07 03:16:02.861   874   874 D OppoExLayer: ~Layer() sequence=41120, name=com.oppo.launcher/com.oppo.launcher.Launcher#0@0xb400007bda1fb000
06-07 03:16:02.861   874   874 D OppoExLayer: ~Layer() sequence=41140, name=Surface(name=613b6a7 InputMethod)/@0x18076fd - animation-leash#1@0xb400007bd9fd7000
06-07 03:16:02.862  1650  3081 I InputDispatcher: Window went away: com.oppo.launcher/com.oppo.launcher.Launcher#0
06-07 03:16:02.863  1650  4164 D OppoDisplayPolicy: com.android.systemui, change system app cutoutMode: color always
06-07 03:16:03.060  5326  5326 I ViewInteraction: Checking 'MatchesViewAssertion{viewMatcher=(view has effective visibility <VISIBLE> and view.getGlobalVisibleRect() to return non-empty rectangle)}' assertion on view view.getId() is <2131230933/com.example.dogglers:id/grid_recycler_view>
06-07 03:16:03.065  5326  5356 E Parcel  : Reading a NULL string not supported here.
06-07 03:16:03.067  1650  1918 I mtkpower_client: perf_lock_rel, hdl:94157, tid:1918
06-07 03:16:03.067  1650  1918 I mtkpower_client: perf_lock_acq, hdl:94157, dur:0, num:6, tid:1918
06-07 03:16:03.068   838   904 I libPowerHal: [perfLockRel] hdl:94157, idx:1
06-07 03:16:03.068   838   904 I libPowerHal: [PD] scn:1 hdl:94157 lock_user:system_server pid:1650 tid:1918 dur:0
06-07 03:16:03.068   838   904 I libPowerHal: system_server: cpu_ctrl set cpu freq: -1 -1 -1 -1
06-07 03:16:03.069  1650  1918 I mtkpower_client: ret_hdl:94158
06-07 03:16:03.069   838   904 I libPowerHal: [perfLockAcq] idx:1 hdl:94158 hint:-1 pid:1650 duration:0 => ret_hdl:94158
06-07 03:16:03.069   838   904 I libPowerHal: [PE] scn:1 hdl:94158 lock_user:system_server pid:1650 tid:1918 dur:0
06-07 03:16:03.069   838   904 I libPowerHal: system_server: cpu_ctrl set cpu freq: 2000000 -1 1419000 -1
06-07 03:16:03.069   874  3098 D DispPerfService: get hint proc=ActivityRecord{eafe321 u0 com.example.dogglers, idx=0 none
06-07 03:16:03.071   838   855 I mtkpower@impl: [setMode] type:5, enabled:1
06-07 03:16:03.071   838   904 I libPowerHal: [perfLockAcq] idx:2 hdl:94159 hint:11 pid:838 duration:30000 => ret_hdl:94159
06-07 03:16:03.071   838   904 I libPowerHal: [PE] scn:2 hdl:94159 hint:11 comm:mtkpower@1.0-se pid:838
06-07 03:16:03.072   838   904 I libPowerHal: LAUNCH: cpu_ctrl set cpu freq: 2000000 -1 2050000 -1
06-07 03:16:03.072   838   904 I libPowerHal: [PE] LAUNCH update cmd:1000000, param:0
06-07 03:16:03.072   838   904 I libPowerHal: [PE] LAUNCH update cmd:1408300, param:100
06-07 03:16:03.072   838   904 I libPowerHal: [PE] LAUNCH update cmd:1000000 param:0
06-07 03:16:03.073   838   904 I libPowerHal: [perfLockRel] hdl:94156, idx:-1
06-07 03:16:03.074   838   904 I libPowerHal: [perfLockAcq] idx:3 hdl:94160 hint:23 pid:838 duration:10000 => ret_hdl:94160
06-07 03:16:03.074   838   904 I libPowerHal: [PE] scn:3 hdl:94160 hint:23 comm:mtkpower@1.0-se pid:838
06-07 03:16:03.078  5326  5326 D LifecycleMonitor: Lifecycle status change: com.example.dogglers.GridListActivity@360ae72 in: PAUSED
06-07 03:16:03.079  5326  5326 V ActivityScenario: Activity lifecycle changed event received but ignored because the intent does not match. startActivityIntent=Intent { act=android.intent.action.MAIN cat=[android.intent.category.LAUNCHER] cmp=com.example.dogglers/.MainActivity }, activity.getIntent()=Intent { cmp=com.example.dogglers/.GridListActivity mCallingUid=10209 }, activity=com.example.dogglers.GridListActivity@360ae72
06-07 03:16:03.082  1650  2824 I InputDispatcher: setFocusedApplication displayId=0 <invalid>
06-07 03:16:03.082   838   854 I mtkpower@impl: [notifyAppState] act com.example.dogglers.GridListActivity => androidx.test.core.app.InstrumentationActivityInvoker$EmptyActivity
06-07 03:16:03.085  1650  2824 D Theia.NoFocusWindow: FocusWindowErrorScene CheckFreezeScreen
06-07 03:16:03.091  5326  5446 E libEGL  : Invalid file path for libcolorx-loader.so
06-07 03:16:03.091  1650  1918 I mtkpower_client: perf_lock_rel, hdl:94158, tid:1918
06-07 03:16:03.091  1650  1918 I mtkpower_client: perf_lock_acq, hdl:94158, dur:0, num:6, tid:1918
06-07 03:16:03.092   838   904 I libPowerHal: [perfLockRel] hdl:94158, idx:1
06-07 03:16:03.092   838   904 I libPowerHal: [PD] scn:1 hdl:94158 lock_user:system_server pid:1650 tid:1918 dur:0
06-07 03:16:03.092  1650  1918 I mtkpower_client: ret_hdl:94161
06-07 03:16:03.092   838   904 I libPowerHal: [perfLockAcq] idx:1 hdl:94161 hint:-1 pid:1650 duration:0 => ret_hdl:94161
06-07 03:16:03.092   838   904 I libPowerHal: [PE] scn:1 hdl:94161 lock_user:system_server pid:1650 tid:1918 dur:0
06-07 03:16:03.094  5326  5326 D LifecycleMonitor: Lifecycle status change: androidx.test.core.app.InstrumentationActivityInvoker$EmptyActivity@6004233 in: PRE_ON_CREATE
06-07 03:16:03.094  5326  5326 V ActivityScenario: Activity lifecycle changed event received but ignored because the intent does not match. startActivityIntent=Intent { act=android.intent.action.MAIN cat=[android.intent.category.LAUNCHER] cmp=com.example.dogglers/.MainActivity }, activity.getIntent()=Intent { act=android.intent.action.MAIN cat=[android.intent.category.LAUNCHER] flg=0x10000000 cmp=com.example.dogglers/androidx.test.core.app.InstrumentationActivityInvoker$EmptyActivity mCallingUid=10209 }, activity=androidx.test.core.app.InstrumentationActivityInvoker$EmptyActivity@6004233
06-07 03:16:03.100  1650  4990 I InputDispatcher: Focus left window: Window{f3f5a10 u0 com.example.dogglers/com.example.dogglers.GridListActivity} in display 0
06-07 03:16:03.100  1650  4990 I InputDispatcher: Window went away: Window{f3f5a10 u0 com.example.dogglers/com.example.dogglers.GridListActivity}
06-07 03:16:03.105  5326  5326 D LifecycleMonitor: Lifecycle status change: androidx.test.core.app.InstrumentationActivityInvoker$EmptyActivity@6004233 in: CREATED
06-07 03:16:03.105  5326  5326 V ActivityScenario: Activity lifecycle changed event received but ignored because the intent does not match. startActivityIntent=Intent { act=android.intent.action.MAIN cat=[android.intent.category.LAUNCHER] cmp=com.example.dogglers/.MainActivity }, activity.getIntent()=Intent { act=android.intent.action.MAIN cat=[android.intent.category.LAUNCHER] flg=0x10000000 cmp=com.example.dogglers/androidx.test.core.app.InstrumentationActivityInvoker$EmptyActivity mCallingUid=10209 }, activity=androidx.test.core.app.InstrumentationActivityInvoker$EmptyActivity@6004233
06-07 03:16:03.107  5326  5326 D LifecycleMonitor: Lifecycle status change: androidx.test.core.app.InstrumentationActivityInvoker$EmptyActivity@6004233 in: STARTED
06-07 03:16:03.107  5326  5326 V ActivityScenario: Activity lifecycle changed event received but ignored because the intent does not match. startActivityIntent=Intent { act=android.intent.action.MAIN cat=[android.intent.category.LAUNCHER] cmp=com.example.dogglers/.MainActivity }, activity.getIntent()=Intent { act=android.intent.action.MAIN cat=[android.intent.category.LAUNCHER] flg=0x10000000 cmp=com.example.dogglers/androidx.test.core.app.InstrumentationActivityInvoker$EmptyActivity mCallingUid=10209 }, activity=androidx.test.core.app.InstrumentationActivityInvoker$EmptyActivity@6004233
06-07 03:16:03.109  1650  1918 I mtkpower_client: perf_lock_rel, hdl:94161, tid:1918
06-07 03:16:03.109  1650  1918 I mtkpower_client: perf_lock_acq, hdl:94161, dur:0, num:6, tid:1918
06-07 03:16:03.109   838   854 I mtkpower@impl: [check_work_req] i:0, msg:1 hdl:94161, wait
06-07 03:16:03.110  5326  5326 D LifecycleMonitor: Lifecycle status change: androidx.test.core.app.InstrumentationActivityInvoker$EmptyActivity@6004233 in: RESUMED
06-07 03:16:03.110   838   904 I libPowerHal: [perfLockRel] hdl:94161, idx:1
06-07 03:16:03.110   838   904 I libPowerHal: [PD] scn:1 hdl:94161 lock_user:system_server pid:1650 tid:1918 dur:0
06-07 03:16:03.110  5326  5326 V ActivityScenario: Activity lifecycle changed event received but ignored because the intent does not match. startActivityIntent=Intent { act=android.intent.action.MAIN cat=[android.intent.category.LAUNCHER] cmp=com.example.dogglers/.MainActivity }, activity.getIntent()=Intent { act=android.intent.action.MAIN cat=[android.intent.category.LAUNCHER] flg=0x10000000 cmp=com.example.dogglers/androidx.test.core.app.InstrumentationActivityInvoker$EmptyActivity mCallingUid=10209 }, activity=androidx.test.core.app.InstrumentationActivityInvoker$EmptyActivity@6004233
06-07 03:16:03.111  5326  5326 V PhoneWindow: DecorView setVisiblity: visibility = 4, Parent = null, this = DecorView@8b769ee[]
06-07 03:16:03.112   874  1507 I SurfaceFlinger: [SF client] NEW(0xb400007bf384dc00) for (5326:com.example.dogglers)
06-07 03:16:03.112  1650  1918 I mtkpower_client: ret_hdl:94162
06-07 03:16:03.112   838   904 I libPowerHal: [perfLockAcq] idx:1 hdl:94162 hint:-1 pid:1650 duration:0 => ret_hdl:94162
06-07 03:16:03.112   838   904 I libPowerHal: [PE] scn:1 hdl:94162 lock_user:system_server pid:1650 tid:1918 dur:0
06-07 03:16:03.117  5326  5326 D ViewRootImpl[InstrumentationActivityInvoker$EmptyActivity]: hardware acceleration = true , fakeHwAccelerated = false, sRendererDisabled = false, forceHwAccelerated = false, sSystemRendererDisabled = false
06-07 03:16:03.118  1650  3081 D OppoDisplayPolicy: com.example.dogglers, no change cutoutMode: 0
06-07 03:16:03.118   874   951 D DispPerfService: get hint proc=64d1693 com.example.dogglers, idx=0 none
06-07 03:16:03.119  5326  5326 E libEGL  : Invalid file path for libcolorx-loader.so
06-07 03:16:03.120  5326  5326 I chatty  : uid=10209(com.example.dogglers) identical 4 lines
06-07 03:16:03.120  5326  5326 E libEGL  : Invalid file path for libcolorx-loader.so
06-07 03:16:03.120  5326  5326 I InputTransport: Create ARC handle: 0xb40000784f8f0de0
06-07 03:16:03.120  5326  5326 V PhoneWindow: DecorView setVisiblity: visibility = 0, Parent = android.view.ViewRootImpl@bb2d525, this = DecorView@8b769ee[InstrumentationActivityInvoker$EmptyActivity]
06-07 03:16:03.121   874   874 D OppoExLayer: ~Layer() sequence=41149, name=Surface(name=ActivityRecord{f710497 u0 com.example.dogglers/.MainActivity)/@0xcfefbe - animation-bounds#0@0xb400007bda120000
06-07 03:16:03.121   874   874 D OppoExLayer: ~Layer() sequence=41148, name=Surface(name=ActivityRecord{f710497 u0 com.example.dogglers/.MainActivity)/@0xcfefbe - animation-leash#0@0xb400007bda05e000
06-07 03:16:03.121   874   874 D OppoExLayer: ~Layer() sequence=41147, name=Surface(name=ActivityRecord{c6d6799 u0 com.example.dogglers/.GridListActivity)/@0xbe78f7d - animation-bounds#0@0xb400007bf39c1000
06-07 03:16:03.121   874   874 D OppoExLayer: ~Layer() sequence=41146, name=Surface(name=ActivityRecord{c6d6799 u0 com.example.dogglers/.GridListActivity)/@0xbe78f7d - animation-leash#0@0xb400007be4120000
06-07 03:16:03.126  1650  4164 D OppoDisplayPolicy: com.example.dogglers, no change cutoutMode: 0
06-07 03:16:03.128   874  1504 D DispPerfService: get hint proc=com.example.dogglers, idx=0 none
06-07 03:16:03.128   874  1504 I BufferQueueConsumer: [](id:36a00001f73,api:0,p:-1,c:874) connect(): controlledByApp=false
06-07 03:16:03.128   874  1504 I BufferQueue: [unnamed-874-8051](this:0xb400007bf39f7a58,id:8051,api:0,p:-1,c:-1) BufferQueue core=(874:/system/bin/surfaceflinger)
06-07 03:16:03.129   874  1504 D DispPerfService: get hint proc=Surface(name=7b5d0e3 StatusBar), idx=0 none
06-07 03:16:03.130   874  1504 D DispPerfService: get hint proc=Surface(name=669131f NavigationBar0), idx=0 none
06-07 03:16:03.131  1650  4164 D Theia.NoFocusWindow: FocusWindowErrorScene cancelCheckFreezeScreen
06-07 03:16:03.135   874  1504 I BufferQueueProducer: [com.example.dogglers/androidx.test.core.app.InstrumentationActivityInvoker$EmptyActivity#0](id:36a00001f73,api:1,p:5326,c:874) connect(): api=1 producerControlledByApp=false
06-07 03:16:03.142   874  1507 D DispPerfService: onframeavailable pid=5326, slot=0, seq=41153, name=com.example.dogglers:com.example.dogglers/androidx.test.core.app.InstrumentationActivityInvoker$EmptyActivity#0
06-07 03:16:03.145  1650  4164 I InputDispatcher: Window went away: com.example.dogglers/androidx.test.core.app.InstrumentationActivityInvoker$EmptyActivity#0
06-07 03:16:03.146   874  1507 I BufferQueueProducer: [com.example.dogglers/com.example.dogglers.MainActivity#0](id:36a00001f71,api:1,p:5326,c:874) disconnect(): api=1
06-07 03:16:03.157  1650  1687 I ActivityTaskManager: Displayed com.example.dogglers/androidx.test.core.app.InstrumentationActivityInvoker$EmptyActivity: +89ms
06-07 03:16:03.159   874   874 D DispPerfService: Skip Bind Core, mCoreForSFBind:0
06-07 03:16:03.159  3894  3894 V PhoneWindow: DecorView setVisiblity: visibility = 8, Parent = android.view.ViewRootImpl@fc11c41, this = DecorView@71b05e6[InputMethod]
06-07 03:16:03.164  5326  5356 E Parcel  : Reading a NULL string not supported here.
06-07 03:16:03.166  1650  1918 I mtkpower_client: perf_lock_rel, hdl:94162, tid:1918
06-07 03:16:03.166  1650  1918 I mtkpower_client: perf_lock_acq, hdl:94162, dur:0, num:6, tid:1918
06-07 03:16:03.166   838   904 I libPowerHal: [perfLockRel] hdl:94162, idx:1
06-07 03:16:03.166   838   904 I libPowerHal: [PD] scn:1 hdl:94162 lock_user:system_server pid:1650 tid:1918 dur:0
06-07 03:16:03.167  1650  1918 I mtkpower_client: ret_hdl:94163
06-07 03:16:03.167   874   874 D OppoExLayer: ~Layer() sequence=41144, name=Surface(name=7b5d0e3 StatusBar)/@0x39afcf6 - animation-leash#1@0xb400007bd9e7f000
06-07 03:16:03.167   838   904 I libPowerHal: [perfLockAcq] idx:1 hdl:94163 hint:-1 pid:1650 duration:0 => ret_hdl:94163
06-07 03:16:03.167   874   874 D OppoExLayer: ~Layer() sequence=41145, name=Surface(name=669131f NavigationBar0)/@0xe54d8f7 - animation-leash#1@0xb400007bd9e82000
06-07 03:16:03.167   838   904 I libPowerHal: [PE] scn:1 hdl:94163 lock_user:system_server pid:1650 tid:1918 dur:0
06-07 03:16:03.167   874  1507 D DispPerfService: get hint proc=ActivityRecord{fb45400 u0 com.example.dogglers, idx=0 none
06-07 03:16:03.169   838   855 I mtkpower@impl: [setMode] type:5, enabled:1
06-07 03:16:03.169  1650  5021 I InputDispatcher: Focus entered window: Window{64d1693 u0 com.example.dogglers/androidx.test.core.app.InstrumentationActivityInvoker$EmptyActivity} in display 0
06-07 03:16:03.170   838   904 I libPowerHal: [perfLockAcq] idx:4 hdl:94164 hint:11 pid:838 duration:30000 => ret_hdl:94164
06-07 03:16:03.170   838   904 I libPowerHal: [PE] scn:4 hdl:94164 hint:11 comm:mtkpower@1.0-se pid:838
06-07 03:16:03.170   838   904 I libPowerHal: [perfLockRel] hdl:94159, idx:2
06-07 03:16:03.170   838   904 I libPowerHal: [PD] scn:2 hdl:94159 hint:11 comm:mtkpower@1.0-se pid:838
06-07 03:16:03.170   874  1507 I BufferQueueProducer: [com.example.dogglers/com.example.dogglers.GridListActivity#0](id:36a00001f72,api:1,p:5326,c:874) disconnect(): api=1
06-07 03:16:03.183  3894  3894 V PhoneWindow: DecorView setVisiblity: visibility = 8, Parent = android.view.ViewRootImpl@fc11c41, this = DecorView@71b05e6[InputMethod]
06-07 03:16:03.184  5326  5326 D LifecycleMonitor: Lifecycle status change: com.example.dogglers.MainActivity@53aff8f in: STOPPED
06-07 03:16:03.184  5326  5326 V ActivityScenario: Update currentActivityStage to STOPPED, currentActivity=com.example.dogglers.MainActivity@53aff8f
06-07 03:16:03.185  5326  5326 V PhoneWindow: DecorView setVisiblity: visibility = 4, Parent = android.view.ViewRootImpl@816c8e0, this = DecorView@f940e9d[MainActivity]
06-07 03:16:03.185  5326  5326 D LifecycleMonitor: Lifecycle status change: com.example.dogglers.MainActivity@53aff8f in: DESTROYED
06-07 03:16:03.186  5326  5326 V ActivityScenario: Update currentActivityStage to DESTROYED, currentActivity=null
06-07 03:16:03.187  5326  5326 D View    : [Warning] assignParent to null: this = DecorView@f940e9d[MainActivity]
06-07 03:16:03.190  1650  5021 I InputDispatcher: Window went away: com.example.dogglers/com.example.dogglers.MainActivity#0
06-07 03:16:03.192  5326  5326 I InputTransport: Destroy ARC handle: 0xb40000784f8dc8e0
06-07 03:16:03.199  5326  5326 D LifecycleMonitor: Lifecycle status change: androidx.test.core.app.InstrumentationActivityInvoker$EmptyActivity@6004233 in: PAUSED
06-07 03:16:03.199  5326  5326 V ActivityScenario: Activity lifecycle changed event received but ignored because the intent does not match. startActivityIntent=Intent { act=android.intent.action.MAIN cat=[android.intent.category.LAUNCHER] cmp=com.example.dogglers/.MainActivity }, activity.getIntent()=Intent { act=android.intent.action.MAIN cat=[android.intent.category.LAUNCHER] flg=0x10000000 cmp=com.example.dogglers/androidx.test.core.app.InstrumentationActivityInvoker$EmptyActivity mCallingUid=10209 }, activity=androidx.test.core.app.InstrumentationActivityInvoker$EmptyActivity@6004233
06-07 03:16:03.201   874   874 I BufferQueueConsumer: [com.example.dogglers/com.example.dogglers.MainActivity#0](id:36a00001f71,api:0,p:-1,c:874) disconnect()
06-07 03:16:03.201   874   874 I BufferQueue: [com.example.dogglers/com.example.dogglers.MainActivity#0](this:0xb400007bfe74ba58,id:8049,api:1,p:-1,c:-1) onDestructor()
06-07 03:16:03.201   874   874 D OppoExLayer: ~Layer() sequence=41136, name=com.example.dogglers/com.example.dogglers.MainActivity#0@0xb400007bd9fcd000
06-07 03:16:03.201   874   874 D OppoExLayer: ~Layer() sequence=41135, name=ce49a81 com.example.dogglers/com.example.dogglers.MainActivity#0@0xb400007bf38eb000
06-07 03:16:03.202  1650  3081 I InputDispatcher: setFocusedApplication displayId=0 <invalid>
06-07 03:16:03.205  1650  3081 D Theia.NoFocusWindow: FocusWindowErrorScene CheckFreezeScreen
06-07 03:16:03.210   874   874 D DispPerfService: Skip Bind Core, mCoreForSFBind:0
06-07 03:16:03.212  1650  5021 D InputMethodManagerService: isSecurity: attribute.packageName=com.example.dogglers
06-07 03:16:03.212  1650  5021 D InputMethodManagerService: isSecurity= false (  enable=false needShow=false inBlackList=false  isExist=true )
06-07 03:16:03.212   874   874 D OppoExLayer: ~Layer() sequence=41131, name=ActivityRecord{f710497 u0 com.example.dogglers/.MainActivity#0@0xb400007bf39b8000
06-07 03:16:03.213  1650  5021 D OplusVerificationCodeController: notifyImeAttributeChanged: 64false
06-07 03:16:03.214   874   955 D DispPerfService: get hint proc=Surface(name=613b6a7 InputMethod), idx=0 none
06-07 03:16:03.215  5326  5326 D LifecycleMonitor: Lifecycle status change: androidx.test.core.app.InstrumentationActivityInvoker$BootstrapActivity@ea8f684 in: DESTROYED
06-07 03:16:03.215  3894  3894 I GoogleInputMethodService: GoogleInputMethodService.onFinishInput():3204
06-07 03:16:03.216  5326  5326 V ActivityScenario: Activity lifecycle changed event received but ignored because the intent does not match. startActivityIntent=Intent { act=android.intent.action.MAIN cat=[android.intent.category.LAUNCHER] cmp=com.example.dogglers/.MainActivity }, activity.getIntent()=Intent { act=android.intent.action.MAIN cat=[android.intent.category.LAUNCHER] flg=0x10008000 cmp=com.example.dogglers/androidx.test.core.app.InstrumentationActivityInvoker$BootstrapActivity (has extras) mCallingUid=10209 }, activity=androidx.test.core.app.InstrumentationActivityInvoker$BootstrapActivity@ea8f684
06-07 03:16:03.216  3894  3894 I GoogleInputMethodService: GoogleInputMethodService.updateDeviceLockedStatus():2100 checkRepeatedly = false, unlocked = true
06-07 03:16:03.217  3894  3894 I GoogleInputMethodService: GoogleInputMethodService.onStartInput():1903 onStartInput(EditorInfo{inputType=0x0(NULL) imeOptions=0x0 privateImeOptions=null actionName=UNSPECIFIED actionLabel=null actionId=0 initialSelStart=-1 initialSelEnd=-1 initialCapsMode=0x0 hintText=null label=null packageName=com.example.dogglers fieldId=-1 fieldName=null extras=null}, false)
06-07 03:16:03.217  3894  3894 I GoogleInputMethodService: GoogleInputMethodService.updateDeviceLockedStatus():2100 checkRepeatedly = true, unlocked = true
06-07 03:16:03.217  5326  5447 E libEGL  : Invalid file path for libcolorx-loader.so
06-07 03:16:03.218  1650  1918 I mtkpower_client: perf_lock_rel, hdl:94163, tid:1918
06-07 03:16:03.218  1650  1918 I mtkpower_client: perf_lock_acq, hdl:94163, dur:0, num:6, tid:1918
06-07 03:16:03.218   838   904 I libPowerHal: [perfLockRel] hdl:94163, idx:1
06-07 03:16:03.218   838   904 I libPowerHal: [PD] scn:1 hdl:94163 lock_user:system_server pid:1650 tid:1918 dur:0
06-07 03:16:03.220  1650  1918 I mtkpower_client: ret_hdl:94165
06-07 03:16:03.220   838   904 I libPowerHal: [perfLockAcq] idx:1 hdl:94165 hint:-1 pid:1650 duration:0 => ret_hdl:94165
06-07 03:16:03.220   838   904 I libPowerHal: [PE] scn:1 hdl:94165 lock_user:system_server pid:1650 tid:1918 dur:0
06-07 03:16:03.221  5326  5326 D LifecycleMonitor: Lifecycle status change: androidx.test.core.app.InstrumentationActivityInvoker$EmptyActivity@44c0087 in: PRE_ON_CREATE
06-07 03:16:03.222  5326  5326 V ActivityScenario: Activity lifecycle changed event received but ignored because the intent does not match. startActivityIntent=Intent { act=android.intent.action.MAIN cat=[android.intent.category.LAUNCHER] cmp=com.example.dogglers/.MainActivity }, activity.getIntent()=Intent { act=android.intent.action.MAIN cat=[android.intent.category.LAUNCHER] flg=0x10000000 cmp=com.example.dogglers/androidx.test.core.app.InstrumentationActivityInvoker$EmptyActivity mCallingUid=10209 }, activity=androidx.test.core.app.InstrumentationActivityInvoker$EmptyActivity@44c0087
06-07 03:16:03.223   874   874 D OppoExLayer: ~Layer() sequence=41128, name=ActivityRecord{1eb605b u0 com.example.dogglers/androidx.test.core.app.InstrumentationActivityInvoker$BootstrapActivity#0@0xb400007bd9fb2000
06-07 03:16:03.224  1650  4164 I InputDispatcher: Focus left window: Window{64d1693 u0 com.example.dogglers/androidx.test.core.app.InstrumentationActivityInvoker$EmptyActivity} in display 0
06-07 03:16:03.224  1650  4164 I InputDispatcher: Window went away: Window{64d1693 u0 com.example.dogglers/androidx.test.core.app.InstrumentationActivityInvoker$EmptyActivity}
06-07 03:16:03.227  1650  4164 D OppoDisplayPolicy: com.android.systemui, change system app cutoutMode: color always
06-07 03:16:03.233  5326  5326 D LifecycleMonitor: Lifecycle status change: androidx.test.core.app.InstrumentationActivityInvoker$EmptyActivity@44c0087 in: CREATED
06-07 03:16:03.233  5326  5326 V ActivityScenario: Activity lifecycle changed event received but ignored because the intent does not match. startActivityIntent=Intent { act=android.intent.action.MAIN cat=[android.intent.category.LAUNCHER] cmp=com.example.dogglers/.MainActivity }, activity.getIntent()=Intent { act=android.intent.action.MAIN cat=[android.intent.category.LAUNCHER] flg=0x10000000 cmp=com.example.dogglers/androidx.test.core.app.InstrumentationActivityInvoker$EmptyActivity mCallingUid=10209 }, activity=androidx.test.core.app.InstrumentationActivityInvoker$EmptyActivity@44c0087
06-07 03:16:03.236  5326  5326 D LifecycleMonitor: Lifecycle status change: androidx.test.core.app.InstrumentationActivityInvoker$EmptyActivity@44c0087 in: STARTED
06-07 03:16:03.236  5326  5326 V ActivityScenario: Activity lifecycle changed event received but ignored because the intent does not match. startActivityIntent=Intent { act=android.intent.action.MAIN cat=[android.intent.category.LAUNCHER] cmp=com.example.dogglers/.MainActivity }, activity.getIntent()=Intent { act=android.intent.action.MAIN cat=[android.intent.category.LAUNCHER] flg=0x10000000 cmp=com.example.dogglers/androidx.test.core.app.InstrumentationActivityInvoker$EmptyActivity mCallingUid=10209 }, activity=androidx.test.core.app.InstrumentationActivityInvoker$EmptyActivity@44c0087
06-07 03:16:03.236   874   951 I BufferQueueProducer: [NavigationBar0#0](this:0xb400007c946c5258,id:5,api:1,p:2080,c:874) queueBuffer: fps=11.00 dur=1272.61 max=506.09 min=9.10
06-07 03:16:03.238  1650  1918 I mtkpower_client: perf_lock_rel, hdl:94165, tid:1918
06-07 03:16:03.238  1650  1918 I mtkpower_client: perf_lock_acq, hdl:94165, dur:0, num:6, tid:1918
06-07 03:16:03.238   838   904 I libPowerHal: [perfLockRel] hdl:94165, idx:1
06-07 03:16:03.238   838   904 I libPowerHal: [PD] scn:1 hdl:94165 lock_user:system_server pid:1650 tid:1918 dur:0
06-07 03:16:03.238  5326  5326 D LifecycleMonitor: Lifecycle status change: androidx.test.core.app.InstrumentationActivityInvoker$EmptyActivity@44c0087 in: RESUMED
06-07 03:16:03.239  1650  1918 I mtkpower_client: ret_hdl:94166
06-07 03:16:03.239   838   904 I libPowerHal: [perfLockAcq] idx:1 hdl:94166 hint:-1 pid:1650 duration:0 => ret_hdl:94166
06-07 03:16:03.239   838   904 I libPowerHal: [PE] scn:1 hdl:94166 lock_user:system_server pid:1650 tid:1918 dur:0
06-07 03:16:03.239  5326  5326 V ActivityScenario: Activity lifecycle changed event received but ignored because the intent does not match. startActivityIntent=Intent { act=android.intent.action.MAIN cat=[android.intent.category.LAUNCHER] cmp=com.example.dogglers/.MainActivity }, activity.getIntent()=Intent { act=android.intent.action.MAIN cat=[android.intent.category.LAUNCHER] flg=0x10000000 cmp=com.example.dogglers/androidx.test.core.app.InstrumentationActivityInvoker$EmptyActivity mCallingUid=10209 }, activity=androidx.test.core.app.InstrumentationActivityInvoker$EmptyActivity@44c0087
06-07 03:16:03.239  5326  5326 V PhoneWindow: DecorView setVisiblity: visibility = 4, Parent = null, this = DecorView@30eab52[]
06-07 03:16:03.240   874   951 I SurfaceFlinger: [SF client] NEW(0xb400007bf3851d40) for (5326:com.example.dogglers)
06-07 03:16:03.244  5326  5326 D ViewRootImpl[InstrumentationActivityInvoker$EmptyActivity]: hardware acceleration = true , fakeHwAccelerated = false, sRendererDisabled = false, forceHwAccelerated = false, sSystemRendererDisabled = false
06-07 03:16:03.245  1650  4164 D OppoDisplayPolicy: com.example.dogglers, no change cutoutMode: 0
06-07 03:16:03.245   874   951 D DispPerfService: get hint proc=af2621d com.example.dogglers, idx=0 none
06-07 03:16:03.247  5326  5326 E libEGL  : Invalid file path for libcolorx-loader.so
06-07 03:16:03.247  5326  5326 I chatty  : uid=10209(com.example.dogglers) identical 4 lines
06-07 03:16:03.247  5326  5326 E libEGL  : Invalid file path for libcolorx-loader.so
06-07 03:16:03.247  5326  5326 I InputTransport: Create ARC handle: 0xb40000784f8f0fa0
06-07 03:16:03.248  5326  5326 V PhoneWindow: DecorView setVisiblity: visibility = 0, Parent = android.view.ViewRootImpl@d3d80d9, this = DecorView@30eab52[InstrumentationActivityInvoker$EmptyActivity]
06-07 03:16:03.250  5326  5326 D LifecycleMonitor: Lifecycle status change: com.example.dogglers.GridListActivity@360ae72 in: STOPPED
06-07 03:16:03.250  5326  5326 V ActivityScenario: Activity lifecycle changed event received but ignored because the intent does not match. startActivityIntent=Intent { act=android.intent.action.MAIN cat=[android.intent.category.LAUNCHER] cmp=com.example.dogglers/.MainActivity }, activity.getIntent()=Intent { cmp=com.example.dogglers/.GridListActivity mCallingUid=10209 }, activity=com.example.dogglers.GridListActivity@360ae72
06-07 03:16:03.251  5326  5326 V PhoneWindow: DecorView setVisiblity: visibility = 4, Parent = android.view.ViewRootImpl@1634346, this = DecorView@fb9652b[GridListActivity]
06-07 03:16:03.254  3894  3894 V PhoneWindow: DecorView setVisiblity: visibility = 8, Parent = android.view.ViewRootImpl@fc11c41, this = DecorView@71b05e6[InputMethod]
06-07 03:16:03.258  1650  4164 D OppoDisplayPolicy: com.example.dogglers, no change cutoutMode: 0
06-07 03:16:03.260   874   951 D DispPerfService: get hint proc=com.example.dogglers, idx=0 none
06-07 03:16:03.260   874   951 I BufferQueueConsumer: [](id:36a00001f74,api:0,p:-1,c:874) connect(): controlledByApp=false
06-07 03:16:03.260   874   951 I BufferQueue: [unnamed-874-8052](this:0xb400007c11e8c658,id:8052,api:0,p:-1,c:-1) BufferQueue core=(874:/system/bin/surfaceflinger)
06-07 03:16:03.261   874   951 D DispPerfService: get hint proc=Surface(name=7b5d0e3 StatusBar), idx=0 none
06-07 03:16:03.262   874   951 D DispPerfService: get hint proc=Surface(name=669131f NavigationBar0), idx=0 none
06-07 03:16:03.263  1650  4164 D Theia.NoFocusWindow: FocusWindowErrorScene cancelCheckFreezeScreen
06-07 03:16:03.263  1650  2822 D OppoDisplayPolicy: com.android.systemui, change system app cutoutMode: color always
06-07 03:16:03.266   874   951 I BufferQueueProducer: [com.example.dogglers/androidx.test.core.app.InstrumentationActivityInvoker$EmptyActivity#1](id:36a00001f74,api:1,p:5326,c:874) connect(): api=1 producerControlledByApp=false
06-07 03:16:03.276   874   951 D DispPerfService: onframeavailable pid=5326, slot=0, seq=41159, name=com.example.dogglers:com.example.dogglers/androidx.test.core.app.InstrumentationActivityInvoker$EmptyActivity#1
06-07 03:16:03.277  1650  5021 D OppoDisplayPolicy: com.example.dogglers, no change cutoutMode: 0
06-07 03:16:03.284  1650  1687 I ActivityTaskManager: Displayed com.example.dogglers/androidx.test.core.app.InstrumentationActivityInvoker$EmptyActivity: +117ms
06-07 03:16:03.291  3894  3894 V PhoneWindow: DecorView setVisiblity: visibility = 8, Parent = android.view.ViewRootImpl@fc11c41, this = DecorView@71b05e6[InputMethod]
06-07 03:16:03.292   874   874 D OppoExLayer: ~Layer() sequence=41154, name=Surface(name=7b5d0e3 StatusBar)/@0x39afcf6 - animation-leash#0@0xb400007bf3911000
06-07 03:16:03.292   874   874 D OppoExLayer: ~Layer() sequence=41155, name=Surface(name=669131f NavigationBar0)/@0xe54d8f7 - animation-leash#0@0xb400007bf39d2000
06-07 03:16:03.292   874   874 I BufferQueueConsumer: [com.example.dogglers/com.example.dogglers.GridListActivity#0](id:36a00001f72,api:0,p:-1,c:874) disconnect()
06-07 03:16:03.292   874   874 I BufferQueue: [com.example.dogglers/com.example.dogglers.GridListActivity#0](this:0xb400007bf39f6c58,id:8050,api:1,p:-1,c:-1) onDestructor()
06-07 03:16:03.292   874   874 D OppoExLayer: ~Layer() sequence=41143, name=com.example.dogglers/com.example.dogglers.GridListActivity#0@0xb400007bf39be000
06-07 03:16:03.293   874   874 D DispPerfService: Skip Bind Core, mCoreForSFBind:0
06-07 03:16:03.293  1650  5021 I InputDispatcher: Focus entered window: Window{af2621d u0 com.example.dogglers/androidx.test.core.app.InstrumentationActivityInvoker$EmptyActivity} in display 0
06-07 03:16:03.293  1650  5021 I InputDispatcher: Window went away: com.example.dogglers/com.example.dogglers.GridListActivity#0
06-07 03:16:03.305   874  1507 I BufferQueueProducer: [com.example.dogglers/androidx.test.core.app.InstrumentationActivityInvoker$EmptyActivity#0](id:36a00001f73,api:1,p:5326,c:874) disconnect(): api=1
06-07 03:16:03.311  3894  3894 V PhoneWindow: DecorView setVisiblity: visibility = 8, Parent = android.view.ViewRootImpl@fc11c41, this = DecorView@71b05e6[InputMethod]
06-07 03:16:03.317   874   874 D DispPerfService: Skip Bind Core, mCoreForSFBind:0
06-07 03:16:03.318  1650  5021 D InputMethodManagerService: isSecurity: attribute.packageName=com.example.dogglers
06-07 03:16:03.318  1650  5021 D InputMethodManagerService: isSecurity= false (  enable=false needShow=false inBlackList=false  isExist=true )
06-07 03:16:03.319  1650  5021 D OplusVerificationCodeController: notifyImeAttributeChanged: 64false
06-07 03:16:03.320   874  1504 D DispPerfService: get hint proc=Surface(name=613b6a7 InputMethod), idx=0 none
06-07 03:16:03.321  3894  3894 I GoogleInputMethodService: GoogleInputMethodService.onFinishInput():3204
06-07 03:16:03.321  5326  5326 D LifecycleMonitor: Lifecycle status change: androidx.test.core.app.InstrumentationActivityInvoker$EmptyActivity@44c0087 in: PAUSED
06-07 03:16:03.321  5326  5326 V ActivityScenario: Activity lifecycle changed event received but ignored because the intent does not match. startActivityIntent=Intent { act=android.intent.action.MAIN cat=[android.intent.category.LAUNCHER] cmp=com.example.dogglers/.MainActivity }, activity.getIntent()=Intent { act=android.intent.action.MAIN cat=[android.intent.category.LAUNCHER] flg=0x10000000 cmp=com.example.dogglers/androidx.test.core.app.InstrumentationActivityInvoker$EmptyActivity mCallingUid=10209 }, activity=androidx.test.core.app.InstrumentationActivityInvoker$EmptyActivity@44c0087
06-07 03:16:03.322  3894  3894 I GoogleInputMethodService: GoogleInputMethodService.updateDeviceLockedStatus():2100 checkRepeatedly = false, unlocked = true
06-07 03:16:03.322  3894  3894 I GoogleInputMethodService: GoogleInputMethodService.onStartInput():1903 onStartInput(EditorInfo{inputType=0x0(NULL) imeOptions=0x0 privateImeOptions=null actionName=UNSPECIFIED actionLabel=null actionId=0 initialSelStart=-1 initialSelEnd=-1 initialCapsMode=0x0 hintText=null label=null packageName=com.example.dogglers fieldId=-1 fieldName=null extras=null}, false)
06-07 03:16:03.323  3894  3894 I GoogleInputMethodService: GoogleInputMethodService.updateDeviceLockedStatus():2100 checkRepeatedly = true, unlocked = true
06-07 03:16:03.324  1650  2822 I InputDispatcher: setFocusedApplication displayId=0 ActivityRecord{c6d6799 u0 com.example.dogglers/.GridListActivity t2896}
06-07 03:16:03.324   838   854 I mtkpower@impl: [notifyAppState] act androidx.test.core.app.InstrumentationActivityInvoker$EmptyActivity => com.example.dogglers.GridListActivity
06-07 03:16:03.326  1650  3081 I InputDispatcher: Focus left window: Window{af2621d u0 com.example.dogglers/androidx.test.core.app.InstrumentationActivityInvoker$EmptyActivity} in display 0
06-07 03:16:03.326  1650  3081 I InputDispatcher: Window went away: Window{af2621d u0 com.example.dogglers/androidx.test.core.app.InstrumentationActivityInvoker$EmptyActivity}
06-07 03:16:03.326  1650  2822 D Theia.NoFocusWindow: FocusWindowErrorScene CheckFreezeScreen
06-07 03:16:03.334  5326  5326 D LifecycleMonitor: Lifecycle status change: com.example.dogglers.GridListActivity@360ae72 in: RESTARTED
06-07 03:16:03.334  5326  5326 V ActivityScenario: Activity lifecycle changed event received but ignored because the intent does not match. startActivityIntent=Intent { act=android.intent.action.MAIN cat=[android.intent.category.LAUNCHER] cmp=com.example.dogglers/.MainActivity }, activity.getIntent()=Intent { cmp=com.example.dogglers/.GridListActivity mCallingUid=10209 }, activity=com.example.dogglers.GridListActivity@360ae72
06-07 03:16:03.334  1650  3081 D OppoDisplayPolicy: com.android.systemui, change system app cutoutMode: color always
06-07 03:16:03.338  5326  5326 D LifecycleMonitor: Lifecycle status change: com.example.dogglers.GridListActivity@360ae72 in: STARTED
06-07 03:16:03.338  5326  5326 V ActivityScenario: Activity lifecycle changed event received but ignored because the intent does not match. startActivityIntent=Intent { act=android.intent.action.MAIN cat=[android.intent.category.LAUNCHER] cmp=com.example.dogglers/.MainActivity }, activity.getIntent()=Intent { cmp=com.example.dogglers/.GridListActivity mCallingUid=10209 }, activity=com.example.dogglers.GridListActivity@360ae72
06-07 03:16:03.339  5326  5326 V PhoneWindow: DecorView setVisiblity: visibility = 0, Parent = android.view.ViewRootImpl@1634346, this = DecorView@fb9652b[GridListActivity]
06-07 03:16:03.340  5326  5326 D LifecycleMonitor: Lifecycle status change: com.example.dogglers.GridListActivity@360ae72 in: RESUMED
06-07 03:16:03.340  5326  5326 V ActivityScenario: Activity lifecycle changed event received but ignored because the intent does not match. startActivityIntent=Intent { act=android.intent.action.MAIN cat=[android.intent.category.LAUNCHER] cmp=com.example.dogglers/.MainActivity }, activity.getIntent()=Intent { cmp=com.example.dogglers/.GridListActivity mCallingUid=10209 }, activity=com.example.dogglers.GridListActivity@360ae72
