06-07 03:16:10.501  1650  4224 D OppoDisplayPolicy: com.example.dogglers, no change cutoutMode: 0
06-07 03:16:10.501   874  3098 D DispPerfService: get hint proc=b37cdaa com.example.dogglers, idx=0 none
06-07 03:16:10.503  5326  5326 E libEGL  : Invalid file path for libcolorx-loader.so
06-07 03:16:10.503  5326  5326 I chatty  : uid=10209(com.example.dogglers) identical 2 lines
06-07 03:16:10.503  5326  5326 E libEGL  : Invalid file path for libcolorx-loader.so
06-07 03:16:10.511  1650  1769 D OppoDisplayPolicy: com.example.dogglers, no change cutoutMode: 0
06-07 03:16:10.513   874  3098 D DispPerfService: get hint proc=com.example.dogglers, idx=0 none
06-07 03:16:10.527   874  3098 D DispPerfService: onframeavailable pid=5326, slot=0, seq=41449, name=com.example.dogglers:com.example.dogglers/androidx.test.core.app.InstrumentationActivityInvoker$EmptyActivity#1
06-07 03:16:10.542   874   874 D OppoExLayer: ~Layer() sequence=41443, name=Surface(name=7b5d0e3 StatusBar)/@0x39afcf6 - animation-leash#1@0xb400007bd9fbe000
06-07 03:16:10.542   874   874 D OppoExLayer: ~Layer() sequence=41444, name=Surface(name=669131f NavigationBar0)/@0xe54d8f7 - animation-leash#1@0xb400007bda1d7000
06-07 03:16:10.545  1650  4224 I InputDispatcher: Focus entered window: Window{b37cdaa u0 com.example.dogglers/androidx.test.core.app.InstrumentationActivityInvoker$EmptyActivity} in display 0
06-07 03:16:10.545   874  1504 I BufferQueueProducer: [com.example.dogglers/androidx.test.core.app.InstrumentationActivityInvoker$EmptyActivity#0](id:36a00001f9c,api:1,p:5326,c:874) disconnect(): api=1
06-07 03:16:10.550  3894  3894 V PhoneWindow: DecorView setVisiblity: visibility = 8, Parent = android.view.ViewRootImpl@fc11c41, this = DecorView@71b05e6[InputMethod]
06-07 03:16:10.566  1650  4224 I InputDispatcher: Focus left window: Window{b37cdaa u0 com.example.dogglers/androidx.test.core.app.InstrumentationActivityInvoker$EmptyActivity} in display 0
06-07 03:16:10.566  1650  4224 I InputDispatcher: Window went away: Window{b37cdaa u0 com.example.dogglers/androidx.test.core.app.InstrumentationActivityInvoker$EmptyActivity}
06-07 03:16:10.567   819   884 I hwcomposer: [HWCDisplay] [Display_0 (type:1)] fps:86.137016,dur:1010.02,max:23.34,min:8.15
06-07 03:16:10.567  1650  5021 D InputMethodManagerService: isSecurity: attribute.packageName=com.example.dogglers
06-07 03:16:10.571  5326  5326 D LifecycleMonitor: Lifecycle status change: androidx.test.core.app.InstrumentationActivityInvoker$EmptyActivity@ac8f1fc in: PAUSED
06-07 03:16:10.581  1650  2567 I ColorHansManager : freeze uid: 10200 package: com.snapchat.android reason: fastfreezer|10074 scene: FastFreezerScene
06-07 03:16:10.581  3146  3166 D ZoomAppController: ignore onAppEnter: Invalid cvActionFlag = 0
06-07 03:16:10.582  1650  2567 I ColorHansManager : freeze uid: 10341 package: com.google.android.apps.classroom reason: fastfreezer|10074 scene: FastFreezerScene
06-07 03:16:10.583   874  1504 D DispPerfService: get hint proc=Surface(name=Task=2904), idx=0 none
06-07 03:16:10.584   874  3098 D DispPerfService: get hint proc=Surface(name=WallpaperWindowToken{b5cc2ec token=android.os.Binder@38b319f}), idx=0 none
06-07 03:16:10.585  1650  2567 W System.err: java.io.FileNotFoundException: /acct/uid_10214/pid_10758/cgroup.procs: open failed: EACCES (Permission denied)
06-07 03:16:10.588  1650  2567 I ColorHansManager : freeze uid: 10214 package: com.lenovo.anyshare.gps reason: fastfreezer|10074 scene: FastFreezerScene
06-07 03:16:10.592   838   904 I libPowerHal: [perfLockRel] hdl:94398, idx:1
06-07 03:16:10.592   838   904 I libPowerHal: [PD] scn:1 hdl:94398 lock_user:system_server pid:1650 tid:1918 dur:0
06-07 03:16:10.592  1650  1918 I mtkpower_client: ret_hdl:94399
06-07 03:16:10.592   838   904 I libPowerHal: [perfLockAcq] idx:1 hdl:94399 hint:-1 pid:1650 duration:0 => ret_hdl:94399
06-07 03:16:10.592   838   904 I libPowerHal: [PE] scn:1 hdl:94399 lock_user:system_server pid:1650 tid:1918 dur:0
06-07 03:16:10.595   874   874 D OppoExLayer: ~Layer() sequence=41455, name=Screenshot Parent@0xb400007bda1d7000
06-07 03:16:10.599   874   951 D DispPerfService: get hint proc=Surface(name=7b5d0e3 StatusBar), idx=0 none
06-07 03:16:10.600   874  1507 D DispPerfService: get hint proc=Surface(name=669131f NavigationBar0), idx=0 none
06-07 03:16:10.602  1650  1663 D OppoDisplayPolicy: com.android.systemui, change system app cutoutMode: color always
06-07 03:16:10.603  2605  2605 E Parcel  : Reading a NULL string not supported here.
06-07 03:16:10.606  2605  2605 E SimulationInteractor: tryGetAnimationPainterInstance error:com.coloros.painteranimationpanel.api.AnimPainterInstance
06-07 03:16:10.606  2605  2605 D RecentsOrientedState: current RecentsOrientedState: [this=RecentsOrientedState@d595fc3 mOrientationHandler=PortraitPagedViewHandler@98e570b mDisplayRotation=0 mTouchRotation=0 mRecentsActivityRotation=0 isRecentsActivityRotationAllowed=false mSystemRotation=false mFlags=35]
06-07 03:16:10.607  2605  2605 D RecentsOrientedState: current RecentsOrientedState new : [this=RecentsOrientedState@d595fc3 mOrientationHandler=PortraitPagedViewHandler@98e570b mDisplayRotation=0 mTouchRotation=0 mRecentsActivityRotation=0 isRecentsActivityRotationAllowed=false mSystemRotation=false mFlags=35]
06-07 03:16:10.607  2605  2605 D RecentsOrientedState: current RecentsOrientedState: [this=RecentsOrientedState@d595fc3 mOrientationHandler=PortraitPagedViewHandler@98e570b mDisplayRotation=0 mTouchRotation=0 mRecentsActivityRotation=0 isRecentsActivityRotationAllowed=false mSystemRotation=false mFlags=35]
06-07 03:16:10.607  2605  2605 D RecentsOrientedState: current RecentsOrientedState new : [this=RecentsOrientedState@d595fc3 mOrientationHandler=PortraitPagedViewHandler@98e570b mDisplayRotation=0 mTouchRotation=0 mRecentsActivityRotation=0 isRecentsActivityRotationAllowed=false mSystemRotation=false mFlags=35]
06-07 03:16:10.607  3894  3894 V PhoneWindow: DecorView setVisiblity: visibility = 8, Parent = android.view.ViewRootImpl@fc11c41, this = DecorView@71b05e6[InputMethod]
06-07 03:16:10.607  2605  2605 D IconConfigParser: parseConfig::icon config =: IconConfig = [ isForeign : true,theme : 4,iconSize : 4000,iconShape : 0,foregroundSize : 6000,artPlusOn : 1,iconRadius 1,darkModeIcon:0 ]
06-07 03:16:10.609  2605  2605 D IconConfigParser: parseConfig::icon config =: IconConfig = [ isForeign : true,theme : 4,iconSize : 4000,iconShape : 0,foregroundSize : 6000,artPlusOn : 1,iconRadius 1,darkModeIcon:0 ]
06-07 03:16:10.609  3894  3894 V PhoneWindow: DecorView setVisiblity: visibility = 8, Parent = android.view.ViewRootImpl@fc11c41, this = DecorView@71b05e6[InputMethod]
06-07 03:16:10.610  5326  5356 E TestRunner: failed: grid_list_content_at_first_position(com.example.dogglers.GridListTests)
06-07 03:16:10.614   838   855 I mtkpower@impl: [setMode] type:5, enabled:0
06-07 03:16:10.614   838   904 I libPowerHal: [perfLockRel] hdl:94393, idx:4
06-07 03:16:10.614   838   904 I libPowerHal: [PD] scn:4 hdl:94393 hint:11 comm:mtkpower@1.0-se pid:838
06-07 03:16:10.615   838   854 I mtkpower@impl: [mtkPowerHint] hint:23, hold:0, ext:30, ext_hold:5
06-07 03:16:10.616   838   904 I libPowerHal: [perfLockRel] hdl:94389, idx:3
06-07 03:16:10.616   838   904 I libPowerHal: [PD] scn:3 hdl:94389 hint:23 comm:mtkpower@1.0-se pid:838
06-07 03:16:10.616   838   904 I libPowerHal: MTKPOWER_HINT_ACT_SWITCH: cpu_ctrl set cpu freq: 2000000 -1 1419000 -1
06-07 03:16:10.616   838   904 I libPowerHal: [PD] MTKPOWER_HINT_ACT_SWITCH update cmd:1000000, param:-1
06-07 03:16:10.616   838   904 I libPowerHal: [PD] MTKPOWER_HINT_ACT_SWITCH update cmd:1408300 param:0
06-07 03:16:10.616   838   904 I libPowerHal: [PD] MTKPOWER_HINT_ACT_SWITCH update cmd:1000000 param:-1
06-07 03:16:10.617   838   904 I libPowerHal: [perfLockAcq] idx:2 hdl:94400 hint:30 pid:838 duration:5 => ret_hdl:94400
06-07 03:16:10.617   838   904 I libPowerHal: [PE] scn:2 hdl:94400 hint:30 comm:mtkpower@1.0-se pid:838
06-07 03:16:10.617   838   904 I libPowerHal: [PE] MTKPOWER_HINT_EXT_LAUNCH update cmd:1000000, param:1
06-07 03:16:10.617   838   904 I libPowerHal: [PE] MTKPOWER_HINT_EXT_LAUNCH update cmd:2020000, param:15
06-07 03:16:10.617   838   904 I libPowerHal: [PE] MTKPOWER_HINT_EXT_LAUNCH update cmd:1408300, param:40
06-07 03:16:10.617   838   904 I libPowerHal: [PE] MTKPOWER_HINT_EXT_LAUNCH update cmd:1000000 param:1
06-07 03:16:10.625  1650  1664 D OppoDisplayPolicy: com.android.systemui, change system app cutoutMode: color always
06-07 03:16:10.631  2605  2830 E Parcel  : Reading a NULL string not supported here.
06-07 03:16:10.631  5326  5326 I MonitoringInstr: Activities that are still in CREATED to STOPPED: 2
06-07 03:16:10.631  5326  5356 I MonitoringInstr: Unstopped activity count: 2
06-07 03:16:10.633  2605  2605 D ColorLauncherAppTransitionManagerImpl: getClosingWindowAnimators: transPoint PointF(653.1229, 789.43994), currentWindowRect = [653.1229,789.43994][1014.0885,1481.7332]
06-07 03:16:10.636  2605  2830 E Parcel  : Reading a NULL string not supported here.
06-07 03:16:10.639  3258  8864 E oiface  : packageSwitch pkg com.oppo.launcher, enter
06-07 03:16:10.639  3258  8864 E oiface  : current package is com.oppo.launcher and pid is 2605
06-07 03:16:10.645  2605  2605 D ColorLauncherAppTransitionManagerImpl: getClosingWindowAnimators: transPoint PointF(724.69366, 875.9485), currentWindowRect = [724.69366,875.9485][1006.8658,1381.1073]
06-07 03:16:10.649  3258  3270 E oiface  : Average freq 2007720 for 0s.
06-07 03:16:10.649  3258  3270 E oiface  : Average freq 1960000 for 0s.
06-07 03:16:10.649  3258  3270 E oiface  : get gpu config path failed. Fallback to default.
06-07 03:16:10.650  3258  3270 E oiface  : get gpu freq table failed
06-07 03:16:10.652  3258  3270 E oiface  : client  not found, skipped
06-07 03:16:10.652  3258  3270 D oiface  : forground package is com.oppo.launcher
06-07 03:16:10.656  2605  2605 D ColorLauncherAppTransitionManagerImpl: getClosingWindowAnimators: transPoint PointF(775.9497, 937.90247), currentWindowRect = [775.9497,937.90247][1001.6931,1309.0432]
06-07 03:16:10.660  3258  3270 E oiface  : get gpu config path failed. Fallback to default.
06-07 03:16:10.661  3258  3270 E oiface  : get gpu freq table failed
06-07 03:16:10.668  2605  2605 D ColorLauncherAppTransitionManagerImpl: getClosingWindowAnimators: transPoint PointF(808.5907, 977.3562), currentWindowRect = [808.5907,977.3562][998.39905,1263.1511]
06-07 03:16:10.678  2605  2621 W System  : A resource failed to call release.
06-07 03:16:10.678  2605  2621 I chatty  : uid=10074(com.oppo.launcher) FinalizerDaemon identical 1 line
06-07 03:16:10.678  2605  2621 W System  : A resource failed to call release.
06-07 03:16:10.679  2605  2605 D ColorLauncherAppTransitionManagerImpl: getClosingWindowAnimators: transPoint PointF(832.3445, 1006.06775), currentWindowRect = [832.3445,1006.06775][996.00195,1229.7543]
06-07 03:16:10.681  5326  5356 I MonitoringInstr: Unstopped activity count: 2
06-07 03:16:10.689   874   874 D OppoExLayer: ~Layer() sequence=41421, name=Surface(name=Task=2)/@0x70c721c - animation-leash#0@0xb400007bf3911000
06-07 03:16:10.689   874   874 D OppoExLayer: ~Layer() sequence=41422, name=Surface(name=Task=2903)/@0x4be1679 - animation-leash#0@0xb400007bf393a000
06-07 03:16:10.690  2605  2605 D ColorLauncherAppTransitionManagerImpl: getClosingWindowAnimators: transPoint PointF(850.1672, 1027.6102), currentWindowRect = [850.1672,1027.6102][994.2033,1204.6962]
06-07 03:16:10.702  2605  2605 D ColorLauncherAppTransitionManagerImpl: getClosingWindowAnimators: transPoint PointF(861.01135, 1040.7178), currentWindowRect = [861.01135,1040.7178][993.109,1189.4497]
06-07 03:16:10.713  2605  2605 D ColorLauncherAppTransitionManagerImpl: getClosingWindowAnimators: transPoint PointF(867.7505, 1048.8635), currentWindowRect = [867.7505,1048.8635][992.42883,1179.9746]
06-07 03:16:10.714  2605  2605 E Launcher.ColorBubbleTextView: mForceHideDot is false
06-07 03:16:10.724  2605  2605 D ColorLauncherAppTransitionManagerImpl: getClosingWindowAnimators: transPoint PointF(871.1908, 1053.022), currentWindowRect = [871.1908,1053.022][992.08167,1175.1377]
06-07 03:16:10.725  2605  2605 E Launcher.ColorBubbleTextView: mForceHideDot is false
06-07 03:16:10.732  5326  5356 I MonitoringInstr: Unstopped activity count: 2
06-07 03:16:10.736  2605  2605 D ColorLauncherAppTransitionManagerImpl: getClosingWindowAnimators: transPoint PointF(872.0, 1054.0), currentWindowRect = [872.0,1054.0][992.0,1174.0]
06-07 03:16:10.750   874   874 D DispPerfService: Skip Bind Core, mCoreForSFBind:0
06-07 03:16:10.751   874  1504 I BufferQueueProducer: [com.example.dogglers/androidx.test.core.app.InstrumentationActivityInvoker$EmptyActivity#1](id:36a00001f9d,api:1,p:5326,c:874) disconnect(): api=1
06-07 03:16:10.757   874   874 D OppoExLayer: ~Layer() sequence=41454, name=Surface(name=WallpaperWindowToken{b5cc2ec token=android.os.Binder@38b319f})/@0x45af277 - animation-leash#0@0xb400007bd9e41000
06-07 03:16:10.758  1650  1679 D Theia.NoFocusWindow: FocusWindowErrorScene cancelCheckFreezeScreen
06-07 03:16:10.763  1650  1977 I GED     : ged_boost_gpu_freq, level 100, eOrigin 2, final_idx 27, oppidx_max 27, oppidx_min 0
06-07 03:16:10.768  3894  3894 V PhoneWindow: DecorView setVisiblity: visibility = 8, Parent = android.view.ViewRootImpl@fc11c41, this = DecorView@71b05e6[InputMethod]
06-07 03:16:10.769  5326  5326 D LifecycleMonitor: Lifecycle status change: androidx.test.core.app.InstrumentationActivityInvoker$EmptyActivity@ac8f1fc in: STOPPED
06-07 03:16:10.770  5326  5326 V PhoneWindow: DecorView setVisiblity: visibility = 4, Parent = android.view.ViewRootImpl@25f1ea6, this = DecorView@d84f0b[InstrumentationActivityInvoker$EmptyActivity]
06-07 03:16:10.774  5326  5326 D LifecycleMonitor: Lifecycle status change: androidx.test.core.app.InstrumentationActivityInvoker$EmptyActivity@ac8f1fc in: DESTROYED
06-07 03:16:10.776  5326  5326 D View    : [Warning] assignParent to null: this = DecorView@d84f0b[InstrumentationActivityInvoker$EmptyActivity]
06-07 03:16:10.777   874   951 D DispPerfService: get hint proc=Surface(name=613b6a7 InputMethod), idx=0 none
06-07 03:16:10.781   874   874 I BufferQueueConsumer: [com.example.dogglers/androidx.test.core.app.InstrumentationActivityInvoker$EmptyActivity#1](id:36a00001f9d,api:0,p:-1,c:874) disconnect()
06-07 03:16:10.781   874   874 I BufferQueue: [com.example.dogglers/androidx.test.core.app.InstrumentationActivityInvoker$EmptyActivity#1](this:0xb400007bfe74ac58,id:8093,api:1,p:-1,c:-1) onDestructor()
06-07 03:16:10.781  5326  5326 I InputTransport: Destroy ARC handle: 0xb4000078533603a0
06-07 03:16:10.781   874   874 D OppoExLayer: ~Layer() sequence=41449, name=com.example.dogglers/androidx.test.core.app.InstrumentationActivityInvoker$EmptyActivity#1@0xb400007bda187000
06-07 03:16:10.782  5326  5356 I MonitoringInstr: Unstopped activity count: 1
06-07 03:16:10.782  3894  3894 V PhoneWindow: DecorView setVisiblity: visibility = 8, Parent = android.view.ViewRootImpl@fc11c41, this = DecorView@71b05e6[InputMethod]
06-07 03:16:10.782  1650  1663 I InputDispatcher: Focus entered window: Window{eceb7d u0 com.oppo.launcher/com.oppo.launcher.Launcher} in display 0
06-07 03:16:10.782  1650  1663 I InputDispatcher: Window went away: com.example.dogglers/androidx.test.core.app.InstrumentationActivityInvoker$EmptyActivity#1
06-07 03:16:10.783  5326  5326 D LifecycleMonitor: Lifecycle status change: androidx.test.core.app.InstrumentationActivityInvoker$EmptyActivity@821aab8 in: STOPPED
06-07 03:16:10.783  1650  1971 D IAtlas  : IAtlas::init CallingPid 1650
06-07 03:16:10.784  5326  5326 V PhoneWindow: DecorView setVisiblity: visibility = 4, Parent = android.view.ViewRootImpl@a02b182, this = DecorView@c08fbf7[InstrumentationActivityInvoker$EmptyActivity]
06-07 03:16:10.784  1650  1971 D IAtlas  : IAtlas::init this 0xb40000784f95bb10
06-07 03:16:10.785  5326  5326 D LifecycleMonitor: Lifecycle status change: androidx.test.core.app.InstrumentationActivityInvoker$EmptyActivity@821aab8 in: DESTROYED
06-07 03:16:10.785  1151 15690 E MMListParser: open file /proc/1650/cmdline err 13
06-07 03:16:10.786  1650  1971 D OplusSkImageProcessing: INFO:(null),quality 95
06-07 03:16:10.786  1650  1971 E OplusSkImageProcessing: not in image processing list
06-07 03:16:10.786  1650  1971 D OplusSkImageProcessing: support_flag: 0,new_quality: 95
06-07 03:16:10.786  1650  1971 I BpBinder: onLastStrongRef automatically unlinking death recipients: <uncached descriptor>
06-07 03:16:10.786  1650  1971 D system_server: ##Make: options.fQuality:95,quality:95,encoderMgr->imageprocessing_flag:0
06-07 03:16:10.786  1650  1971 D system_server: Resolution: 1080 x 2400; FLAG:0
06-07 03:16:10.786  1650  1971 D system_server: Resolution: 1080 x 2400;
06-07 03:16:10.786  1650  1971 D system_server: support: 0
06-07 03:16:10.786  5326  5326 D View    : [Warning] assignParent to null: this = DecorView@c08fbf7[InstrumentationActivityInvoker$EmptyActivity]
06-07 03:16:10.788  1650  1769 D InputMethodManagerService: isSecurity: attribute.packageName=com.oppo.launcher
06-07 03:16:10.788  1650  1769 D InputMethodManagerService: isSecurity= false (  enable=false needShow=false inBlackList=false  isExist=true )
06-07 03:16:10.790  5326  5326 I InputTransport: Destroy ARC handle: 0xb4000078533c1e80
06-07 03:16:10.790  1650  1769 D OplusVerificationCodeController: notifyImeAttributeChanged: 64false
06-07 03:16:10.792   874   874 D OppoExLayer: ~Layer() sequence=41448, name=b37cdaa com.example.dogglers/androidx.test.core.app.InstrumentationActivityInvoker$EmptyActivity#0@0xb400007be412d000
06-07 03:16:10.792   874   874 D OppoExLayer: ~Layer() sequence=41441, name=a658a66 com.example.dogglers/androidx.test.core.app.InstrumentationActivityInvoker$EmptyActivity#0@0xb400007bd9e7d000
06-07 03:16:10.792   874   874 I BufferQueueConsumer: [com.example.dogglers/androidx.test.core.app.InstrumentationActivityInvoker$EmptyActivity#0](id:36a00001f9c,api:0,p:-1,c:874) disconnect()
06-07 03:16:10.792   874   874 I BufferQueue: [com.example.dogglers/androidx.test.core.app.InstrumentationActivityInvoker$EmptyActivity#0](this:0xb400007bda142858,id:8092,api:1,p:-1,c:-1) onDestructor()
06-07 03:16:10.792   874   874 D OppoExLayer: ~Layer() sequence=41442, name=com.example.dogglers/androidx.test.core.app.InstrumentationActivityInvoker$EmptyActivity#0@0xb400007bda148000
06-07 03:16:10.792   874   874 D OppoExLayer: ~Layer() sequence=41445, name=ActivityRecord{9d6dc84 u0 com.example.dogglers/androidx.test.core.app.InstrumentationActivityInvoker$EmptyActivity#0@0xb400007bf39a7000
06-07 03:16:10.793  1650  1769 I InputDispatcher: Window went away: com.example.dogglers/androidx.test.core.app.InstrumentationActivityInvoker$EmptyActivity#0
06-07 03:16:10.794   874   955 D DispPerfService: get hint proc=Surface(name=613b6a7 InputMethod), idx=0 none
06-07 03:16:10.797  3894  3894 I GoogleInputMethodService: GoogleInputMethodService.onFinishInput():3204
06-07 03:16:10.798  3894  3894 I GoogleInputMethodService: GoogleInputMethodService.updateDeviceLockedStatus():2100 checkRepeatedly = false, unlocked = true
06-07 03:16:10.798  3894  3894 I GoogleInputMethodService: GoogleInputMethodService.onStartInput():1903 onStartInput(EditorInfo{inputType=0x0(NULL) imeOptions=0x0 privateImeOptions=null actionName=UNSPECIFIED actionLabel=null actionId=0 initialSelStart=-1 initialSelEnd=-1 initialCapsMode=0x0 hintText=null label=null packageName=com.oppo.launcher fieldId=-1 fieldName=null extras=null}, false)
06-07 03:16:10.798  3894  3894 I GoogleInputMethodService: GoogleInputMethodService.updateDeviceLockedStatus():2100 checkRepeatedly = true, unlocked = true
06-07 03:16:10.802  3894  3894 V PhoneWindow: DecorView setVisiblity: visibility = 8, Parent = android.view.ViewRootImpl@fc11c41, this = DecorView@71b05e6[InputMethod]
06-07 03:16:10.803   874   874 D OppoExLayer: ~Layer() sequence=41426, name=Task=2904#0@0xb400007bf39f3000
06-07 03:16:10.803   874   874 D OppoExLayer: ~Layer() sequence=41440, name=ActivityRecord{654d078 u0 com.example.dogglers/androidx.test.core.app.InstrumentationActivityInvoker$EmptyActivity#0@0xb400007bd9fd3000
06-07 03:16:10.806  1650  1663 D OppoDisplayPolicy: com.android.systemui, change system app cutoutMode: color always
06-07 03:16:10.815   874   955 I BufferQueueProducer: [NavigationBar0#0](this:0xb400007c946c5258,id:5,api:1,p:2080,c:874) queueBuffer: fps=10.98 dur=1001.82 max=398.40 min=7.81
06-07 03:16:10.816  1650  1663 D OppoDisplayPolicy: com.android.systemui, change system app cutoutMode: color always
