06-07 03:16:08.129  5326  5356 I TestRunner: started: vertical_scrolling(com.example.dogglers.GridListTests)
06-07 03:16:08.130   874   874 I BufferQueueProducer: [FramebufferSurface](this:0xb400007bfe42eed0,id:-1,api:1,p:874,c:874) queueBuffer: fps=47.72 dur=1005.96 max=467.91 min=7.80
06-07 03:16:08.137   874   874 D OppoExLayer: ~Layer() sequence=41321, name=Task=2901#0@0xb400007bda0c8000
06-07 03:16:08.137   874   874 D OppoExLayer: ~Layer() sequence=41337, name=ActivityRecord{7604ab5 u0 com.example.dogglers/androidx.test.core.app.InstrumentationActivityInvoker$EmptyActivity#0@0xb400007bda0cb000
06-07 03:16:08.137   874   874 D OppoExLayer: ~Layer() sequence=41338, name=5a32aab com.example.dogglers/androidx.test.core.app.InstrumentationActivityInvoker$EmptyActivity#0@0xb400007bd9fe5000
06-07 03:16:08.156   874   955 D DispPerfService: get hint proc=ActivityRecord{ad1d35a u0 com.example.dogglers, idx=0 none
06-07 03:16:08.164  1650  1918 I mtkpower_client: ret_hdl:94321
06-07 03:16:08.164   838   904 I libPowerHal: [perfLockAcq] idx:1 hdl:94321 hint:-1 pid:1650 duration:0 => ret_hdl:94321
06-07 03:16:08.164  1650  2567 I ColorHansManager : freeze uid: 10115 package: com.nearme.gamecenter reason: fastfreezer|10209 scene: FastFreezerScene
06-07 03:16:08.165  1650  2567 I ColorHansManager : freeze uid: 10505 package: com.facebook.katana reason: fastfreezer|10209 scene: FastFreezerScene
06-07 03:16:08.170  1650  2713 I ColorResourcePreloadManager: resume pkg: com.example.dogglers, uid:10209, prev pkg: com.oppo.launcher, prev uid: 10074
06-07 03:16:08.171  1650  2567 I ColorHansManager : freeze uid: 10544 package: com.simejikeyboard reason: fastfreezer|10209 scene: FastFreezerScene
06-07 03:16:08.172  3146  3164 D ZoomAppController: ignore onAppEnter: Invalid cvActionFlag = 0
06-07 03:16:08.174  1650  2567 I ColorHansManager : freeze uid: 10545 package: com.kiloo.subwaysurf reason: fastfreezer|10209 scene: FastFreezerScene
06-07 03:16:08.176  1650  2567 I ColorHansManager : freeze uid: 10186 package: com.google.android.apps.docs reason: fastfreezer|10209 scene: FastFreezerScene
06-07 03:16:08.180   838   904 I libPowerHal: [perfLockRel] hdl:94321, idx:1
06-07 03:16:08.180   838   904 I libPowerHal: [PD] scn:1 hdl:94321 lock_user:system_server pid:1650 tid:1918 dur:0
06-07 03:16:08.181  5326  5326 D LifecycleMonitor: Lifecycle status change: androidx.test.core.app.InstrumentationActivityInvoker$BootstrapActivity@772a9d in: PRE_ON_CREATE
06-07 03:16:08.181  5326  5326 V ActivityScenario: Activity lifecycle changed event received but ignored because the intent does not match. startActivityIntent=Intent { act=android.intent.action.MAIN cat=[android.intent.category.LAUNCHER] cmp=com.example.dogglers/.GridListActivity }, activity.getIntent()=Intent { act=android.intent.action.MAIN cat=[android.intent.category.LAUNCHER] flg=0x10008000 cmp=com.example.dogglers/androidx.test.core.app.InstrumentationActivityInvoker$BootstrapActivity (has extras) mCallingUid=10209 }, activity=androidx.test.core.app.InstrumentationActivityInvoker$BootstrapActivity@772a9d
06-07 03:16:08.181  1650  1918 I mtkpower_client: ret_hdl:94322
06-07 03:16:08.182  1650  1918 I mtkpower_client: perf_lock_rel, hdl:94322, tid:1918
06-07 03:16:08.182  1650  1918 I mtkpower_client: perf_lock_acq, hdl:94322, dur:0, num:10, tid:1918
06-07 03:16:08.182  5326  5504 E libEGL  : Invalid file path for libcolorx-loader.so
06-07 03:16:08.184  2605  2605 E Launcher.ColorBubbleTextView: mForceHideDot is false
06-07 03:16:08.185   838   904 I libPowerHal: cmdSetting - unknown cmd:1c3c000, scmd:(null) ,param_1:0
06-07 03:16:08.185   838   904 I libPowerHal: [perfLockAcq] idx:1 hdl:94322 hint:-1 pid:1650 duration:0 => ret_hdl:94322
06-07 03:16:08.185   838   904 I libPowerHal: [PE] scn:1 hdl:94322 lock_user:system_server pid:1650 tid:1918 dur:0
06-07 03:16:08.185   838   904 I libPowerHal: [PE] system_server update cmd:1410000, param:1
06-07 03:16:08.185 21977 22042 I [0]DCS-BackgroundAppData: sendAppBgEvent: has no pkgName=com.example.dogglers
06-07 03:16:08.186  1650  2567 I ColorHansManager : freeze uid: 10200 package: com.snapchat.android reason: fastfreezer|10209 scene: FastFreezerScene
06-07 03:16:08.187  1650  2567 I ColorHansManager : freeze uid: 10341 package: com.google.android.apps.classroom reason: fastfreezer|10209 scene: FastFreezerScene
06-07 03:16:08.188   838   904 I libPowerHal: [perfLockRel] hdl:94322, idx:1
06-07 03:16:08.188   838   904 I libPowerHal: [PD] scn:1 hdl:94322 lock_user:system_server pid:1650 tid:1918 dur:0
06-07 03:16:08.188   838   904 I libPowerHal: [PD] system_server update cmd:1410000 param:0
06-07 03:16:08.188  1650  1918 I mtkpower_client: ret_hdl:94323
06-07 03:16:08.190   838   904 I libPowerHal: cmdSetting - unknown cmd:1c3c000, scmd:(null) ,param_1:0
06-07 03:16:08.190   838   904 I libPowerHal: [perfLockAcq] idx:1 hdl:94323 hint:-1 pid:1650 duration:0 => ret_hdl:94323
06-07 03:16:08.190   838   904 I libPowerHal: [PE] scn:1 hdl:94323 lock_user:system_server pid:1650 tid:1918 dur:0
06-07 03:16:08.191   838   904 I libPowerHal: [PE] system_server update cmd:1410000, param:1
06-07 03:16:08.193   874   955 I SurfaceFlinger: [SF client] NEW(0xb400007bf3b3d180) for (1650:system_server)
06-07 03:16:08.194  1650  2567 W System.err: java.io.FileNotFoundException: /acct/uid_10214/pid_10758/cgroup.procs: open failed: EACCES (Permission denied)
06-07 03:16:08.194  1650  2567 W System.err: 	at libcore.io.IoBridge.open(IoBridge.java:492)
06-07 03:16:08.194  1650  2567 W System.err: 	at java.io.FileInputStream.<init>(FileInputStream.java:160)
06-07 03:16:08.194  1650  2567 W System.err: 	at java.io.FileInputStream.<init>(FileInputStream.java:115)
06-07 03:16:08.194  1650  2567 W System.err: 	at java.io.FileReader.<init>(FileReader.java:58)
06-07 03:16:08.194  1650  2567 W System.err: 	at com.android.server.am.HansSceneBase.getRunningPidsByUid(ColorHansManager.java:4329)
06-07 03:16:08.194  1650  2567 W System.err: 	at com.android.server.am.HansSceneBase.writeDevFile(ColorHansManager.java:4256)
06-07 03:16:08.194  1650  2567 W System.err: 	at com.android.server.am.HansSceneBase.sendHansSignal(ColorHansManager.java:4230)
06-07 03:16:08.194  1650  2567 W System.err: 	at com.android.server.am.HansSceneBase.freeze(ColorHansManager.java:4763)
06-07 03:16:08.194  1650  2567 W System.err: 	at com.android.server.am.HansFastFreezerScene.hansFreeze(ColorHansManager.java:6395)
06-07 03:16:08.194  1650  2567 W System.err: 	at com.android.server.am.HansFastFreezerScene.enterFastFreezer(ColorHansManager.java:6567)
06-07 03:16:08.194  1650  2567 W System.err: 	at com.android.server.am.ColorHansManager.lambda$updateResumedActivity$1$ColorHansManager(ColorHansManager.java:2272)
06-07 03:16:08.194  1650  2567 W System.err: 	at com.android.server.am.-$$Lambda$ColorHansManager$pwv3sXW31w1P1qWx_eWEC7oZsCs.run(Unknown Source:6)
06-07 03:16:08.194  1650  2567 W System.err: 	at android.os.Handler.handleCallback(Handler.java:938)
06-07 03:16:08.194  1650  2567 W System.err: 	at android.os.Handler.dispatchMessage(Handler.java:99)
06-07 03:16:08.194  1650  2567 W System.err: 	at android.os.Looper.loop(Looper.java:255)
06-07 03:16:08.194  1650  2567 W System.err: 	at android.os.HandlerThread.run(HandlerThread.java:67)
06-07 03:16:08.195  1650  2567 W System.err: Caused by: android.system.ErrnoException: open failed: EACCES (Permission denied)
06-07 03:16:08.195  1650  2567 W System.err: 	at libcore.io.Linux.open(Native Method)
06-07 03:16:08.195  1650  2567 W System.err: 	at libcore.io.ForwardingOs.open(ForwardingOs.java:166)
06-07 03:16:08.195  1650  2567 W System.err: 	at libcore.io.BlockGuardOs.open(BlockGuardOs.java:254)
06-07 03:16:08.195  1650  2567 W System.err: 	at libcore.io.IoBridge.open(IoBridge.java:478)
06-07 03:16:08.195  1650  2567 W System.err: 	... 15 more
06-07 03:16:08.195  1650  1971 D IAtlas  : IAtlas::init CallingPid 1650
06-07 03:16:08.195  1650  4224 D AS.AudioService: getParameters() keyValuePairs:OPLUS_AUDIO_GET_FOCUS_STACK
06-07 03:16:08.196  1650  1971 D IAtlas  : IAtlas::init this 0xb4000077064a33a0
06-07 03:16:08.197  5326  5326 D LifecycleMonitor: Lifecycle status change: androidx.test.core.app.InstrumentationActivityInvoker$BootstrapActivity@772a9d in: CREATED
06-07 03:16:08.197  2850  3782 W OppoGuardElf: ThermalControllHandler: tempLevel=4,userMode=2,gameUserMode=-1,appType=-1,envTempType=0,appStates=[]
06-07 03:16:08.197  1151 15690 E MMListParser: open file /proc/1650/cmdline err 13
06-07 03:16:08.197  5326  5326 V ActivityScenario: Activity lifecycle changed event received but ignored because the intent does not match. startActivityIntent=Intent { act=android.intent.action.MAIN cat=[android.intent.category.LAUNCHER] cmp=com.example.dogglers/.GridListActivity }, activity.getIntent()=Intent { act=android.intent.action.MAIN cat=[android.intent.category.LAUNCHER] flg=0x10008000 cmp=com.example.dogglers/androidx.test.core.app.InstrumentationActivityInvoker$BootstrapActivity (has extras) mCallingUid=10209 }, activity=androidx.test.core.app.InstrumentationActivityInvoker$BootstrapActivity@772a9d
06-07 03:16:08.197  1650  1971 D OplusSkImageProcessing: INFO:(null),quality 95
06-07 03:16:08.197  1650  1971 E OplusSkImageProcessing: not in image processing list
06-07 03:16:08.197  1650  1971 D OplusSkImageProcessing: support_flag: 0,new_quality: 95
06-07 03:16:08.197  1650  1971 I BpBinder: onLastStrongRef automatically unlinking death recipients: <uncached descriptor>
06-07 03:16:08.197  1650  1971 D system_server: ##Make: options.fQuality:95,quality:95,encoderMgr->imageprocessing_flag:0
06-07 03:16:08.197  1650  1971 D system_server: Resolution: 540 x 1200; FLAG:0
06-07 03:16:08.197  1650  1971 D system_server: Resolution: 540 x 1200;
06-07 03:16:08.197  1650  1971 D system_server: support: 0
06-07 03:16:08.199  5326  5326 D LifecycleMonitor: Lifecycle status change: androidx.test.core.app.InstrumentationActivityInvoker$BootstrapActivity@772a9d in: STARTED
06-07 03:16:08.199  1650  1679 D ViewRootImpl[dogglers]: hardware acceleration = false , fakeHwAccelerated = true, sRendererDisabled = false, forceHwAccelerated = false, sSystemRendererDisabled = false
06-07 03:16:08.199  5326  5326 V ActivityScenario: Activity lifecycle changed event received but ignored because the intent does not match. startActivityIntent=Intent { act=android.intent.action.MAIN cat=[android.intent.category.LAUNCHER] cmp=com.example.dogglers/.GridListActivity }, activity.getIntent()=Intent { act=android.intent.action.MAIN cat=[android.intent.category.LAUNCHER] flg=0x10008000 cmp=com.example.dogglers/androidx.test.core.app.InstrumentationActivityInvoker$BootstrapActivity (has extras) mCallingUid=10209 }, activity=androidx.test.core.app.InstrumentationActivityInvoker$BootstrapActivity@772a9d
06-07 03:16:08.199  1650  1679 D OppoDisplayPolicy: com.example.dogglers, no change cutoutMode: 0
06-07 03:16:08.200   874   955 D DispPerfService: get hint proc=, idx=0 none
06-07 03:16:08.200  2850  3782 W OppoGuardElf: ThermalControlUtils: mForegroundPkg=com.example.dogglers
06-07 03:16:08.200  2850  3782 W OppoGuardElf: ThermalControllHandler: tempGear=4,configItemName=common_config
06-07 03:16:08.200  2850  5141 W OppoGuardElf: ThermalControllHandler: MSG_THERMAL_CONTROL_CATEGORY_CHANGED
06-07 03:16:08.201  1650  1918 I mtkpower_client: perf_lock_rel, hdl:94323, tid:1918
06-07 03:16:08.201  1650  1918 I mtkpower_client: perf_lock_acq, hdl:94323, dur:0, num:10, tid:1918
06-07 03:16:08.201  1650  1679 E libEGL  : Invalid file path for libcolorx-loader.so
06-07 03:16:08.202  1650  1679 I chatty  : uid=1000(system) android.anim identical 4 lines
06-07 03:16:08.202  1650  1679 E libEGL  : Invalid file path for libcolorx-loader.so
06-07 03:16:08.202  1650  1679 I InputTransport: Create ARC handle: 0xb4000077c2e98b20
06-07 03:16:08.202  1650  2567 I ColorHansManager : freeze uid: 10214 package: com.lenovo.anyshare.gps reason: fastfreezer|10209 scene: FastFreezerScene
06-07 03:16:08.202  3258  8864 E oiface  : packageSwitch pkg com.example.dogglers, enter
06-07 03:16:08.202  3258  8864 E oiface  : current package is com.example.dogglers and pid is 5326
06-07 03:16:08.203   874   874 D DispPerfService: Skip Bind Core, mCoreForSFBind:0
06-07 03:16:08.203   838   904 I libPowerHal: [perfLockRel] hdl:94323, idx:1
06-07 03:16:08.203   838   904 I libPowerHal: [PD] scn:1 hdl:94323 lock_user:system_server pid:1650 tid:1918 dur:0
06-07 03:16:08.203   838   904 I libPowerHal: [PD] system_server update cmd:1410000 param:0
06-07 03:16:08.203  1650  1918 I mtkpower_client: ret_hdl:94324
06-07 03:16:08.204   838   904 I libPowerHal: cmdSetting - unknown cmd:1c3c000, scmd:(null) ,param_1:0
06-07 03:16:08.204   838   904 I libPowerHal: [perfLockAcq] idx:1 hdl:94324 hint:-1 pid:1650 duration:0 => ret_hdl:94324
06-07 03:16:08.204   838   904 I libPowerHal: [PE] scn:1 hdl:94324 lock_user:system_server pid:1650 tid:1918 dur:0
06-07 03:16:08.204   838   904 I libPowerHal: [PE] system_server update cmd:1410000, param:1
06-07 03:16:08.204  1650  2567 I ColorHansManager : freeze uid: 10480 package: com.lazada.android reason: fastfreezer|10209 scene: FastFreezerScene
06-07 03:16:08.205  1650  2567 I ColorHansManager : freeze uid: 10225 package: com.instagram.android reason: fastfreezer|10209 scene: FastFreezerScene
06-07 03:16:08.206  1650  2567 I ColorHansManager : freeze uid: 10231 package: com.pinterest reason: fastfreezer|10209 scene: FastFreezerScene
06-07 03:16:08.206  1650  1918 I mtkpower_client: perf_lock_rel, hdl:94324, tid:1918
06-07 03:16:08.206  1650  1918 I mtkpower_client: perf_lock_acq, hdl:94324, dur:0, num:10, tid:1918
06-07 03:16:08.207   838   904 I libPowerHal: [perfLockRel] hdl:94324, idx:1
06-07 03:16:08.207   838   904 I libPowerHal: [PD] scn:1 hdl:94324 lock_user:system_server pid:1650 tid:1918 dur:0
06-07 03:16:08.207   838   904 I libPowerHal: [PD] system_server update cmd:1410000 param:0
06-07 03:16:08.207  1650  1918 I mtkpower_client: ret_hdl:94325
06-07 03:16:08.207   838   904 I libPowerHal: cmdSetting - unknown cmd:1c3c000, scmd:(null) ,param_1:0
06-07 03:16:08.207   838   904 I libPowerHal: [perfLockAcq] idx:1 hdl:94325 hint:-1 pid:1650 duration:0 => ret_hdl:94325
06-07 03:16:08.207   838   904 I libPowerHal: [PE] scn:1 hdl:94325 lock_user:system_server pid:1650 tid:1918 dur:0
06-07 03:16:08.207   838   904 I libPowerHal: [PE] system_server update cmd:1410000, param:1
06-07 03:16:08.207  1650  2567 I ColorHansManager : freeze uid: 10236 package: com.appsinnova.android.keepclean reason: fastfreezer|10209 scene: FastFreezerScene
06-07 03:16:08.209   874   955 D DispPerfService: get hint proc=ActivityRecord{ced8253 u0 com.example.dogglers, idx=0 none
06-07 03:16:08.211   838   855 I mtkpower@impl: [setMode] type:5, enabled:1
06-07 03:16:08.211   838   904 I libPowerHal: [perfLockAcq] idx:4 hdl:94326 hint:11 pid:838 duration:30000 => ret_hdl:94326
06-07 03:16:08.211   838   904 I libPowerHal: [PE] scn:4 hdl:94326 hint:11 comm:mtkpower@1.0-se pid:838
06-07 03:16:08.211   838   904 I libPowerHal: [perfLockRel] hdl:94319, idx:2
06-07 03:16:08.211   838   904 I libPowerHal: [PD] scn:2 hdl:94319 hint:11 comm:mtkpower@1.0-se pid:838
06-07 03:16:08.212  3258  3270 E oiface  : Average freq 1651640 for 0s.
06-07 03:16:08.212  3258  3270 E oiface  : Average freq 1920000 for 0s.
06-07 03:16:08.212  3258  3270 E oiface  : get gpu config path failed. Fallback to default.
06-07 03:16:09.183  1151  1151 W Binder:1151_3: type=1400 audit(0.0:576418): avc: denied { search } for name="1650" dev="proc" ino=25387508 scontext=u:r:atlasservice:s0 tcontext=u:r:system_server:s0 tclass=dir permissive=0
06-07 03:16:08.212  3258  3270 E oiface  : get gpu freq table failed
06-07 03:16:08.213   838   904 I libPowerHal: [perfLockAcq] idx:2 hdl:94327 hint:23 pid:838 duration:10000 => ret_hdl:94327
06-07 03:16:08.213   838   904 I libPowerHal: [PE] scn:2 hdl:94327 hint:23 comm:mtkpower@1.0-se pid:838
06-07 03:16:08.214  3258  3270 E oiface  : client  not found, skipped
06-07 03:16:08.214  3258  3270 D oiface  : forground package is com.example.dogglers
06-07 03:16:08.217  1650  1769 I InputDispatcher: Focus left window: Window{eceb7d u0 com.oppo.launcher/com.oppo.launcher.Launcher} in display 0
06-07 03:16:08.217  1650  1769 I InputDispatcher: Window went away: Window{eceb7d u0 com.oppo.launcher/com.oppo.launcher.Launcher}
06-07 03:16:08.217  5326  5326 D LifecycleMonitor: Lifecycle status change: androidx.test.core.app.InstrumentationActivityInvoker$BootstrapActivity@772a9d in: RESUMED
06-07 03:16:08.218  5326  5326 V ActivityScenario: Activity lifecycle changed event received but ignored because the intent does not match. startActivityIntent=Intent { act=android.intent.action.MAIN cat=[android.intent.category.LAUNCHER] cmp=com.example.dogglers/.GridListActivity }, activity.getIntent()=Intent { act=android.intent.action.MAIN cat=[android.intent.category.LAUNCHER] flg=0x10008000 cmp=com.example.dogglers/androidx.test.core.app.InstrumentationActivityInvoker$BootstrapActivity (has extras) mCallingUid=10209 }, activity=androidx.test.core.app.InstrumentationActivityInvoker$BootstrapActivity@772a9d
06-07 03:16:08.218  1650  1679 D OppoDisplayPolicy: com.example.dogglers, no change cutoutMode: 0
06-07 03:16:08.219  3258  3270 E oiface  : get gpu config path failed. Fallback to default.
06-07 03:16:08.219   874   955 D DispPerfService: get hint proc=, idx=0 none
06-07 03:16:08.220   874   955 I BufferQueueConsumer: [](id:36a00001f90,api:0,p:-1,c:874) connect(): controlledByApp=false
06-07 03:16:08.220   874   955 I BufferQueue: [unnamed-874-8080](this:0xb400007bfe74ba58,id:8080,api:0,p:-1,c:-1) BufferQueue core=(874:/system/bin/surfaceflinger)
06-07 03:16:08.220  3258  3270 E oiface  : get gpu freq table failed
06-07 03:16:08.223  5326  5326 D LifecycleMonitor: Lifecycle status change: androidx.test.core.app.InstrumentationActivityInvoker$BootstrapActivity@772a9d in: PAUSED
06-07 03:16:08.223  5326  5326 V ActivityScenario: Activity lifecycle changed event received but ignored because the intent does not match. startActivityIntent=Intent { act=android.intent.action.MAIN cat=[android.intent.category.LAUNCHER] cmp=com.example.dogglers/.GridListActivity }, activity.getIntent()=Intent { act=android.intent.action.MAIN cat=[android.intent.category.LAUNCHER] flg=0x10008000 cmp=com.example.dogglers/androidx.test.core.app.InstrumentationActivityInvoker$BootstrapActivity (has extras) mCallingUid=10209 }, activity=androidx.test.core.app.InstrumentationActivityInvoker$BootstrapActivity@772a9d
06-07 03:16:08.225  1650  4224 I InputDispatcher: setFocusedApplication displayId=0 <invalid>
06-07 03:16:08.226   838   854 I mtkpower@impl: [notifyAppState] act androidx.test.core.app.InstrumentationActivityInvoker$EmptyActivity => com.example.dogglers.GridListActivity
06-07 03:16:08.229  1650  1679 D Surface : lockCanvas
06-07 03:16:08.229   874   955 I BufferQueueProducer: [Splash Screen com.example.dogglers#0](id:36a00001f90,api:2,p:1650,c:874) connect(): api=2 producerControlledByApp=false
06-07 03:16:08.231  1650  1918 I mtkpower_client: perf_lock_rel, hdl:94325, tid:1918
06-07 03:16:08.231  1650  1918 I mtkpower_client: perf_lock_acq, hdl:94325, dur:0, num:10, tid:1918
06-07 03:16:08.232  5326  5505 E libEGL  : Invalid file path for libcolorx-loader.so
06-07 03:16:08.232   838   904 I libPowerHal: [perfLockRel] hdl:94325, idx:1
06-07 03:16:08.232   838   904 I libPowerHal: [PD] scn:1 hdl:94325 lock_user:system_server pid:1650 tid:1918 dur:0
06-07 03:16:08.232   838   904 I libPowerHal: [PD] system_server update cmd:1410000 param:0
06-07 03:16:08.235  1650  1918 I mtkpower_client: ret_hdl:94328
06-07 03:16:08.236   838   904 I libPowerHal: cmdSetting - unknown cmd:1c3c000, scmd:(null) ,param_1:0
06-07 03:16:08.236   838   904 I libPowerHal: [perfLockAcq] idx:1 hdl:94328 hint:-1 pid:1650 duration:0 => ret_hdl:94328
06-07 03:16:08.236   838   904 I libPowerHal: [PE] scn:1 hdl:94328 lock_user:system_server pid:1650 tid:1918 dur:0
06-07 03:16:08.236   838   904 I libPowerHal: [PE] system_server update cmd:1410000, param:1
06-07 03:16:08.236  5326  5326 D LifecycleMonitor: Lifecycle status change: com.example.dogglers.GridListActivity@5531f0c in: PRE_ON_CREATE
06-07 03:16:08.236  5326  5326 V ActivityScenario: Activity lifecycle changed event received but ignored because the reported transition was not ON_CREATE while the last known transition was PRE_ON_CREATE
06-07 03:16:08.243   874   955 D DispPerfService: onframeavailable pid=1650, slot=0, seq=41361, name=system_server:Splash Screen com.example.dogglers#0
06-07 03:16:08.247   874   955 D DispPerfService: get hint proc=Surface(name=Task=2), idx=0 none
06-07 03:16:08.251   874   955 D DispPerfService: get hint proc=Surface(name=7b5d0e3 StatusBar), idx=0 none
06-07 03:16:08.251  1650  4224 I InputDispatcher: Window went away: Splash Screen com.example.dogglers#0
06-07 03:16:08.253   874   955 D DispPerfService: get hint proc=Surface(name=669131f NavigationBar0), idx=0 none
06-07 03:16:08.257  3894  3894 V PhoneWindow: DecorView setVisiblity: visibility = 8, Parent = android.view.ViewRootImpl@fc11c41, this = DecorView@71b05e6[InputMethod]
06-07 03:16:08.261   874   874 D OppoExLayer: ~Layer() sequence=41350, name=Surface(name=7b5d0e3 StatusBar)/@0x39afcf6 - animation-leash#0@0xb400007bf39f6000
06-07 03:16:08.262   874   874 D OppoExLayer: ~Layer() sequence=41351, name=Surface(name=669131f NavigationBar0)/@0xe54d8f7 - animation-leash#0@0xb400007bd980d000
06-07 03:16:08.263  5326  5326 D LifecycleMonitor: Lifecycle status change: com.example.dogglers.GridListActivity@5531f0c in: CREATED
06-07 03:16:08.264  5326  5326 V ActivityScenario: Update currentActivityStage to CREATED, currentActivity=com.example.dogglers.GridListActivity@5531f0c
06-07 03:16:08.265  5326  5326 D LifecycleMonitor: Lifecycle status change: com.example.dogglers.GridListActivity@5531f0c in: STARTED
06-07 03:16:08.265  5326  5326 V ActivityScenario: Update currentActivityStage to STARTED, currentActivity=com.example.dogglers.GridListActivity@5531f0c
06-07 03:16:08.267  5326  5326 D LifecycleMonitor: Lifecycle status change: com.example.dogglers.GridListActivity@5531f0c in: RESUMED
06-07 03:16:08.267  5326  5326 V ActivityScenario: Update currentActivityStage to RESUMED, currentActivity=com.example.dogglers.GridListActivity@5531f0c
06-07 03:16:08.268  1650  1918 I mtkpower_client: perf_lock_rel, hdl:94328, tid:1918
06-07 03:16:08.268  1650  1918 I mtkpower_client: perf_lock_acq, hdl:94328, dur:0, num:10, tid:1918
06-07 03:16:08.268  5326  5326 V PhoneWindow: DecorView setVisiblity: visibility = 4, Parent = null, this = DecorView@6c23b7d[]
06-07 03:16:08.268   838   854 I mtkpower@impl: [check_work_req] i:0, msg:1 hdl:94328, wait
06-07 03:16:08.268   838   904 I libPowerHal: [perfLockRel] hdl:94328, idx:1
06-07 03:16:08.268   874  1504 I SurfaceFlinger: [SF client] NEW(0xb400007bf38524c0) for (5326:com.example.dogglers)
06-07 03:16:08.268   838   904 I libPowerHal: [PD] scn:1 hdl:94328 lock_user:system_server pid:1650 tid:1918 dur:0
06-07 03:16:08.268   838   904 I libPowerHal: [PD] system_server update cmd:1410000 param:0
06-07 03:16:08.270  1650  1918 I mtkpower_client: ret_hdl:94329
06-07 03:16:08.270   838   904 I libPowerHal: cmdSetting - unknown cmd:1c3c000, scmd:(null) ,param_1:0
06-07 03:16:08.270   838   904 I libPowerHal: [perfLockAcq] idx:1 hdl:94329 hint:-1 pid:1650 duration:0 => ret_hdl:94329
06-07 03:16:08.270   838   904 I libPowerHal: [PE] scn:1 hdl:94329 lock_user:system_server pid:1650 tid:1918 dur:0
06-07 03:16:08.270   838   904 I libPowerHal: [PE] system_server update cmd:1410000, param:1
06-07 03:16:08.272  5326  5326 D ViewRootImpl[GridListActivity]: hardware acceleration = true , fakeHwAccelerated = false, sRendererDisabled = false, forceHwAccelerated = false, sSystemRendererDisabled = false
06-07 03:16:08.274   874  1504 D DispPerfService: get hint proc=89984d9 com.example.dogglers, idx=0 none
06-07 03:16:08.276  5326  5326 E libEGL  : Invalid file path for libcolorx-loader.so
06-07 03:16:08.276  5326  5326 I chatty  : uid=10209(com.example.dogglers) identical 4 lines
06-07 03:16:08.276  5326  5326 E libEGL  : Invalid file path for libcolorx-loader.so
06-07 03:16:08.277  5326  5326 I InputTransport: Create ARC handle: 0xb4000078036afb00
06-07 03:16:08.277  5326  5326 V PhoneWindow: DecorView setVisiblity: visibility = 0, Parent = android.view.ViewRootImpl@e110340, this = DecorView@6c23b7d[GridListActivity]
06-07 03:16:08.284   874  1504 D DispPerfService: get hint proc=com.example.dogglers, idx=0 none
06-07 03:16:08.284   874  1504 I BufferQueueConsumer: [](id:36a00001f91,api:0,p:-1,c:874) connect(): controlledByApp=false
06-07 03:16:08.285   874  1504 I BufferQueue: [unnamed-874-8081](this:0xb400007c11e8c658,id:8081,api:0,p:-1,c:-1) BufferQueue core=(874:/system/bin/surfaceflinger)
06-07 03:16:08.287   874   955 D DispPerfService: get hint proc=Surface(name=7b5d0e3 StatusBar), idx=0 none
06-07 03:16:08.287   874   955 D DispPerfService: get hint proc=Surface(name=669131f NavigationBar0), idx=0 none
06-07 03:16:08.293   874   955 I BufferQueueProducer: [com.example.dogglers/com.example.dogglers.GridListActivity#0](id:36a00001f91,api:1,p:5326,c:874) connect(): api=1 producerControlledByApp=false
06-07 03:16:08.296   874   874 D OppoExLayer: ~Layer() sequence=41363, name=Surface(name=7b5d0e3 StatusBar)/@0x39afcf6 - animation-leash#1@0xb400007bda1fb000
06-07 03:16:08.296   874   874 D OppoExLayer: ~Layer() sequence=41364, name=Surface(name=669131f NavigationBar0)/@0xe54d8f7 - animation-leash#1@0xb400007bd9e32000
06-07 03:16:08.371  2605  2621 W System  : A resource failed to call release.
06-07 03:16:08.373  2605  2621 I chatty  : uid=10074(com.oppo.launcher) FinalizerDaemon identical 3 lines
06-07 03:16:08.373  2605  2621 W System  : A resource failed to call release.
06-07 03:16:08.375   874   874 D OppoExLayer: ~Layer() sequence=41352, name=Surface(name=Task=2)/@0x70c721c - animation-leash#0@0xb400007bd9819000
06-07 03:16:08.375   874   874 D OppoExLayer: ~Layer() sequence=41316, name=Surface(name=Task=2)/@0x70c721c - animation-leash#0@0xb400007bd9e95000
06-07 03:16:08.375   874   874 D OppoExLayer: ~Layer() sequence=41317, name=Surface(name=Task=2900)/@0x13656cc - animation-leash#0@0xb400007bd9fc9000
06-07 03:16:08.375   874   874 D OppoExLayer: ~Layer() sequence=41353, name=Surface(name=Task=2901)/@0x1f2ef1d - animation-leash#0@0xb400007bf38eb000
06-07 03:16:08.375   874   874 D OppoExLayer: ~Layer() sequence=41354, name=Surface(name=WallpaperWindowToken{b5cc2ec token=android.os.Binder@38b319f})/@0x45af277 - animation-leash#0@0xb400007bf39cb000
06-07 03:16:08.383   874  1507 D DispPerfService: onframeavailable pid=5326, slot=4, seq=41366, name=com.example.dogglers:com.example.dogglers/com.example.dogglers.GridListActivity#0
06-07 03:16:08.387  1650  1687 D ArtManagerInternalImpl: /data/misc/iorapd/com.example.dogglers/1/com.example.dogglers.GridListActivity/compiled_traces/compiled_trace.pb doesn't exist
06-07 03:16:08.389  1650  1679 D View    : [Warning] assignParent to null: this = DecorView@1f2a633[dogglers]
06-07 03:16:08.390   874   955 I BufferQueueProducer: [Splash Screen com.example.dogglers#0](id:36a00001f90,api:2,p:1650,c:874) disconnect(): api=2
06-07 03:16:08.393   874  1504 D DispPerfService: get hint proc=Surface(name=e11fcc4 Splash Screen com.example.dogglers), idx=0 none
06-07 03:16:08.393  5326  5326 D RootViewPicker: Root not ready - waiting: 10ms for one to appear.
06-07 03:16:08.396  1195  1195 D AALLightSensor: oldLux=8 [SA:8 LA:6] newLux=8 (oriLux: 9)
06-07 03:16:08.397   838   855 I mtkpower@impl: [setMode] type:5, enabled:0
06-07 03:16:08.399   838   904 I libPowerHal: [perfLockRel] hdl:94326, idx:4
06-07 03:16:08.399   838   904 I libPowerHal: [PD] scn:4 hdl:94326 hint:11 comm:mtkpower@1.0-se pid:838
06-07 03:16:08.402  5326  5326 D LifecycleMonitor: Lifecycle status change: androidx.test.core.app.InstrumentationActivityInvoker$BootstrapActivity@772a9d in: STOPPED
06-07 03:16:08.402  5326  5326 V ActivityScenario: Activity lifecycle changed event received but ignored because the intent does not match. startActivityIntent=Intent { act=android.intent.action.MAIN cat=[android.intent.category.LAUNCHER] cmp=com.example.dogglers/.GridListActivity }, activity.getIntent()=Intent { act=android.intent.action.MAIN cat=[android.intent.category.LAUNCHER] flg=0x10008000 cmp=com.example.dogglers/androidx.test.core.app.InstrumentationActivityInvoker$BootstrapActivity (has extras) mCallingUid=10209 }, activity=androidx.test.core.app.InstrumentationActivityInvoker$BootstrapActivity@772a9d
06-07 03:16:08.403   838   854 I mtkpower@impl: [mtkPowerHint] hint:23, hold:0, ext:30, ext_hold:5
06-07 03:16:08.404   838   904 I libPowerHal: [perfLockRel] hdl:94320, idx:3
06-07 03:16:08.404   838   904 I libPowerHal: [PD] scn:3 hdl:94320 hint:22 comm:mtkpower@1.0-se pid:838
06-07 03:16:08.405   838   904 I libPowerHal: [perfLockRel] hdl:94327, idx:2
06-07 03:16:08.405   838   904 I libPowerHal: [PD] scn:2 hdl:94327 hint:23 comm:mtkpower@1.0-se pid:838
06-07 03:16:08.405   838   904 I libPowerHal: [PD] MTKPOWER_HINT_ACT_SWITCH update cmd:1000000, param:-1
06-07 03:16:08.405   838   904 I libPowerHal: [PD] MTKPOWER_HINT_ACT_SWITCH update cmd:1408300 param:0
06-07 03:16:08.406   838   904 I libPowerHal: [PD] MTKPOWER_HINT_ACT_SWITCH update cmd:1000000 param:-1
06-07 03:16:08.406   838   904 I libPowerHal: [perfLockAcq] idx:4 hdl:94330 hint:30 pid:838 duration:5 => ret_hdl:94330
06-07 03:16:08.406   838   904 I libPowerHal: [PE] scn:4 hdl:94330 hint:30 comm:mtkpower@1.0-se pid:838
06-07 03:16:08.406   838   904 I libPowerHal: [PE] MTKPOWER_HINT_EXT_LAUNCH update cmd:1000000, param:1
06-07 03:16:08.406   838   904 I libPowerHal: [PE] MTKPOWER_HINT_EXT_LAUNCH update cmd:2020000, param:15
06-07 03:16:08.406   838   904 I libPowerHal: [PE] MTKPOWER_HINT_EXT_LAUNCH update cmd:1408300, param:40
06-07 03:16:08.406   838   904 I libPowerHal: [PE] MTKPOWER_HINT_EXT_LAUNCH update cmd:1000000 param:1
06-07 03:16:08.409   874   874 D OppoExLayer: ~Layer() sequence=41369, name=Surface(name=e11fcc4 Splash Screen com.example.dogglers)/@0xfe3afc1 - animation-leash#0@0xb400007bf390e000
06-07 03:16:08.409   874   874 D OppoExLayer: ~Layer() sequence=41359, name=e11fcc4 Splash Screen com.example.dogglers#0@0xb400007bda148000
06-07 03:16:08.409   874   874 I BufferQueueConsumer: [Splash Screen com.example.dogglers#0](id:36a00001f90,api:0,p:-1,c:874) disconnect()
06-07 03:16:08.409   874   874 I BufferQueue: [Splash Screen com.example.dogglers#0](this:0xb400007bfe74ba58,id:8080,api:2,p:-1,c:-1) onDestructor()
06-07 03:16:08.409   874   874 D OppoExLayer: ~Layer() sequence=41361, name=Splash Screen com.example.dogglers#0@0xb400007bda187000
06-07 03:16:08.410  1650  4224 I InputDispatcher: Window went away: Window{e11fcc4 u0 Splash Screen com.example.dogglers}
06-07 03:16:08.412   838   904 I mtkpower@impl: [powerd_req] TIMER_MSG_PERF_LOCK_TIMEOUT hdl:94330
06-07 03:16:08.412   838   904 I libPowerHal: [perfLockRel] hdl:94330, idx:4
06-07 03:16:08.412   838   904 I libPowerHal: [PD] scn:4 hdl:94330 hint:30 comm:mtkpower@1.0-se pid:838
06-07 03:16:08.412   838   904 I libPowerHal: [PD] MTKPOWER_HINT_EXT_LAUNCH update cmd:1000000, param:-1
06-07 03:16:08.412   838   904 I libPowerHal: [PD] MTKPOWER_HINT_EXT_LAUNCH update cmd:2020000 param:1
06-07 03:16:08.412   838   904 I libPowerHal: [PD] MTKPOWER_HINT_EXT_LAUNCH update cmd:1408300 param:0
06-07 03:16:08.413   838   904 I libPowerHal: [PD] MTKPOWER_HINT_EXT_LAUNCH update cmd:1000000 param:-1
06-07 03:16:08.413  1650  1769 D InputMethodManagerService: isSecurity: attribute.packageName=com.example.dogglers
06-07 03:16:08.413  1650  1769 D InputMethodManagerService: isSecurity= false (  enable=false needShow=false inBlackList=false  isExist=true )
06-07 03:16:08.415  1650  1769 D OplusVerificationCodeController: notifyImeAttributeChanged: 64false
06-07 03:16:08.417   874  1507 D DispPerfService: get hint proc=Surface(name=613b6a7 InputMethod), idx=0 none
06-07 03:16:08.417  5326  5326 I ViewInteraction: Performing 'fast swipe' action on view view.getId() is <2131230933/com.example.dogglers:id/grid_recycler_view>
06-07 03:16:08.418  3894  3894 I GoogleInputMethodService: GoogleInputMethodService.onFinishInput():3204
06-07 03:16:08.419  3894  3894 I GoogleInputMethodService: GoogleInputMethodService.updateDeviceLockedStatus():2100 checkRepeatedly = false, unlocked = true
06-07 03:16:08.419  3894  3894 I GoogleInputMethodService: GoogleInputMethodService.onStartInput():1903 onStartInput(EditorInfo{inputType=0x0(NULL) imeOptions=0x0 privateImeOptions=null actionName=UNSPECIFIED actionLabel=null actionId=0 initialSelStart=-1 initialSelEnd=-1 initialCapsMode=0x0 hintText=null label=null packageName=com.example.dogglers fieldId=-1 fieldName=null extras=null}, false)
06-07 03:16:08.420   838   904 I libPowerHal: [perfLockAcq] idx:2 hdl:94331 hint:25 pid:838 duration:10000 => ret_hdl:94331
06-07 03:16:08.420   838   904 I libPowerHal: [PE] scn:2 hdl:94331 hint:25 comm:mtkpower@1.0-se pid:838
06-07 03:16:08.420  3894  3894 I GoogleInputMethodService: GoogleInputMethodService.updateDeviceLockedStatus():2100 checkRepeatedly = true, unlocked = true
06-07 03:16:08.420  5326  5326 D ViewRootImpl[GridListActivity]: processMotionEvent MotionEvent { action=ACTION_DOWN, actionButton=0, id[0]=0, x[0]=539.5, y[0]=2118.51, toolType[0]=TOOL_TYPE_UNKNOWN, buttonState=BUTTON_PRIMARY, classification=NONE, metaState=0, flags=0x2, edgeFlags=0x0, pointerCount=1, historySize=0, eventTime=129444946, downTime=129444946, deviceId=-1, source=0x1002, displayId=0 }
06-07 03:16:08.421   838   904 I libPowerHal: [PE] MTKPOWER_HINT_APP_TOUCH update cmd:3408600 param:1
06-07 03:16:08.422  1650  1769 D OppoDisplayPolicy: com.android.systemui, change system app cutoutMode: color always
06-07 03:16:08.424  5326  5326 D ViewRootImpl[GridListActivity]: dispatchPointerEvent handled=true, event=MotionEvent { action=ACTION_DOWN, actionButton=0, id[0]=0, x[0]=539.5, y[0]=2118.51, toolType[0]=TOOL_TYPE_UNKNOWN, buttonState=BUTTON_PRIMARY, classification=NONE, metaState=0, flags=0x2, edgeFlags=0x0, pointerCount=1, historySize=0, eventTime=129444946, downTime=129444946, deviceId=-1, source=0x1002, displayId=0 }
06-07 03:16:08.426  3894  3894 V PhoneWindow: DecorView setVisiblity: visibility = 8, Parent = android.view.ViewRootImpl@fc11c41, this = DecorView@71b05e6[InputMethod]
06-07 03:16:08.432   874   874 D OppoExLayer: ~Layer() sequence=41356, name=Surface(name=613b6a7 InputMethod)/@0x18076fd - animation-leash#1@0xb400007bf39f3000
06-07 03:16:08.435  1650  4224 D OppoDisplayPolicy: com.android.systemui, change system app cutoutMode: color always
06-07 03:16:08.547   819   884 I hwcomposer: [HWCDisplay] [Display_0 (type:1)] fps:88.169823,dur:1009.42,max:17.03,min:5.69
06-07 03:16:08.584   838   904 I libPowerHal: [perfLockRel] hdl:94331, idx:2
06-07 03:16:08.584   838   904 I libPowerHal: [PD] scn:2 hdl:94331 hint:25 comm:mtkpower@1.0-se pid:838
06-07 03:16:09.255  1151  1151 W Binder:1151_3: type=1400 audit(0.0:576419): avc: denied { search } for name="1650" dev="proc" ino=25387508 scontext=u:r:atlasservice:s0 tcontext=u:r:system_server:s0 tclass=dir permissive=0
06-07 03:16:08.584   838   904 I libPowerHal: [PD] MTKPOWER_HINT_APP_TOUCH update cmd:3408600 param:0
06-07 03:16:08.585  5326  5326 D ViewRootImpl[GridListActivity]: processMotionEvent MotionEvent { action=ACTION_UP, actionButton=0, id[0]=0, x[0]=539.5, y[0]=258.0, toolType[0]=TOOL_TYPE_UNKNOWN, buttonState=0, classification=NONE, metaState=0, flags=0x2, edgeFlags=0x0, pointerCount=1, historySize=0, eventTime=129445111, downTime=129444946, deviceId=-1, source=0x1002, displayId=0 }
06-07 03:16:08.587  1650  1918 I mtkpower_client: perf_lock_rel, hdl:94329, tid:1918
06-07 03:16:08.587  1650  1918 I mtkpower_client: perf_lock_acq, hdl:94329, dur:0, num:6, tid:1918
06-07 03:16:08.587   838   904 I libPowerHal: [perfLockRel] hdl:94329, idx:1
06-07 03:16:08.587   838   904 I libPowerHal: [PD] scn:1 hdl:94329 lock_user:system_server pid:1650 tid:1918 dur:0
06-07 03:16:08.587   838   904 I libPowerHal: system_server: cpu_ctrl set cpu freq: -1 -1 -1 -1
06-07 03:16:08.587   838   904 I libPowerHal: [PD] system_server update cmd:1410000 param:0
06-07 03:16:08.587  5326  5326 D ViewRootImpl[GridListActivity]: dispatchPointerEvent handled=true, event=MotionEvent { action=ACTION_UP, actionButton=0, id[0]=0, x[0]=539.5, y[0]=258.0, toolType[0]=TOOL_TYPE_UNKNOWN, buttonState=0, classification=NONE, metaState=0, flags=0x2, edgeFlags=0x0, pointerCount=1, historySize=0, eventTime=129445111, downTime=129444946, deviceId=-1, source=0x1002, displayId=0 }
06-07 03:16:08.588   838   904 I libPowerHal: [perfLockAcq] idx:1 hdl:94332 hint:-1 pid:1650 duration:0 => ret_hdl:94332
06-07 03:16:08.588  1650  1918 I mtkpower_client: ret_hdl:94332
06-07 03:16:08.588   838   904 I libPowerHal: [PE] scn:1 hdl:94332 lock_user:system_server pid:1650 tid:1918 dur:0
06-07 03:16:08.588   838   904 I libPowerHal: system_server: cpu_ctrl set cpu freq: 1375000 -1 1169000 -1
06-07 03:16:08.592  1174  1305 D ULogGuard: Monitoring: 10 threads, 0 requests, 0 time-bombs; 1 guards. ResetFlags = 0x7
06-07 03:16:08.658  5326  5326 I ViewInteraction: Checking 'MatchesViewAssertion{viewMatcher=(view has effective visibility <VISIBLE> and view.getGlobalVisibleRect() to return non-empty rectangle)}' assertion on view an instance of android.widget.TextView and view.getText() with or without transformation to match: is "Bella"
06-07 03:16:08.665  5326  5356 E Parcel  : Reading a NULL string not supported here.
06-07 03:16:08.667  1650  1918 I mtkpower_client: perf_lock_rel, hdl:94332, tid:1918
06-07 03:16:08.667  1650  1918 I mtkpower_client: perf_lock_acq, hdl:94332, dur:0, num:6, tid:1918
06-07 03:16:08.668   874  1507 D DispPerfService: get hint proc=ActivityRecord{3533df3 u0 com.example.dogglers, idx=0 none
06-07 03:16:08.668   838   904 I libPowerHal: [perfLockRel] hdl:94332, idx:1
06-07 03:16:08.668   838   904 I libPowerHal: [PD] scn:1 hdl:94332 lock_user:system_server pid:1650 tid:1918 dur:0
06-07 03:16:08.668   838   904 I libPowerHal: system_server: cpu_ctrl set cpu freq: -1 -1 -1 -1
06-07 03:16:08.669   838   904 I libPowerHal: [perfLockAcq] idx:1 hdl:94333 hint:-1 pid:1650 duration:0 => ret_hdl:94333
06-07 03:16:08.669   838   904 I libPowerHal: [PE] scn:1 hdl:94333 lock_user:system_server pid:1650 tid:1918 dur:0
06-07 03:16:08.669   838   855 I mtkpower@impl: [setMode] type:5, enabled:1
06-07 03:16:08.670   838   904 I libPowerHal: system_server: cpu_ctrl set cpu freq: 1375000 -1 1169000 -1
06-07 03:16:08.670   838   904 I libPowerHal: [perfLockAcq] idx:2 hdl:94334 hint:11 pid:838 duration:30000 => ret_hdl:94334
06-07 03:16:08.670   838   904 I libPowerHal: [PE] scn:2 hdl:94334 hint:11 comm:mtkpower@1.0-se pid:838
06-07 03:16:08.670   838   904 I libPowerHal: LAUNCH: cpu_ctrl set cpu freq: 2000000 -1 2050000 -1
06-07 03:16:08.670   838   904 I libPowerHal: [PE] LAUNCH update cmd:1000000, param:0
06-07 03:16:08.672  1650  2568 W OplusLocationManagerService: NavigateMode doesn't match LocationMode
06-07 03:16:08.672  1650  2568 I ColorHansManager : stateRToFFreeze--imporant case: pkgName: com.ss.android.ugc.trill, reason: lastResumeProtect
06-07 03:16:08.674  5326  5326 D LifecycleMonitor: Lifecycle status change: com.example.dogglers.GridListActivity@5531f0c in: PAUSED
06-07 03:16:08.674  5326  5326 V ActivityScenario: Update currentActivityStage to PAUSED, currentActivity=com.example.dogglers.GridListActivity@5531f0c
06-07 03:16:08.675   838   904 I libPowerHal: [PE] LAUNCH update cmd:1408300, param:100
06-07 03:16:08.675   838   904 I libPowerHal: [PE] LAUNCH update cmd:1000000 param:0
06-07 03:16:08.676   838   904 I libPowerHal: [perfLockRel] hdl:94330, idx:-1
06-07 03:16:08.676   838   904 I libPowerHal: [perfLockAcq] idx:3 hdl:94335 hint:23 pid:838 duration:10000 => ret_hdl:94335
06-07 03:16:08.676   838   904 I libPowerHal: [PE] scn:3 hdl:94335 hint:23 comm:mtkpower@1.0-se pid:838
06-07 03:16:08.678   838   854 I mtkpower@impl: [notifyAppState] act com.example.dogglers.GridListActivity => androidx.test.core.app.InstrumentationActivityInvoker$EmptyActivity
06-07 03:16:08.684  5326  5508 E libEGL  : Invalid file path for libcolorx-loader.so
06-07 03:16:08.685   838   904 I libPowerHal: [perfLockRel] hdl:94333, idx:1
06-07 03:16:08.685   838   904 I libPowerHal: [PD] scn:1 hdl:94333 lock_user:system_server pid:1650 tid:1918 dur:0
06-07 03:16:08.685   838   904 I libPowerHal: [perfLockAcq] idx:1 hdl:94336 hint:-1 pid:1650 duration:0 => ret_hdl:94336
06-07 03:16:08.685   838   904 I libPowerHal: [PE] scn:1 hdl:94336 lock_user:system_server pid:1650 tid:1918 dur:0
06-07 03:16:08.687  5326  5326 D LifecycleMonitor: Lifecycle status change: androidx.test.core.app.InstrumentationActivityInvoker$EmptyActivity@e9f388e in: PRE_ON_CREATE
06-07 03:16:08.687  5326  5326 V ActivityScenario: Activity lifecycle changed event received but ignored because the intent does not match. startActivityIntent=Intent { act=android.intent.action.MAIN cat=[android.intent.category.LAUNCHER] cmp=com.example.dogglers/.GridListActivity }, activity.getIntent()=Intent { act=android.intent.action.MAIN cat=[android.intent.category.LAUNCHER] flg=0x10000000 cmp=com.example.dogglers/androidx.test.core.app.InstrumentationActivityInvoker$EmptyActivity mCallingUid=10209 }, activity=androidx.test.core.app.InstrumentationActivityInvoker$EmptyActivity@e9f388e
06-07 03:16:08.698  5326  5326 D LifecycleMonitor: Lifecycle status change: androidx.test.core.app.InstrumentationActivityInvoker$EmptyActivity@e9f388e in: CREATED
06-07 03:16:08.698  5326  5326 V ActivityScenario: Activity lifecycle changed event received but ignored because the intent does not match. startActivityIntent=Intent { act=android.intent.action.MAIN cat=[android.intent.category.LAUNCHER] cmp=com.example.dogglers/.GridListActivity }, activity.getIntent()=Intent { act=android.intent.action.MAIN cat=[android.intent.category.LAUNCHER] flg=0x10000000 cmp=com.example.dogglers/androidx.test.core.app.InstrumentationActivityInvoker$EmptyActivity mCallingUid=10209 }, activity=androidx.test.core.app.InstrumentationActivityInvoker$EmptyActivity@e9f388e
06-07 03:16:08.700  5326  5326 D LifecycleMonitor: Lifecycle status change: androidx.test.core.app.InstrumentationActivityInvoker$EmptyActivity@e9f388e in: STARTED
06-07 03:16:08.700  5326  5326 V ActivityScenario: Activity lifecycle changed event received but ignored because the intent does not match. startActivityIntent=Intent { act=android.intent.action.MAIN cat=[android.intent.category.LAUNCHER] cmp=com.example.dogglers/.GridListActivity }, activity.getIntent()=Intent { act=android.intent.action.MAIN cat=[android.intent.category.LAUNCHER] flg=0x10000000 cmp=com.example.dogglers/androidx.test.core.app.InstrumentationActivityInvoker$EmptyActivity mCallingUid=10209 }, activity=androidx.test.core.app.InstrumentationActivityInvoker$EmptyActivity@e9f388e
06-07 03:16:08.702   838   854 I mtkpower@impl: [check_work_req] i:0, msg:1 hdl:94336, wait
06-07 03:16:08.703   838   904 I libPowerHal: [perfLockRel] hdl:94336, idx:1
06-07 03:16:08.703   838   904 I libPowerHal: [PD] scn:1 hdl:94336 lock_user:system_server pid:1650 tid:1918 dur:0
06-07 03:16:08.703  5326  5326 D LifecycleMonitor: Lifecycle status change: androidx.test.core.app.InstrumentationActivityInvoker$EmptyActivity@e9f388e in: RESUMED
06-07 03:16:08.703  5326  5326 V ActivityScenario: Activity lifecycle changed event received but ignored because the intent does not match. startActivityIntent=Intent { act=android.intent.action.MAIN cat=[android.intent.category.LAUNCHER] cmp=com.example.dogglers/.GridListActivity }, activity.getIntent()=Intent { act=android.intent.action.MAIN cat=[android.intent.category.LAUNCHER] flg=0x10000000 cmp=com.example.dogglers/androidx.test.core.app.InstrumentationActivityInvoker$EmptyActivity mCallingUid=10209 }, activity=androidx.test.core.app.InstrumentationActivityInvoker$EmptyActivity@e9f388e
06-07 03:16:08.704  5326  5326 V PhoneWindow: DecorView setVisiblity: visibility = 4, Parent = null, this = DecorView@8756c45[]
06-07 03:16:08.704   874  1507 I SurfaceFlinger: [SF client] NEW(0xb400007bf3b3d240) for (5326:com.example.dogglers)
06-07 03:16:08.705   838   904 I libPowerHal: [perfLockAcq] idx:1 hdl:94337 hint:-1 pid:1650 duration:0 => ret_hdl:94337
06-07 03:16:08.705   838   904 I libPowerHal: [PE] scn:1 hdl:94337 lock_user:system_server pid:1650 tid:1918 dur:0
06-07 03:16:08.718  1650  4990 D OppoDisplayPolicy: com.example.dogglers, no change cutoutMode: 0
06-07 03:16:08.722   874  1507 D DispPerfService: get hint proc=com.example.dogglers, idx=0 none
06-07 03:16:08.722   874  1507 I BufferQueueConsumer: [](id:36a00001f92,api:0,p:-1,c:874) connect(): controlledByApp=false
06-07 03:16:08.722   874  1507 I BufferQueue: [unnamed-874-8082](this:0xb400007c946c0c58,id:8082,api:0,p:-1,c:-1) BufferQueue core=(874:/system/bin/surfaceflinger)
06-07 03:16:08.725   874  1507 D DispPerfService: get hint proc=Surface(name=7b5d0e3 StatusBar), idx=0 none
06-07 03:16:08.726   874  1507 D DispPerfService: get hint proc=Surface(name=669131f NavigationBar0), idx=0 none
06-07 03:16:08.727   874   874 D OppoExLayer: ~Layer() sequence=41362, name=Surface(name=Task=2)/@0x70c721c - animation-leash#0@0xb400007bda1de000
06-07 03:16:08.728  1650  4990 D Theia.NoFocusWindow: FocusWindowErrorScene cancelCheckFreezeScreen
06-07 03:16:08.732   874  3098 I BufferQueueProducer: [com.oppo.launcher/com.oppo.launcher.Launcher#0](id:36a00001f8f,api:1,p:2605,c:874) disconnect(): api=1
06-07 03:16:08.732   874  1507 I BufferQueueProducer: [com.example.dogglers/androidx.test.core.app.InstrumentationActivityInvoker$EmptyActivity#0](id:36a00001f92,api:1,p:5326,c:874) connect(): api=1 producerControlledByApp=false
06-07 03:16:08.739  1650  4990 I InputDispatcher: Window went away: com.example.dogglers/androidx.test.core.app.InstrumentationActivityInvoker$EmptyActivity#0
06-07 03:16:08.746   874  1507 D DispPerfService: onframeavailable pid=5326, slot=0, seq=41373, name=com.example.dogglers:com.example.dogglers/androidx.test.core.app.InstrumentationActivityInvoker$EmptyActivity#0
06-07 03:16:09.511  5518  5518 W cat     : type=1400 audit(0.0:576420): avc: denied { search } for name="thermal" dev="sysfs" ino=32857 scontext=u:r:untrusted_app:s0:c236,c256,c512,c768 tcontext=u:object_r:sysfs_therm:s0 tclass=dir permissive=0 app=com.appsinnova.android.keepclean
06-07 03:16:09.515  5517  5517 W cat     : type=1400 audit(0.0:576421): avc: denied { search } for name="thermal" dev="sysfs" ino=32857 scontext=u:r:untrusted_app:s0:c236,c256,c512,c768 tcontext=u:object_r:sysfs_therm:s0 tclass=dir permissive=0
06-07 03:16:08.755  1650  1687 I ActivityTaskManager: Displayed com.example.dogglers/androidx.test.core.app.InstrumentationActivityInvoker$EmptyActivity: +87ms
06-07 03:16:08.756  3894  3894 V PhoneWindow: DecorView setVisiblity: visibility = 8, Parent = android.view.ViewRootImpl@fc11c41, this = DecorView@71b05e6[InputMethod]
06-07 03:16:08.761   874   874 D OppoExLayer: ~Layer() sequence=41367, name=Surface(name=7b5d0e3 StatusBar)/@0x39afcf6 - animation-leash#0@0xb400007bd9e41000
06-07 03:16:08.761   874   874 D OppoExLayer: ~Layer() sequence=41368, name=Surface(name=669131f NavigationBar0)/@0xe54d8f7 - animation-leash#0@0xb400007bd9e7a000
06-07 03:16:08.762   874   874 D DispPerfService: Skip Bind Core, mCoreForSFBind:0
06-07 03:16:08.762  1650  1769 I InputDispatcher: Focus entered window: Window{f4c3299 u0 com.example.dogglers/androidx.test.core.app.InstrumentationActivityInvoker$EmptyActivity} in display 0
06-07 03:16:08.764   874   951 I BufferQueueProducer: [com.example.dogglers/com.example.dogglers.GridListActivity#0](id:36a00001f91,api:1,p:5326,c:874) disconnect(): api=1
06-07 03:16:08.767  5326  5356 E Parcel  : Reading a NULL string not supported here.
06-07 03:16:08.771   874  1504 I BufferQueueProducer: [NavigationBar0#0](this:0xb400007c946c5258,id:5,api:1,p:2080,c:874) queueBuffer: fps=14.50 dur=1241.26 max=465.81 min=9.86
06-07 03:16:08.773  1650  1918 I mtkpower_client: perf_lock_rel, hdl:94337, tid:1918
06-07 03:16:08.773  1650  1918 I mtkpower_client: perf_lock_acq, hdl:94337, dur:0, num:6, tid:1918
06-07 03:16:08.774   838   904 I libPowerHal: [perfLockRel] hdl:94337, idx:1
06-07 03:16:08.774   838   904 I libPowerHal: [PD] scn:1 hdl:94337 lock_user:system_server pid:1650 tid:1918 dur:0
06-07 03:16:08.775  5326  5326 D LifecycleMonitor: Lifecycle status change: com.example.dogglers.GridListActivity@5531f0c in: STOPPED
06-07 03:16:08.775   838   904 I libPowerHal: [perfLockAcq] idx:1 hdl:94338 hint:-1 pid:1650 duration:0 => ret_hdl:94338
06-07 03:16:08.775   838   904 I libPowerHal: [PE] scn:1 hdl:94338 lock_user:system_server pid:1650 tid:1918 dur:0
06-07 03:16:08.775  5326  5326 V ActivityScenario: Update currentActivityStage to STOPPED, currentActivity=com.example.dogglers.GridListActivity@5531f0c
06-07 03:16:08.775  1650  1918 I mtkpower_client: ret_hdl:94338
06-07 03:16:08.776   874  1504 D DispPerfService: get hint proc=ActivityRecord{418982f u0 com.example.dogglers, idx=0 none
06-07 03:16:08.776  5326  5326 V PhoneWindow: DecorView setVisiblity: visibility = 4, Parent = android.view.ViewRootImpl@e110340, this = DecorView@6c23b7d[GridListActivity]
06-07 03:16:08.776  3894  3894 V PhoneWindow: DecorView setVisiblity: visibility = 8, Parent = android.view.ViewRootImpl@fc11c41, this = DecorView@71b05e6[InputMethod]
06-07 03:16:08.777  5326  5326 D LifecycleMonitor: Lifecycle status change: com.example.dogglers.GridListActivity@5531f0c in: DESTROYED
