06-07 03:16:09.792 28463 28570 I cr.sandbox.gpu: GpuMainThread heartbeat, interval/index: 30/45
06-07 03:16:09.793   838   904 I libPowerHal: [perfLockRel] hdl:94371, idx:1
06-07 03:16:09.793   838   904 I libPowerHal: [PD] scn:1 hdl:94371 lock_user:system_server pid:1650 tid:1918 dur:0
06-07 03:16:09.793  5326  5326 I MonitoringInstr: Activities that are still in CREATED to STOPPED: 2
06-07 03:16:09.794  5326  5356 I MonitoringInstr: Unstopped activity count: 2
06-07 03:16:09.794  1650  1918 I mtkpower_client: ret_hdl:94372
06-07 03:16:09.794  1650  2567 I ColorHansManager : freeze uid: 10186 package: com.google.android.apps.docs reason: fastfreezer|10074 scene: FastFreezerScene
06-07 03:16:09.795  1650  2567 I ColorHansManager : freeze uid: 10200 package: com.snapchat.android reason: fastfreezer|10074 scene: FastFreezerScene
06-07 03:16:09.795  1650  2567 I ColorHansManager : freeze uid: 10341 package: com.google.android.apps.classroom reason: fastfreezer|10074 scene: FastFreezerScene
06-07 03:16:09.797   838   904 I libPowerHal: [perfLockAcq] idx:1 hdl:94372 hint:-1 pid:1650 duration:0 => ret_hdl:94372
06-07 03:16:09.797   838   904 I libPowerHal: [PE] scn:1 hdl:94372 lock_user:system_server pid:1650 tid:1918 dur:0
06-07 03:16:09.798  2605  2605 V PhoneWindow: DecorView setVisiblity: visibility = 0, Parent = android.view.ViewRootImpl@e89527c, this = DecorView@844cf49[Launcher]
06-07 03:16:09.798  1650  1661 W System  : A resource failed to call release.
06-07 03:16:09.799  1650  1661 I chatty  : uid=1000(system) FinalizerDaemon identical 4 lines
06-07 03:16:09.800  1650  1661 W System  : A resource failed to call release.
06-07 03:16:09.801  1650  2567 W System.err: java.io.FileNotFoundException: /acct/uid_10214/pid_10758/cgroup.procs: open failed: EACCES (Permission denied)
06-07 03:16:09.801  1650  2567 W System.err: 	at libcore.io.IoBridge.open(IoBridge.java:492)
06-07 03:16:09.801  1650  2567 W System.err: 	at java.io.FileInputStream.<init>(FileInputStream.java:160)
06-07 03:16:09.801  1650  2567 W System.err: 	at java.io.FileInputStream.<init>(FileInputStream.java:115)
06-07 03:16:09.801  1650  2567 W System.err: 	at java.io.FileReader.<init>(FileReader.java:58)
06-07 03:16:09.801  1650  2567 W System.err: 	at com.android.server.am.HansSceneBase.getRunningPidsByUid(ColorHansManager.java:4329)
06-07 03:16:09.801  1650  2567 W System.err: 	at com.android.server.am.HansSceneBase.writeDevFile(ColorHansManager.java:4256)
06-07 03:16:09.801  1650  2567 W System.err: 	at com.android.server.am.HansSceneBase.sendHansSignal(ColorHansManager.java:4230)
06-07 03:16:09.801  1650  2567 W System.err: 	at com.android.server.am.HansSceneBase.freeze(ColorHansManager.java:4763)
06-07 03:16:09.801  1650  2567 W System.err: 	at com.android.server.am.HansFastFreezerScene.hansFreeze(ColorHansManager.java:6395)
06-07 03:16:09.818  2605  2605 E Launcher.ColorBubbleTextView: mForceHideDot is false
06-07 03:16:09.818  2605  2605 I chatty  : uid=10074(com.oppo.launcher) identical 2 lines
06-07 03:16:09.818  2605  2605 E Launcher.ColorBubbleTextView: mForceHideDot is false
06-07 03:16:09.844  5326  5356 I MonitoringInstr: Unstopped activity count: 2
06-07 03:16:09.907   874   874 D OppoExLayer: ~Layer() sequence=41417, name=Surface(name=613b6a7 InputMethod)/@0x18076fd - animation-leash#1@0xb400007bd9822000
06-07 03:16:09.907  2605  2605 D ColorLauncherAppTransitionManagerImpl: getClosingWindowAnimators: transPoint PointF(719.43286, 869.5897), currentWindowRect = [719.43286,869.5897][1007.3967,1388.5039]
06-07 03:16:09.911  3894  3894 V PhoneWindow: DecorView setVisiblity: visibility = 8, Parent = android.view.ViewRootImpl@fc11c41, this = DecorView@71b05e6[InputMethod]
06-07 03:16:09.914 20772 20772 I Finsky  : [2] rsq.onStartJob(4): SCH: job service start with id 9010.
06-07 03:16:09.919  2605  2605 D ColorLauncherAppTransitionManagerImpl: getClosingWindowAnimators: transPoint PointF(768.57806, 928.99243), currentWindowRect = [768.57806,928.99243][1002.4371,1319.4075]
06-07 03:16:09.920  1650  4164 D OppoDisplayPolicy: com.android.systemui, change system app cutoutMode: color always
06-07 03:16:09.930  2605  2605 D ColorLauncherAppTransitionManagerImpl: getClosingWindowAnimators: transPoint PointF(803.65454, 971.3898), currentWindowRect = [803.65454,971.3898][998.8972,1270.0912]
06-07 03:16:09.934  2605  2621 W System  : A resource failed to call release.
06-07 03:16:09.936 20772  5024 I Finsky  : [16024] rrf.a(77): SCH: Satisfied jobs for 9010 are: 12-1
06-07 03:16:09.937 20772  5523 I Finsky  : [16030] rhr.accept(21): SCH: Job 12-1 starting
06-07 03:16:09.938 20772 20772 I Finsky  : [2] ContentSyncJob.v(3): [ContentSync] job started
06-07 03:16:09.941  2605  2605 D ColorLauncherAppTransitionManagerImpl: getClosingWindowAnimators: transPoint PointF(830.3823, 1003.69604), currentWindowRect = [830.3823,1003.69604][996.19995,1232.513]
06-07 03:16:09.944  5326  5356 I MonitoringInstr: Unstopped activity count: 2
06-07 03:16:09.953  2605  2605 D ColorLauncherAppTransitionManagerImpl: getClosingWindowAnimators: transPoint PointF(847.9463, 1024.926), currentWindowRect = [847.9463,1024.926][994.4275,1207.8186]
06-07 03:16:09.964  2605  2605 D ColorLauncherAppTransitionManagerImpl: getClosingWindowAnimators: transPoint PointF(859.5105, 1038.9036), currentWindowRect = [859.5105,1038.9036][993.2604,1191.5598]
06-07 03:16:09.965  2605  2605 E Launcher.ColorBubbleTextView: mForceHideDot is false
06-07 03:16:09.975  2605  2605 D ColorLauncherAppTransitionManagerImpl: getClosingWindowAnimators: transPoint PointF(867.3237, 1048.3477), currentWindowRect = [867.3237,1048.3477][992.4719,1180.5747]
06-07 03:16:09.976  2605  2605 E Launcher.ColorBubbleTextView: mForceHideDot is false
06-07 03:16:09.987  2605  2605 D ColorLauncherAppTransitionManagerImpl: getClosingWindowAnimators: transPoint PointF(870.92114, 1052.696), currentWindowRect = [870.92114,1052.696][992.1089,1175.5168]
06-07 03:16:09.995  5326  5356 I MonitoringInstr: Unstopped activity count: 2
06-07 03:16:09.998  2605  2605 D ColorLauncherAppTransitionManagerImpl: getClosingWindowAnimators: transPoint PointF(872.0, 1054.0), currentWindowRect = [872.0,1054.0][992.0,1174.0]
06-07 03:16:10.001  1650  2567 I ColorHansManager : unfreeze uid: 10115 package: com.nearme.gamecenter reason: F-direct scene: FastFreezerScene
06-07 03:16:10.002  1650  2567 I ColorHansManager : unfreeze uid: 10124 package: com.realme.link reason: F-direct scene: FastFreezerScene
06-07 03:16:10.002  1650  2567 I ColorHansManager : unfreeze uid: 10200 package: com.snapchat.android reason: F-direct scene: FastFreezerScene
06-07 03:16:10.002  1650  2567 I ColorHansManager : unfreeze uid: 10225 package: com.instagram.android reason: F-direct scene: FastFreezerScene
06-07 03:16:10.007 20772  5525 I Finsky  : [16032] fpt.i(1): Completed 0 account content syncs with 0 successful.
06-07 03:16:10.007 20772 20772 I Finsky  : [2] ContentSyncJob.a(1): [ContentSync] Installation state replication succeeded.
06-07 03:16:10.007 20772 20772 I Finsky  : [2] rra.r(4): SCH: jobFinished: 12-1. TimeElapsed: 71ms.
06-07 03:16:10.009   874   874 D OppoExLayer: ~Layer() sequence=41423, name=Surface(name=WallpaperWindowToken{b5cc2ec token=android.os.Binder@38b319f})/@0x45af277 - animation-leash#0@0xb400007bf399c000
06-07 03:16:10.009   874   874 E Layer   : [Surface(name=Task=2)/@0x70c721c - animation-leash#0] No local sync point found
06-07 03:16:10.009   874   874 E Layer   : [Surface(name=Task=2903)/@0x4be1679 - animation-leash#0] No local sync point found
06-07 03:16:10.014   874   874 D DispPerfService: Skip Bind Core, mCoreForSFBind:0
06-07 03:16:10.015   874  1504 I BufferQueueProducer: [com.example.dogglers/androidx.test.core.app.InstrumentationActivityInvoker$EmptyActivity#1](id:36a00001f98,api:1,p:5326,c:874) disconnect(): api=1
06-07 03:16:10.026  5326  5326 D LifecycleMonitor: Lifecycle status change: androidx.test.core.app.InstrumentationActivityInvoker$EmptyActivity@c60d4a0 in: STOPPED
06-07 03:16:10.027  5326  5326 V PhoneWindow: DecorView setVisiblity: visibility = 4, Parent = android.view.ViewRootImpl@e104c2a, this = DecorView@5bffcff[InstrumentationActivityInvoker$EmptyActivity]
06-07 03:16:10.029  5326  5326 D LifecycleMonitor: Lifecycle status change: androidx.test.core.app.InstrumentationActivityInvoker$EmptyActivity@c60d4a0 in: DESTROYED
06-07 03:16:10.043   874   874 I BufferQueueConsumer: [com.example.dogglers/androidx.test.core.app.InstrumentationActivityInvoker$EmptyActivity#1](id:36a00001f98,api:0,p:-1,c:874) disconnect()
06-07 03:16:10.043   874   874 I BufferQueue: [com.example.dogglers/androidx.test.core.app.InstrumentationActivityInvoker$EmptyActivity#1](this:0xb400007bf391e258,id:8088,api:1,p:-1,c:-1) onDestructor()
06-07 03:16:10.065   874   874 D OppoExLayer: ~Layer() sequence=41392, name=Task=2903#0@0xb400007bf3931000
06-07 03:16:10.067 20772  5523 I Finsky  : [16030] rsq.a(16): SCH: job service finished with id 9010.
06-07 03:16:10.068  5326  5356 E Parcel  : Reading a NULL string not supported here.
06-07 03:16:10.072   874  3098 D DispPerfService: get hint proc=ActivityRecord{80c0606 u0 com.example.dogglers, idx=0 none
06-07 03:16:10.078  1650  4164 V SensorManager: setScreenShotDisableImpl
06-07 03:16:10.086   838   904 I libPowerHal: [PD] com.oppo.launcher update cmd:1410000 param:0
06-07 03:16:10.086   838   904 I libPowerHal: [PD] com.oppo.launcher update cmd:3408000, param:2
06-07 03:16:10.087 21977 22042 I [0]DCS-BackgroundAppData: sendAppBgEvent: has no pkgName=com.example.dogglers
06-07 03:16:10.087   838   904 I libPowerHal: [PD] (less) /proc/perfmgr/tchbst/user/usrtch set +prefix:touch_opp 2;
06-07 03:16:10.087   838   904 I libPowerHal: [PD] com.oppo.launcher update cmd:3408100 param:100000000
06-07 03:16:10.087   838   904 I libPowerHal: [PD] (more) /proc/perfmgr/tchbst/user/usrtch set +prefix:duration 100000000;
06-07 03:16:10.087   838   904 I libPowerHal: [PD] com.oppo.launcher update cmd:3408200 param:100000
06-07 03:16:10.087   838   904 I libPowerHal: [PD] (more) /proc/perfmgr/tchbst/user/usrtch set +prefix:active_time 100000;
06-07 03:16:10.088   838   854 I mtkpower@impl: [notifyAppState] pc:0, com.oppo.launcher => com.example.dogglers
06-07 03:16:10.088   838   854 I mtkpower@impl: [check_work_req] i:0, msg:1 hdl:94377, wait
06-07 03:16:10.088   838   904 I libPowerHal: [perfLockRel] hdl:94377, idx:1
06-07 03:16:10.088   838   904 I libPowerHal: [PD] scn:1 hdl:94377 lock_user:system_server pid:1650 tid:1918 dur:0
06-07 03:16:10.090  1650  1918 I mtkpower_client: ret_hdl:94378
06-07 03:16:10.102  1650  2567 I ColorHansManager : freeze uid: 10200 package: com.snapchat.android reason: fastfreezer|10209 scene: FastFreezerScene
06-07 03:16:10.103  1650  2567 I ColorHansManager : freeze uid: 10341 package: com.google.android.apps.classroom reason: fastfreezer|10209 scene: FastFreezerScene
06-07 03:16:10.103   874   951 D DispPerfService: get hint proc=, idx=0 none
06-07 03:16:10.105  1650  1679 E libEGL  : Invalid file path for libcolorx-loader.so
06-07 03:16:10.106  1650  1679 I chatty  : uid=1000(system) android.anim identical 4 lines
06-07 03:16:10.106  1650  1679 E libEGL  : Invalid file path for libcolorx-loader.so
06-07 03:16:10.108   874   874 D DispPerfService: Skip Bind Core, mCoreForSFBind:0
06-07 03:16:10.108  5326  5326 D LifecycleMonitor: Lifecycle status change: androidx.test.core.app.InstrumentationActivityInvoker$BootstrapActivity@bf37764 in: CREATED
06-07 03:16:10.108  5326  5326 V ActivityScenario: Activity lifecycle changed event received but ignored because the intent does not match. startActivityIntent=Intent { act=android.intent.action.MAIN cat=[android.intent.category.LAUNCHER] cmp=com.example.dogglers/.GridListActivity }, activity.getIntent()=Intent { act=android.intent.action.MAIN cat=[android.intent.category.LAUNCHER] flg=0x10008000 cmp=com.example.dogglers/androidx.test.core.app.InstrumentationActivityInvoker$BootstrapActivity (has extras) mCallingUid=10209 }, activity=androidx.test.core.app.InstrumentationActivityInvoker$BootstrapActivity@bf37764
06-07 03:16:10.111  2850  3782 W OppoGuardElf: ThermalControllHandler: tempLevel=4,userMode=2,gameUserMode=-1,appType=-1,envTempType=0,appStates=[]
06-07 03:16:10.112  1650  1769 I InputDispatcher: Focus left window: Window{eceb7d u0 com.oppo.launcher/com.oppo.launcher.Launcher} in display 0
06-07 03:16:10.112  1650  1769 I InputDispatcher: Window went away: Window{eceb7d u0 com.oppo.launcher/com.oppo.launcher.Launcher}
06-07 03:16:10.113  1650  1679 D OppoDisplayPolicy: com.example.dogglers, no change cutoutMode: 0
06-07 03:16:10.113  2605  2605 E Launcher.ColorBubbleTextView: mForceHideDot is false
06-07 03:16:10.113  1650  2567 I ColorHansManager : freeze uid: 10214 package: com.lenovo.anyshare.gps reason: fastfreezer|10209 scene: FastFreezerScene
06-07 03:16:10.116   874  1507 D DispPerfService: get hint proc=, idx=0 none
06-07 03:16:10.116   874  1507 I BufferQueueConsumer: [](id:36a00001f9a,api:0,p:-1,c:874) connect(): controlledByApp=false
06-07 03:16:10.116   874  1507 I BufferQueue: [unnamed-874-8090](this:0xb400007bd9e23858,id:8090,api:0,p:-1,c:-1) BufferQueue core=(874:/system/bin/surfaceflinger)
06-07 03:16:10.116  1650  2567 I ColorHansManager : freeze uid: 10480 package: com.lazada.android reason: fastfreezer|10209 scene: FastFreezerScene
06-07 03:16:10.116  2850  3782 W OppoGuardElf: ThermalControlUtils: mForegroundPkg=com.example.dogglers
06-07 03:16:10.116  2850  3782 W OppoGuardElf: ThermalControllHandler: tempGear=4,configItemName=common_config
06-07 03:16:10.117  2850  5141 W OppoGuardElf: ThermalControllHandler: MSG_THERMAL_CONTROL_CATEGORY_CHANGED
06-07 03:16:10.117  1650  2567 I ColorHansManager : freeze uid: 10225 package: com.instagram.android reason: fastfreezer|10209 scene: FastFreezerScene
06-07 03:16:10.117  1650  2567 I ColorHansManager : freeze uid: 10231 package: com.pinterest reason: fastfreezer|10209 scene: FastFreezerScene
06-07 03:16:10.118  1650  2567 I ColorHansManager : freeze uid: 10236 package: com.appsinnova.android.keepclean reason: fastfreezer|10209 scene: FastFreezerScene
06-07 03:16:10.118  1650  2568 W OplusLocationManagerService: NavigateMode doesn't match LocationMode
06-07 03:16:10.118  1650  2568 I ColorHansManager : stateRToFFreeze--imporant case: pkgName: com.ss.android.ugc.trill, reason: lastResumeProtect
06-07 03:16:10.118  5326  5326 D LifecycleMonitor: Lifecycle status change: androidx.test.core.app.InstrumentationActivityInvoker$BootstrapActivity@bf37764 in: STARTED
06-07 03:16:10.119  5326  5326 V ActivityScenario: Activity lifecycle changed event received but ignored because the intent does not match. startActivityIntent=Intent { act=android.intent.action.MAIN cat=[android.intent.category.LAUNCHER] cmp=com.example.dogglers/.GridListActivity }, activity.getIntent()=Intent { act=android.intent.action.MAIN cat=[android.intent.category.LAUNCHER] flg=0x10008000 cmp=com.example.dogglers/androidx.test.core.app.InstrumentationActivityInvoker$BootstrapActivity (has extras) mCallingUid=10209 }, activity=androidx.test.core.app.InstrumentationActivityInvoker$BootstrapActivity@bf37764
06-07 03:16:10.119  1650  2568 W OplusLocationManagerService: NavigateMode doesn't match LocationMode
06-07 03:16:10.119  1650  2568 I ColorHansManager : stateRToFFreeze--imporant case: pkgName: com.simejikeyboard, reason: lastResumeProtect
06-07 03:16:10.119  1650  2568 W OplusLocationManagerService: NavigateMode doesn't match LocationMode
06-07 03:16:10.120  1650  2568 I ColorHansManager : stateRToFFreeze--imporant case: pkgName: com.kiloo.subwaysurf, reason: lastResumeProtect
06-07 03:16:10.120  1650  2568 W OplusLocationManagerService: NavigateMode doesn't match LocationMode
06-07 03:16:10.120  1650  2568 I ColorHansManager : stateRToFFreeze--imporant case: pkgName: com.google.android.apps.docs, reason: lastResumeProtect
06-07 03:16:10.121  1650  1679 D Surface : lockCanvas
06-07 03:16:10.121  1650  1918 I mtkpower_client: perf_lock_rel, hdl:94379, tid:1918
06-07 03:16:10.121  1650  1918 I mtkpower_client: perf_lock_acq, hdl:94379, dur:0, num:10, tid:1918
06-07 03:16:10.121   874  1507 I BufferQueueProducer: [Splash Screen com.example.dogglers#0](id:36a00001f9a,api:2,p:1650,c:874) connect(): api=2 producerControlledByApp=false
06-07 03:16:10.121   838   904 I libPowerHal: [perfLockRel] hdl:94379, idx:1
06-07 03:16:10.121   838   904 I libPowerHal: [PD] scn:1 hdl:94379 lock_user:system_server pid:1650 tid:1918 dur:0
06-07 03:16:10.121   838   904 I libPowerHal: [PD] system_server update cmd:1410000 param:0
06-07 03:16:10.121  1650  2568 W OplusLocationManagerService: NavigateMode doesn't match LocationMode
06-07 03:16:10.121  1650  2568 I ColorHansManager : stateRToFFreeze--imporant case: pkgName: com.lenovo.anyshare.gps, reason: lastResumeProtect
06-07 03:16:10.122  1650  1918 I mtkpower_client: ret_hdl:94380
06-07 03:16:10.122   838   904 I libPowerHal: cmdSetting - unknown cmd:1c3c000, scmd:(null) ,param_1:0
06-07 03:16:10.122   838   904 I libPowerHal: [perfLockAcq] idx:1 hdl:94380 hint:-1 pid:1650 duration:0 => ret_hdl:94380
06-07 03:16:10.122   838   904 I libPowerHal: [PE] scn:1 hdl:94380 lock_user:system_server pid:1650 tid:1918 dur:0
06-07 03:16:10.122   838   904 I libPowerHal: [PE] system_server update cmd:1410000, param:1
06-07 03:16:10.122  1650  1918 I mtkpower_client: perf_lock_rel, hdl:94380, tid:1918
06-07 03:16:10.123  1650  1918 I mtkpower_client: perf_lock_acq, hdl:94380, dur:0, num:10, tid:1918
06-07 03:16:10.124   838   904 I libPowerHal: [perfLockRel] hdl:94380, idx:1
06-07 03:16:10.124   838   904 I libPowerHal: [PD] scn:1 hdl:94380 lock_user:system_server pid:1650 tid:1918 dur:0
06-07 03:16:10.124   838   904 I libPowerHal: [PD] system_server update cmd:1410000 param:0
06-07 03:16:10.124   874  3098 D DispPerfService: get hint proc=ActivityRecord{5a394ca u0 com.example.dogglers, idx=0 none
06-07 03:16:10.124  1650  1918 I mtkpower_client: ret_hdl:94381
06-07 03:16:10.125   838   904 I libPowerHal: cmdSetting - unknown cmd:1c3c000, scmd:(null) ,param_1:0
06-07 03:16:10.125   838   904 I libPowerHal: [perfLockAcq] idx:1 hdl:94381 hint:-1 pid:1650 duration:0 => ret_hdl:94381
06-07 03:16:10.125   838   904 I libPowerHal: [PE] scn:1 hdl:94381 lock_user:system_server pid:1650 tid:1918 dur:0
06-07 03:16:10.125   838   904 I libPowerHal: [PE] system_server update cmd:1410000, param:1
06-07 03:16:10.125  1650  2568 W OplusLocationManagerService: NavigateMode doesn't match LocationMode
06-07 03:16:10.125  1650  2568 I ColorHansManager : stateRToFFreeze--imporant case: pkgName: com.lazada.android, reason: lastResumeProtect
06-07 03:16:10.126  1650  2568 W OplusLocationManagerService: NavigateMode doesn't match LocationMode
06-07 03:16:10.126  1650  2568 I ColorHansManager : stateRToFFreeze--imporant case: pkgName: com.appsinnova.android.keepclean, reason: lastResumeProtect
06-07 03:16:10.126  3258  8864 E oiface  : packageSwitch pkg com.example.dogglers, enter
06-07 03:16:10.126  3258  8864 E oiface  : current package is com.example.dogglers and pid is 5326
06-07 03:16:10.126   838   855 I mtkpower@impl: [setMode] type:5, enabled:1
06-07 03:16:10.133  5326  5326 D LifecycleMonitor: Lifecycle status change: androidx.test.core.app.InstrumentationActivityInvoker$BootstrapActivity@bf37764 in: RESUMED
06-07 03:16:10.133  5326  5326 V ActivityScenario: Activity lifecycle changed event received but ignored because the intent does not match. startActivityIntent=Intent { act=android.intent.action.MAIN cat=[android.intent.category.LAUNCHER] cmp=com.example.dogglers/.GridListActivity }, activity.getIntent()=Intent { act=android.intent.action.MAIN cat=[android.intent.category.LAUNCHER] flg=0x10008000 cmp=com.example.dogglers/androidx.test.core.app.InstrumentationActivityInvoker$BootstrapActivity (has extras) mCallingUid=10209 }, activity=androidx.test.core.app.InstrumentationActivityInvoker$BootstrapActivity@bf37764
06-07 03:16:10.136   838   904 I libPowerHal: [perfLockAcq] idx:4 hdl:94382 hint:11 pid:838 duration:30000 => ret_hdl:94382
06-07 03:16:10.136   838   904 I libPowerHal: [PE] scn:4 hdl:94382 hint:11 comm:mtkpower@1.0-se pid:838
06-07 03:16:10.136   838   904 I libPowerHal: [perfLockRel] hdl:94375, idx:2
06-07 03:16:10.136   838   904 I libPowerHal: [PD] scn:2 hdl:94375 hint:11 comm:mtkpower@1.0-se pid:838
06-07 03:16:10.137   838   904 I libPowerHal: [perfLockAcq] idx:5 hdl:94383 hint:23 pid:838 duration:10000 => ret_hdl:94383
06-07 03:16:10.137  3258  3270 E oiface  : Average freq 1926821 for 0s.
06-07 03:16:10.137  5326  5326 D LifecycleMonitor: Lifecycle status change: androidx.test.core.app.InstrumentationActivityInvoker$BootstrapActivity@bf37764 in: PAUSED
06-07 03:16:10.137  5326  5326 V ActivityScenario: Activity lifecycle changed event received but ignored because the intent does not match. startActivityIntent=Intent { act=android.intent.action.MAIN cat=[android.intent.category.LAUNCHER] cmp=com.example.dogglers/.GridListActivity }, activity.getIntent()=Intent { act=android.intent.action.MAIN cat=[android.intent.category.LAUNCHER] flg=0x10008000 cmp=com.example.dogglers/androidx.test.core.app.InstrumentationActivityInvoker$BootstrapActivity (has extras) mCallingUid=10209 }, activity=androidx.test.core.app.InstrumentationActivityInvoker$BootstrapActivity@bf37764
06-07 03:16:10.138   838   904 I libPowerHal: [PE] scn:5 hdl:94383 hint:23 comm:mtkpower@1.0-se pid:838
06-07 03:16:10.138  3258  3270 E oiface  : Average freq 1928571 for 0s.
06-07 03:16:10.138  3258  3270 E oiface  : get gpu config path failed. Fallback to default.
06-07 03:16:10.138  3258  3270 E oiface  : get gpu freq table failed
06-07 03:16:10.142  1650  2824 I InputDispatcher: setFocusedApplication displayId=0 <invalid>
06-07 03:16:10.142   838   854 I mtkpower@impl: [notifyAppState] act androidx.test.core.app.InstrumentationActivityInvoker$EmptyActivity => com.example.dogglers.GridListActivity
06-07 03:16:10.145   874  1507 D DispPerfService: onframeavailable pid=1650, slot=0, seq=41429, name=system_server:Splash Screen com.example.dogglers#0
06-07 03:16:10.147  3258  3270 E oiface  : client  not found, skipped
06-07 03:16:10.147  3258  3270 D oiface  : forground package is com.example.dogglers
06-07 03:16:10.783  1151  1151 W Binder:1151_3: type=1400 audit(0.0:576422): avc: denied { search } for name="1650" dev="proc" ino=25387508 scontext=u:r:atlasservice:s0 tcontext=u:r:system_server:s0 tclass=dir permissive=0
06-07 03:16:10.148  1650  1918 I mtkpower_client: perf_lock_rel, hdl:94381, tid:1918
06-07 03:16:10.148  1650  1918 I mtkpower_client: perf_lock_acq, hdl:94381, dur:0, num:10, tid:1918
06-07 03:16:10.149   838   904 I libPowerHal: [perfLockRel] hdl:94381, idx:1
06-07 03:16:10.149   838   904 I libPowerHal: [PD] scn:1 hdl:94381 lock_user:system_server pid:1650 tid:1918 dur:0
06-07 03:16:10.149   838   904 I libPowerHal: [PD] system_server update cmd:1410000 param:0
06-07 03:16:10.149  1650  1918 I mtkpower_client: ret_hdl:94384
06-07 03:16:10.150   838   904 I libPowerHal: cmdSetting - unknown cmd:1c3c000, scmd:(null) ,param_1:0
06-07 03:16:10.150   838   904 I libPowerHal: [perfLockAcq] idx:1 hdl:94384 hint:-1 pid:1650 duration:0 => ret_hdl:94384
06-07 03:16:10.150   838   904 I libPowerHal: [PE] scn:1 hdl:94384 lock_user:system_server pid:1650 tid:1918 dur:0
06-07 03:16:10.150   838   904 I libPowerHal: [PE] system_server update cmd:1410000, param:1
06-07 03:16:10.151   874  3098 D DispPerfService: get hint proc=Surface(name=Task=2), idx=0 none
06-07 03:16:10.152  5326  5528 E libEGL  : Invalid file path for libcolorx-loader.so
06-07 03:16:10.154   874  3098 D DispPerfService: get hint proc=Surface(name=7b5d0e3 StatusBar), idx=0 none
06-07 03:16:10.155   874  3098 D DispPerfService: get hint proc=Surface(name=669131f NavigationBar0), idx=0 none
06-07 03:16:10.157  1650  1769 I InputDispatcher: Window went away: Splash Screen com.example.dogglers#0
06-07 03:16:10.158  5326  5326 D LifecycleMonitor: Lifecycle status change: com.example.dogglers.GridListActivity@dd823ef in: PRE_ON_CREATE
06-07 03:16:10.158  5326  5326 V ActivityScenario: Activity lifecycle changed event received but ignored because the reported transition was not ON_CREATE while the last known transition was PRE_ON_CREATE
06-07 03:16:10.160  3258  3270 E oiface  : get gpu config path failed. Fallback to default.
06-07 03:16:10.160   874   874 I BufferQueueProducer: [FramebufferSurface](this:0xb400007bfe42eed0,id:-1,api:1,p:874,c:874) queueBuffer: fps=35.23 dur=1021.81 max=604.14 min=9.01
06-07 03:16:10.160  3258  3270 E oiface  : get gpu freq table failed
06-07 03:16:10.168   874   874 D OppoExLayer: ~Layer() sequence=41419, name=Surface(name=7b5d0e3 StatusBar)/@0x39afcf6 - animation-leash#0@0xb400007bd9e8f000
06-07 03:16:10.867  1151  1151 W Binder:1151_3: type=1400 audit(0.0:576423): avc: denied { search } for name="1650" dev="proc" ino=25387508 scontext=u:r:atlasservice:s0 tcontext=u:r:system_server:s0 tclass=dir permissive=0
06-07 03:16:10.168   874   874 D OppoExLayer: ~Layer() sequence=41420, name=Surface(name=669131f NavigationBar0)/@0xe54d8f7 - animation-leash#0@0xb400007bd9e95000
06-07 03:16:10.170  1650  1679 D Surface : lockCanvas
06-07 03:16:10.175  3894  3894 V PhoneWindow: DecorView setVisiblity: visibility = 8, Parent = android.view.ViewRootImpl@fc11c41, this = DecorView@71b05e6[InputMethod]
06-07 03:16:10.183  5326  5326 D LifecycleMonitor: Lifecycle status change: com.example.dogglers.GridListActivity@dd823ef in: CREATED
06-07 03:16:10.183  5326  5326 V ActivityScenario: Update currentActivityStage to CREATED, currentActivity=com.example.dogglers.GridListActivity@dd823ef
06-07 03:16:10.185  5326  5326 D LifecycleMonitor: Lifecycle status change: com.example.dogglers.GridListActivity@dd823ef in: STARTED
06-07 03:16:10.185  5326  5326 V ActivityScenario: Update currentActivityStage to STARTED, currentActivity=com.example.dogglers.GridListActivity@dd823ef
06-07 03:16:10.187  5326  5326 D LifecycleMonitor: Lifecycle status change: com.example.dogglers.GridListActivity@dd823ef in: RESUMED
06-07 03:16:10.187  5326  5326 V ActivityScenario: Update currentActivityStage to RESUMED, currentActivity=com.example.dogglers.GridListActivity@dd823ef
06-07 03:16:10.187  1650  1918 I mtkpower_client: perf_lock_rel, hdl:94384, tid:1918
06-07 03:16:10.187  1650  1918 I mtkpower_client: perf_lock_acq, hdl:94384, dur:0, num:10, tid:1918
06-07 03:16:10.187  5326  5326 V PhoneWindow: DecorView setVisiblity: visibility = 4, Parent = null, this = DecorView@f2677c4[]
06-07 03:16:10.188   838   904 I libPowerHal: [perfLockRel] hdl:94384, idx:1
06-07 03:16:10.188   838   904 I libPowerHal: [PD] scn:1 hdl:94384 lock_user:system_server pid:1650 tid:1918 dur:0
06-07 03:16:10.188   838   904 I libPowerHal: [PD] system_server update cmd:1410000 param:0
06-07 03:16:10.188   874   955 I SurfaceFlinger: [SF client] NEW(0xb400007bfe7a0ac0) for (5326:com.example.dogglers)
06-07 03:16:10.188  1650  1918 I mtkpower_client: ret_hdl:94385
06-07 03:16:10.188   838   904 I libPowerHal: cmdSetting - unknown cmd:1c3c000, scmd:(null) ,param_1:0
06-07 03:16:10.188   838   904 I libPowerHal: [perfLockAcq] idx:1 hdl:94385 hint:-1 pid:1650 duration:0 => ret_hdl:94385
06-07 03:16:10.188   838   904 I libPowerHal: [PE] scn:1 hdl:94385 lock_user:system_server pid:1650 tid:1918 dur:0
06-07 03:16:10.188   838   904 I libPowerHal: [PE] system_server update cmd:1410000, param:1
06-07 03:16:10.192  5326  5326 D ViewRootImpl[GridListActivity]: hardware acceleration = true , fakeHwAccelerated = false, sRendererDisabled = false, forceHwAccelerated = false, sSystemRendererDisabled = false
06-07 03:16:10.192  1650  2824 D OppoDisplayPolicy: com.example.dogglers, no change cutoutMode: 0
06-07 03:16:10.193   874   955 D DispPerfService: get hint proc=6f9383d com.example.dogglers, idx=0 none
06-07 03:16:10.195  5326  5326 E libEGL  : Invalid file path for libcolorx-loader.so
06-07 03:16:10.195  5326  5326 I chatty  : uid=10209(com.example.dogglers) identical 4 lines
06-07 03:16:10.195  5326  5326 E libEGL  : Invalid file path for libcolorx-loader.so
06-07 03:16:10.195  5326  5326 I InputTransport: Create ARC handle: 0xb4000077ce9a3c40
06-07 03:16:10.195  5326  5326 V PhoneWindow: DecorView setVisiblity: visibility = 0, Parent = android.view.ViewRootImpl@7dec573, this = DecorView@f2677c4[GridListActivity]
06-07 03:16:10.197  5326  5326 D LifecycleMonitor: Lifecycle status change: androidx.test.core.app.InstrumentationActivityInvoker$BootstrapActivity@bf37764 in: STOPPED
06-07 03:16:10.197  5326  5326 V ActivityScenario: Activity lifecycle changed event received but ignored because the intent does not match. startActivityIntent=Intent { act=android.intent.action.MAIN cat=[android.intent.category.LAUNCHER] cmp=com.example.dogglers/.GridListActivity }, activity.getIntent()=Intent { act=android.intent.action.MAIN cat=[android.intent.category.LAUNCHER] flg=0x10008000 cmp=com.example.dogglers/androidx.test.core.app.InstrumentationActivityInvoker$BootstrapActivity (has extras) mCallingUid=10209 }, activity=androidx.test.core.app.InstrumentationActivityInvoker$BootstrapActivity@bf37764
06-07 03:16:10.206  1650  2824 D OppoDisplayPolicy: com.example.dogglers, no change cutoutMode: 0
06-07 03:16:10.207   874   955 D DispPerfService: get hint proc=com.example.dogglers, idx=0 none
06-07 03:16:10.207   874   955 I BufferQueueConsumer: [](id:36a00001f9b,api:0,p:-1,c:874) connect(): controlledByApp=false
06-07 03:16:10.207   874   955 I BufferQueue: [unnamed-874-8091](this:0xb400007bfe750e58,id:8091,api:0,p:-1,c:-1) BufferQueue core=(874:/system/bin/surfaceflinger)
06-07 03:16:10.209   874   955 D DispPerfService: get hint proc=Surface(name=7b5d0e3 StatusBar), idx=0 none
06-07 03:16:10.210   874   955 D DispPerfService: get hint proc=Surface(name=669131f NavigationBar0), idx=0 none
06-07 03:16:10.211  1650  2824 D Theia.NoFocusWindow: FocusWindowErrorScene cancelCheckFreezeScreen
06-07 03:16:10.214   874   951 I BufferQueueProducer: [com.example.dogglers/com.example.dogglers.GridListActivity#0](id:36a00001f9b,api:1,p:5326,c:874) connect(): api=1 producerControlledByApp=false
06-07 03:16:10.225   874   874 D OppoExLayer: ~Layer() sequence=41432, name=Surface(name=7b5d0e3 StatusBar)/@0x39afcf6 - animation-leash#1@0xb400007bd9eaf000
06-07 03:16:10.225   874   874 D OppoExLayer: ~Layer() sequence=41433, name=Surface(name=669131f NavigationBar0)/@0xe54d8f7 - animation-leash#1@0xb400007bd9eb2000
06-07 03:16:10.226  1650  2824 I InputDispatcher: Window went away: com.example.dogglers/com.example.dogglers.GridListActivity#0
06-07 03:16:10.285   874  1507 D DispPerfService: onframeavailable pid=5326, slot=4, seq=41435, name=com.example.dogglers:com.example.dogglers/com.example.dogglers.GridListActivity#0
06-07 03:16:10.289  1650  2567 I ColorHansManager : unfreeze uid: 10115 package: com.nearme.gamecenter reason: F-direct scene: FastFreezerScene
06-07 03:16:10.289  1650  1687 D ArtManagerInternalImpl: /data/misc/iorapd/com.example.dogglers/1/com.example.dogglers.GridListActivity/compiled_traces/compiled_trace.pb doesn't exist
06-07 03:16:10.289  1650  2567 I ColorHansManager : unfreeze uid: 10124 package: com.realme.link reason: F-direct scene: FastFreezerScene
06-07 03:16:10.290  1650  1679 D View    : [Warning] assignParent to null: this = DecorView@d54c4e6[dogglers]
06-07 03:16:10.290  1650  1687 I ActivityTaskManager: Displayed com.example.dogglers/.GridListActivity: +219ms
06-07 03:16:10.290   874  1507 I BufferQueueProducer: [Splash Screen com.example.dogglers#0](id:36a00001f9a,api:2,p:1650,c:874) disconnect(): api=2
06-07 03:16:10.291  1650  2567 I ColorHansManager : unfreeze uid: 10200 package: com.snapchat.android reason: F-direct scene: FastFreezerScene
06-07 03:16:10.291   874  3098 D DispPerfService: get hint proc=Surface(name=b733195 Splash Screen com.example.dogglers), idx=0 none
06-07 03:16:10.291  1650  2567 I ColorHansManager : unfreeze uid: 10225 package: com.instagram.android reason: F-direct scene: FastFreezerScene
06-07 03:16:10.292  1650  2567 I ColorHansManager : unfreeze uid: 10231 package: com.pinterest reason: F-direct scene: FastFreezerScene
06-07 03:16:10.293  1650  2567 I ColorHansManager : unfreeze uid: 10505 package: com.facebook.katana reason: F-direct scene: FastFreezerScene
06-07 03:16:10.293  1650  2567 I ColorHansManager : unfreeze uid: 10538 package: com.discord reason: F-direct scene: FastFreezerScene
06-07 03:16:10.294  1650  1679 I InputTransport: Destroy ARC handle: 0xb40000785577fa00
06-07 03:16:10.294  1650  1769 I InputDispatcher: Focus entered window: Window{6f9383d u0 com.example.dogglers/com.example.dogglers.GridListActivity} in display 0
06-07 03:16:10.295  1650  2567 I ColorHansManager : unfreeze uid: 10545 package: com.kiloo.subwaysurf reason: F-direct scene: FastFreezerScene
06-07 03:16:10.295 23829 24786 I OplusFeedbackInfo: [sendFPSInfo:L314] mInputBufCnt = 0 fps, mOutputBufCnt = 0 fps, mRenderFrameCnt = 0 fps
06-07 03:16:10.295  1650  2567 I ColorHansManager : unfreeze uid: 10544 package: com.simejikeyboard reason: F-direct scene: FastFreezerScene
06-07 03:16:10.295  1151  1176 D AtlasService: clientsCount 1
06-07 03:16:10.295  1151  1176 D AtlasService: notify 1025 to client
06-07 03:16:10.296  1650  2567 I ColorHansManager : unfreeze uid: 10480 package: com.lazada.android reason: F-direct scene: FastFreezerScene
06-07 03:16:10.297  1650  2567 I ColorHansManager : unfreeze uid: 10341 package: com.google.android.apps.classroom reason: F-direct scene: FastFreezerScene
06-07 03:16:10.299  1650  2567 I ColorHansManager : unfreeze uid: 10265 package: com.ss.android.ugc.trill reason: F-direct scene: FastFreezerScene
06-07 03:16:10.299  1650  2567 I ColorHansManager : unfreeze uid: 10236 package: com.appsinnova.android.keepclean reason: F-direct scene: FastFreezerScene
06-07 03:16:10.300  1650  2567 I ColorHansManager : unfreeze uid: 10214 package: com.lenovo.anyshare.gps reason: F-direct scene: FastFreezerScene
06-07 03:16:10.301  1650  2567 I ColorHansManager : unfreeze uid: 10186 package: com.google.android.apps.docs reason: F-direct scene: FastFreezerScene
06-07 03:16:10.301  1650  2567 I ColorHansManager : exit fastfreezer, reason:F-direct
06-07 03:16:10.312   874  1507 D DispPerfService: get hint proc=Surface(name=613b6a7 InputMethod), idx=0 none
06-07 03:16:10.312  4068  4302 I System.out: [OkHttp] sendRequest<<
06-07 03:16:10.312  1650  2568 W OplusLocationManagerService: NavigateMode doesn't match LocationMode
06-07 03:16:10.312  5326  5326 I ViewInteraction: Checking 'MatchesViewAssertion{viewMatcher=(view has effective visibility <VISIBLE> and view.getGlobalVisibleRect() to return non-empty rectangle)}' assertion on view an instance of android.widget.TextView and view.getText() with or without transformation to match: is "Tzeitel"
06-07 03:16:10.312  1650  2568 I ColorHansManager : stateRToFFreeze--imporant case: pkgName: com.appsinnova.android.keepclean, reason: lastResumeProtect
06-07 03:16:10.313  3894  3894 I GoogleInputMethodService: GoogleInputMethodService.onFinishInput():3204
06-07 03:16:10.313   838   855 I mtkpower@impl: [setMode] type:5, enabled:0
06-07 03:16:10.327   874   874 D OppoExLayer: ~Layer() sequence=41425, name=Surface(name=613b6a7 InputMethod)/@0x18076fd - animation-leash#0@0xb400007bd9e98000
06-07 03:16:10.336  5326  5326 I ViewInteraction: Checking 'MatchesViewAssertion{viewMatcher=(view has effective visibility <VISIBLE> and view.getGlobalVisibleRect() to return non-empty rectangle)}' assertion on view an instance of android.widget.TextView and view.getText() with or without transformation to match: is "7"
06-07 03:16:10.342  5326  5356 E Parcel  : Reading a NULL string not supported here.
06-07 03:16:10.344  1650  1918 I mtkpower_client: perf_lock_rel, hdl:94385, tid:1918
06-07 03:16:10.345  1650  1918 I mtkpower_client: perf_lock_acq, hdl:94385, dur:0, num:10, tid:1918
06-07 03:16:10.345   838   904 I libPowerHal: [perfLockRel] hdl:94385, idx:1
06-07 03:16:10.345   838   904 I libPowerHal: [PD] scn:1 hdl:94385 lock_user:system_server pid:1650 tid:1918 dur:0
06-07 03:16:10.345   838   904 I libPowerHal: system_server: cpu_ctrl set cpu freq: -1 -1 -1 -1
06-07 03:16:10.345   838   904 I libPowerHal: [PD] system_server update cmd:1410000 param:0
06-07 03:16:10.345   838   904 I libPowerHal: cmdSetting - unknown cmd:1c3c000, scmd:(null) ,param_1:0
06-07 03:16:10.345   838   904 I libPowerHal: [perfLockAcq] idx:1 hdl:94387 hint:-1 pid:1650 duration:0 => ret_hdl:94387
06-07 03:16:10.345   838   904 I libPowerHal: [PE] scn:1 hdl:94387 lock_user:system_server pid:1650 tid:1918 dur:0
06-07 03:16:10.346   838   904 I libPowerHal: system_server: cpu_ctrl set cpu freq: 2000000 -1 2050000 -1
06-07 03:16:10.346   838   904 I libPowerHal: [PE] system_server update cmd:1410000, param:1
06-07 03:16:10.346   874  1507 D DispPerfService: get hint proc=ActivityRecord{654d078 u0 com.example.dogglers, idx=0 none
06-07 03:16:10.348   838   855 I mtkpower@impl: [setMode] type:5, enabled:1
06-07 03:16:10.348   838   904 I libPowerHal: [perfLockAcq] idx:2 hdl:94388 hint:11 pid:838 duration:30000 => ret_hdl:94388
06-07 03:16:10.348   838   904 I libPowerHal: [PE] scn:2 hdl:94388 hint:11 comm:mtkpower@1.0-se pid:838
06-07 03:16:10.348   838   904 I libPowerHal: [PE] LAUNCH update cmd:1000000, param:0
06-07 03:16:10.348   838   904 I libPowerHal: [PE] LAUNCH update cmd:1408300, param:100
06-07 03:16:10.349   838   904 I libPowerHal: [PE] LAUNCH update cmd:1000000 param:0
06-07 03:16:10.351   838   904 I libPowerHal: [perfLockRel] hdl:94386, idx:-1
06-07 03:16:10.351   838   904 I libPowerHal: [perfLockAcq] idx:3 hdl:94389 hint:23 pid:838 duration:10000 => ret_hdl:94389
06-07 03:16:10.351   838   904 I libPowerHal: [PE] scn:3 hdl:94389 hint:23 comm:mtkpower@1.0-se pid:838
06-07 03:16:10.353  5326  5326 D LifecycleMonitor: Lifecycle status change: com.example.dogglers.GridListActivity@dd823ef in: PAUSED
06-07 03:16:10.354  5326  5326 V ActivityScenario: Update currentActivityStage to PAUSED, currentActivity=com.example.dogglers.GridListActivity@dd823ef
06-07 03:16:10.360   838   854 I mtkpower@impl: [notifyAppState] act com.example.dogglers.GridListActivity => androidx.test.core.app.InstrumentationActivityInvoker$EmptyActivity
06-07 03:16:10.367  5326  5529 E libEGL  : Invalid file path for libcolorx-loader.so
06-07 03:16:10.368   838   904 I libPowerHal: [perfLockRel] hdl:94387, idx:1
06-07 03:16:10.368   838   904 I libPowerHal: [PD] scn:1 hdl:94387 lock_user:system_server pid:1650 tid:1918 dur:0
06-07 03:16:10.368   838   904 I libPowerHal: [PD] system_server update cmd:1410000 param:0
06-07 03:16:10.369   838   904 I libPowerHal: cmdSetting - unknown cmd:1c3c000, scmd:(null) ,param_1:0
06-07 03:16:10.369   838   904 I libPowerHal: [perfLockAcq] idx:1 hdl:94390 hint:-1 pid:1650 duration:0 => ret_hdl:94390
06-07 03:16:10.369   838   904 I libPowerHal: [PE] scn:1 hdl:94390 lock_user:system_server pid:1650 tid:1918 dur:0
06-07 03:16:10.369   838   904 I libPowerHal: [PE] system_server update cmd:1410000, param:1
06-07 03:16:10.370  5326  5326 D LifecycleMonitor: Lifecycle status change: androidx.test.core.app.InstrumentationActivityInvoker$EmptyActivity@821aab8 in: PRE_ON_CREATE
06-07 03:16:10.370  5326  5326 V ActivityScenario: Activity lifecycle changed event received but ignored because the intent does not match. startActivityIntent=Intent { act=android.intent.action.MAIN cat=[android.intent.category.LAUNCHER] cmp=com.example.dogglers/.GridListActivity }, activity.getIntent()=Intent { act=android.intent.action.MAIN cat=[android.intent.category.LAUNCHER] flg=0x10000000 cmp=com.example.dogglers/androidx.test.core.app.InstrumentationActivityInvoker$EmptyActivity mCallingUid=10209 }, activity=androidx.test.core.app.InstrumentationActivityInvoker$EmptyActivity@821aab8
06-07 03:16:10.378  5326  5326 D LifecycleMonitor: Lifecycle status change: androidx.test.core.app.InstrumentationActivityInvoker$EmptyActivity@821aab8 in: CREATED
06-07 03:16:10.378  5326  5326 V ActivityScenario: Activity lifecycle changed event received but ignored because the intent does not match. startActivityIntent=Intent { act=android.intent.action.MAIN cat=[android.intent.category.LAUNCHER] cmp=com.example.dogglers/.GridListActivity }, activity.getIntent()=Intent { act=android.intent.action.MAIN cat=[android.intent.category.LAUNCHER] flg=0x10000000 cmp=com.example.dogglers/androidx.test.core.app.InstrumentationActivityInvoker$EmptyActivity mCallingUid=10209 }, activity=androidx.test.core.app.InstrumentationActivityInvoker$EmptyActivity@821aab8
06-07 03:16:10.380  5326  5326 D LifecycleMonitor: Lifecycle status change: androidx.test.core.app.InstrumentationActivityInvoker$EmptyActivity@821aab8 in: STARTED
06-07 03:16:10.380  5326  5326 V ActivityScenario: Activity lifecycle changed event received but ignored because the intent does not match. startActivityIntent=Intent { act=android.intent.action.MAIN cat=[android.intent.category.LAUNCHER] cmp=com.example.dogglers/.GridListActivity }, activity.getIntent()=Intent { act=android.intent.action.MAIN cat=[android.intent.category.LAUNCHER] flg=0x10000000 cmp=com.example.dogglers/androidx.test.core.app.InstrumentationActivityInvoker$EmptyActivity mCallingUid=10209 }, activity=androidx.test.core.app.InstrumentationActivityInvoker$EmptyActivity@821aab8
06-07 03:16:10.382   838   904 I libPowerHal: [perfLockRel] hdl:94390, idx:1
06-07 03:16:10.382   838   904 I libPowerHal: [PD] scn:1 hdl:94390 lock_user:system_server pid:1650 tid:1918 dur:0
06-07 03:16:10.382   838   904 I libPowerHal: [PD] system_server update cmd:1410000 param:0
06-07 03:16:10.382  5326  5326 D LifecycleMonitor: Lifecycle status change: androidx.test.core.app.InstrumentationActivityInvoker$EmptyActivity@821aab8 in: RESUMED
06-07 03:16:10.382  5326  5326 V ActivityScenario: Activity lifecycle changed event received but ignored because the intent does not match. startActivityIntent=Intent { act=android.intent.action.MAIN cat=[android.intent.category.LAUNCHER] cmp=com.example.dogglers/.GridListActivity }, activity.getIntent()=Intent { act=android.intent.action.MAIN cat=[android.intent.category.LAUNCHER] flg=0x10000000 cmp=com.example.dogglers/androidx.test.core.app.InstrumentationActivityInvoker$EmptyActivity mCallingUid=10209 }, activity=androidx.test.core.app.InstrumentationActivityInvoker$EmptyActivity@821aab8
06-07 03:16:10.383   838   904 I libPowerHal: cmdSetting - unknown cmd:1c3c000, scmd:(null) ,param_1:0
06-07 03:16:10.383   838   904 I libPowerHal: [perfLockAcq] idx:1 hdl:94391 hint:-1 pid:1650 duration:0 => ret_hdl:94391
06-07 03:16:10.383   838   904 I libPowerHal: [PE] scn:1 hdl:94391 lock_user:system_server pid:1650 tid:1918 dur:0
06-07 03:16:10.390  5326  5326 E libEGL  : Invalid file path for libcolorx-loader.so
06-07 03:16:10.395  1650  1769 D OppoDisplayPolicy: com.example.dogglers, no change cutoutMode: 0
06-07 03:16:10.398   874   955 D DispPerfService: get hint proc=com.example.dogglers, idx=0 none
06-07 03:16:10.398   874   955 I BufferQueueConsumer: [](id:36a00001f9c,api:0,p:-1,c:874) connect(): controlledByApp=false
06-07 03:16:10.399   874   955 I BufferQueue: [unnamed-874-8092](this:0xb400007bda142858,id:8092,api:0,p:-1,c:-1) BufferQueue core=(874:/system/bin/surfaceflinger)
06-07 03:16:10.401   874   955 D DispPerfService: get hint proc=Surface(name=7b5d0e3 StatusBar), idx=0 none
06-07 03:16:10.403  1650  1769 D Theia.NoFocusWindow: FocusWindowErrorScene cancelCheckFreezeScreen
06-07 03:16:10.406   874  1507 I BufferQueueProducer: [com.example.dogglers/androidx.test.core.app.InstrumentationActivityInvoker$EmptyActivity#0](id:36a00001f9c,api:1,p:5326,c:874) connect(): api=1 producerControlledByApp=false
06-07 03:16:10.418   874   955 D DispPerfService: onframeavailable pid=5326, slot=0, seq=41442, name=com.example.dogglers:com.example.dogglers/androidx.test.core.app.InstrumentationActivityInvoker$EmptyActivity#0
06-07 03:16:10.419  1650  1769 I InputDispatcher: Window went away: com.example.dogglers/androidx.test.core.app.InstrumentationActivityInvoker$EmptyActivity#0
06-07 03:16:10.422  3894  3894 V PhoneWindow: DecorView setVisiblity: visibility = 8, Parent = android.view.ViewRootImpl@fc11c41, this = DecorView@71b05e6[InputMethod]
06-07 03:16:10.429   874   874 D OppoExLayer: ~Layer() sequence=41436, name=Surface(name=7b5d0e3 StatusBar)/@0x39afcf6 - animation-leash#0@0xb400007bd9ec6000
06-07 03:16:10.429   874   874 D OppoExLayer: ~Layer() sequence=41437, name=Surface(name=669131f NavigationBar0)/@0xe54d8f7 - animation-leash#0@0xb400007bd9ec9000
06-07 03:16:10.432   874  3098 I BufferQueueProducer: [com.example.dogglers/com.example.dogglers.GridListActivity#0](id:36a00001f9b,api:1,p:5326,c:874) disconnect(): api=1
06-07 03:16:10.438  3894  3894 V PhoneWindow: DecorView setVisiblity: visibility = 8, Parent = android.view.ViewRootImpl@fc11c41, this = DecorView@71b05e6[InputMethod]
06-07 03:16:10.444  1650  2824 D InputMethodManagerService: isSecurity: attribute.packageName=com.example.dogglers
06-07 03:16:10.444  1650  2824 D InputMethodManagerService: isSecurity= false (  enable=false needShow=false inBlackList=false  isExist=true )
06-07 03:16:10.444  1650  2824 D OplusVerificationCodeController: notifyImeAttributeChanged: 64false
06-07 03:16:10.445  5326  5356 E Parcel  : Reading a NULL string not supported here.
06-07 03:16:10.446  1650  1918 I mtkpower_client: perf_lock_rel, hdl:94391, tid:1918
06-07 03:16:10.446  1650  1918 I mtkpower_client: perf_lock_acq, hdl:94391, dur:0, num:10, tid:1918
06-07 03:16:10.446   838   904 I libPowerHal: [perfLockRel] hdl:94391, idx:1
06-07 03:16:10.446   838   904 I libPowerHal: [PD] scn:1 hdl:94391 lock_user:system_server pid:1650 tid:1918 dur:0
06-07 03:16:10.446  5326  5326 D LifecycleMonitor: Lifecycle status change: com.example.dogglers.GridListActivity@dd823ef in: STOPPED
06-07 03:16:10.446   838   904 I libPowerHal: [PD] system_server update cmd:1410000 param:0
06-07 03:16:10.447  5326  5326 V ActivityScenario: Update currentActivityStage to STOPPED, currentActivity=com.example.dogglers.GridListActivity@dd823ef
06-07 03:16:10.447  1650  1918 I mtkpower_client: ret_hdl:94392
06-07 03:16:10.447  5326  5326 V PhoneWindow: DecorView setVisiblity: visibility = 4, Parent = android.view.ViewRootImpl@7dec573, this = DecorView@f2677c4[GridListActivity]
06-07 03:16:10.447   838   904 I libPowerHal: cmdSetting - unknown cmd:1c3c000, scmd:(null) ,param_1:0
06-07 03:16:10.447   838   904 I libPowerHal: [perfLockAcq] idx:1 hdl:94392 hint:-1 pid:1650 duration:0 => ret_hdl:94392
06-07 03:16:10.447   838   904 I libPowerHal: [PE] scn:1 hdl:94392 lock_user:system_server pid:1650 tid:1918 dur:0
06-07 03:16:10.447   838   904 I libPowerHal: [PE] system_server update cmd:1410000, param:1
06-07 03:16:10.455   874   951 D DispPerfService: get hint proc=Surface(name=613b6a7 InputMethod), idx=0 none
06-07 03:16:10.458  5326  5326 I InputTransport: Destroy ARC handle: 0xb4000077ce9a3c40
06-07 03:16:10.458  1650  5021 D OppoDisplayPolicy: com.android.systemui, change system app cutoutMode: color always
06-07 03:16:10.461   874   951 D DispPerfService: get hint proc=Surface(name=613b6a7 InputMethod), idx=0 none
06-07 03:16:10.461  3894  3894 I GoogleInputMethodService: GoogleInputMethodService.onFinishInput():3204
06-07 03:16:10.463   874   874 D OppoExLayer: ~Layer() sequence=41434, name=6f9383d com.example.dogglers/com.example.dogglers.GridListActivity#0@0xb400007bd9ec0000
06-07 03:16:10.463   874   874 I BufferQueueConsumer: [com.example.dogglers/com.example.dogglers.GridListActivity#0](id:36a00001f9b,api:0,p:-1,c:874) disconnect()
06-07 03:16:10.463   874   874 I BufferQueue: [com.example.dogglers/com.example.dogglers.GridListActivity#0](this:0xb400007bfe750e58,id:8091,api:1,p:-1,c:-1) onDestructor()
06-07 03:16:10.463   874   874 D OppoExLayer: ~Layer() sequence=41435, name=com.example.dogglers/com.example.dogglers.GridListActivity#0@0xb400007bd9ec3000
06-07 03:16:10.464  1650  1769 I InputDispatcher: Window went away: com.example.dogglers/com.example.dogglers.GridListActivity#0
06-07 03:16:10.464  5326  5326 D LifecycleMonitor: Lifecycle status change: androidx.test.core.app.InstrumentationActivityInvoker$EmptyActivity@821aab8 in: PAUSED
06-07 03:16:10.465  5326  5326 V ActivityScenario: Activity lifecycle changed event received but ignored because the intent does not match. startActivityIntent=Intent { act=android.intent.action.MAIN cat=[android.intent.category.LAUNCHER] cmp=com.example.dogglers/.GridListActivity }, activity.getIntent()=Intent { act=android.intent.action.MAIN cat=[android.intent.category.LAUNCHER] flg=0x10000000 cmp=com.example.dogglers/androidx.test.core.app.InstrumentationActivityInvoker$EmptyActivity mCallingUid=10209 }, activity=androidx.test.core.app.InstrumentationActivityInvoker$EmptyActivity@821aab8
06-07 03:16:10.476  5326  5326 V ActivityScenario: Activity lifecycle changed event received but ignored because the intent does not match. startActivityIntent=Intent { act=android.intent.action.MAIN cat=[android.intent.category.LAUNCHER] cmp=com.example.dogglers/.GridListActivity }, activity.getIntent()=Intent { act=android.intent.action.MAIN cat=[android.intent.category.LAUNCHER] flg=0x10008000 cmp=com.example.dogglers/androidx.test.core.app.InstrumentationActivityInvoker$BootstrapActivity (has extras) mCallingUid=10209 }, activity=androidx.test.core.app.InstrumentationActivityInvoker$BootstrapActivity@bf37764
06-07 03:16:10.500  5326  5326 D ViewRootImpl[InstrumentationActivityInvoker$EmptyActivity]: hardware acceleration = true , fakeHwAccelerated = false, sRendererDisabled = false, forceHwAccelerated = false, sSystemRendererDisabled = false
