06-07 03:16:08.777  5326  5326 V ActivityScenario: Update currentActivityStage to DESTROYED, currentActivity=null
06-07 03:16:08.778   838   855 I mtkpower@impl: [setMode] type:5, enabled:1
06-07 03:16:08.779   838   904 I libPowerHal: [perfLockAcq] idx:4 hdl:94339 hint:11 pid:838 duration:30000 => ret_hdl:94339
06-07 03:16:08.779   838   904 I libPowerHal: [PE] scn:4 hdl:94339 hint:11 comm:mtkpower@1.0-se pid:838
06-07 03:16:08.779   838   904 I libPowerHal: [perfLockRel] hdl:94334, idx:2
06-07 03:16:08.779   838   904 I libPowerHal: [PD] scn:2 hdl:94334 hint:11 comm:mtkpower@1.0-se pid:838
06-07 03:16:08.780  5326  5326 D View    : [Warning] assignParent to null: this = DecorView@6c23b7d[GridListActivity]
06-07 03:16:08.784   874  3098 D DispPerfService: get hint proc=Surface(name=613b6a7 InputMethod), idx=0 none
06-07 03:16:08.787  5326  5326 I InputTransport: Destroy ARC handle: 0xb4000078036afb00
06-07 03:16:08.787  3894  3894 V PhoneWindow: DecorView setVisiblity: visibility = 8, Parent = android.view.ViewRootImpl@fc11c41, this = DecorView@71b05e6[InputMethod]
06-07 03:16:08.794  1650  2824 D InputMethodManagerService: isSecurity: attribute.packageName=com.example.dogglers
06-07 03:16:08.794  1650  2824 D InputMethodManagerService: isSecurity= false (  enable=false needShow=false inBlackList=false  isExist=true )
06-07 03:16:08.801  3894  3894 I GoogleInputMethodService: GoogleInputMethodService.updateDeviceLockedStatus():2100 checkRepeatedly = false, unlocked = true
06-07 03:16:08.807  1650  1769 D Theia.NoFocusWindow: FocusWindowErrorScene CheckFreezeScreen
06-07 03:16:08.831  1650  1769 D OppoDisplayPolicy: com.android.systemui, change system app cutoutMode: color always
06-07 03:16:08.832  5326  5326 D LifecycleMonitor: Lifecycle status change: androidx.test.core.app.InstrumentationActivityInvoker$EmptyActivity@50b37f2 in: CREATED
06-07 03:16:08.832  5326  5326 V ActivityScenario: Activity lifecycle changed event received but ignored because the intent does not match. startActivityIntent=Intent { act=android.intent.action.MAIN cat=[android.intent.category.LAUNCHER] cmp=com.example.dogglers/.GridListActivity }, activity.getIntent()=Intent { act=android.intent.action.MAIN cat=[android.intent.category.LAUNCHER] flg=0x10000000 cmp=com.example.dogglers/androidx.test.core.app.InstrumentationActivityInvoker$EmptyActivity mCallingUid=10209 }, activity=androidx.test.core.app.InstrumentationActivityInvoker$EmptyActivity@50b37f2
06-07 03:16:08.834  5326  5326 D LifecycleMonitor: Lifecycle status change: androidx.test.core.app.InstrumentationActivityInvoker$EmptyActivity@50b37f2 in: STARTED
06-07 03:16:08.842  5326  5326 D ViewRootImpl[InstrumentationActivityInvoker$EmptyActivity]: hardware acceleration = true , fakeHwAccelerated = false, sRendererDisabled = false, forceHwAccelerated = false, sSystemRendererDisabled = false
06-07 03:16:08.855  1650  4990 D OppoDisplayPolicy: com.example.dogglers, no change cutoutMode: 0
06-07 03:16:08.872   874  3098 D DispPerfService: onframeavailable pid=5326, slot=0, seq=41380, name=com.example.dogglers:com.example.dogglers/androidx.test.core.app.InstrumentationActivityInvoker$EmptyActivity#1
06-07 03:16:08.876  1650  1687 I ActivityTaskManager: Displayed com.example.dogglers/androidx.test.core.app.InstrumentationActivityInvoker$EmptyActivity: +103ms
06-07 03:16:08.878   874   874 D DispPerfService: Skip Bind Core, mCoreForSFBind:0
06-07 03:16:08.885   874   874 D OppoExLayer: ~Layer() sequence=41374, name=Surface(name=7b5d0e3 StatusBar)/@0x39afcf6 - animation-leash#1@0xb400007bd9ff6000
06-07 03:16:08.886   874   874 D OppoExLayer: ~Layer() sequence=41375, name=Surface(name=669131f NavigationBar0)/@0xe54d8f7 - animation-leash#1@0xb400007bd9ff9000
06-07 03:16:08.908  1650  1769 I InputDispatcher: Focus left window: Window{7eb7770 u0 com.example.dogglers/androidx.test.core.app.InstrumentationActivityInvoker$EmptyActivity} in display 0
06-07 03:16:08.912   874  1504 D DispPerfService: get hint proc=Surface(name=613b6a7 InputMethod), idx=0 none
06-07 03:16:08.922  3146  3164 D ZoomAppController: ignore onAppEnter: Invalid cvActionFlag = 0
06-07 03:16:08.941  1650  1918 I mtkpower_client: perf_lock_acq, hdl:94344, dur:0, num:6, tid:1918
06-07 03:16:08.948   874  1504 D DispPerfService: get hint proc=com.oppo.launcher, idx=0 none
06-07 03:16:08.962  3894  3894 V PhoneWindow: DecorView setVisiblity: visibility = 8, Parent = android.view.ViewRootImpl@fc11c41, this = DecorView@71b05e6[InputMethod]
06-07 03:16:08.992  2605  2605 D IconConfigParser: parseConfig::icon config =: IconConfig = [ isForeign : true,theme : 4,iconSize : 4000,iconShape : 0,foregroundSize : 6000,artPlusOn : 1,iconRadius 1,darkModeIcon:0 ]
06-07 03:16:09.002  1650  1663 D InputMethodManagerService: isSecurity: attribute.packageName=com.oppo.launcher
06-07 03:16:09.002  1650  1663 D InputMethodManagerService: isSecurity= false (  enable=false needShow=false inBlackList=false  isExist=true )
06-07 03:16:09.008  3894  3894 I GoogleInputMethodService: GoogleInputMethodService.onFinishInput():3204
06-07 03:16:09.016  1650  3081 D OppoDisplayPolicy: com.android.systemui, change system app cutoutMode: color always
06-07 03:16:09.021   874   874 D OppoExLayer: ~Layer() sequence=41383, name=Surface(name=613b6a7 InputMethod)/@0x18076fd - animation-leash#1@0xb400007bf38eb000
06-07 03:16:09.022  2605  2605 D ColorLauncherAppTransitionManagerImpl: getClosingWindowAnimators: transPoint PointF(629.3392, 760.692), currentWindowRect = [629.3392,760.692][1016.4887,1515.1721]
06-07 03:16:09.025  3258  3270 E oiface  : Average freq 1959756 for 0s.
06-07 03:16:09.026  3258  3270 E oiface  : Average freq 1929878 for 0s.
06-07 03:16:09.026  3258  3270 E oiface  : get gpu config path failed. Fallback to default.
06-07 03:16:09.026  3258  3270 E oiface  : get gpu freq table failed
06-07 03:16:09.029  3258  3270 E oiface  : client  not found, skipped
06-07 03:16:09.029  3258  3270 D oiface  : forground package is com.oppo.launcher
06-07 03:16:09.032  5326  5356 I MonitoringInstr: Unstopped activity count: 2
06-07 03:16:09.034  2605  2605 D ColorLauncherAppTransitionManagerImpl: getClosingWindowAnimators: transPoint PointF(708.91125, 856.8721), currentWindowRect = [708.91125,856.8721][1008.4585,1403.2969]
06-07 03:16:09.034  1650  2824 D OppoDisplayPolicy: com.android.systemui, change system app cutoutMode: color always
06-07 03:16:09.038  3258  3270 E oiface  : get gpu config path failed. Fallback to default.
06-07 03:16:09.038  3258  3270 E oiface  : get gpu freq table failed
06-07 03:16:09.045  2605  2605 D ColorLauncherAppTransitionManagerImpl: getClosingWindowAnimators: transPoint PointF(761.20654, 920.08215), currentWindowRect = [761.20654,920.08215][1003.1809,1329.7715]
06-07 03:16:09.056  2605  2605 D ColorLauncherAppTransitionManagerImpl: getClosingWindowAnimators: transPoint PointF(801.1693, 968.38574), currentWindowRect = [801.1693,968.38574][999.1481,1273.5854]
06-07 03:16:09.068  2605  2605 D ColorLauncherAppTransitionManagerImpl: getClosingWindowAnimators: transPoint PointF(826.4579, 998.9524), currentWindowRect = [826.4579,998.9524][996.59607,1238.0305]
06-07 03:16:09.068  2605  2605 E Launcher.ColorBubbleTextView: mForceHideDot is false
06-07 03:16:09.068  2605  2605 E Launcher.ColorBubbleTextView: mForceHideDot is false
06-07 03:16:09.079  2605  2605 D ColorLauncherAppTransitionManagerImpl: getClosingWindowAnimators: transPoint PointF(844.9877, 1021.34985), currentWindowRect = [844.9877,1021.34985][994.72595,1211.9783]
06-07 03:16:09.083  5326  5356 I MonitoringInstr: Unstopped activity count: 2
06-07 03:16:09.090  2605  2605 D ColorLauncherAppTransitionManagerImpl: getClosingWindowAnimators: transPoint PointF(858.76, 1037.9967), currentWindowRect = [858.76,1037.9967][993.3362,1192.6149]
06-07 03:16:09.102  5365  5371 D IHansComunication: HANS handleMessage: Got message from kernel
06-07 03:16:09.102  5365  5371 E IHansComunication: HANS printMessageBody: RCVed message body: type = 0, port = 86870, caller_pid = 1650, caller_uid = 1000, target_pid = 6522, target_uid = 10505, pkg_cmd = -1
06-07 03:16:09.102  5365  5371 D IHansComunication: sendMsgToFW--type: 0, callerPid: 1650, targetUid: 10505
06-07 03:16:09.102  2605  2605 D ColorLauncherAppTransitionManagerImpl: getClosingWindowAnimators: transPoint PointF(866.4701, 1047.3159), currentWindowRect = [866.4701,1047.3159][992.558,1181.7749]
06-07 03:16:09.103  5365  5371 D IHansComunication: HANS handleMessage: Got message from kernel
06-07 03:16:09.103  5365  5371 E IHansComunication: HANS printMessageBody: RCVed message body: type = 0, port = 86870, caller_pid = 1650, caller_uid = 1000, target_pid = 6522, target_uid = 10505, pkg_cmd = -1
06-07 03:16:09.103  5365  5371 D IHansComunication: sendMsgToFW--type: 0, callerPid: 1650, targetUid: 10505
06-07 03:16:09.104  5365  5371 D IHansComunication: HANS handleMessage: Got message from kernel
06-07 03:16:09.104  5365  5371 E IHansComunication: HANS printMessageBody: RCVed message body: type = 0, port = 86870, caller_pid = 1650, caller_uid = 1000, target_pid = 32076, target_uid = 10225, pkg_cmd = -1
06-07 03:16:09.104  5365  5371 D IHansComunication: sendMsgToFW--type: 0, callerPid: 1650, targetUid: 10225
06-07 03:16:09.113  2605  2605 D ColorLauncherAppTransitionManagerImpl: getClosingWindowAnimators: transPoint PointF(870.6515, 1052.3699), currentWindowRect = [870.6515,1052.3699][992.1361,1175.896]
06-07 03:16:09.124  2605  2605 D ColorLauncherAppTransitionManagerImpl: getClosingWindowAnimators: transPoint PointF(872.0, 1054.0), currentWindowRect = [872.0,1054.0][992.0,1174.0]
06-07 03:16:09.127  1650  2567 I ColorHansManager : unfreeze uid: 10115 package: com.nearme.gamecenter reason: F-direct scene: FastFreezerScene
06-07 03:16:09.128  1650  2567 I ColorHansManager : unfreeze uid: 10124 package: com.realme.link reason: F-direct scene: FastFreezerScene
06-07 03:16:09.129  1650  2567 I ColorHansManager : unfreeze uid: 10200 package: com.snapchat.android reason: F-direct scene: FastFreezerScene
06-07 03:16:09.129  1650  2567 I ColorHansManager : unfreeze uid: 10225 package: com.instagram.android reason: F-direct scene: FastFreezerScene
06-07 03:16:09.130  1650  2567 I ColorHansManager : unfreeze uid: 10231 package: com.pinterest reason: F-direct scene: FastFreezerScene
06-07 03:16:09.130  1650  2567 I ColorHansManager : unfreeze uid: 10505 package: com.facebook.katana reason: F-direct scene: FastFreezerScene
06-07 03:16:09.131  1650  2567 I ColorHansManager : unfreeze uid: 10538 package: com.discord reason: F-direct scene: FastFreezerScene
06-07 03:16:09.131  1650  2567 I ColorHansManager : unfreeze uid: 10545 package: com.kiloo.subwaysurf reason: F-direct scene: FastFreezerScene
06-07 03:16:09.131 23829 24786 I OplusFeedbackInfo: [sendFPSInfo:L314] mInputBufCnt = 0 fps, mOutputBufCnt = 0 fps, mRenderFrameCnt = 0 fps
06-07 03:16:09.132  1151  1176 D AtlasService: clientsCount 1
06-07 03:16:09.132  1151  1176 D AtlasService: notify 1025 to client
06-07 03:16:09.132  1650  2567 I ColorHansManager : unfreeze uid: 10544 package: com.simejikeyboard reason: F-direct scene: FastFreezerScene
06-07 03:16:09.133  1650  2567 I ColorHansManager : unfreeze uid: 10480 package: com.lazada.android reason: F-direct scene: FastFreezerScene
06-07 03:16:09.133  5326  5356 I MonitoringInstr: Unstopped activity count: 2
06-07 03:16:09.133  1650  2567 I ColorHansManager : unfreeze uid: 10341 package: com.google.android.apps.classroom reason: F-direct scene: FastFreezerScene
06-07 03:16:09.134  1650  2567 I ColorHansManager : unfreeze uid: 10265 package: com.ss.android.ugc.trill reason: F-direct scene: FastFreezerScene
06-07 03:16:09.135   874   874 E Layer   : [Surface(name=Task=2902)/@0xb43895a - animation-leash#0] No local sync point found
06-07 03:16:09.149  5326  5326 D LifecycleMonitor: Lifecycle status change: androidx.test.core.app.InstrumentationActivityInvoker$EmptyActivity@50b37f2 in: STOPPED
06-07 03:16:09.165  5326  5326 D View    : [Warning] assignParent to null: this = DecorView@8756c45[InstrumentationActivityInvoker$EmptyActivity]
06-07 03:16:09.181   874   874 D OppoExLayer: ~Layer() sequence=41357, name=Task=2902#0@0xb400007bcfd06000
06-07 03:16:09.202  5326  5356 E Parcel  : Reading a NULL string not supported here.
06-07 03:16:09.220   838   904 I libPowerHal: [perfNotifyAppState] foreground:com.example.dogglers, pid:5326, uid:10209
06-07 03:16:09.220   838   904 E UxUtility: notifyAppState error = NULL
06-07 03:16:09.220   838   904 I TouchUtility: notifyAppState error = NULL
06-07 03:16:09.220   838   904 I libPowerHal: [PD] scn:360 pack:com.oppo.launcher
06-07 03:16:09.220   838   904 I libPowerHal: [PD] com.oppo.launcher update cmd:1410000 param:0
06-07 03:16:09.220   838   904 I libPowerHal: [PD] com.oppo.launcher update cmd:3408000, param:2
06-07 03:16:09.220   838   904 I libPowerHal: [PD] (less) /proc/perfmgr/tchbst/user/usrtch set +prefix:touch_opp 2;
06-07 03:16:09.220   838   904 I libPowerHal: [PD] com.oppo.launcher update cmd:3408100 param:100000000
06-07 03:16:09.220   838   904 I libPowerHal: [PD] (more) /proc/perfmgr/tchbst/user/usrtch set +prefix:duration 100000000;
06-07 03:16:09.220   838   904 I libPowerHal: [PD] com.oppo.launcher update cmd:3408200 param:100000
06-07 03:16:09.220   838   904 I libPowerHal: [PD] (more) /proc/perfmgr/tchbst/user/usrtch set +prefix:active_time 100000;
06-07 03:16:09.220   838   854 I mtkpower@impl: [notifyAppState] pc:0, com.oppo.launcher => com.example.dogglers
06-07 03:16:09.220   838   854 I mtkpower@impl: [check_work_req] i:0, msg:1 hdl:94350, wait
06-07 03:16:09.221  1650  3081 D Theia.NoFocusWindow: FocusWindowErrorScene CheckFreezeScreen
06-07 03:16:09.232  1650  2567 I ColorHansManager : freeze uid: 10186 package: com.google.android.apps.docs reason: fastfreezer|10209 scene: FastFreezerScene
06-07 03:16:09.235  1650  2567 I ColorHansManager : freeze uid: 10200 package: com.snapchat.android reason: fastfreezer|10209 scene: FastFreezerScene
06-07 03:16:09.235  5326  5326 D LifecycleMonitor: Lifecycle status change: androidx.test.core.app.InstrumentationActivityInvoker$BootstrapActivity@987b2bb in: PRE_ON_CREATE
06-07 03:16:09.236  5326  5326 V ActivityScenario: Activity lifecycle changed event received but ignored because the intent does not match. startActivityIntent=Intent { act=android.intent.action.MAIN cat=[android.intent.category.LAUNCHER] cmp=com.example.dogglers/.GridListActivity }, activity.getIntent()=Intent { act=android.intent.action.MAIN cat=[android.intent.category.LAUNCHER] flg=0x10008000 cmp=com.example.dogglers/androidx.test.core.app.InstrumentationActivityInvoker$BootstrapActivity (has extras) mCallingUid=10209 }, activity=androidx.test.core.app.InstrumentationActivityInvoker$BootstrapActivity@987b2bb
06-07 03:16:09.236  1650  2567 I ColorHansManager : freeze uid: 10341 package: com.google.android.apps.classroom reason: fastfreezer|10209 scene: FastFreezerScene
06-07 03:16:09.237   874   951 I SurfaceFlinger: [SF client] NEW(0xb400007bf3851ec0) for (1650:system_server)
06-07 03:16:09.239  2605  2605 E Launcher.ColorBubbleTextView: mForceHideDot is false
06-07 03:16:09.240  1650  1679 D ViewRootImpl[dogglers]: hardware acceleration = false , fakeHwAccelerated = true, sRendererDisabled = false, forceHwAccelerated = false, sSystemRendererDisabled = false
06-07 03:16:09.240  1650  1679 D OppoDisplayPolicy: com.example.dogglers, no change cutoutMode: 0
06-07 03:16:09.242   874   955 D DispPerfService: get hint proc=, idx=0 none
06-07 03:16:09.244  1650  1679 E libEGL  : Invalid file path for libcolorx-loader.so
06-07 03:16:09.244  1650  1679 I chatty  : uid=1000(system) android.anim identical 4 lines
06-07 03:16:09.244  1650  1679 E libEGL  : Invalid file path for libcolorx-loader.so
06-07 03:16:09.244  1650  1679 I InputTransport: Create ARC handle: 0xb4000077c31ce140
06-07 03:16:09.245   874   874 D DispPerfService: Skip Bind Core, mCoreForSFBind:0
06-07 03:16:09.245  5326  5326 D LifecycleMonitor: Lifecycle status change: androidx.test.core.app.InstrumentationActivityInvoker$BootstrapActivity@987b2bb in: CREATED
06-07 03:16:09.246  5326  5326 V ActivityScenario: Activity lifecycle changed event received but ignored because the intent does not match. startActivityIntent=Intent { act=android.intent.action.MAIN cat=[android.intent.category.LAUNCHER] cmp=com.example.dogglers/.GridListActivity }, activity.getIntent()=Intent { act=android.intent.action.MAIN cat=[android.intent.category.LAUNCHER] flg=0x10008000 cmp=com.example.dogglers/androidx.test.core.app.InstrumentationActivityInvoker$BootstrapActivity (has extras) mCallingUid=10209 }, activity=androidx.test.core.app.InstrumentationActivityInvoker$BootstrapActivity@987b2bb
06-07 03:16:09.247  5326  5326 D LifecycleMonitor: Lifecycle status change: androidx.test.core.app.InstrumentationActivityInvoker$BootstrapActivity@987b2bb in: STARTED
06-07 03:16:09.247  5326  5326 V ActivityScenario: Activity lifecycle changed event received but ignored because the intent does not match. startActivityIntent=Intent { act=android.intent.action.MAIN cat=[android.intent.category.LAUNCHER] cmp=com.example.dogglers/.GridListActivity }, activity.getIntent()=Intent { act=android.intent.action.MAIN cat=[android.intent.category.LAUNCHER] flg=0x10008000 cmp=com.example.dogglers/androidx.test.core.app.InstrumentationActivityInvoker$BootstrapActivity (has extras) mCallingUid=10209 }, activity=androidx.test.core.app.InstrumentationActivityInvoker$BootstrapActivity@987b2bb
06-07 03:16:09.250  1650  1679 D OppoDisplayPolicy: com.example.dogglers, no change cutoutMode: 0
06-07 03:16:09.252   874   951 D DispPerfService: get hint proc=, idx=0 none
06-07 03:16:09.252   874   951 I BufferQueueConsumer: [](id:36a00001f95,api:0,p:-1,c:874) connect(): controlledByApp=false
06-07 03:16:09.252   874   951 I BufferQueue: [unnamed-874-8085](this:0xb400007c11e8c658,id:8085,api:0,p:-1,c:-1) BufferQueue core=(874:/system/bin/surfaceflinger)
06-07 03:16:09.252  1650  1918 I mtkpower_client: perf_lock_rel, hdl:94352, tid:1918
06-07 03:16:09.252  1650  1663 D AS.AudioService: getParameters() keyValuePairs:OPLUS_AUDIO_GET_FOCUS_STACK
06-07 03:16:09.252  1650  1918 I mtkpower_client: perf_lock_acq, hdl:94352, dur:0, num:10, tid:1918
06-07 03:16:09.253  2850  4880 W OppoGuardElf: ThermalControllHandler: tempLevel=4,userMode=2,gameUserMode=-1,appType=-1,envTempType=0,appStates=[]
06-07 03:16:09.253  1650  2567 W System.err: java.io.FileNotFoundException: /acct/uid_10214/pid_10758/cgroup.procs: open failed: EACCES (Permission denied)
06-07 03:16:09.254   838   904 I libPowerHal: [perfLockRel] hdl:94352, idx:1
06-07 03:16:09.254   838   904 I libPowerHal: [PD] scn:1 hdl:94352 lock_user:system_server pid:1650 tid:1918 dur:0
06-07 03:16:09.254   838   904 I libPowerHal: [PD] system_server update cmd:1410000 param:0
06-07 03:16:09.254  1650  1918 I mtkpower_client: ret_hdl:94353
06-07 03:16:09.255   838   904 I libPowerHal: cmdSetting - unknown cmd:1c3c000, scmd:(null) ,param_1:0
06-07 03:16:09.255   838   904 I libPowerHal: [perfLockAcq] idx:1 hdl:94353 hint:-1 pid:1650 duration:0 => ret_hdl:94353
06-07 03:16:09.255   838   904 I libPowerHal: [PE] scn:1 hdl:94353 lock_user:system_server pid:1650 tid:1918 dur:0
06-07 03:16:09.255   838   904 I libPowerHal: [PE] system_server update cmd:1410000, param:1
06-07 03:16:09.255  1650  1971 D IAtlas  : IAtlas::init CallingPid 1650
06-07 03:16:09.255  1650  2567 W System.err: 	at libcore.io.IoBridge.open(IoBridge.java:492)
06-07 03:16:09.255  1650  2567 W System.err: 	at java.io.FileInputStream.<init>(FileInputStream.java:160)
06-07 03:16:09.255  1650  2567 W System.err: 	at java.io.FileInputStream.<init>(FileInputStream.java:115)
06-07 03:16:09.255  1650  2567 W System.err: 	at java.io.FileReader.<init>(FileReader.java:58)
06-07 03:16:09.255  1650  2567 W System.err: 	at com.android.server.am.HansSceneBase.getRunningPidsByUid(ColorHansManager.java:4329)
06-07 03:16:09.255  1650  1679 D Surface : lockCanvas
06-07 03:16:09.255  1650  2567 W System.err: 	at com.android.server.am.HansSceneBase.writeDevFile(ColorHansManager.java:4256)
06-07 03:16:09.255  1650  2567 W System.err: 	at com.android.server.am.HansSceneBase.sendHansSignal(ColorHansManager.java:4230)
06-07 03:16:09.255  1650  2567 W System.err: 	at com.android.server.am.HansSceneBase.freeze(ColorHansManager.java:4763)
06-07 03:16:09.255  1650  2567 W System.err: 	at com.android.server.am.HansFastFreezerScene.hansFreeze(ColorHansManager.java:6395)
06-07 03:16:09.255  1650  2567 W System.err: 	at com.android.server.am.HansFastFreezerScene.enterFastFreezer(ColorHansManager.java:6567)
06-07 03:16:09.255  1650  2567 W System.err: 	at com.android.server.am.ColorHansManager.lambda$updateResumedActivity$1$ColorHansManager(ColorHansManager.java:2272)
06-07 03:16:09.255  1650  2567 W System.err: 	at com.android.server.am.-$$Lambda$ColorHansManager$pwv3sXW31w1P1qWx_eWEC7oZsCs.run(Unknown Source:6)
06-07 03:16:09.255  1650  1918 I mtkpower_client: perf_lock_rel, hdl:94353, tid:1918
06-07 03:16:09.255  1650  2567 W System.err: 	at android.os.Handler.handleCallback(Handler.java:938)
06-07 03:16:09.255  1650  2567 W System.err: 	at android.os.Handler.dispatchMessage(Handler.java:99)
06-07 03:16:09.255  1650  2567 W System.err: 	at android.os.Looper.loop(Looper.java:255)
06-07 03:16:09.255  1650  2567 W System.err: 	at android.os.HandlerThread.run(HandlerThread.java:67)
06-07 03:16:09.255   874   951 I BufferQueueProducer: [Splash Screen com.example.dogglers#0](id:36a00001f95,api:2,p:1650,c:874) connect(): api=2 producerControlledByApp=false
06-07 03:16:09.255  1650  1918 I mtkpower_client: perf_lock_acq, hdl:94353, dur:0, num:10, tid:1918
06-07 03:16:09.256  1650  1971 D IAtlas  : IAtlas::init this 0xb4000077064a3870
06-07 03:16:09.256  1650  2567 W System.err: Caused by: android.system.ErrnoException: open failed: EACCES (Permission denied)
06-07 03:16:09.256  1650  2567 W System.err: 	at libcore.io.Linux.open(Native Method)
06-07 03:16:09.256  1650  2567 W System.err: 	at libcore.io.ForwardingOs.open(ForwardingOs.java:166)
06-07 03:16:09.256  1650  2567 W System.err: 	at libcore.io.BlockGuardOs.open(BlockGuardOs.java:254)
06-07 03:16:09.256  1650  2567 W System.err: 	at libcore.io.IoBridge.open(IoBridge.java:478)
06-07 03:16:09.256  1650  2567 W System.err: 	... 15 more
06-07 03:16:09.256   838   904 I libPowerHal: [perfLockRel] hdl:94353, idx:1
06-07 03:16:09.256   838   904 I libPowerHal: [PD] scn:1 hdl:94353 lock_user:system_server pid:1650 tid:1918 dur:0
06-07 03:16:09.256  1151 15690 E MMListParser: open file /proc/1650/cmdline err 13
06-07 03:16:09.256   838   904 I libPowerHal: [PD] system_server update cmd:1410000 param:0
06-07 03:16:09.256  1650  1971 D OplusSkImageProcessing: INFO:(null),quality 95
06-07 03:16:09.256  1650  1971 E OplusSkImageProcessing: not in image processing list
06-07 03:16:09.256  1650  1971 D OplusSkImageProcessing: support_flag: 0,new_quality: 95
06-07 03:16:09.256  1650  1971 I BpBinder: onLastStrongRef automatically unlinking death recipients: <uncached descriptor>
06-07 03:16:09.256  1650  1971 D system_server: ##Make: options.fQuality:95,quality:95,encoderMgr->imageprocessing_flag:0
06-07 03:16:09.256  1650  1918 I mtkpower_client: ret_hdl:94354
06-07 03:16:09.257  1650  1971 D system_server: Resolution: 540 x 1200; FLAG:0
06-07 03:16:09.257  1650  1971 D system_server: Resolution: 540 x 1200;
06-07 03:16:09.257  1650  1971 D system_server: support: 0
06-07 03:16:09.257   838   904 I libPowerHal: cmdSetting - unknown cmd:1c3c000, scmd:(null) ,param_1:0
06-07 03:16:09.257   838   904 I libPowerHal: [perfLockAcq] idx:1 hdl:94354 hint:-1 pid:1650 duration:0 => ret_hdl:94354
06-07 03:16:09.257   838   904 I libPowerHal: [PE] scn:1 hdl:94354 lock_user:system_server pid:1650 tid:1918 dur:0
06-07 03:16:09.257   838   904 I libPowerHal: [PE] system_server update cmd:1410000, param:1
06-07 03:16:09.260  1650  2567 I ColorHansManager : freeze uid: 10214 package: com.lenovo.anyshare.gps reason: fastfreezer|10209 scene: FastFreezerScene
06-07 03:16:09.260  2850  4880 W OppoGuardElf: ThermalControlUtils: mForegroundPkg=com.example.dogglers
06-07 03:16:09.260  2850  4880 W OppoGuardElf: ThermalControllHandler: tempGear=4,configItemName=common_config
06-07 03:16:09.260  2850  5141 W OppoGuardElf: ThermalControllHandler: MSG_THERMAL_CONTROL_CATEGORY_CHANGED
06-07 03:16:09.261  1650  4164 I InputDispatcher: Focus left window: Window{eceb7d u0 com.oppo.launcher/com.oppo.launcher.Launcher} in display 0
06-07 03:16:09.261  1650  4164 I InputDispatcher: Window went away: Window{eceb7d u0 com.oppo.launcher/com.oppo.launcher.Launcher}
06-07 03:16:09.262  1650  2567 I ColorHansManager : freeze uid: 10480 package: com.lazada.android reason: fastfreezer|10209 scene: FastFreezerScene
06-07 03:16:09.263  1650  2567 I ColorHansManager : freeze uid: 10225 package: com.instagram.android reason: fastfreezer|10209 scene: FastFreezerScene
06-07 03:16:09.264  1650  2567 I ColorHansManager : freeze uid: 10231 package: com.pinterest reason: fastfreezer|10209 scene: FastFreezerScene
06-07 03:16:09.265  1650  2567 I ColorHansManager : freeze uid: 10236 package: com.appsinnova.android.keepclean reason: fastfreezer|10209 scene: FastFreezerScene
06-07 03:16:09.266   874   951 D DispPerfService: onframeavailable pid=1650, slot=0, seq=41395, name=system_server:Splash Screen com.example.dogglers#0
06-07 03:16:09.267   874   951 D DispPerfService: get hint proc=ActivityRecord{3756368 u0 com.example.dogglers, idx=0 none
06-07 03:16:09.268   838   855 I mtkpower@impl: [setMode] type:5, enabled:1
06-07 03:16:09.268   838   904 I libPowerHal: [perfLockAcq] idx:4 hdl:94355 hint:11 pid:838 duration:30000 => ret_hdl:94355
06-07 03:16:09.268   838   904 I libPowerHal: [PE] scn:4 hdl:94355 hint:11 comm:mtkpower@1.0-se pid:838
06-07 03:16:09.269   838   904 I libPowerHal: [perfLockRel] hdl:94348, idx:2
06-07 03:16:09.269   838   904 I libPowerHal: [PD] scn:2 hdl:94348 hint:11 comm:mtkpower@1.0-se pid:838
06-07 03:16:09.270   838   904 I libPowerHal: [perfLockAcq] idx:2 hdl:94356 hint:23 pid:838 duration:10000 => ret_hdl:94356
06-07 03:16:09.270   838   904 I libPowerHal: [PE] scn:2 hdl:94356 hint:23 comm:mtkpower@1.0-se pid:838
06-07 03:16:09.271  5326  5326 D LifecycleMonitor: Lifecycle status change: androidx.test.core.app.InstrumentationActivityInvoker$BootstrapActivity@987b2bb in: RESUMED
06-07 03:16:09.272  5326  5326 V ActivityScenario: Activity lifecycle changed event received but ignored because the intent does not match. startActivityIntent=Intent { act=android.intent.action.MAIN cat=[android.intent.category.LAUNCHER] cmp=com.example.dogglers/.GridListActivity }, activity.getIntent()=Intent { act=android.intent.action.MAIN cat=[android.intent.category.LAUNCHER] flg=0x10008000 cmp=com.example.dogglers/androidx.test.core.app.InstrumentationActivityInvoker$BootstrapActivity (has extras) mCallingUid=10209 }, activity=androidx.test.core.app.InstrumentationActivityInvoker$BootstrapActivity@987b2bb
06-07 03:16:09.277  5326  5326 D LifecycleMonitor: Lifecycle status change: androidx.test.core.app.InstrumentationActivityInvoker$BootstrapActivity@987b2bb in: PAUSED
06-07 03:16:09.277  5326  5326 V ActivityScenario: Activity lifecycle changed event received but ignored because the intent does not match. startActivityIntent=Intent { act=android.intent.action.MAIN cat=[android.intent.category.LAUNCHER] cmp=com.example.dogglers/.GridListActivity }, activity.getIntent()=Intent { act=android.intent.action.MAIN cat=[android.intent.category.LAUNCHER] flg=0x10008000 cmp=com.example.dogglers/androidx.test.core.app.InstrumentationActivityInvoker$BootstrapActivity (has extras) mCallingUid=10209 }, activity=androidx.test.core.app.InstrumentationActivityInvoker$BootstrapActivity@987b2bb
06-07 03:16:09.278  3258  8864 E oiface  : packageSwitch pkg com.example.dogglers, enter
06-07 03:16:09.279  3258  8864 E oiface  : current package is com.example.dogglers and pid is 5326
06-07 03:16:09.280  1650  3081 I InputDispatcher: setFocusedApplication displayId=0 <invalid>
06-07 03:16:09.281   838   854 I mtkpower@impl: [notifyAppState] act androidx.test.core.app.InstrumentationActivityInvoker$EmptyActivity => com.example.dogglers.GridListActivity
06-07 03:16:09.284   874   951 D DispPerfService: get hint proc=Surface(name=Task=2), idx=0 none
06-07 03:16:09.286   874   951 D DispPerfService: get hint proc=Surface(name=7b5d0e3 StatusBar), idx=0 none
06-07 03:16:09.287   874   951 D DispPerfService: get hint proc=Surface(name=669131f NavigationBar0), idx=0 none
06-07 03:16:09.287  3258  3270 E oiface  : Average freq 1709000 for 0s.
06-07 03:16:09.287  3258  3270 E oiface  : Average freq 1923076 for 0s.
06-07 03:16:09.288  3258  3270 E oiface  : get gpu config path failed. Fallback to default.
06-07 03:16:09.289  3258  3270 E oiface  : get gpu freq table failed
06-07 03:16:09.290  3894  3894 V PhoneWindow: DecorView setVisiblity: visibility = 8, Parent = android.view.ViewRootImpl@fc11c41, this = DecorView@71b05e6[InputMethod]
06-07 03:16:09.291  3258  3270 E oiface  : client  not found, skipped
06-07 03:16:09.291  3258  3270 D oiface  : forground package is com.example.dogglers
06-07 03:16:09.292  1650  1918 I mtkpower_client: perf_lock_rel, hdl:94354, tid:1918
06-07 03:16:09.292  5326  5514 E libEGL  : Invalid file path for libcolorx-loader.so
06-07 03:16:09.292  1650  1918 I mtkpower_client: perf_lock_acq, hdl:94354, dur:0, num:10, tid:1918
06-07 03:16:09.293   838   904 I libPowerHal: [perfLockRel] hdl:94354, idx:1
06-07 03:16:09.293   838   904 I libPowerHal: [PD] scn:1 hdl:94354 lock_user:system_server pid:1650 tid:1918 dur:0
06-07 03:16:09.293   838   904 I libPowerHal: [PD] system_server update cmd:1410000 param:0
06-07 03:16:09.293  1650  1918 I mtkpower_client: ret_hdl:94357
06-07 03:16:09.294   838   904 I libPowerHal: cmdSetting - unknown cmd:1c3c000, scmd:(null) ,param_1:0
06-07 03:16:09.294   838   904 I libPowerHal: [perfLockAcq] idx:1 hdl:94357 hint:-1 pid:1650 duration:0 => ret_hdl:94357
06-07 03:16:09.294   838   904 I libPowerHal: [PE] scn:1 hdl:94357 lock_user:system_server pid:1650 tid:1918 dur:0
06-07 03:16:09.294   838   904 I libPowerHal: [PE] system_server update cmd:1410000, param:1
06-07 03:16:09.294   874   874 D OppoExLayer: ~Layer() sequence=41385, name=Surface(name=7b5d0e3 StatusBar)/@0x39afcf6 - animation-leash#1@0xb400007bd9e7d000
06-07 03:16:09.294   874   874 D OppoExLayer: ~Layer() sequence=41386, name=Surface(name=669131f NavigationBar0)/@0xe54d8f7 - animation-leash#1@0xb400007bda187000
06-07 03:16:09.295  1650  3081 I InputDispatcher: Window went away: Splash Screen com.example.dogglers#0
06-07 03:16:09.298  5326  5326 D LifecycleMonitor: Lifecycle status change: com.example.dogglers.GridListActivity@6fd81a2 in: PRE_ON_CREATE
06-07 03:16:09.298  5326  5326 V ActivityScenario: Activity lifecycle changed event received but ignored because the reported transition was not ON_CREATE while the last known transition was PRE_ON_CREATE
06-07 03:16:09.301  3258  3270 E oiface  : get gpu config path failed. Fallback to default.
06-07 03:16:09.301  3258  3270 E oiface  : get gpu freq table failed
06-07 03:16:09.308  1650  1679 D Surface : lockCanvas
06-07 03:16:09.323  5326  5326 D LifecycleMonitor: Lifecycle status change: com.example.dogglers.GridListActivity@6fd81a2 in: CREATED
06-07 03:16:09.323  5326  5326 V ActivityScenario: Update currentActivityStage to CREATED, currentActivity=com.example.dogglers.GridListActivity@6fd81a2
06-07 03:16:09.326  5326  5326 D LifecycleMonitor: Lifecycle status change: com.example.dogglers.GridListActivity@6fd81a2 in: STARTED
06-07 03:16:09.326  5326  5326 V ActivityScenario: Update currentActivityStage to STARTED, currentActivity=com.example.dogglers.GridListActivity@6fd81a2
06-07 03:16:09.328  5326  5326 D LifecycleMonitor: Lifecycle status change: com.example.dogglers.GridListActivity@6fd81a2 in: RESUMED
06-07 03:16:09.328  5326  5326 V ActivityScenario: Update currentActivityStage to RESUMED, currentActivity=com.example.dogglers.GridListActivity@6fd81a2
06-07 03:16:09.344  1650  4224 D OppoDisplayPolicy: com.example.dogglers, no change cutoutMode: 0
06-07 03:16:09.362   874   874 D OppoExLayer: ~Layer() sequence=41398, name=Surface(name=7b5d0e3 StatusBar)/@0x39afcf6 - animation-leash#0@0xb400007bf39c0000
06-07 03:16:09.434   874  1504 D DispPerfService: onframeavailable pid=5326, slot=4, seq=41401, name=com.example.dogglers:com.example.dogglers/com.example.dogglers.GridListActivity#0
06-07 03:16:09.438  1650  2567 I ColorHansManager : unfreeze uid: 10115 package: com.nearme.gamecenter reason: F-direct scene: FastFreezerScene
06-07 03:16:09.439  1650  1687 D ArtManagerInternalImpl: /data/misc/iorapd/com.example.dogglers/1/com.example.dogglers.GridListActivity/compiled_traces/compiled_trace.pb doesn't exist
06-07 03:16:09.439  1650  1679 D View    : [Warning] assignParent to null: this = DecorView@d40cac0[dogglers]
06-07 03:16:09.439  1650  2567 I ColorHansManager : unfreeze uid: 10124 package: com.realme.link reason: F-direct scene: FastFreezerScene
06-07 03:16:09.440   874   951 I BufferQueueProducer: [Splash Screen com.example.dogglers#0](id:36a00001f95,api:2,p:1650,c:874) disconnect(): api=2
06-07 03:16:09.440  1650  1687 I ActivityTaskManager: Displayed com.example.dogglers/.GridListActivity: +235ms
06-07 03:16:09.441  1650  2567 I ColorHansManager : unfreeze uid: 10200 package: com.snapchat.android reason: F-direct scene: FastFreezerScene
06-07 03:16:09.441   874  1504 D DispPerfService: get hint proc=Surface(name=843842 Splash Screen com.example.dogglers), idx=0 none
06-07 03:16:09.442  1650  2567 I ColorHansManager : unfreeze uid: 10225 package: com.instagram.android reason: F-direct scene: FastFreezerScene
06-07 03:16:09.442  1650  3081 I InputDispatcher: Focus entered window: Window{4096fd3 u0 com.example.dogglers/com.example.dogglers.GridListActivity} in display 0
06-07 03:16:09.443  1650  2567 I ColorHansManager : unfreeze uid: 10231 package: com.pinterest reason: F-direct scene: FastFreezerScene
06-07 03:16:09.444  1650  1679 I InputTransport: Destroy ARC handle: 0xb4000077c31ce140
06-07 03:16:09.445  1650  2567 I ColorHansManager : unfreeze uid: 10505 package: com.facebook.katana reason: F-direct scene: FastFreezerScene
06-07 03:16:09.446  1650  2567 I ColorHansManager : unfreeze uid: 10538 package: com.discord reason: F-direct scene: FastFreezerScene
06-07 03:16:09.447  1650  2567 I ColorHansManager : unfreeze uid: 10545 package: com.kiloo.subwaysurf reason: F-direct scene: FastFreezerScene
06-07 03:16:09.448  1650  2567 I ColorHansManager : unfreeze uid: 10544 package: com.simejikeyboard reason: F-direct scene: FastFreezerScene
06-07 03:16:09.449  1650  2567 I ColorHansManager : unfreeze uid: 10480 package: com.lazada.android reason: F-direct scene: FastFreezerScene
06-07 03:16:09.451  2605  2621 W System  : A resource failed to call release.
06-07 03:16:09.451  2605  2621 I chatty  : uid=10074(com.oppo.launcher) FinalizerDaemon identical 1 line
06-07 03:16:09.451  2605  2621 W System  : A resource failed to call release.
06-07 03:16:09.453   874   874 D OppoExLayer: ~Layer() sequence=41389, name=Surface(name=WallpaperWindowToken{b5cc2ec token=android.os.Binder@38b319f})/@0x45af277 - animation-leash#0@0xb400007bd980d000
06-07 03:16:09.453   874   874 D OppoExLayer: ~Layer() sequence=41387, name=Surface(name=Task=2)/@0x70c721c - animation-leash#0@0xb400007bf399c000
06-07 03:16:09.453   874   874 D OppoExLayer: ~Layer() sequence=41388, name=Surface(name=Task=2902)/@0xb43895a - animation-leash#0@0xb400007bf39a7000
06-07 03:16:09.464   874   874 D OppoExLayer: ~Layer() sequence=41404, name=Surface(name=843842 Splash Screen com.example.dogglers)/@0x7b53381 - animation-leash#0@0xb400007bd9819000
06-07 03:16:09.464   874   874 D OppoExLayer: ~Layer() sequence=41394, name=843842 Splash Screen com.example.dogglers#0@0xb400007bd9fcd000
06-07 03:16:09.464   874   874 I BufferQueueConsumer: [Splash Screen com.example.dogglers#0](id:36a00001f95,api:0,p:-1,c:874) disconnect()
06-07 03:16:09.465   874   874 I BufferQueue: [Splash Screen com.example.dogglers#0](this:0xb400007c11e8c658,id:8085,api:2,p:-1,c:-1) onDestructor()
06-07 03:16:09.465   874   874 D OppoExLayer: ~Layer() sequence=41395, name=Splash Screen com.example.dogglers#0@0xb400007bf38d8000
06-07 03:16:09.465  5326  5326 I ViewInteraction: Performing 'scroll RecyclerView to position: 5' action on view view.getId() is <2131230933/com.example.dogglers:id/grid_recycler_view>
06-07 03:16:09.466  1650  3081 I InputDispatcher: Window went away: Splash Screen com.example.dogglers#0
06-07 03:16:09.466   874   955 D DispPerfService: get hint proc=Surface(name=613b6a7 InputMethod), idx=0 none
06-07 03:16:09.469  1650  3081 D OppoDisplayPolicy: com.android.systemui, change system app cutoutMode: color always
06-07 03:16:09.469  3894  3894 I GoogleInputMethodService: GoogleInputMethodService.onFinishInput():3204
06-07 03:16:09.470  3894  3894 I GoogleInputMethodService: GoogleInputMethodService.updateDeviceLockedStatus():2100 checkRepeatedly = false, unlocked = true
06-07 03:16:09.471  3894  3894 I GoogleInputMethodService: GoogleInputMethodService.onStartInput():1903 onStartInput(EditorInfo{inputType=0x0(NULL) imeOptions=0x0 privateImeOptions=null actionName=UNSPECIFIED actionLabel=null actionId=0 initialSelStart=-1 initialSelEnd=-1 initialCapsMode=0x0 hintText=null label=null packageName=com.example.dogglers fieldId=-1 fieldName=null extras=null}, false)
06-07 03:16:09.472  3894  3894 I GoogleInputMethodService: GoogleInputMethodService.updateDeviceLockedStatus():2100 checkRepeatedly = true, unlocked = true
06-07 03:16:09.473  5326  5326 I ViewInteraction: Checking 'MatchesViewAssertion{viewMatcher=(view has effective visibility <VISIBLE> and view.getGlobalVisibleRect() to return non-empty rectangle)}' assertion on view an instance of android.widget.TextView and view.getText() with or without transformation to match: is "Bella"
06-07 03:16:09.474  3894  3894 V PhoneWindow: DecorView setVisiblity: visibility = 8, Parent = android.view.ViewRootImpl@fc11c41, this = DecorView@71b05e6[InputMethod]
06-07 03:16:09.475   838   855 I mtkpower@impl: [setMode] type:5, enabled:0
06-07 03:16:09.476   838   904 I libPowerHal: [perfLockRel] hdl:94355, idx:4
06-07 03:16:09.476   874   874 D OppoExLayer: ~Layer() sequence=41391, name=Surface(name=613b6a7 InputMethod)/@0x18076fd - animation-leash#0@0xb400007bd9fc9000
06-07 03:16:09.476   838   904 I libPowerHal: [PD] scn:4 hdl:94355 hint:11 comm:mtkpower@1.0-se pid:838
06-07 03:16:09.476   838   854 I mtkpower@impl: [mtkPowerHint] hint:23, hold:0, ext:30, ext_hold:5
06-07 03:16:09.477   838   904 I libPowerHal: [perfLockRel] hdl:94349, idx:3
06-07 03:16:09.477   838   904 I libPowerHal: [PD] scn:3 hdl:94349 hint:22 comm:mtkpower@1.0-se pid:838
06-07 03:16:09.478   838   904 I libPowerHal: [perfLockRel] hdl:94356, idx:2
06-07 03:16:09.478   838   904 I libPowerHal: [PD] scn:2 hdl:94356 hint:23 comm:mtkpower@1.0-se pid:838
06-07 03:16:09.478   838   904 I libPowerHal: [PD] MTKPOWER_HINT_ACT_SWITCH update cmd:1000000, param:-1
06-07 03:16:09.480   838   904 I libPowerHal: [PD] MTKPOWER_HINT_ACT_SWITCH update cmd:1408300 param:0
06-07 03:16:09.480   838   904 I libPowerHal: [PD] MTKPOWER_HINT_ACT_SWITCH update cmd:1000000 param:-1
06-07 03:16:09.481   838   904 I libPowerHal: [perfLockAcq] idx:4 hdl:94359 hint:30 pid:838 duration:5 => ret_hdl:94359
06-07 03:16:09.481   838   904 I libPowerHal: [PE] scn:4 hdl:94359 hint:30 comm:mtkpower@1.0-se pid:838
06-07 03:16:09.481   838   904 I libPowerHal: [PE] MTKPOWER_HINT_EXT_LAUNCH update cmd:1000000, param:1
06-07 03:16:09.481   838   904 I libPowerHal: [PE] MTKPOWER_HINT_EXT_LAUNCH update cmd:2020000, param:15
06-07 03:16:09.481   838   904 I libPowerHal: [PE] MTKPOWER_HINT_EXT_LAUNCH update cmd:1408300, param:40
06-07 03:16:09.481   838   904 I libPowerHal: [PE] MTKPOWER_HINT_EXT_LAUNCH update cmd:1000000 param:1
06-07 03:16:09.482  5326  5356 E Parcel  : Reading a NULL string not supported here.
06-07 03:16:09.484   838   904 I libPowerHal: [perfLockRel] hdl:94358, idx:1
06-07 03:16:09.484   838   904 I libPowerHal: [PD] scn:1 hdl:94358 lock_user:system_server pid:1650 tid:1918 dur:0
06-07 03:16:09.485   838   904 I libPowerHal: system_server: cpu_ctrl set cpu freq: -1 -1 -1 -1
06-07 03:16:09.485   838   904 I libPowerHal: [PD] system_server update cmd:1410000 param:0
06-07 03:16:09.485   838   904 I libPowerHal: cmdSetting - unknown cmd:1c3c000, scmd:(null) ,param_1:0
06-07 03:16:09.485   838   904 I libPowerHal: [perfLockAcq] idx:1 hdl:94360 hint:-1 pid:1650 duration:0 => ret_hdl:94360
06-07 03:16:09.485   838   904 I libPowerHal: [PE] scn:1 hdl:94360 lock_user:system_server pid:1650 tid:1918 dur:0
06-07 03:16:09.486   838   904 I libPowerHal: system_server: cpu_ctrl set cpu freq: 2000000 -1 2050000 -1
06-07 03:16:09.486   838   904 I libPowerHal: [PE] system_server update cmd:1410000, param:1
06-07 03:16:09.486   874  1504 D DispPerfService: get hint proc=ActivityRecord{f01fc21 u0 com.example.dogglers, idx=0 none
06-07 03:16:09.487   838   904 I mtkpower@impl: [powerd_req] TIMER_MSG_PERF_LOCK_TIMEOUT hdl:94359
06-07 03:16:09.487   838   904 I libPowerHal: [perfLockRel] hdl:94359, idx:4
06-07 03:16:09.487   838   904 I libPowerHal: [PD] scn:4 hdl:94359 hint:30 comm:mtkpower@1.0-se pid:838
06-07 03:16:09.487   838   904 I libPowerHal: [PD] MTKPOWER_HINT_EXT_LAUNCH update cmd:1000000, param:-1
06-07 03:16:09.487   838   904 I libPowerHal: [PD] MTKPOWER_HINT_EXT_LAUNCH update cmd:2020000 param:1
06-07 03:16:09.487   838   904 I libPowerHal: [PD] MTKPOWER_HINT_EXT_LAUNCH update cmd:1408300 param:0
06-07 03:16:09.487   838   904 I libPowerHal: [PD] MTKPOWER_HINT_EXT_LAUNCH update cmd:1000000 param:-1
06-07 03:16:09.488   838   855 I mtkpower@impl: [setMode] type:5, enabled:1
06-07 03:16:09.488   838   904 I libPowerHal: [perfLockAcq] idx:2 hdl:94361 hint:11 pid:838 duration:30000 => ret_hdl:94361
06-07 03:16:09.488   838   904 I libPowerHal: [PE] scn:2 hdl:94361 hint:11 comm:mtkpower@1.0-se pid:838
06-07 03:16:09.488   838   904 I libPowerHal: [PE] LAUNCH update cmd:1000000, param:0
06-07 03:16:09.489   838   904 I libPowerHal: [PE] LAUNCH update cmd:1408300, param:100
06-07 03:16:09.489   838   904 I libPowerHal: [PE] LAUNCH update cmd:1000000 param:0
06-07 03:16:09.493   838   904 I libPowerHal: [perfLockRel] hdl:94359, idx:-1
06-07 03:16:09.494   838   904 I libPowerHal: [perfLockAcq] idx:3 hdl:94362 hint:23 pid:838 duration:10000 => ret_hdl:94362
06-07 03:16:09.505   838   854 I mtkpower@impl: [notifyAppState] act com.example.dogglers.GridListActivity => androidx.test.core.app.InstrumentationActivityInvoker$EmptyActivity
06-07 03:16:09.515  5326  5520 E libEGL  : Invalid file path for libcolorx-loader.so
06-07 03:16:09.516   838   904 I libPowerHal: [perfLockRel] hdl:94360, idx:1
06-07 03:16:09.516   838   904 I libPowerHal: [PD] scn:1 hdl:94360 lock_user:system_server pid:1650 tid:1918 dur:0
06-07 03:16:09.530  5326  5326 D LifecycleMonitor: Lifecycle status change: androidx.test.core.app.InstrumentationActivityInvoker$EmptyActivity@3b4202b in: CREATED
06-07 03:16:09.530  5326  5326 V ActivityScenario: Activity lifecycle changed event received but ignored because the intent does not match. startActivityIntent=Intent { act=android.intent.action.MAIN cat=[android.intent.category.LAUNCHER] cmp=com.example.dogglers/.GridListActivity }, activity.getIntent()=Intent { act=android.intent.action.MAIN cat=[android.intent.category.LAUNCHER] flg=0x10000000 cmp=com.example.dogglers/androidx.test.core.app.InstrumentationActivityInvoker$EmptyActivity mCallingUid=10209 }, activity=androidx.test.core.app.InstrumentationActivityInvoker$EmptyActivity@3b4202b
06-07 03:16:09.532  5326  5326 D LifecycleMonitor: Lifecycle status change: androidx.test.core.app.InstrumentationActivityInvoker$EmptyActivity@3b4202b in: STARTED
06-07 03:16:09.532  5326  5326 V ActivityScenario: Activity lifecycle changed event received but ignored because the intent does not match. startActivityIntent=Intent { act=android.intent.action.MAIN cat=[android.intent.category.LAUNCHER] cmp=com.example.dogglers/.GridListActivity }, activity.getIntent()=Intent { act=android.intent.action.MAIN cat=[android.intent.category.LAUNCHER] flg=0x10000000 cmp=com.example.dogglers/androidx.test.core.app.InstrumentationActivityInvoker$EmptyActivity mCallingUid=10209 }, activity=androidx.test.core.app.InstrumentationActivityInvoker$EmptyActivity@3b4202b
06-07 03:16:09.543  1650  1663 D OppoDisplayPolicy: com.example.dogglers, no change cutoutMode: 0
06-07 03:16:09.551  1650  1663 D OppoDisplayPolicy: com.example.dogglers, no change cutoutMode: 0
06-07 03:16:09.554   874  1507 D DispPerfService: get hint proc=com.example.dogglers, idx=0 none
06-07 03:16:09.554   874  1507 I BufferQueueConsumer: [](id:36a00001f97,api:0,p:-1,c:874) connect(): controlledByApp=false
06-07 03:16:09.577   874  1507 D DispPerfService: onframeavailable pid=5326, slot=0, seq=41408, name=com.example.dogglers:com.example.dogglers/androidx.test.core.app.InstrumentationActivityInvoker$EmptyActivity#0
06-07 03:16:09.589   874   874 D OppoExLayer: ~Layer() sequence=41402, name=Surface(name=7b5d0e3 StatusBar)/@0x39afcf6 - animation-leash#1@0xb400007bd9ffd000
06-07 03:16:09.614  3894  3894 V PhoneWindow: DecorView setVisiblity: visibility = 8, Parent = android.view.ViewRootImpl@fc11c41, this = DecorView@71b05e6[InputMethod]
06-07 03:16:09.633   874  1504 D DispPerfService: get hint proc=Surface(name=613b6a7 InputMethod), idx=0 none
06-07 03:16:09.642  5326  5326 V ActivityScenario: Activity lifecycle changed event received but ignored because the intent does not match. startActivityIntent=Intent { act=android.intent.action.MAIN cat=[android.intent.category.LAUNCHER] cmp=com.example.dogglers/.GridListActivity }, activity.getIntent()=Intent { act=android.intent.action.MAIN cat=[android.intent.category.LAUNCHER] flg=0x10008000 cmp=com.example.dogglers/androidx.test.core.app.InstrumentationActivityInvoker$BootstrapActivity (has extras) mCallingUid=10209 }, activity=androidx.test.core.app.InstrumentationActivityInvoker$BootstrapActivity@987b2bb
06-07 03:16:09.689  5326  5326 I InputTransport: Destroy ARC handle: 0xb400007856348d00
06-07 03:16:09.713   874  1504 D DispPerfService: onframeavailable pid=5326, slot=0, seq=41414, name=com.example.dogglers:com.example.dogglers/androidx.test.core.app.InstrumentationActivityInvoker$EmptyActivity#1
06-07 03:16:09.714   874   874 D OppoExLayer: ~Layer() sequence=41396, name=ActivityRecord{3756368 u0 com.example.dogglers/.GridListActivity#0@0xb400007bf38db000
06-07 03:16:09.726  1650  4224 I InputDispatcher: Focus entered window: Window{e38895c u0 com.example.dogglers/androidx.test.core.app.InstrumentationActivityInvoker$EmptyActivity} in display 0
06-07 03:16:09.737   874   874 D OppoExLayer: ~Layer() sequence=41409, name=Surface(name=7b5d0e3 StatusBar)/@0x39afcf6 - animation-leash#0@0xb400007bd9e32000
06-07 03:16:09.737   874   874 D OppoExLayer: ~Layer() sequence=41410, name=Surface(name=669131f NavigationBar0)/@0xe54d8f7 - animation-leash#0@0xb400007bd9e41000
06-07 03:16:09.739  3894  3894 V PhoneWindow: DecorView setVisiblity: visibility = 8, Parent = android.view.ViewRootImpl@fc11c41, this = DecorView@71b05e6[InputMethod]
06-07 03:16:09.740  1650  1769 D InputMethodManagerService: isSecurity: attribute.packageName=com.example.dogglers
06-07 03:16:09.740  1650  1769 D InputMethodManagerService: isSecurity= false (  enable=false needShow=false inBlackList=false  isExist=true )
06-07 03:16:09.741  1650  1769 D OplusVerificationCodeController: notifyImeAttributeChanged: 64false
06-07 03:16:09.746   874   951 D DispPerfService: get hint proc=Surface(name=613b6a7 InputMethod), idx=0 none
06-07 03:16:09.760  1650  1663 I InputDispatcher: Focus left window: Window{e38895c u0 com.example.dogglers/androidx.test.core.app.InstrumentationActivityInvoker$EmptyActivity} in display 0
06-07 03:16:09.772  5326  5326 D LifecycleMonitor: Lifecycle status change: androidx.test.core.app.InstrumentationActivityInvoker$EmptyActivity@c60d4a0 in: PAUSED
06-07 03:16:09.772  5326  5326 V ActivityScenario: Activity lifecycle changed event received but ignored because the intent does not match. startActivityIntent=Intent { act=android.intent.action.MAIN cat=[android.intent.category.LAUNCHER] cmp=com.example.dogglers/.GridListActivity }, activity.getIntent()=Intent { act=android.intent.action.MAIN cat=[android.intent.category.LAUNCHER] flg=0x10000000 cmp=com.example.dogglers/androidx.test.core.app.InstrumentationActivityInvoker$EmptyActivity mCallingUid=10209 }, activity=androidx.test.core.app.InstrumentationActivityInvoker$EmptyActivity@c60d4a0
06-07 03:16:09.776   874  1507 I BufferQueueProducer: [com.oppo.launcher/com.oppo.launcher.Launcher#0](id:36a00001f94,api:1,p:2605,c:874) disconnect(): api=1
06-07 03:16:09.779  1650  4990 V SensorManager: setScreenShotDisableImpl
06-07 03:16:09.779  1650  4990 D SensorService: debug_oplusGeminiProximity setScreenShotDisable in SensorService
06-07 03:16:09.781   838   904 I libPowerHal: [perfLockRel] hdl:94369, idx:1
06-07 03:16:09.781   838   904 I libPowerHal: [PD] scn:1 hdl:94369 lock_user:system_server pid:1650 tid:1918 dur:0
06-07 03:16:09.781   838   904 I libPowerHal: [PD] system_server update cmd:1410000 param:0
06-07 03:16:09.782  1650  1918 I mtkpower_client: ret_hdl:94370
06-07 03:16:09.782   838   904 I libPowerHal: cmdSetting - unknown cmd:1c3c000, scmd:(null) ,param_1:0
06-07 03:16:09.782   838   904 I libPowerHal: [perfLockAcq] idx:1 hdl:94370 hint:-1 pid:1650 duration:0 => ret_hdl:94370
06-07 03:16:09.786   838   904 I libPowerHal: [perfLockRel] hdl:94370, idx:1
