06-07 03:16:07.100  2605  2605 D IconConfigParser: parseConfig::icon config =: IconConfig = [ isForeign : true,theme : 4,iconSize : 4000,iconShape : 0,foregroundSize : 6000,artPlusOn : 1,iconRadius 1,darkModeIcon:0 ]
06-07 03:16:07.105  2605  2605 D ColorLauncherAppTransitionManagerImpl: getClosingWindowAnimators: transPoint PointF(214.87564, 259.7234), currentWindowRect = [214.87564,259.7234][1058.3153,2097.8926]
06-07 03:16:07.105  1650  4224 I InputDispatcher: Focus entered window: Window{eceb7d u0 com.oppo.launcher/com.oppo.launcher.Launcher} in display 0
06-07 03:16:07.105  2605  2605 E Launcher.ColorBubbleTextView: mForceHideDot is false
06-07 03:16:07.105  2605  2605 E Launcher.ColorBubbleTextView: mForceHideDot is false
06-07 03:16:07.110  3258  8864 E oiface  : packageSwitch pkg com.oppo.launcher, enter
06-07 03:16:07.123   838   904 I libPowerHal: [perfLockRel] hdl:94284, idx:2
06-07 03:16:07.123   838   904 I libPowerHal: [PD] scn:2 hdl:94284 hint:11 comm:mtkpower@1.0-se pid:838
06-07 03:16:07.124   838   904 I libPowerHal: LAUNCH: cpu_ctrl set cpu freq: 2000000 -1 1419000 -1
06-07 03:16:07.124   838   904 I libPowerHal: [PD] LAUNCH update cmd:1000000, param:-1
06-07 03:16:07.124  3894  3894 I GoogleInputMethodService: GoogleInputMethodService.updateDeviceLockedStatus():2100 checkRepeatedly = false, unlocked = true
06-07 03:16:07.124   838   904 I libPowerHal: [PD] LAUNCH update cmd:1408300 param:0
06-07 03:16:07.124  3894  3894 I GoogleInputMethodService: GoogleInputMethodService.onStartInput():1903 onStartInput(EditorInfo{inputType=0x0(NULL) imeOptions=0x0 privateImeOptions=null actionName=UNSPECIFIED actionLabel=null actionId=0 initialSelStart=-1 initialSelEnd=-1 initialCapsMode=0x0 hintText=null label=null packageName=com.oppo.launcher fieldId=-1 fieldName=null extras=null}, false)
06-07 03:16:07.125   874   874 I BufferQueueProducer: [FramebufferSurface](this:0xb400007bfe42eed0,id:-1,api:1,p:874,c:874) queueBuffer: fps=33.16 dur=1567.96 max=573.25 min=9.41
06-07 03:16:07.125   838   904 I libPowerHal: [PD] LAUNCH update cmd:1000000 param:-1
06-07 03:16:07.125  3894  3894 I GoogleInputMethodService: GoogleInputMethodService.updateDeviceLockedStatus():2100 checkRepeatedly = true, unlocked = true
06-07 03:16:07.127  3258  3270 E oiface  : Average freq 2014655 for 0s.
06-07 03:16:07.127  3258  3270 E oiface  : Average freq 1966101 for 0s.
06-07 03:16:07.127  3258  3270 E oiface  : get gpu config path failed. Fallback to default.
06-07 03:16:07.127  2605  2605 D ColorLauncherAppTransitionManagerImpl: getClosingWindowAnimators: transPoint PointF(637.26715, 770.27466), currentWindowRect = [637.26715,770.27466][1015.68866,1504.0258]
06-07 03:16:07.128  3258  3270 E oiface  : get gpu freq table failed
06-07 03:16:07.131  2605  2830 E Parcel  : Reading a NULL string not supported here.
06-07 03:16:07.132  1650  5021 D OppoDisplayPolicy: com.android.systemui, change system app cutoutMode: color always
06-07 03:16:07.133  3258  3270 E oiface  : client  not found, skipped
06-07 03:16:07.133  3258  3270 D oiface  : forground package is com.oppo.launcher
06-07 03:16:07.134  3894  3894 V PhoneWindow: DecorView setVisiblity: visibility = 8, Parent = android.view.ViewRootImpl@fc11c41, this = DecorView@71b05e6[InputMethod]
06-07 03:16:07.137  2605  2830 E Parcel  : Reading a NULL string not supported here.
06-07 03:16:07.138   874   874 D OppoExLayer: ~Layer() sequence=41313, name=Surface(name=613b6a7 InputMethod)/@0x18076fd - animation-leash#0@0xb400007bda0c5000
06-07 03:16:07.139  2605  2605 D ColorLauncherAppTransitionManagerImpl: getClosingWindowAnimators: transPoint PointF(714.172, 863.23083), currentWindowRect = [714.172,863.23083][1007.9276,1395.9003]
06-07 03:16:07.140  3258  3270 E oiface  : get gpu config path failed. Fallback to default.
06-07 03:16:07.141  3258  3270 E oiface  : get gpu freq table failed
06-07 03:16:07.143  1650  4164 D OppoDisplayPolicy: com.android.systemui, change system app cutoutMode: color always
06-07 03:16:07.146  5326  5356 I MonitoringInstr: Unstopped activity count: 2
06-07 03:16:07.150  2605  2605 D ColorLauncherAppTransitionManagerImpl: getClosingWindowAnimators: transPoint PointF(764.89233, 924.53723), currentWindowRect = [764.89233,924.53723][1002.8091,1324.5895]
06-07 03:16:07.161  2605  2605 D ColorLauncherAppTransitionManagerImpl: getClosingWindowAnimators: transPoint PointF(803.65454, 971.3898), currentWindowRect = [803.65454,971.3898][998.8972,1270.0912]
06-07 03:16:07.173  2605  2605 D ColorLauncherAppTransitionManagerImpl: getClosingWindowAnimators: transPoint PointF(828.42017, 1001.3242), currentWindowRect = [828.42017,1001.3242][996.39795,1235.2717]
06-07 03:16:07.174  2605  2621 W System  : A resource failed to call release.
06-07 03:16:07.175  2605  2621 I chatty  : uid=10074(com.oppo.launcher) FinalizerDaemon identical 1 line
06-07 03:16:07.175  2605  2621 W System  : A resource failed to call release.
06-07 03:16:07.183   874   874 D OppoExLayer: ~Layer() sequence=41280, name=Surface(name=Task=2899)/@0x32e82ed - animation-leash#0@0xb400007bd9e82000
06-07 03:16:07.183   874   874 D OppoExLayer: ~Layer() sequence=41260, name=Surface(name=Task=2)/@0x70c721c - animation-leash#0@0xb400007bd9e92000
06-07 03:16:07.184  2605  2605 D ColorLauncherAppTransitionManagerImpl: getClosingWindowAnimators: transPoint PointF(846.4999, 1023.1776), currentWindowRect = [846.4999,1023.1776][994.57336,1209.8522]
06-07 03:16:07.195  2605  2605 D ColorLauncherAppTransitionManagerImpl: getClosingWindowAnimators: transPoint PointF(859.5105, 1038.9036), currentWindowRect = [859.5105,1038.9036][993.2604,1191.5598]
06-07 03:16:07.196  5326  5356 I MonitoringInstr: Unstopped activity count: 2
06-07 03:16:07.207  2605  2605 D ColorLauncherAppTransitionManagerImpl: getClosingWindowAnimators: transPoint PointF(866.89685, 1047.8318), currentWindowRect = [866.89685,1047.8318][992.515,1181.1748]
06-07 03:16:07.218  2605  2605 D ColorLauncherAppTransitionManagerImpl: getClosingWindowAnimators: transPoint PointF(870.78625, 1052.5328), currentWindowRect = [870.78625,1052.5328][992.12244,1175.7064]
06-07 03:16:07.219  2605  2605 E Launcher.ColorBubbleTextView: mForceHideDot is false
06-07 03:16:07.219  2605  2605 E Launcher.ColorBubbleTextView: mForceHideDot is false
06-07 03:16:07.230  2605  2605 D ColorLauncherAppTransitionManagerImpl: getClosingWindowAnimators: transPoint PointF(872.0, 1054.0), currentWindowRect = [872.0,1054.0][992.0,1174.0]
06-07 03:16:07.233  1650  2567 I ColorHansManager : unfreeze uid: 10115 package: com.nearme.gamecenter reason: F-direct scene: FastFreezerScene
06-07 03:16:07.233  1650  2567 I ColorHansManager : unfreeze uid: 10124 package: com.realme.link reason: F-direct scene: FastFreezerScene
06-07 03:16:07.234  1650  2567 I ColorHansManager : unfreeze uid: 10200 package: com.snapchat.android reason: F-direct scene: FastFreezerScene
06-07 03:16:07.234  1650  2567 I ColorHansManager : unfreeze uid: 10225 package: com.instagram.android reason: F-direct scene: FastFreezerScene
06-07 03:16:07.235  1650  2567 I ColorHansManager : unfreeze uid: 10231 package: com.pinterest reason: F-direct scene: FastFreezerScene
06-07 03:16:07.235  1650  2567 I ColorHansManager : unfreeze uid: 10505 package: com.facebook.katana reason: F-direct scene: FastFreezerScene
06-07 03:16:07.236  1650  2567 I ColorHansManager : unfreeze uid: 10538 package: com.discord reason: F-direct scene: FastFreezerScene
06-07 03:16:07.236  1650  2567 I ColorHansManager : unfreeze uid: 10545 package: com.kiloo.subwaysurf reason: F-direct scene: FastFreezerScene
06-07 03:16:07.237  1650  2567 I ColorHansManager : unfreeze uid: 10544 package: com.simejikeyboard reason: F-direct scene: FastFreezerScene
06-07 03:16:07.238  1650  2567 I ColorHansManager : unfreeze uid: 10480 package: com.lazada.android reason: F-direct scene: FastFreezerScene
06-07 03:16:07.238  1650  2567 I ColorHansManager : unfreeze uid: 10341 package: com.google.android.apps.classroom reason: F-direct scene: FastFreezerScene
06-07 03:16:07.239  1650  2567 I ColorHansManager : unfreeze uid: 10265 package: com.ss.android.ugc.trill reason: F-direct scene: FastFreezerScene
06-07 03:16:07.240  1650  2567 I ColorHansManager : unfreeze uid: 10236 package: com.appsinnova.android.keepclean reason: F-direct scene: FastFreezerScene
06-07 03:16:07.240   874   874 D OppoExLayer: ~Layer() sequence=41318, name=Surface(name=WallpaperWindowToken{b5cc2ec token=android.os.Binder@38b319f})/@0x45af277 - animation-leash#0@0xb400007bd9ffa000
06-07 03:16:07.240   874   874 E Layer   : [Surface(name=Task=2)/@0x70c721c - animation-leash#0] No local sync point found
06-07 03:16:07.240   874   874 E Layer   : [Surface(name=Task=2900)/@0x13656cc - animation-leash#0] No local sync point found
06-07 03:16:07.241  1650  2567 I ColorHansManager : unfreeze uid: 10214 package: com.lenovo.anyshare.gps reason: F-direct scene: FastFreezerScene
06-07 03:16:07.241   874   874 D DispPerfService: Skip Bind Core, mCoreForSFBind:0
06-07 03:16:07.242  1650  2567 I ColorHansManager : unfreeze uid: 10186 package: com.google.android.apps.docs reason: F-direct scene: FastFreezerScene
06-07 03:16:07.242  1650  2567 I ColorHansManager : exit fastfreezer, reason:F-direct
06-07 03:16:07.243  1650  2568 W OplusLocationManagerService: NavigateMode doesn't match LocationMode
06-07 03:16:07.243  1650  2568 I ColorHansManager : stateRToFFreeze--imporant case: pkgName: com.ss.android.ugc.trill, reason: lastResumeProtect
06-07 03:16:07.243  1650  2568 W OplusLocationManagerService: NavigateMode doesn't match LocationMode
06-07 03:16:07.244  1650  2568 I ColorHansManager : stateRToFFreeze--imporant case: pkgName: com.simejikeyboard, reason: lastResumeProtect
06-07 03:16:07.244  1650  2568 W OplusLocationManagerService: NavigateMode doesn't match LocationMode
06-07 03:16:07.245  1650  2568 I ColorHansManager : stateRToFFreeze--imporant case: pkgName: com.kiloo.subwaysurf, reason: lastResumeProtect
06-07 03:16:07.245   874   951 I BufferQueueProducer: [com.example.dogglers/androidx.test.core.app.InstrumentationActivityInvoker$EmptyActivity#1](id:36a00001f89,api:1,p:5326,c:874) disconnect(): api=1
06-07 03:16:07.246  1650  2568 W OplusLocationManagerService: NavigateMode doesn't match LocationMode
06-07 03:16:07.246  1650  2568 I ColorHansManager : stateRToFFreeze--imporant case: pkgName: com.google.android.apps.docs, reason: lastResumeProtect
06-07 03:16:07.246  1650  2568 W OplusLocationManagerService: NavigateMode doesn't match LocationMode
06-07 03:16:07.246  1650  2568 I ColorHansManager : stateRToFFreeze--imporant case: pkgName: com.google.android.apps.classroom, reason: lastResumeProtect
06-07 03:16:07.246  1650  2568 W OplusLocationManagerService: NavigateMode doesn't match LocationMode
06-07 03:16:07.246  1650  2568 I ColorHansManager : stateRToFFreeze--imporant case: pkgName: com.lenovo.anyshare.gps, reason: lastResumeProtect
06-07 03:16:07.247  5326  5356 I MonitoringInstr: Unstopped activity count: 2
06-07 03:16:07.247  1650  2568 W OplusLocationManagerService: NavigateMode doesn't match LocationMode
06-07 03:16:07.247  1650  2568 I ColorHansManager : stateRToFFreeze--imporant case: pkgName: com.lazada.android, reason: lastResumeProtect
06-07 03:16:07.247  1650  2568 W OplusLocationManagerService: NavigateMode doesn't match LocationMode
06-07 03:16:07.247  1650  2568 I ColorHansManager : stateRToFFreeze--imporant case: pkgName: com.appsinnova.android.keepclean, reason: lastResumeProtect
06-07 03:16:07.258   874  3098 I BufferQueueProducer: [com.oppo.launcher/com.oppo.launcher.Launcher#0](this:0xb400007bfe74d658,id:8061,api:1,p:2605,c:874) queueBuffer: fps=33.71 dur=1008.67 max=568.66 min=8.11
06-07 03:16:07.260  5326  5326 D LifecycleMonitor: Lifecycle status change: androidx.test.core.app.InstrumentationActivityInvoker$EmptyActivity@b004393 in: STOPPED
06-07 03:16:07.261  5326  5326 V PhoneWindow: DecorView setVisiblity: visibility = 4, Parent = android.view.ViewRootImpl@7abcb85, this = DecorView@e9ae2ce[InstrumentationActivityInvoker$EmptyActivity]
06-07 03:16:07.262  5326  5326 D LifecycleMonitor: Lifecycle status change: androidx.test.core.app.InstrumentationActivityInvoker$EmptyActivity@b004393 in: DESTROYED
06-07 03:16:07.266  5326  5326 D View    : [Warning] assignParent to null: this = DecorView@e9ae2ce[InstrumentationActivityInvoker$EmptyActivity]
06-07 03:16:07.269  5326  5326 I InputTransport: Destroy ARC handle: 0xb40000784945f1a0
06-07 03:16:07.270  5326  5326 D LifecycleMonitor: Lifecycle status change: androidx.test.core.app.InstrumentationActivityInvoker$EmptyActivity@44cdeff in: STOPPED
06-07 03:16:07.271  5326  5326 V PhoneWindow: DecorView setVisiblity: visibility = 4, Parent = android.view.ViewRootImpl@d0ab91, this = DecorView@7a4162a[InstrumentationActivityInvoker$EmptyActivity]
06-07 03:16:07.271  5326  5326 D LifecycleMonitor: Lifecycle status change: androidx.test.core.app.InstrumentationActivityInvoker$EmptyActivity@44cdeff in: DESTROYED
06-07 03:16:07.272  5326  5326 D View    : [Warning] assignParent to null: this = DecorView@7a4162a[InstrumentationActivityInvoker$EmptyActivity]
06-07 03:16:07.274   874   874 D OppoExLayer: ~Layer() sequence=41309, name=588af31 com.example.dogglers/androidx.test.core.app.InstrumentationActivityInvoker$EmptyActivity#0@0xb400007bd9e7d000
06-07 03:16:07.274   874   874 I BufferQueueConsumer: [com.example.dogglers/androidx.test.core.app.InstrumentationActivityInvoker$EmptyActivity#1](id:36a00001f89,api:0,p:-1,c:874) disconnect()
06-07 03:16:07.274   874   874 I BufferQueue: [com.example.dogglers/androidx.test.core.app.InstrumentationActivityInvoker$EmptyActivity#1](this:0xb400007bda140c58,id:8073,api:1,p:-1,c:-1) onDestructor()
06-07 03:16:07.274   874   874 D OppoExLayer: ~Layer() sequence=41310, name=com.example.dogglers/androidx.test.core.app.InstrumentationActivityInvoker$EmptyActivity#1@0xb400007bda1de000
06-07 03:16:07.276  5326  5326 I InputTransport: Destroy ARC handle: 0xb40000784f9ff7e0
06-07 03:16:07.276  1650  4164 I InputDispatcher: Window went away: com.example.dogglers/androidx.test.core.app.InstrumentationActivityInvoker$EmptyActivity#1
06-07 03:16:07.276  1650  4164 I InputDispatcher: Window went away: com.example.dogglers/androidx.test.core.app.InstrumentationActivityInvoker$EmptyActivity#0
06-07 03:16:07.286   874   874 I BufferQueueConsumer: [com.example.dogglers/androidx.test.core.app.InstrumentationActivityInvoker$EmptyActivity#0](id:36a00001f88,api:0,p:-1,c:874) disconnect()
06-07 03:16:07.286   874   874 I BufferQueue: [com.example.dogglers/androidx.test.core.app.InstrumentationActivityInvoker$EmptyActivity#0](this:0xb400007bf391e258,id:8072,api:1,p:-1,c:-1) onDestructor()
06-07 03:16:07.286   874   874 D OppoExLayer: ~Layer() sequence=41303, name=com.example.dogglers/androidx.test.core.app.InstrumentationActivityInvoker$EmptyActivity#0@0xb400007bf39e4000
06-07 03:16:07.286   874   874 D OppoExLayer: ~Layer() sequence=41302, name=4689a1d com.example.dogglers/androidx.test.core.app.InstrumentationActivityInvoker$EmptyActivity#0@0xb400007bda180000
06-07 03:16:07.286   874   874 D OppoExLayer: ~Layer() sequence=41306, name=ActivityRecord{ae35642 u0 com.example.dogglers/androidx.test.core.app.InstrumentationActivityInvoker$EmptyActivity#0@0xb400007bf3911000
06-07 03:16:07.297   874   874 D OppoExLayer: ~Layer() sequence=41301, name=ActivityRecord{71c8fd7 u0 com.example.dogglers/androidx.test.core.app.InstrumentationActivityInvoker$EmptyActivity#0@0xb400007bd9e98000
06-07 03:16:07.297   874   874 D OppoExLayer: ~Layer() sequence=41287, name=Task=2900#0@0xb400007bf39cb000
