06-07 03:16:06.059  1650  2822 D OplusVerificationCodeController: notifyImeAttributeChanged: 64false
06-07 03:16:06.060  5326  5356 E Parcel  : Reading a NULL string not supported here.
06-07 03:16:06.061   874  3098 D DispPerfService: get hint proc=Surface(name=613b6a7 InputMethod), idx=0 none
06-07 03:16:06.062  5326  5326 D LifecycleMonitor: Lifecycle status change: com.example.dogglers.MainActivity@2f88ca3 in: STOPPED
06-07 03:16:06.062  1650  4164 D OppoDisplayPolicy: com.android.systemui, change system app cutoutMode: color always
06-07 03:16:06.062  5326  5326 V ActivityScenario: Update currentActivityStage to STOPPED, currentActivity=com.example.dogglers.MainActivity@2f88ca3
06-07 03:16:06.062  3894  3894 I GoogleInputMethodService: GoogleInputMethodService.onFinishInput():3204
06-07 03:16:06.063  5326  5326 V PhoneWindow: DecorView setVisiblity: visibility = 4, Parent = android.view.ViewRootImpl@72a5f24, this = DecorView@37aba51[MainActivity]
06-07 03:16:06.064  5326  5326 D LifecycleMonitor: Lifecycle status change: com.example.dogglers.MainActivity@2f88ca3 in: DESTROYED
06-07 03:16:06.064  5326  5326 V ActivityScenario: Update currentActivityStage to DESTROYED, currentActivity=null
06-07 03:16:06.064  3894  3894 I GoogleInputMethodService: GoogleInputMethodService.updateDeviceLockedStatus():2100 checkRepeatedly = false, unlocked = true
06-07 03:16:06.065  3894  3894 I GoogleInputMethodService: GoogleInputMethodService.onStartInput():1903 onStartInput(EditorInfo{inputType=0x0(NULL) imeOptions=0x0 privateImeOptions=null actionName=UNSPECIFIED actionLabel=null actionId=0 initialSelStart=-1 initialSelEnd=-1 initialCapsMode=0x0 hintText=null label=null packageName=com.example.dogglers fieldId=-1 fieldName=null extras=null}, false)
06-07 03:16:06.066  3894  3894 I GoogleInputMethodService: GoogleInputMethodService.updateDeviceLockedStatus():2100 checkRepeatedly = true, unlocked = true
06-07 03:16:06.068   874  1507 I BufferQueueProducer: [com.example.dogglers/com.example.dogglers.MainActivity#0](id:36a00001f83,api:1,p:5326,c:874) disconnect(): api=1
06-07 03:16:06.068  5326  5326 D View    : [Warning] assignParent to null: this = DecorView@37aba51[MainActivity]
06-07 03:16:06.069  1650  1918 I mtkpower_client: perf_lock_rel, hdl:94254, tid:1918
06-07 03:16:06.070  1650  1918 I mtkpower_client: perf_lock_acq, hdl:94254, dur:0, num:10, tid:1918
06-07 03:16:06.070   838   904 I libPowerHal: [perfLockRel] hdl:94254, idx:1
06-07 03:16:06.070   838   904 I libPowerHal: [PD] scn:1 hdl:94254 lock_user:system_server pid:1650 tid:1918 dur:0
06-07 03:16:06.070   838   904 I libPowerHal: [PD] system_server update cmd:1410000 param:0
06-07 03:16:06.071  1650  1918 I mtkpower_client: ret_hdl:94255
06-07 03:16:06.071   838   904 I libPowerHal: cmdSetting - unknown cmd:1c3c000, scmd:(null) ,param_1:0
06-07 03:16:06.071   838   904 I libPowerHal: [perfLockAcq] idx:1 hdl:94255 hint:-1 pid:1650 duration:0 => ret_hdl:94255
06-07 03:16:06.071   838   904 I libPowerHal: [PE] scn:1 hdl:94255 lock_user:system_server pid:1650 tid:1918 dur:0
06-07 03:16:06.071   838   904 I libPowerHal: [PE] system_server update cmd:1410000, param:1
06-07 03:16:06.072   874  1504 D DispPerfService: get hint proc=ActivityRecord{dbd81fe u0 com.example.dogglers, idx=0 none
06-07 03:16:06.074   838   855 I mtkpower@impl: [setMode] type:5, enabled:1
06-07 03:16:06.075   838   904 I libPowerHal: [perfLockAcq] idx:4 hdl:94256 hint:11 pid:838 duration:30000 => ret_hdl:94256
06-07 03:16:06.075   838   904 I libPowerHal: [PE] scn:4 hdl:94256 hint:11 comm:mtkpower@1.0-se pid:838
06-07 03:16:06.075   838   904 I libPowerHal: [perfLockRel] hdl:94251, idx:2
06-07 03:16:06.075   838   904 I libPowerHal: [PD] scn:2 hdl:94251 hint:11 comm:mtkpower@1.0-se pid:838
06-07 03:16:06.081  5326  5326 I InputTransport: Destroy ARC handle: 0xb40000784f91a6a0
06-07 03:16:06.083   874   874 D OppoExLayer: ~Layer() sequence=41263, name=c4aae89 com.example.dogglers/com.example.dogglers.MainActivity#0@0xb400007bd9e95000
06-07 03:16:06.083   874   874 I BufferQueueConsumer: [com.example.dogglers/com.example.dogglers.MainActivity#0](id:36a00001f83,api:0,p:-1,c:874) disconnect()
06-07 03:16:06.083   874   874 I BufferQueue: [com.example.dogglers/com.example.dogglers.MainActivity#0](this:0xb400007bd9e25458,id:8067,api:1,p:-1,c:-1) onDestructor()
06-07 03:16:06.083   874   874 D OppoExLayer: ~Layer() sequence=41264, name=com.example.dogglers/com.example.dogglers.MainActivity#0@0xb400007bcfd06000
06-07 03:16:06.085  1650  3081 I InputDispatcher: Window went away: com.example.dogglers/com.example.dogglers.MainActivity#0
06-07 03:16:06.088  3894  3894 V PhoneWindow: DecorView setVisiblity: visibility = 8, Parent = android.view.ViewRootImpl@fc11c41, this = DecorView@71b05e6[InputMethod]
06-07 03:16:06.089  5326  5326 D LifecycleMonitor: Lifecycle status change: androidx.test.core.app.InstrumentationActivityInvoker$EmptyActivity@c5d50fd in: PAUSED
06-07 03:16:06.089  5326  5326 V ActivityScenario: Activity lifecycle changed event received but ignored because the intent does not match. startActivityIntent=Intent { act=android.intent.action.MAIN cat=[android.intent.category.LAUNCHER] cmp=com.example.dogglers/.MainActivity }, activity.getIntent()=Intent { act=android.intent.action.MAIN cat=[android.intent.category.LAUNCHER] flg=0x10000000 cmp=com.example.dogglers/androidx.test.core.app.InstrumentationActivityInvoker$EmptyActivity mCallingUid=10209 }, activity=androidx.test.core.app.InstrumentationActivityInvoker$EmptyActivity@c5d50fd
06-07 03:16:06.092  1650  2822 I InputDispatcher: setFocusedApplication displayId=0 <invalid>
06-07 03:16:06.094   874   874 D OppoExLayer: ~Layer() sequence=41268, name=Surface(name=613b6a7 InputMethod)/@0x18076fd - animation-leash#1@0xb400007bd9feb000
06-07 03:16:06.094   874   874 D OppoExLayer: ~Layer() sequence=41258, name=ActivityRecord{e19e5df u0 com.example.dogglers/.MainActivity#0@0xb400007bf39a7000
06-07 03:16:06.094  1650  2822 D Theia.NoFocusWindow: FocusWindowErrorScene CheckFreezeScreen
06-07 03:16:06.100  1650  1664 D OppoDisplayPolicy: com.android.systemui, change system app cutoutMode: color always
06-07 03:16:06.102  5326  5326 D LifecycleMonitor: Lifecycle status change: androidx.test.core.app.InstrumentationActivityInvoker$BootstrapActivity@c660388 in: DESTROYED
06-07 03:16:06.102  5326  5326 V ActivityScenario: Activity lifecycle changed event received but ignored because the intent does not match. startActivityIntent=Intent { act=android.intent.action.MAIN cat=[android.intent.category.LAUNCHER] cmp=com.example.dogglers/.MainActivity }, activity.getIntent()=Intent { act=android.intent.action.MAIN cat=[android.intent.category.LAUNCHER] flg=0x10008000 cmp=com.example.dogglers/androidx.test.core.app.InstrumentationActivityInvoker$BootstrapActivity (has extras) mCallingUid=10209 }, activity=androidx.test.core.app.InstrumentationActivityInvoker$BootstrapActivity@c660388
06-07 03:16:06.104  5326  5487 E libEGL  : Invalid file path for libcolorx-loader.so
06-07 03:16:06.105  1650  1918 I mtkpower_client: perf_lock_rel, hdl:94255, tid:1918
06-07 03:16:06.105  1650  1918 I mtkpower_client: perf_lock_acq, hdl:94255, dur:0, num:10, tid:1918
06-07 03:16:06.105   838   904 I libPowerHal: [perfLockRel] hdl:94255, idx:1
06-07 03:16:06.105   838   904 I libPowerHal: [PD] scn:1 hdl:94255 lock_user:system_server pid:1650 tid:1918 dur:0
06-07 03:16:06.105   838   904 I libPowerHal: [PD] system_server update cmd:1410000 param:0
06-07 03:16:06.107  1650  3081 I InputDispatcher: Focus left window: Window{ed9b84d u0 com.example.dogglers/androidx.test.core.app.InstrumentationActivityInvoker$EmptyActivity} in display 0
06-07 03:16:06.107  1650  3081 I InputDispatcher: Window went away: Window{ed9b84d u0 com.example.dogglers/androidx.test.core.app.InstrumentationActivityInvoker$EmptyActivity}
06-07 03:16:06.107  1650  1918 I mtkpower_client: ret_hdl:94257
06-07 03:16:06.107   838   904 I libPowerHal: cmdSetting - unknown cmd:1c3c000, scmd:(null) ,param_1:0
06-07 03:16:06.107   838   904 I libPowerHal: [perfLockAcq] idx:1 hdl:94257 hint:-1 pid:1650 duration:0 => ret_hdl:94257
06-07 03:16:06.107   838   904 I libPowerHal: [PE] scn:1 hdl:94257 lock_user:system_server pid:1650 tid:1918 dur:0
06-07 03:16:06.107   838   904 I libPowerHal: [PE] system_server update cmd:1410000, param:1
06-07 03:16:06.108  5326  5326 D LifecycleMonitor: Lifecycle status change: androidx.test.core.app.InstrumentationActivityInvoker$EmptyActivity@11fb531 in: PRE_ON_CREATE
06-07 03:16:06.109  5326  5326 V ActivityScenario: Activity lifecycle changed event received but ignored because the intent does not match. startActivityIntent=Intent { act=android.intent.action.MAIN cat=[android.intent.category.LAUNCHER] cmp=com.example.dogglers/.MainActivity }, activity.getIntent()=Intent { act=android.intent.action.MAIN cat=[android.intent.category.LAUNCHER] flg=0x10000000 cmp=com.example.dogglers/androidx.test.core.app.InstrumentationActivityInvoker$EmptyActivity mCallingUid=10209 }, activity=androidx.test.core.app.InstrumentationActivityInvoker$EmptyActivity@11fb531
06-07 03:16:06.117   874   874 D OppoExLayer: ~Layer() sequence=41256, name=ActivityRecord{1fd71be u0 com.example.dogglers/androidx.test.core.app.InstrumentationActivityInvoker$BootstrapActivity#0@0xb400007bd9e8f000
06-07 03:16:06.119  5326  5326 D LifecycleMonitor: Lifecycle status change: androidx.test.core.app.InstrumentationActivityInvoker$EmptyActivity@11fb531 in: CREATED
06-07 03:16:06.119  5326  5326 V ActivityScenario: Activity lifecycle changed event received but ignored because the intent does not match. startActivityIntent=Intent { act=android.intent.action.MAIN cat=[android.intent.category.LAUNCHER] cmp=com.example.dogglers/.MainActivity }, activity.getIntent()=Intent { act=android.intent.action.MAIN cat=[android.intent.category.LAUNCHER] flg=0x10000000 cmp=com.example.dogglers/androidx.test.core.app.InstrumentationActivityInvoker$EmptyActivity mCallingUid=10209 }, activity=androidx.test.core.app.InstrumentationActivityInvoker$EmptyActivity@11fb531
06-07 03:16:06.121  5326  5326 D LifecycleMonitor: Lifecycle status change: androidx.test.core.app.InstrumentationActivityInvoker$EmptyActivity@11fb531 in: STARTED
06-07 03:16:06.121  5326  5326 V ActivityScenario: Activity lifecycle changed event received but ignored because the intent does not match. startActivityIntent=Intent { act=android.intent.action.MAIN cat=[android.intent.category.LAUNCHER] cmp=com.example.dogglers/.MainActivity }, activity.getIntent()=Intent { act=android.intent.action.MAIN cat=[android.intent.category.LAUNCHER] flg=0x10000000 cmp=com.example.dogglers/androidx.test.core.app.InstrumentationActivityInvoker$EmptyActivity mCallingUid=10209 }, activity=androidx.test.core.app.InstrumentationActivityInvoker$EmptyActivity@11fb531
06-07 03:16:06.123  1650  1918 I mtkpower_client: perf_lock_rel, hdl:94257, tid:1918
06-07 03:16:06.123  1650  1918 I mtkpower_client: perf_lock_acq, hdl:94257, dur:0, num:10, tid:1918
06-07 03:16:06.124   838   854 I mtkpower@impl: [check_work_req] i:0, msg:1 hdl:94257, wait
06-07 03:16:06.124   838   904 I libPowerHal: [perfLockRel] hdl:94257, idx:1
06-07 03:16:06.124   838   904 I libPowerHal: [PD] scn:1 hdl:94257 lock_user:system_server pid:1650 tid:1918 dur:0
06-07 03:16:06.124  5326  5326 D LifecycleMonitor: Lifecycle status change: androidx.test.core.app.InstrumentationActivityInvoker$EmptyActivity@11fb531 in: RESUMED
06-07 03:16:06.124   838   904 I libPowerHal: [PD] system_server update cmd:1410000 param:0
06-07 03:16:06.124  5326  5326 V ActivityScenario: Activity lifecycle changed event received but ignored because the intent does not match. startActivityIntent=Intent { act=android.intent.action.MAIN cat=[android.intent.category.LAUNCHER] cmp=com.example.dogglers/.MainActivity }, activity.getIntent()=Intent { act=android.intent.action.MAIN cat=[android.intent.category.LAUNCHER] flg=0x10000000 cmp=com.example.dogglers/androidx.test.core.app.InstrumentationActivityInvoker$EmptyActivity mCallingUid=10209 }, activity=androidx.test.core.app.InstrumentationActivityInvoker$EmptyActivity@11fb531
06-07 03:16:06.124  5326  5326 V PhoneWindow: DecorView setVisiblity: visibility = 4, Parent = null, this = DecorView@46c3f84[]
06-07 03:16:06.125   874  1504 I SurfaceFlinger: [SF client] NEW(0xb400007bf3851680) for (5326:com.example.dogglers)
06-07 03:16:06.126  1650  1918 I mtkpower_client: ret_hdl:94258
06-07 03:16:06.126   838   904 I libPowerHal: cmdSetting - unknown cmd:1c3c000, scmd:(null) ,param_1:0
06-07 03:16:06.126   838   904 I libPowerHal: [perfLockAcq] idx:1 hdl:94258 hint:-1 pid:1650 duration:0 => ret_hdl:94258
06-07 03:16:06.126   838   904 I libPowerHal: [PE] scn:1 hdl:94258 lock_user:system_server pid:1650 tid:1918 dur:0
06-07 03:16:06.126   838   904 I libPowerHal: [PE] system_server update cmd:1410000, param:1
06-07 03:16:06.129  5326  5326 D ViewRootImpl[InstrumentationActivityInvoker$EmptyActivity]: hardware acceleration = true , fakeHwAccelerated = false, sRendererDisabled = false, forceHwAccelerated = false, sSystemRendererDisabled = false
06-07 03:16:06.130  1650  2821 D OppoDisplayPolicy: com.example.dogglers, no change cutoutMode: 0
06-07 03:16:06.130   874  1504 D DispPerfService: get hint proc=9dc1dc8 com.example.dogglers, idx=0 none
06-07 03:16:06.132  5326  5326 E libEGL  : Invalid file path for libcolorx-loader.so
06-07 03:16:06.132  5326  5326 I chatty  : uid=10209(com.example.dogglers) identical 4 lines
06-07 03:16:06.132  5326  5326 E libEGL  : Invalid file path for libcolorx-loader.so
06-07 03:16:06.132  5326  5326 I InputTransport: Create ARC handle: 0xb40000784f957820
06-07 03:16:06.132  5326  5326 V PhoneWindow: DecorView setVisiblity: visibility = 0, Parent = android.view.ViewRootImpl@9a60033, this = DecorView@46c3f84[InstrumentationActivityInvoker$EmptyActivity]
06-07 03:16:06.144  1650  2821 D OppoDisplayPolicy: com.example.dogglers, no change cutoutMode: 0
06-07 03:16:06.146   874  3098 D DispPerfService: get hint proc=com.example.dogglers, idx=0 none
06-07 03:16:06.146   874  3098 I BufferQueueConsumer: [](id:36a00001f85,api:0,p:-1,c:874) connect(): controlledByApp=false
06-07 03:16:06.146   874  3098 I BufferQueue: [unnamed-874-8069](this:0xb400007bfe74ba58,id:8069,api:0,p:-1,c:-1) BufferQueue core=(874:/system/bin/surfaceflinger)
06-07 03:16:06.148   874  3098 D DispPerfService: get hint proc=Surface(name=7b5d0e3 StatusBar), idx=0 none
06-07 03:16:06.149   874  1504 D DispPerfService: get hint proc=Surface(name=669131f NavigationBar0), idx=0 none
06-07 03:16:06.150  1650  2821 D Theia.NoFocusWindow: FocusWindowErrorScene cancelCheckFreezeScreen
06-07 03:16:06.154   874  1507 I BufferQueueProducer: [com.example.dogglers/androidx.test.core.app.InstrumentationActivityInvoker$EmptyActivity#1](id:36a00001f85,api:1,p:5326,c:874) connect(): api=1 producerControlledByApp=false
06-07 03:16:06.161   874  1504 D DispPerfService: onframeavailable pid=5326, slot=0, seq=41277, name=com.example.dogglers:com.example.dogglers/androidx.test.core.app.InstrumentationActivityInvoker$EmptyActivity#1
06-07 03:16:06.164  1650  4164 I InputDispatcher: Window went away: com.example.dogglers/androidx.test.core.app.InstrumentationActivityInvoker$EmptyActivity#1
06-07 03:16:06.165  1650  1687 I ActivityTaskManager: Displayed com.example.dogglers/androidx.test.core.app.InstrumentationActivityInvoker$EmptyActivity: +102ms
06-07 03:16:06.170  3894  3894 V PhoneWindow: DecorView setVisiblity: visibility = 8, Parent = android.view.ViewRootImpl@fc11c41, this = DecorView@71b05e6[InputMethod]
06-07 03:16:06.174   874   874 D OppoExLayer: ~Layer() sequence=41272, name=Surface(name=7b5d0e3 StatusBar)/@0x39afcf6 - animation-leash#0@0xb400007be412d000
06-07 03:16:06.174   874   874 D OppoExLayer: ~Layer() sequence=41273, name=Surface(name=669131f NavigationBar0)/@0xe54d8f7 - animation-leash#0@0xb400007be4185000
06-07 03:16:06.175  1650  4164 I InputDispatcher: Focus entered window: Window{9dc1dc8 u0 com.example.dogglers/androidx.test.core.app.InstrumentationActivityInvoker$EmptyActivity} in display 0
06-07 03:16:06.178   874  3098 I BufferQueueProducer: [com.example.dogglers/androidx.test.core.app.InstrumentationActivityInvoker$EmptyActivity#0](id:36a00001f84,api:1,p:5326,c:874) disconnect(): api=1
06-07 03:16:06.184  3894  3894 V PhoneWindow: DecorView setVisiblity: visibility = 8, Parent = android.view.ViewRootImpl@fc11c41, this = DecorView@71b05e6[InputMethod]
06-07 03:16:06.191  1650  2822 D Theia.NoFocusWindow: FocusWindowErrorScene CheckFreezeScreen
06-07 03:16:06.192  1650  2822 I InputDispatcher: setFocusedApplication displayId=0 ActivityRecord{197d975 u0 com.oppo.launcher/.Launcher t2}
06-07 03:16:06.192  1650  1918 I mtkpower_client: perf_lock_rel, hdl:94258, tid:1918
06-07 03:16:06.193  1650  1918 I mtkpower_client: perf_lock_acq, hdl:94258, dur:0, num:10, tid:1918
06-07 03:16:06.193   838   904 I libPowerHal: [perfLockRel] hdl:94258, idx:1
06-07 03:16:06.193   838   904 I libPowerHal: [PD] scn:1 hdl:94258 lock_user:system_server pid:1650 tid:1918 dur:0
06-07 03:16:06.193   838   904 I libPowerHal: [PD] system_server update cmd:1410000 param:0
06-07 03:16:06.193  1650  1918 I mtkpower_client: ret_hdl:94259
06-07 03:16:06.193   838   904 I libPowerHal: cmdSetting - unknown cmd:1c3c000, scmd:(null) ,param_1:0
06-07 03:16:06.193   838   904 I libPowerHal: [perfLockAcq] idx:1 hdl:94259 hint:-1 pid:1650 duration:0 => ret_hdl:94259
06-07 03:16:06.193   838   904 I libPowerHal: [PE] scn:1 hdl:94259 lock_user:system_server pid:1650 tid:1918 dur:0
06-07 03:16:06.193   838   904 I libPowerHal: [PE] system_server update cmd:1410000, param:1
06-07 03:16:06.197  1650  2821 I InputDispatcher: Focus left window: Window{9dc1dc8 u0 com.example.dogglers/androidx.test.core.app.InstrumentationActivityInvoker$EmptyActivity} in display 0
06-07 03:16:06.197  1650  2821 I InputDispatcher: Window went away: Window{9dc1dc8 u0 com.example.dogglers/androidx.test.core.app.InstrumentationActivityInvoker$EmptyActivity}
06-07 03:16:06.203  5326  5326 D LifecycleMonitor: Lifecycle status change: androidx.test.core.app.InstrumentationActivityInvoker$EmptyActivity@11fb531 in: PAUSED
06-07 03:16:06.203  5326  5326 V ActivityScenario: Activity lifecycle changed event received but ignored because the intent does not match. startActivityIntent=Intent { act=android.intent.action.MAIN cat=[android.intent.category.LAUNCHER] cmp=com.example.dogglers/.MainActivity }, activity.getIntent()=Intent { act=android.intent.action.MAIN cat=[android.intent.category.LAUNCHER] flg=0x10000000 cmp=com.example.dogglers/androidx.test.core.app.InstrumentationActivityInvoker$EmptyActivity mCallingUid=10209 }, activity=androidx.test.core.app.InstrumentationActivityInvoker$EmptyActivity@11fb531
06-07 03:16:06.205  1650  2822 V SensorManager: setScreenShotDisableImpl
06-07 03:16:06.205  1650  2822 D SensorService: debug_oplusGeminiProximity setScreenShotDisable in SensorService
06-07 03:16:06.205  1650  2822 I ColorHansManager : ColorHansManager : resume pkg: com.oppo.launcher, uid:10074, prev pkg: com.example.dogglers, prev uid: 10209
06-07 03:16:06.205  1650  2567 I ColorHansManager : enter fastfreezer
06-07 03:16:06.205  1650  1918 I mtkpower_client: perf_lock_rel, hdl:94259, tid:1918
06-07 03:16:06.205  1650  1918 I mtkpower_client: perf_lock_acq, hdl:94259, dur:0, num:10, tid:1918
06-07 03:16:06.206  1650  2567 W OplusLocationManagerService: NavigateMode doesn't match LocationMode
06-07 03:16:06.206   838   904 I libPowerHal: [perfLockRel] hdl:94259, idx:1
06-07 03:16:06.206   838   904 I libPowerHal: [PD] scn:1 hdl:94259 lock_user:system_server pid:1650 tid:1918 dur:0
06-07 03:16:06.206   838   904 I libPowerHal: [PD] system_server update cmd:1410000 param:0
06-07 03:16:06.206  1650  2567 I ColorHansManager : freeze uid: 10115 package: com.nearme.gamecenter reason: fastfreezer|10074 scene: FastFreezerScene
06-07 03:16:06.206  1650  1918 I mtkpower_client: ret_hdl:94260
06-07 03:16:06.207  2850  3782 W OppoGuardElf: ThermalControlUtils: mForegroundPkg=com.oppo.launcher
06-07 03:16:06.207  1650  2713 I ColorResourcePreloadManager: resume pkg: com.oppo.launcher, uid:10074, prev pkg: com.example.dogglers, prev uid: 10209
06-07 03:16:06.207   838   904 I libPowerHal: [perfNotifyAppState] foreground:com.oppo.launcher, pid:2605, uid:10074
06-07 03:16:06.207   838   904 E UxUtility: notifyAppState error = NULL
06-07 03:16:06.207   838   904 I TouchUtility: notifyAppState error = NULL
06-07 03:16:06.207   838   904 I libPowerHal: [perfNotifyAppState] packName:com.oppo.launcher !!!
06-07 03:16:06.207   838   904 I libPowerHal: [PE] scn:360 pack:com.oppo.launcher
06-07 03:16:06.207   838   904 I libPowerHal: [PE] com.oppo.launcher update cmd:1410000, param:1
06-07 03:16:06.207   838   904 I libPowerHal: [PE] com.oppo.launcher update cmd:3408000, param:0
06-07 03:16:06.208   838   904 I libPowerHal: [PE] (less) /proc/perfmgr/tchbst/user/usrtch set +prefix:touch_opp 0;
06-07 03:16:06.208   838   904 I libPowerHal: [PE] com.oppo.launcher update cmd:3408100, param:1000000000
06-07 03:16:06.208  3146  3164 D ZoomAppController: ignore onAppEnter: Invalid cvActionFlag = 0
06-07 03:16:06.209  1650  2567 I ColorHansManager : freeze uid: 10505 package: com.facebook.katana reason: fastfreezer|10074 scene: FastFreezerScene
06-07 03:16:06.209  2605  2605 E Parcel  : Reading a NULL string not supported here.
06-07 03:16:06.523  1151  1151 W Binder:1151_3: type=1400 audit(0.0:576412): avc: denied { search } for name="1650" dev="proc" ino=25387508 scontext=u:r:atlasservice:s0 tcontext=u:r:system_server:s0 tclass=dir permissive=0
06-07 03:16:06.210  1650  1918 I mtkpower_client: perf_lock_rel, hdl:94260, tid:1918
06-07 03:16:06.210 21977 22042 I [0]DCS-BackgroundAppData: sendAppBgEvent: has no pkgName=com.oppo.launcher
06-07 03:16:06.210  1650  1918 I mtkpower_client: perf_lock_acq, hdl:94260, dur:0, num:10, tid:1918
06-07 03:16:06.210   838   904 I libPowerHal: [PE] (more) /proc/perfmgr/tchbst/user/usrtch set +prefix:duration 1000000000;
06-07 03:16:06.210   838   904 I libPowerHal: [PE] com.oppo.launcher update cmd:3408200, param:0
06-07 03:16:06.211   838   904 I libPowerHal: [PE] (more) /proc/perfmgr/tchbst/user/usrtch set +prefix:active_time 0;
06-07 03:16:06.211   838   854 I mtkpower@impl: [notifyAppState] pc:0, com.example.dogglers => com.oppo.launcher
06-07 03:16:06.211   838   904 I libPowerHal: cmdSetting - unknown cmd:1c3c000, scmd:(null) ,param_1:0
06-07 03:16:06.211   838   904 I libPowerHal: [perfLockAcq] idx:1 hdl:94260 hint:-1 pid:1650 duration:0 => ret_hdl:94260
06-07 03:16:06.211   838   904 I libPowerHal: [PE] scn:1 hdl:94260 lock_user:system_server pid:1650 tid:1918 dur:0
06-07 03:16:06.211   838   904 I libPowerHal: [perfLockRel] hdl:94260, idx:1
06-07 03:16:06.211   838   904 I libPowerHal: [PD] scn:1 hdl:94260 lock_user:system_server pid:1650 tid:1918 dur:0
06-07 03:16:06.212  1650  1918 I mtkpower_client: ret_hdl:94261
06-07 03:16:06.212  2605  2605 V PhoneWindow: DecorView setVisiblity: visibility = 0, Parent = android.view.ViewRootImpl@e89527c, this = DecorView@844cf49[Launcher]
06-07 03:16:06.212   838   904 I libPowerHal: cmdSetting - unknown cmd:1c3c000, scmd:(null) ,param_1:0
06-07 03:16:06.212   838   904 I libPowerHal: [perfLockAcq] idx:1 hdl:94261 hint:-1 pid:1650 duration:0 => ret_hdl:94261
06-07 03:16:06.212   838   904 I libPowerHal: [PE] scn:1 hdl:94261 lock_user:system_server pid:1650 tid:1918 dur:0
06-07 03:16:06.212  1650  2567 I ColorHansManager : freeze uid: 10124 package: com.realme.link reason: fastfreezer|10074 scene: FastFreezerScene
06-07 03:16:06.213  1650  2567 I ColorHansManager : freeze uid: 10265 package: com.ss.android.ugc.trill reason: fastfreezer|10074 scene: FastFreezerScene
06-07 03:16:06.214  1650  2567 I ColorHansManager : freeze uid: 10538 package: com.discord reason: fastfreezer|10074 scene: FastFreezerScene
06-07 03:16:06.215  1650  2567 I ColorHansManager : freeze uid: 10544 package: com.simejikeyboard reason: fastfreezer|10074 scene: FastFreezerScene
06-07 03:16:06.215  1650  2567 I ColorHansManager : freeze uid: 10545 package: com.kiloo.subwaysurf reason: fastfreezer|10074 scene: FastFreezerScene
06-07 03:16:06.215   874  3098 D DispPerfService: get hint proc=Surface(name=Task=2899), idx=0 none
06-07 03:16:06.216  1650  2567 I ColorHansManager : freeze uid: 10186 package: com.google.android.apps.docs reason: fastfreezer|10074 scene: FastFreezerScene
06-07 03:16:06.217  1650  2567 I ColorHansManager : freeze uid: 10200 package: com.snapchat.android reason: fastfreezer|10074 scene: FastFreezerScene
06-07 03:16:06.217  1650  2567 I ColorHansManager : freeze uid: 10341 package: com.google.android.apps.classroom reason: fastfreezer|10074 scene: FastFreezerScene
06-07 03:16:06.217   874   951 D DispPerfService: get hint proc=Surface(name=WallpaperWindowToken{b5cc2ec token=android.os.Binder@38b319f}), idx=0 none
06-07 03:16:06.220  1650  2567 W System.err: java.io.FileNotFoundException: /acct/uid_10214/pid_10758/cgroup.procs: open failed: EACCES (Permission denied)
06-07 03:16:06.220  1650  2567 W System.err: 	at libcore.io.IoBridge.open(IoBridge.java:492)
06-07 03:16:06.220  1650  2567 W System.err: 	at java.io.FileInputStream.<init>(FileInputStream.java:160)
06-07 03:16:06.220  1650  2567 W System.err: 	at java.io.FileInputStream.<init>(FileInputStream.java:115)
06-07 03:16:06.220  1650  2567 W System.err: 	at java.io.FileReader.<init>(FileReader.java:58)
06-07 03:16:06.220  1650  2567 W System.err: 	at com.android.server.am.HansSceneBase.getRunningPidsByUid(ColorHansManager.java:4329)
06-07 03:16:06.220  1650  2567 W System.err: 	at com.android.server.am.HansSceneBase.writeDevFile(ColorHansManager.java:4256)
06-07 03:16:06.220  1650  2567 W System.err: 	at com.android.server.am.HansSceneBase.sendHansSignal(ColorHansManager.java:4230)
06-07 03:16:06.220  1650  2567 W System.err: 	at com.android.server.am.HansSceneBase.freeze(ColorHansManager.java:4763)
06-07 03:16:06.220  1650  2567 W System.err: 	at com.android.server.am.HansFastFreezerScene.hansFreeze(ColorHansManager.java:6395)
06-07 03:16:06.220  1650  2567 W System.err: 	at com.android.server.am.HansFastFreezerScene.enterFastFreezer(ColorHansManager.java:6567)
06-07 03:16:06.220  1650  2567 W System.err: 	at com.android.server.am.ColorHansManager.lambda$updateResumedActivity$1$ColorHansManager(ColorHansManager.java:2272)
06-07 03:16:06.220  1650  2567 W System.err: 	at com.android.server.am.-$$Lambda$ColorHansManager$pwv3sXW31w1P1qWx_eWEC7oZsCs.run(Unknown Source:6)
06-07 03:16:06.220  1650  2567 W System.err: 	at android.os.Handler.handleCallback(Handler.java:938)
06-07 03:16:06.220  1650  2567 W System.err: 	at android.os.Handler.dispatchMessage(Handler.java:99)
06-07 03:16:06.220  1650  2567 W System.err: 	at android.os.Looper.loop(Looper.java:255)
06-07 03:16:06.220  1650  2567 W System.err: 	at android.os.HandlerThread.run(HandlerThread.java:67)
06-07 03:16:06.220  1650  2567 W System.err: Caused by: android.system.ErrnoException: open failed: EACCES (Permission denied)
06-07 03:16:06.220  1650  2567 W System.err: 	at libcore.io.Linux.open(Native Method)
06-07 03:16:06.220  1650  2567 W System.err: 	at libcore.io.ForwardingOs.open(ForwardingOs.java:166)
06-07 03:16:06.220  1650  2567 W System.err: 	at libcore.io.BlockGuardOs.open(BlockGuardOs.java:254)
06-07 03:16:06.220  1650  2567 W System.err: 	at libcore.io.IoBridge.open(IoBridge.java:478)
06-07 03:16:06.220  1650  2567 W System.err: 	... 15 more
06-07 03:16:06.223  1650  2567 I ColorHansManager : freeze uid: 10214 package: com.lenovo.anyshare.gps reason: fastfreezer|10074 scene: FastFreezerScene
06-07 03:16:06.224  1650  2567 I ColorHansManager : freeze uid: 10480 package: com.lazada.android reason: fastfreezer|10074 scene: FastFreezerScene
06-07 03:16:06.225  1650  2567 I ColorHansManager : freeze uid: 10225 package: com.instagram.android reason: fastfreezer|10074 scene: FastFreezerScene
06-07 03:16:06.225  1650  2567 I ColorHansManager : freeze uid: 10231 package: com.pinterest reason: fastfreezer|10074 scene: FastFreezerScene
06-07 03:16:06.225   874   874 D DispPerfService: get hint proc=, idx=0 none
06-07 03:16:06.226  1650  1918 I mtkpower_client: perf_lock_rel, hdl:94261, tid:1918
06-07 03:16:06.226  1650  1918 I mtkpower_client: perf_lock_acq, hdl:94261, dur:0, num:6, tid:1918
06-07 03:16:06.226  1650  2567 I ColorHansManager : freeze uid: 10236 package: com.appsinnova.android.keepclean reason: fastfreezer|10074 scene: FastFreezerScene
06-07 03:16:06.226   838   904 I libPowerHal: [perfLockRel] hdl:94261, idx:1
06-07 03:16:06.226   838   904 I libPowerHal: [PD] scn:1 hdl:94261 lock_user:system_server pid:1650 tid:1918 dur:0
06-07 03:16:06.227  1650  1918 I mtkpower_client: ret_hdl:94262
06-07 03:16:06.227   838   904 I libPowerHal: [perfLockAcq] idx:1 hdl:94262 hint:-1 pid:1650 duration:0 => ret_hdl:94262
06-07 03:16:06.227   838   904 I libPowerHal: [PE] scn:1 hdl:94262 lock_user:system_server pid:1650 tid:1918 dur:0
06-07 03:16:06.230   874   874 D OppoExLayer: ~Layer() sequence=41282, name=Screenshot Parent@0xb400007be4185000
06-07 03:16:06.233   874  1507 D DispPerfService: get hint proc=Surface(name=7b5d0e3 StatusBar), idx=0 none
06-07 03:16:06.234   874  3098 D DispPerfService: get hint proc=Surface(name=669131f NavigationBar0), idx=0 none
06-07 03:16:06.238  2605  2605 E Parcel  : Reading a NULL string not supported here.
06-07 03:16:06.238  5326  5356 I TestRunner: finished: vertical_list_button_is_displayed(com.example.dogglers.ButtonTests)
